Archive member included to satisfy reference by file (symbol)

/home/sebastian/LPCXpresso/workspace/Proyectos LPC1115/Monitor_Fetal/CMSISv1p30_LPC11xx/Debug/libCMSISv1p30_LPC11xx.a(system_LPC11xx.o)
                              ./Drivers/adc.o (SystemCoreClock)
/usr/local/lpcxpresso_8.2.2_650/lpcxpresso/tools/bin/../lib/gcc/arm-none-eabi/5.4.1/../../../../arm-none-eabi/lib/armv6-m/libcr_semihost.a(_cr__main.o)
                              ./Fuentes/cr_startup_lpc11.o (__main)
/usr/local/lpcxpresso_8.2.2_650/lpcxpresso/tools/bin/../lib/gcc/arm-none-eabi/5.4.1/../../../../arm-none-eabi/lib/armv6-m/libcr_c.a(initio.o)
                              /usr/local/lpcxpresso_8.2.2_650/lpcxpresso/tools/bin/../lib/gcc/arm-none-eabi/5.4.1/../../../../arm-none-eabi/lib/armv6-m/libcr_semihost.a(_cr__main.o) (_initio)
/usr/local/lpcxpresso_8.2.2_650/lpcxpresso/tools/bin/../lib/gcc/arm-none-eabi/5.4.1/../../../../arm-none-eabi/lib/armv6-m/libcr_c.a(setvbuf.o)
                              /usr/local/lpcxpresso_8.2.2_650/lpcxpresso/tools/bin/../lib/gcc/arm-none-eabi/5.4.1/../../../../arm-none-eabi/lib/armv6-m/libcr_c.a(initio.o) (setvbuf)
/usr/local/lpcxpresso_8.2.2_650/lpcxpresso/tools/bin/../lib/gcc/arm-none-eabi/5.4.1/../../../../arm-none-eabi/lib/armv6-m/libcr_c.a(stdio.o)
                              /usr/local/lpcxpresso_8.2.2_650/lpcxpresso/tools/bin/../lib/gcc/arm-none-eabi/5.4.1/../../../../arm-none-eabi/lib/armv6-m/libcr_c.a(initio.o) (__Ciob)
/usr/local/lpcxpresso_8.2.2_650/lpcxpresso/tools/bin/../lib/gcc/arm-none-eabi/5.4.1/../../../../arm-none-eabi/lib/armv6-m/libcr_c.a(memset.o)
                              /usr/local/lpcxpresso_8.2.2_650/lpcxpresso/tools/bin/../lib/gcc/arm-none-eabi/5.4.1/../../../../arm-none-eabi/lib/armv6-m/libcr_c.a(initio.o) (memset)
/usr/local/lpcxpresso_8.2.2_650/lpcxpresso/tools/bin/../lib/gcc/arm-none-eabi/5.4.1/../../../../arm-none-eabi/lib/armv6-m/libcr_c.a(__fillbuf.o)
                              /usr/local/lpcxpresso_8.2.2_650/lpcxpresso/tools/bin/../lib/gcc/arm-none-eabi/5.4.1/../../../../arm-none-eabi/lib/armv6-m/libcr_c.a(stdio.o) (__filbuf)
/usr/local/lpcxpresso_8.2.2_650/lpcxpresso/tools/bin/../lib/gcc/arm-none-eabi/5.4.1/../../../../arm-none-eabi/lib/armv6-m/libcr_c.a(_deferredlazyseek.o)
                              /usr/local/lpcxpresso_8.2.2_650/lpcxpresso/tools/bin/../lib/gcc/arm-none-eabi/5.4.1/../../../../arm-none-eabi/lib/armv6-m/libcr_c.a(__fillbuf.o) (_deferredlazyseek)
/usr/local/lpcxpresso_8.2.2_650/lpcxpresso/tools/bin/../lib/gcc/arm-none-eabi/5.4.1/../../../../arm-none-eabi/lib/armv6-m/libcr_c.a(_fdopen.o)
                              /usr/local/lpcxpresso_8.2.2_650/lpcxpresso/tools/bin/../lib/gcc/arm-none-eabi/5.4.1/../../../../arm-none-eabi/lib/armv6-m/libcr_c.a(initio.o) (_fdopen)
/usr/local/lpcxpresso_8.2.2_650/lpcxpresso/tools/bin/../lib/gcc/arm-none-eabi/5.4.1/../../../../arm-none-eabi/lib/armv6-m/libcr_c.a(_fflush.o)
                              /usr/local/lpcxpresso_8.2.2_650/lpcxpresso/tools/bin/../lib/gcc/arm-none-eabi/5.4.1/../../../../arm-none-eabi/lib/armv6-m/libcr_c.a(__fillbuf.o) (_fflush)
/usr/local/lpcxpresso_8.2.2_650/lpcxpresso/tools/bin/../lib/gcc/arm-none-eabi/5.4.1/../../../../arm-none-eabi/lib/armv6-m/libcr_c.a(_writebuf.o)
                              /usr/local/lpcxpresso_8.2.2_650/lpcxpresso/tools/bin/../lib/gcc/arm-none-eabi/5.4.1/../../../../arm-none-eabi/lib/armv6-m/libcr_c.a(_deferredlazyseek.o) (_Cwritebuf)
/usr/local/lpcxpresso_8.2.2_650/lpcxpresso/tools/bin/../lib/gcc/arm-none-eabi/5.4.1/../../../../arm-none-eabi/lib/armv6-m/libcr_c.a(alloc.o)
                              /usr/local/lpcxpresso_8.2.2_650/lpcxpresso/tools/bin/../lib/gcc/arm-none-eabi/5.4.1/../../../../arm-none-eabi/lib/armv6-m/libcr_c.a(initio.o) (_Csys_alloc)
/usr/local/lpcxpresso_8.2.2_650/lpcxpresso/tools/bin/../lib/gcc/arm-none-eabi/5.4.1/../../../../arm-none-eabi/lib/armv6-m/libcr_c.a(fclose.o)
                              /usr/local/lpcxpresso_8.2.2_650/lpcxpresso/tools/bin/../lib/gcc/arm-none-eabi/5.4.1/../../../../arm-none-eabi/lib/armv6-m/libcr_c.a(initio.o) (fclose)
/usr/local/lpcxpresso_8.2.2_650/lpcxpresso/tools/bin/../lib/gcc/arm-none-eabi/5.4.1/../../../../arm-none-eabi/lib/armv6-m/libcr_c.a(fflush.o)
                              /usr/local/lpcxpresso_8.2.2_650/lpcxpresso/tools/bin/../lib/gcc/arm-none-eabi/5.4.1/../../../../arm-none-eabi/lib/armv6-m/libcr_c.a(fclose.o) (fflush)
/usr/local/lpcxpresso_8.2.2_650/lpcxpresso/tools/bin/../lib/gcc/arm-none-eabi/5.4.1/../../../../arm-none-eabi/lib/armv6-m/libcr_c.a(fseek.o)
                              /usr/local/lpcxpresso_8.2.2_650/lpcxpresso/tools/bin/../lib/gcc/arm-none-eabi/5.4.1/../../../../arm-none-eabi/lib/armv6-m/libcr_c.a(_deferredlazyseek.o) (fseek)
/usr/local/lpcxpresso_8.2.2_650/lpcxpresso/tools/bin/../lib/gcc/arm-none-eabi/5.4.1/../../../../arm-none-eabi/lib/armv6-m/libcr_c.a(ftell.o)
[...]
Memory Configuration

Name             Origin             Length             Attributes
MFlash64         0x00000000         0x00010000         xr
RamLoc8          0x10000000         0x00002000         xrw
*default*        0x00000000         0xffffffff

Linker script and memory map

LOAD ./Fuentes/Comunicaciones.o
LOAD ./Fuentes/Display.o
LOAD ./Fuentes/Funciones.o
LOAD ./Fuentes/Main.o
LOAD ./Fuentes/Menu.o
LOAD ./Fuentes/Subfunciones.o
LOAD ./Fuentes/Teclado.o
LOAD ./Fuentes/Touch.o
LOAD ./Fuentes/WG12864A.o
LOAD ./Fuentes/cr_startup_lpc11.o
LOAD ./Fuentes/sd_mmc.o
LOAD ./Drivers/adc.o
LOAD ./Drivers/gpio.o
LOAD ./Drivers/ssp.o
LOAD ./Drivers/timer32.o
LOAD ./Drivers/wdt.o
LOAD /home/sebastian/LPCXpresso/workspace/Proyectos LPC1115/Monitor_Fetal/CMSISv1p30_LPC11xx/Debug/libCMSISv1p30_LPC11xx.a
START GROUP
LOAD /usr/local/lpcxpresso_8.2.2_650/lpcxpresso/tools/bin/../lib/gcc/arm-none-eabi/5.4.1/../../../../arm-none-eabi/lib/armv6-m/libcr_semihost.a
LOAD /usr/local/lpcxpresso_8.2.2_650/lpcxpresso/tools/bin/../lib/gcc/arm-none-eabi/5.4.1/../../../../arm-none-eabi/lib/armv6-m/libcr_c.a
LOAD /usr/local/lpcxpresso_8.2.2_650/lpcxpresso/tools/bin/../lib/gcc/arm-none-eabi/5.4.1/armv6-m/libcr_eabihelpers.a
END GROUP
                0x00000000                __base_MFlash64 = 0x0
                0x00000000                __base_Flash = 0x0
                0x00010000                __top_MFlash64 = 0x10000
                0x00010000                __top_Flash = 0x10000
                0x10000000                __base_RamLoc8 = 0x10000000
                0x10000000                __base_RAM = 0x10000000
                0x10002000                __top_RamLoc8 = 0x10002000
                0x10002000                __top_RAM = 0x10002000

.text           0x00000000     0x80b0
 FILL mask 0xff
                0x00000000                __vectors_start__ = ABSOLUTE (.)
 *(.isr_vector)
 .isr_vector    0x00000000       0xc0 ./Fuentes/cr_startup_lpc11.o
                0x00000000                g_pfnVectors
                0x000000c0                . = ALIGN (0x4)
                0x000000c0                __section_table_start = .
                0x000000c0                __data_section_table = .
                0x000000c0        0x4 LONG 0x80b0 LOADADDR (.data)
                0x000000c4        0x4 LONG 0x10000000 ADDR (.data)
                0x000000c8        0x4 LONG 0xfc SIZEOF (.data)
                0x000000cc                __data_section_table_end = .
                0x000000cc                __bss_section_table = .
                0x000000cc        0x4 LONG 0x10000100 ADDR (.bss)
                0x000000d0        0x4 LONG 0xf34 SIZEOF (.bss)
                0x000000d4                __bss_section_table_end = .
                0x000000d4                __section_table_end = .
 *(.after_vectors*)
 .after_vectors
                0x000000d4       0x70 ./Fuentes/cr_startup_lpc11.o
                0x000000d4                NMI_Handler
                0x000000d6                HardFault_Handler
                0x000000d8                SVCall_Handler
                0x000000da                PendSV_Handler
                0x000000dc                SysTick_Handler
                0x000000de                TIMER16_0_IRQHandler
                0x000000de                UART_IRQHandler
                0x000000de                TIMER32_0_IRQHandler
                0x000000de                IntDefaultHandler
                0x000000de                CAN_IRQHandler
                0x000000de                TIMER16_1_IRQHandler
                0x000000de                PIOINT2_IRQHandler
                0x000000de                BOD_IRQHandler
                0x000000de                WAKEUP_IRQHandler
                0x000000de                PIOINT0_IRQHandler
                0x000000de                I2C_IRQHandler
                0x000000de                WDT_IRQHandler
                0x000000e0                data_init
                0x000000f2                bss_init
                0x00000102                ResetISR
 *(.text*)
 .text.recibe_datos
                0x00000144       0x78 ./Fuentes/Comunicaciones.o
                0x00000144                recibe_datos
 .text.envia_datos
                0x000001bc      0x150 ./Fuentes/Comunicaciones.o
                0x000001bc                envia_datos
 .text.leobuffer
                0x0000030c      0x378 ./Fuentes/Comunicaciones.o
                0x0000030c                leobuffer
 .text.Graf_datos_est
                0x00000684      0x12c ./Fuentes/Display.o
                0x00000684                Graf_datos_est
 .text.func_punto
                0x000007b0       0x48 ./Fuentes/Display.o
                0x000007b0                func_punto
 .text.analizo_salto
                0x000007f8      0x290 ./Fuentes/Display.o
                0x000007f8                analizo_salto
 .text.Grafica_monitoreo
                0x00000a88      0x128 ./Fuentes/Display.o
                0x00000a88                Grafica_monitoreo
 .text.TIMER32_1_IRQHandler
                0x00000bb0      0x1a0 ./Fuentes/Funciones.o
                0x00000bb0                TIMER32_1_IRQHandler
 .text.Func_Sleep
                0x00000d50      0x100 ./Fuentes/Funciones.o
                0x00000d50                Func_Sleep
 .text.Func_Ingreso
                0x00000e50      0x228 ./Fuentes/Funciones.o
                0x00000e50                Func_Ingreso
 .text.func_consultapaciente
                0x00001078      0x21c ./Fuentes/Funciones.o
                0x00001078                func_consultapaciente
 .text.func_editapaciente
                0x00001294       0xf4 ./Fuentes/Funciones.o
                0x00001294                func_editapaciente
 .text.func_borrarpaciente
                0x00001388      0x16c ./Fuentes/Funciones.o
                0x00001388                func_borrarpaciente
 .text.Func_Monitoreo
                0x000014f4      0x2b4 ./Fuentes/Funciones.o
                0x000014f4                Func_Monitoreo
 .text.Func_Configuraciones
                0x000017a8      0x1a4 ./Fuentes/Funciones.o
                0x000017a8                Func_Configuraciones
 .text.Func_Historial
                0x0000194c      0x1bc ./Fuentes/Funciones.o
                0x0000194c                Func_Historial
 .text.func_muestrafyh
                0x00001b08       0xdc ./Fuentes/Funciones.o
                0x00001b08                func_muestrafyh
 .text.func_modfyh
                0x00001be4      0xb1c ./Fuentes/Funciones.o
                0x00001be4                func_modfyh
 .text.func_actualiza_fw
                0x00002700       0xb4 ./Fuentes/Funciones.o
                0x00002700                func_actualiza_fw
 .text.startup.main
                0x000027b4       0xf8 ./Fuentes/Main.o
                0x000027b4                main
 .text.Menu_Logo
                0x000028ac      0x16c ./Fuentes/Menu.o
                0x000028ac                Menu_Logo
 .text.Menu_Inicial
                0x00002a18     0x12ec ./Fuentes/Menu.o
                0x00002a18                Menu_Inicial
 .text.Det_corazon
                0x00003d04      0x3f0 ./Fuentes/Subfunciones.o
                0x00003d04                Det_corazon
 .text.almacena_sd
                0x000040f4       0x98 ./Fuentes/Subfunciones.o
                0x000040f4                almacena_sd
 .text.Historial
                0x0000418c       0xf0 ./Fuentes/Subfunciones.o
                0x0000418c                Historial
 .text.muestra_fecha_y_hora
                0x0000427c      0x11c ./Fuentes/Subfunciones.o
                0x0000427c                muestra_fecha_y_hora
 .text.muestra_dsemana
                0x00004398       0xb4 ./Fuentes/Subfunciones.o
                0x00004398                muestra_dsemana
 .text.prox_fecha
                0x0000444c       0xc4 ./Fuentes/Subfunciones.o
                0x0000444c                prox_fecha
 .text.prox_hora
                0x00004510       0xa0 ./Fuentes/Subfunciones.o
                0x00004510                prox_hora
 .text.func_teclado
                0x000045b0      0xa40 ./Fuentes/Teclado.o
                0x000045b0                func_teclado
 .text.Func_MuestraTeclado
                0x00004ff0      0x778 ./Fuentes/Teclado.o
                0x00004ff0                Func_MuestraTeclado
 .text.TOUCH_Init
                0x00005768       0x16 ./Fuentes/Touch.o
                0x00005768                TOUCH_Init
 *fill*         0x0000577e        0x2 ff
 .text.TOUCH_Standby
                0x00005780       0x54 ./Fuentes/Touch.o
                0x00005780                TOUCH_Standby
 .text.TOUCH_GetX
                0x000057d4       0x88 ./Fuentes/Touch.o
                0x000057d4                TOUCH_GetX
 .text.TOUCH_GetY
                0x0000585c       0x88 ./Fuentes/Touch.o
                0x0000585c                TOUCH_GetY
 .text.PIOINT1_IRQHandler
                0x000058e4       0x6c ./Fuentes/Touch.o
                0x000058e4                PIOINT1_IRQHandler
 .text.Leo_ADC5
                0x00005950       0x28 ./Fuentes/Touch.o
                0x00005950                Leo_ADC5
 .text.GLCD_Data_Out
                0x00005978       0x1c ./Fuentes/WG12864A.o
                0x00005978                GLCD_Data_Out
 .text.GLCD_Output_Low
                0x00005994       0x18 ./Fuentes/WG12864A.o
                0x00005994                GLCD_Output_Low
 .text.GLCD_Output_High
                0x000059ac       0x18 ./Fuentes/WG12864A.o
                0x000059ac                GLCD_Output_High
 .text.GLCD_enviaBYTE
                0x000059c4       0x32 ./Fuentes/WG12864A.o
                0x000059c4                GLCD_enviaBYTE
 .text.WG12864A_Limpiar
                0x000059f6       0x56 ./Fuentes/WG12864A.o
                0x000059f6                WG12864A_Limpiar
 .text.WG12864A_Init
                0x00005a4c       0x6c ./Fuentes/WG12864A.o
                0x00005a4c                WG12864A_Init
 .text.WG12864A_posXY
                0x00005ab8       0x6c ./Fuentes/WG12864A.o
                0x00005ab8                WG12864A_posXY
 .text.WG12864A_putchar
                0x00005b24       0x88 ./Fuentes/WG12864A.o
                0x00005b24                WG12864A_putchar
 .text.WG12864A_printf
                0x00005bac       0x1c ./Fuentes/WG12864A.o
                0x00005bac                WG12864A_printf
 .text.WG12864A_print_symbol
                0x00005bc8       0xac ./Fuentes/WG12864A.o
                0x00005bc8                WG12864A_print_symbol
 .text.sd_mmc_spi_send_and_read
                0x00005c74       0x24 ./Fuentes/sd_mmc.o
                0x00005c74                sd_mmc_spi_send_and_read
 .text.sd_mmc_spi_command
                0x00005c98       0xb0 ./Fuentes/sd_mmc.o
                0x00005c98                sd_mmc_spi_command
 .text.sd_mmc_spi_send_command
                0x00005d48       0x10 ./Fuentes/sd_mmc.o
                0x00005d48                sd_mmc_spi_send_command
 .text.sd_mmc_spi_wait_not_busy
                0x00005d58       0x28 ./Fuentes/sd_mmc.o
                0x00005d58                sd_mmc_spi_wait_not_busy
 .text.sd_mmc_spi_get_if
                0x00005d80       0x54 ./Fuentes/sd_mmc.o
                0x00005d80                sd_mmc_spi_get_if
 .text.sd_mmc_spi_get_csd
                0x00005dd4       0x94 ./Fuentes/sd_mmc.o
                0x00005dd4                sd_mmc_spi_get_csd
 .text.sd_mmc_spi_get_capacity
                0x00005e68      0x104 ./Fuentes/sd_mmc.o
                0x00005e68                sd_mmc_spi_get_capacity
 .text.sd_mmc_spi_check_hc
                0x00005f6c       0x4c ./Fuentes/sd_mmc.o
                0x00005f6c                sd_mmc_spi_check_hc
 .text.sd_mmc_spi_internal_init
                0x00005fb8      0x1d8 ./Fuentes/sd_mmc.o
                0x00005fb8                sd_mmc_spi_internal_init
 .text.sd_mmc_spi_write_open
                0x00006190       0x14 ./Fuentes/sd_mmc.o
                0x00006190                sd_mmc_spi_write_open
 .text.sd_mmc_spi_write_close
                0x000061a4        0x2 ./Fuentes/sd_mmc.o
                0x000061a4                sd_mmc_spi_write_close
 *fill*         0x000061a6        0x2 ff
 .text.sd_mmc_spi_write_sector_from_ram
                0x000061a8       0xe0 ./Fuentes/sd_mmc.o
                0x000061a8                sd_mmc_spi_write_sector_from_ram
 .text.ADC_IRQHandler
                0x00006288       0x80 ./Drivers/adc.o
                0x00006288                ADC_IRQHandler
 .text.ADCInit  0x00006308       0xb0 ./Drivers/adc.o
                0x00006308                ADCInit
 .text.ADCRead  0x000063b8       0x78 ./Drivers/adc.o
                0x000063b8                ADCRead
 .text.PIOINT3_IRQHandler
                0x00006430       0x3c ./Drivers/gpio.o
                0x00006430                PIOINT3_IRQHandler
 .text.GPIOInit
                0x0000646c       0x24 ./Drivers/gpio.o
                0x0000646c                GPIOInit
 .text.GPIOSetInterrupt
                0x00006490       0xd8 ./Drivers/gpio.o
                0x00006490                GPIOSetInterrupt
 .text.GPIOIntEnable
                0x00006568       0x3c ./Drivers/gpio.o
                0x00006568                GPIOIntEnable
 .text.GPIOIntDisable
                0x000065a4       0x3c ./Drivers/gpio.o
                0x000065a4                GPIOIntDisable
 .text.GPIOIntClear
                0x000065e0       0x3c ./Drivers/gpio.o
                0x000065e0                GPIOIntClear
 .text.GPIOSetValue
                0x0000661c       0x14 ./Drivers/gpio.o
                0x0000661c                GPIOSetValue
 .text.GPIOSetDir
                0x00006630       0x2c ./Drivers/gpio.o
                0x00006630                GPIOSetDir
 .text.GPIOGetValue
                0x0000665c       0x14 ./Drivers/gpio.o
                0x0000665c                GPIOGetValue
 .text.SSP0_IRQHandler
                0x00006670       0x5c ./Drivers/ssp.o
                0x00006670                SSP0_IRQHandler
 .text.SSP1_IRQHandler
                0x000066cc       0x44 ./Drivers/ssp.o
                0x000066cc                SSP1_IRQHandler
 .text.SSP_IOConfig
                0x00006710       0xbc ./Drivers/ssp.o
                0x00006710                SSP_IOConfig
 .text.SSP_Init
                0x000067cc       0x60 ./Drivers/ssp.o
                0x000067cc                SSP_Init
 .text.SSP_Send
                0x0000682c       0x68 ./Drivers/ssp.o
                0x0000682c                SSP_Send
 .text.SSP_Receive
                0x00006894       0x4c ./Drivers/ssp.o
                0x00006894                SSP_Receive
 .text.delay32Ms
                0x000068e0       0x84 ./Drivers/timer32.o
                0x000068e0                delay32Ms
 .text.enable_timer32
                0x00006964       0x18 ./Drivers/timer32.o
                0x00006964                enable_timer32
 .text.disable_timer32
                0x0000697c       0x1c ./Drivers/timer32.o
                0x0000697c                disable_timer32
 .text.reset_timer32
                0x00006998       0x24 ./Drivers/timer32.o
                0x00006998                reset_timer32
 .text.init_timer32
                0x000069bc       0xd0 ./Drivers/timer32.o
                0x000069bc                init_timer32
 .text.__NOP    0x00006a8c        0xc /home/sebastian/LPCXpresso/workspace/Proyectos LPC1115/Monitor_Fetal/CMSISv1p30_LPC11xx/Debug/libCMSISv1p30_LPC11xx.a(system_LPC11xx.o)
 .text.SystemInit
                0x00006a98       0xe0 /home/sebastian/LPCXpresso/workspace/Proyectos LPC1115/Monitor_Fetal/CMSISv1p30_LPC11xx/Debug/libCMSISv1p30_LPC11xx.a(system_LPC11xx.o)
                0x00006a98                SystemInit
 .text.__main   0x00006b78       0x12 /usr/local/lpcxpresso_8.2.2_650/lpcxpresso/tools/bin/../lib/gcc/arm-none-eabi/5.4.1/../../../../arm-none-eabi/lib/armv6-m/libcr_semihost.a(_cr__main.o)
                0x00006b78                __main
                0x00006b78                __CR_SEMIHOST
 *fill*         0x00006b8a        0x2 ff
 .text._initio  0x00006b8c       0xa8 /usr/local/lpcxpresso_8.2.2_650/lpcxpresso/tools/bin/../lib/gcc/arm-none-eabi/5.4.1/../../../../arm-none-eabi/lib/armv6-m/libcr_c.a(initio.o)
                0x00006b8c                _initio
 .text.setvbuf  0x00006c34       0x48 /usr/local/lpcxpresso_8.2.2_650/lpcxpresso/tools/bin/../lib/gcc/arm-none-eabi/5.4.1/../../../../arm-none-eabi/lib/armv6-m/libcr_c.a(setvbuf.o)
                0x00006c34                setvbuf
 .text.memset   0x00006c7c        0x8 /usr/local/lpcxpresso_8.2.2_650/lpcxpresso/tools/bin/../lib/gcc/arm-none-eabi/5.4.1/../../../../arm-none-eabi/lib/armv6-m/libcr_c.a(memset.o)
                0x00006c7c                memset
 .text._deferredlazyseek
                0x00006c84       0x44 /usr/local/lpcxpresso_8.2.2_650/lpcxpresso/tools/bin/../lib/gcc/arm-none-eabi/5.4.1/../../../../arm-none-eabi/lib/armv6-m/libcr_c.a(_deferredlazyseek.o)
                0x00006c84                _deferredlazyseek
 .text._fdopen  0x00006cc8       0x74 /usr/local/lpcxpresso_8.2.2_650/lpcxpresso/tools/bin/../lib/gcc/arm-none-eabi/5.4.1/../../../../arm-none-eabi/lib/armv6-m/libcr_c.a(_fdopen.o)
                0x00006cc8                _fdopen
 .text._fflush  0x00006d3c       0x64 /usr/local/lpcxpresso_8.2.2_650/lpcxpresso/tools/bin/../lib/gcc/arm-none-eabi/5.4.1/../../../../arm-none-eabi/lib/armv6-m/libcr_c.a(_fflush.o)
                0x00006d3c                _fflush
 .text._Cwritebuf
                0x00006da0       0x6c /usr/local/lpcxpresso_8.2.2_650/lpcxpresso/tools/bin/../lib/gcc/arm-none-eabi/5.4.1/../../../../arm-none-eabi/lib/armv6-m/libcr_c.a(_writebuf.o)
                0x00006da0                _Cwritebuf
 .text.malloc   0x00006e0c       0xcc /usr/local/lpcxpresso_8.2.2_650/lpcxpresso/tools/bin/../lib/gcc/arm-none-eabi/5.4.1/../../../../arm-none-eabi/lib/armv6-m/libcr_c.a(alloc.o)
                0x00006e0c                malloc
 .text.free     0x00006ed8       0x2e /usr/local/lpcxpresso_8.2.2_650/lpcxpresso/tools/bin/../lib/gcc/arm-none-eabi/5.4.1/../../../../arm-none-eabi/lib/armv6-m/libcr_c.a(alloc.o)
                0x00006ed8                free
 *fill*         0x00006f06        0x2 ff
 .text._Csys_alloc
                0x00006f08       0x20 /usr/local/lpcxpresso_8.2.2_650/lpcxpresso/tools/bin/../lib/gcc/arm-none-eabi/5.4.1/../../../../arm-none-eabi/lib/armv6-m/libcr_c.a(alloc.o)
                0x00006f08                _Csys_alloc
 .text.fclose   0x00006f28       0x70 /usr/local/lpcxpresso_8.2.2_650/lpcxpresso/tools/bin/../lib/gcc/arm-none-eabi/5.4.1/../../../../arm-none-eabi/lib/armv6-m/libcr_c.a(fclose.o)
                0x00006f28                fclose
 .text.fflush   0x00006f98       0x34 /usr/local/lpcxpresso_8.2.2_650/lpcxpresso/tools/bin/../lib/gcc/arm-none-eabi/5.4.1/../../../../arm-none-eabi/lib/armv6-m/libcr_c.a(fflush.o)
                0x00006f98                fflush
 .text.fseek    0x00006fcc      0x100 /usr/local/lpcxpresso_8.2.2_650/lpcxpresso/tools/bin/../lib/gcc/arm-none-eabi/5.4.1/../../../../arm-none-eabi/lib/armv6-m/libcr_c.a(fseek.o)
                0x00006fcc                fseek
 .text.ftell    0x000070cc       0x4c /usr/local/lpcxpresso_8.2.2_650/lpcxpresso/tools/bin/../lib/gcc/arm-none-eabi/5.4.1/../../../../arm-none-eabi/lib/armv6-m/libcr_c.a(ftell.o)
                0x000070cc                ftell
 .text.remove   0x00007118       0x12 /usr/local/lpcxpresso_8.2.2_650/lpcxpresso/tools/bin/../lib/gcc/arm-none-eabi/5.4.1/../../../../arm-none-eabi/lib/armv6-m/libcr_c.a(remove.o)
                0x00007118                remove
 *fill*         0x0000712a        0x2 ff
 .text.strlen   0x0000712c       0x54 /usr/local/lpcxpresso_8.2.2_650/lpcxpresso/tools/bin/../lib/gcc/arm-none-eabi/5.4.1/../../../../arm-none-eabi/lib/armv6-m/libcr_c.a(strlen.o)
                0x0000712c                strlen
 .text._sbrk    0x00007180       0x40 /usr/local/lpcxpresso_8.2.2_650/lpcxpresso/tools/bin/../lib/gcc/arm-none-eabi/5.4.1/../../../../arm-none-eabi/lib/armv6-m/libcr_c.a(_cr_sbrk.o)
                0x00007180                _sbrk
 .text._do_fflush
                0x000071c0       0x48 /usr/local/lpcxpresso_8.2.2_650/lpcxpresso/tools/bin/../lib/gcc/arm-none-eabi/5.4.1/../../../../arm-none-eabi/lib/armv6-m/libcr_c.a(_do_fflush.o)
                0x000071c0                _do_fflush
 .text.__check_heap_overflow
                0x00007208       0x14 /usr/local/lpcxpresso_8.2.2_650/lpcxpresso/tools/bin/../lib/gcc/arm-none-eabi/5.4.1/../../../../arm-none-eabi/lib/armv6-m/libcr_c.a(_cr_check_heap.o)
                0x00007208                __check_heap_overflow
 .text.__aeabi_division_idivmod
                0x0000721c       0x78 /usr/local/lpcxpresso_8.2.2_650/lpcxpresso/tools/bin/../lib/gcc/arm-none-eabi/5.4.1/armv6-m/libcr_eabihelpers.a(division_32.o)
                0x0000721c                __aeabi_idiv
                0x0000721c                __aeabi_idivmod
                0x00007222                __aeabi_uidiv
                0x00007222                __aeabi_uidivmod
 .text.__aeabi_division_idiv0
                0x00007294        0x2 /usr/local/lpcxpresso_8.2.2_650/lpcxpresso/tools/bin/../lib/gcc/arm-none-eabi/5.4.1/armv6-m/libcr_eabihelpers.a(division_idiv0.o)
                0x00007294                __aeabi_idiv0
 .text.__aeabi_memset_lowlevel
                0x00007296       0x2a /usr/local/lpcxpresso_8.2.2_650/lpcxpresso/tools/bin/../lib/gcc/arm-none-eabi/5.4.1/armv6-m/libcr_eabihelpers.a(memcpy.o)
                0x00007296                __aeabi_lowlevel_memset
 .text.__gnu_thumb1_case_uqi
                0x000072c0       0x10 /usr/local/lpcxpresso_8.2.2_650/lpcxpresso/tools/bin/../lib/gcc/arm-none-eabi/5.4.1/armv6-m/libcr_eabihelpers.a(thumb1_switch_helpers.o)
                0x000072c0                __gnu_thumb1_case_uqi
 .text.__gnu_thumb1_case_uhi
                0x000072d0       0x10 /usr/local/lpcxpresso_8.2.2_650/lpcxpresso/tools/bin/../lib/gcc/arm-none-eabi/5.4.1/armv6-m/libcr_eabihelpers.a(thumb1_switch_helpers.o)
                0x000072d0                __gnu_thumb1_case_uhi
 .text.__sys_appexit
                0x000072e0        0xc /usr/local/lpcxpresso_8.2.2_650/lpcxpresso/tools/bin/../lib/gcc/arm-none-eabi/5.4.1/../../../../arm-none-eabi/lib/armv6-m/libcr_semihost.a(__sys_appexit.o)
                0x000072e0                __exit
                0x000072e0                __sys_appexit
 .text.__sys_close
                0x000072ec        0xc /usr/local/lpcxpresso_8.2.2_650/lpcxpresso/tools/bin/../lib/gcc/arm-none-eabi/5.4.1/../../../../arm-none-eabi/lib/armv6-m/libcr_semihost.a(__sys_close.o)
                0x000072ec                __sys_close
 .text.__sys_flen
                0x000072f8        0xc /usr/local/lpcxpresso_8.2.2_650/lpcxpresso/tools/bin/../lib/gcc/arm-none-eabi/5.4.1/../../../../arm-none-eabi/lib/armv6-m/libcr_semihost.a(__sys_flen.o)
                0x000072f8                __sys_flen
 .text.__sys_istty
                0x00007304        0xc /usr/local/lpcxpresso_8.2.2_650/lpcxpresso/tools/bin/../lib/gcc/arm-none-eabi/5.4.1/../../../../arm-none-eabi/lib/armv6-m/libcr_semihost.a(__sys_istty.o)
                0x00007304                __sys_istty
 .text.__sys_remove
                0x00007310        0xc /usr/local/lpcxpresso_8.2.2_650/lpcxpresso/tools/bin/../lib/gcc/arm-none-eabi/5.4.1/../../../../arm-none-eabi/lib/armv6-m/libcr_semihost.a(__sys_remove.o)
                0x00007310                __sys_remove
 .text.__sys_seek
                0x0000731c        0xc /usr/local/lpcxpresso_8.2.2_650/lpcxpresso/tools/bin/../lib/gcc/arm-none-eabi/5.4.1/../../../../arm-none-eabi/lib/armv6-m/libcr_semihost.a(__sys_seek.o)
                0x0000731c                __sys_seek
 .text.__sys_tmpnam
                0x00007328        0xc /usr/local/lpcxpresso_8.2.2_650/lpcxpresso/tools/bin/../lib/gcc/arm-none-eabi/5.4.1/../../../../arm-none-eabi/lib/armv6-m/libcr_semihost.a(__sys_tmpnam.o)
                0x00007328                __sys_tmpnam
 .text.__sys_write
                0x00007334        0xc /usr/local/lpcxpresso_8.2.2_650/lpcxpresso/tools/bin/../lib/gcc/arm-none-eabi/5.4.1/../../../../arm-none-eabi/lib/armv6-m/libcr_semihost.a(__sys_write.o)
                0x00007334                __write
                0x00007334                __sys_write
 *(.rodata .rodata.* .constdata .constdata.*)
 .rodata.str1.1
                0x00007340       0x31 ./Fuentes/Display.o
                                 0x33 (size before relaxing)
 .rodata.str1.1
                0x00007371      0x2f3 ./Fuentes/Funciones.o
                                0x33a (size before relaxing)
 .rodata.str1.1
                0x00007664      0x385 ./Fuentes/Menu.o
                                0x399 (size before relaxing)
 .rodata.str1.1
                0x000079e9       0x36 ./Fuentes/Subfunciones.o
                                 0x57 (size before relaxing)
 .rodata.str1.1
                0x00007a1f      0x112 ./Fuentes/Teclado.o
                                0x14b (size before relaxing)
 .rodata.FD16x16
                0x00007b31       0x20 ./Fuentes/WG12864A.o
                0x00007b31                FD16x16
 .rodata.LL16x16
                0x00007b51       0x20 ./Fuentes/WG12864A.o
                0x00007b51                LL16x16
 .rodata.OKS8x16
                0x00007b71       0x20 ./Fuentes/WG12864A.o
                0x00007b71                OKS8x16
 .rodata.L116x16
                0x00007b91       0x20 ./Fuentes/WG12864A.o
                0x00007b91                L116x16
 .rodata.LM16x16
                0x00007bb1       0x20 ./Fuentes/WG12864A.o
                0x00007bb1                LM16x16
 .rodata.Hexa8x6
                0x00007bd1       0x60 ./Fuentes/WG12864A.o
                0x00007bd1                Hexa8x6
 .rodata.Cross16x16
                0x00007c31       0x20 ./Fuentes/WG12864A.o
                0x00007c31                Cross16x16
 .rodata.LeftArrow16x16
                0x00007c51       0x20 ./Fuentes/WG12864A.o
                0x00007c51                LeftArrow16x16
 .rodata.LOO16x16
                0x00007c71       0x20 ./Fuentes/WG12864A.o
                0x00007c71                LOO16x16
 .rodata.LR16x16
                0x00007c91       0x20 ./Fuentes/WG12864A.o
                0x00007c91                LR16x16
 .rodata.LT16x16
                0x00007cb1       0x20 ./Fuentes/WG12864A.o
                0x00007cb1                LT16x16
 .rodata.LF16x16
                0x00007cd1       0x20 ./Fuentes/WG12864A.o
                0x00007cd1                LF16x16
 .rodata.Arial8x6
                0x00007cf1      0x234 ./Fuentes/WG12864A.o
                0x00007cf1                Arial8x6
 .rodata.LN16x16
                0x00007f25       0x20 ./Fuentes/WG12864A.o
                0x00007f25                LN16x16
 .rodata.OK16x16
                0x00007f45       0x20 ./Fuentes/WG12864A.o
                0x00007f45                OK16x16
 .rodata.RightArrow16x16
                0x00007f65       0x20 ./Fuentes/WG12864A.o
                0x00007f65                RightArrow16x16
 .rodata.LO16x16
                0x00007f85       0x20 ./Fuentes/WG12864A.o
                0x00007f85                LO16x16
 .rodata.HEART16x16
                0x00007fa5       0x20 ./Fuentes/WG12864A.o
                0x00007fa5                HEART16x16
 .rodata.BACK16x16
                0x00007fc5       0x20 ./Fuentes/WG12864A.o
                0x00007fc5                BACK16x16
 .rodata.LI16x16
                0x00007fe5       0x20 ./Fuentes/WG12864A.o
                0x00007fe5                LI16x16
 .rodata.BK8x16
                0x00008005       0x20 ./Fuentes/WG12864A.o
                0x00008005                BK8x16
 .rodata.LE16x16
                0x00008025       0x20 ./Fuentes/WG12864A.o
                0x00008025                LE16x16
 .rodata.LTT16x16
                0x00008045       0x20 ./Fuentes/WG12864A.o
                0x00008045                LTT16x16
 .rodata.LA16x16
                0x00008065       0x20 ./Fuentes/WG12864A.o
                0x00008065                LA16x16
 *fill*         0x00008085        0x3 ff
 .rodata.LPC_GPIO
                0x00008088       0x10 ./Drivers/gpio.o
 .rodata.str1.1
                0x00008098      0x112 /usr/local/lpcxpresso_8.2.2_650/lpcxpresso/tools/bin/../lib/gcc/arm-none-eabi/5.4.1/../../../../arm-none-eabi/lib/armv6-m/libcr_c.a(initio.o)
                                  0x4 (size before relaxing)
 .rodata.str1.1
                0x00008098       0x18 /usr/local/lpcxpresso_8.2.2_650/lpcxpresso/tools/bin/../lib/gcc/arm-none-eabi/5.4.1/../../../../arm-none-eabi/lib/armv6-m/libcr_c.a(alloc.o)
                0x000081ac                . = ALIGN (0x4)

.glue_7         0x000080b0        0x0
 .glue_7        0x000080b0        0x0 linker stubs

.glue_7t        0x000080b0        0x0
 .glue_7t       0x000080b0        0x0 linker stubs

.vfp11_veneer   0x000080b0        0x0
 .vfp11_veneer  0x000080b0        0x0 linker stubs

.v4_bx          0x000080b0        0x0
 .v4_bx         0x000080b0        0x0 linker stubs

.iplt           0x000080b0        0x0
 .iplt          0x000080b0        0x0 ./Fuentes/Comunicaciones.o

.rel.dyn        0x000080b0        0x0
 .rel.iplt      0x000080b0        0x0 ./Fuentes/Comunicaciones.o

.ARM.extab
 *(.ARM.extab* .gnu.linkonce.armextab.*)
                0x000080b0                __exidx_start = .

.ARM.exidx
 *(.ARM.exidx* .gnu.linkonce.armexidx.*)
                0x000080b0                __exidx_end = .
                0x000080b0                _etext = .

.uninit_RESERVED
                0x10000000        0x0
 *(.bss.$RESERVED*)
                0x10000000                . = ALIGN (0x4)
                0x10000000                _end_uninit_RESERVED = .

.data           0x10000000       0xfc load address 0x000080b0
 FILL mask 0xff
                0x10000000                _data = .
 *(vtable)
 *(.ramfunc*)
 *(.data*)
 .data.buff_prueba
                0x10000000       0x53 ./Fuentes/Funciones.o
                0x10000000                buff_prueba
 .data.buff_prueba2
                0x10000053       0x53 ./Fuentes/Funciones.o
                0x10000053                buff_prueba2
 *fill*         0x100000a6        0x2 ff
 .data.flag_sleepsubmenu
                0x100000a8        0x4 ./Fuentes/Funciones.o
                0x100000a8                flag_sleepsubmenu
 .data.num      0x100000ac        0x4 ./Fuentes/Funciones.o
                0x100000ac                num
 .data.menu41_4
                0x100000b0        0x4 ./Fuentes/Menu.o
                0x100000b0                menu41_4
 .data.menu4    0x100000b4        0x4 ./Fuentes/Menu.o
                0x100000b4                menu4
 .data.menu41_2
                0x100000b8        0x4 ./Fuentes/Menu.o
                0x100000b8                menu41_2
 .data.menu41_3
                0x100000bc        0x4 ./Fuentes/Menu.o
                0x100000bc                menu41_3
 .data.clave    0x100000c0       0x10 ./Fuentes/Menu.o
                0x100000c0                clave
 .data.menu41   0x100000d0        0x4 ./Fuentes/Menu.o
                0x100000d0                menu41
 .data.cur      0x100000d4        0x4 ./Fuentes/Menu.o
                0x100000d4                cur
 .data.flagirq  0x100000d8        0x4 ./Fuentes/Menu.o
                0x100000d8                flagirq
 .data.menu1    0x100000dc        0x4 ./Fuentes/Menu.o
                0x100000dc                menu1
 .data.menu2    0x100000e0        0x4 ./Fuentes/Menu.o
                0x100000e0                menu2
 .data.menu3    0x100000e4        0x4 ./Fuentes/Menu.o
                0x100000e4                menu3
 .data.menu41_1
                0x100000e8        0x4 ./Fuentes/Menu.o
                0x100000e8                menu41_1
 .data.menu32   0x100000ec        0x4 ./Fuentes/Menu.o
                0x100000ec                menu32
 .data.posX     0x100000f0        0x4 ./Fuentes/WG12864A.o
                0x100000f0                posX
 .data.posY     0x100000f4        0x4 ./Fuentes/WG12864A.o
                0x100000f4                posY
 .data          0x100000f8        0x4 /home/sebastian/LPCXpresso/workspace/Proyectos LPC1115/Monitor_Fetal/CMSISv1p30_LPC11xx/Debug/libCMSISv1p30_LPC11xx.a(system_LPC11xx.o)
                0x100000f8                SystemCoreClock
                0x100000fc                . = ALIGN (0x4)
                0x100000fc                _edata = .

.igot.plt       0x100000fc        0x0 load address 0x000081ac
 .igot.plt      0x100000fc        0x0 ./Fuentes/Comunicaciones.o

.bss            0x10000100      0xf34 load address 0x000081ac
                0x10000100                _bss = .
 *(.bss*)
 .bss.no_recibo
                0x10000100        0x1 ./Fuentes/Comunicaciones.o
                0x10000100                no_recibo
 .bss.queenv    0x10000101        0x1 ./Fuentes/Comunicaciones.o
                0x10000101                queenv
 .bss.org       0x10000102        0x1 ./Fuentes/Comunicaciones.o
                0x10000102                org
 .bss.indf      0x10000103        0x1 ./Fuentes/Comunicaciones.o
                0x10000103                indf
 .bss.actualiza_fw
                0x10000104        0x1 ./Fuentes/Funciones.o
                0x10000104                actualiza_fw
 .bss.mod       0x10000105        0x1 ./Fuentes/Funciones.o
                0x10000105                mod
 .bss.salir     0x10000106        0x1 ./Fuentes/Funciones.o
                0x10000106                salir
 *fill*         0x10000107        0x1 
 .bss.varmod    0x10000108        0x4 ./Fuentes/Funciones.o
                0x10000108                varmod
 .bss.norecarga
                0x1000010c        0x4 ./Fuentes/Funciones.o
                0x1000010c                norecarga
 .bss.flagesp   0x10000110        0x1 ./Fuentes/Funciones.o
                0x10000110                flagesp
 *fill*         0x10000111        0x3 
 .bss.s         0x10000114        0x4 ./Fuentes/Funciones.o
                0x10000114                s
 .bss.muefunc   0x10000118        0x4 ./Fuentes/Funciones.o
                0x10000118                muefunc
 .bss.PPM       0x1000011c        0x4 ./Fuentes/Funciones.o
                0x1000011c                PPM
 .bss.tit       0x10000120        0x4 ./Fuentes/Funciones.o
                0x10000120                tit
 .bss.lec       0x10000124        0x1 ./Fuentes/Main.o
                0x10000124                lec
 .bss.cont      0x10000125        0x1 ./Fuentes/Main.o
                0x10000125                cont
 .bss.flagbll   0x10000126        0x1 ./Fuentes/Main.o
                0x10000126                flagbll
 .bss.flagmm    0x10000127        0x1 ./Fuentes/Main.o
                0x10000127                flagmm
 .bss.sumaerr   0x10000128        0x1 ./Fuentes/Main.o
                0x10000128                sumaerr
 *fill*         0x10000129        0x3 
 .bss.sleepmenu
                0x1000012c        0x4 ./Fuentes/Menu.o
                0x1000012c                sleepmenu
 .bss.indice    0x10000130        0x4 ./Fuentes/Menu.o
                0x10000130                indice
 .bss.menu      0x10000134        0x4 ./Fuentes/Menu.o
                0x10000134                menu
 .bss.buffer.4847
                0x10000138       0x2c ./Fuentes/Subfunciones.o
 .bss.buffer_pulso
                0x10000164       0x2c ./Fuentes/Subfunciones.o
 .bss.buffer.4820
                0x10000190       0x2c ./Fuentes/Subfunciones.o
 .bss.buffer.4829
                0x100001bc       0x2c ./Fuentes/Subfunciones.o
 .bss.buffer.4842
                0x100001e8       0x2c ./Fuentes/Subfunciones.o
 .bss.a         0x10000214        0x4 ./Fuentes/Touch.o
                0x10000214                a
 .bss.gl_ptr_mem
                0x10000218        0x4 ./Fuentes/sd_mmc.o
 .bss.sd_mmc_spi_init_done
                0x1000021c        0x1 ./Fuentes/sd_mmc.o
                0x1000021c                sd_mmc_spi_init_done
 *fill*         0x1000021d        0x3 
 .bss.ptr_memsd
                0x10000220        0x4 ./Fuentes/sd_mmc.o
 .bss.ADCIntDone
                0x10000224        0x4 ./Drivers/adc.o
                0x10000224                ADCIntDone
 .bss.OverRunCounter
                0x10000228        0x4 ./Drivers/adc.o
                0x10000228                OverRunCounter
 .bss.gpio3_counter
                0x1000022c        0x4 ./Drivers/gpio.o
                0x1000022c                gpio3_counter
 .bss.p3_1_counter
                0x10000230        0x4 ./Drivers/gpio.o
                0x10000230                p3_1_counter
 .bss.interruptOverRunStat0
                0x10000234        0x4 ./Drivers/ssp.o
                0x10000234                interruptOverRunStat0
 .bss.interruptOverRunStat1
                0x10000238        0x4 ./Drivers/ssp.o
                0x10000238                interruptOverRunStat1
 .bss.interruptRxTimeoutStat0
                0x1000023c        0x4 ./Drivers/ssp.o
                0x1000023c                interruptRxTimeoutStat0
 .bss.interruptRxTimeoutStat1
                0x10000240        0x4 ./Drivers/ssp.o
                0x10000240                interruptRxTimeoutStat1
 .bss.interruptRxStat0
                0x10000244        0x4 ./Drivers/ssp.o
                0x10000244                interruptRxStat0
 .bss.interruptRxStat1
                0x10000248        0x4 ./Drivers/ssp.o
                0x10000248                interruptRxStat1
 .bss.timer32_0_counter
                0x1000024c        0x4 ./Drivers/timer32.o
                0x1000024c                timer32_0_counter
 .bss.timer32_0_capture
                0x10000250        0x4 ./Drivers/timer32.o
                0x10000250                timer32_0_capture
 .bss.timer32_1_counter
                0x10000254        0x4 ./Drivers/timer32.o
                0x10000254                timer32_1_counter
 .bss.timer32_1_capture
                0x10000258        0x4 ./Drivers/timer32.o
                0x10000258                timer32_1_capture
 .bss._extra    0x1000025c        0x4 /usr/local/lpcxpresso_8.2.2_650/lpcxpresso/tools/bin/../lib/gcc/arm-none-eabi/5.4.1/../../../../arm-none-eabi/lib/armv6-m/libcr_c.a(initio.o)
                0x1000025c                _extra
 .bss.__Ciob    0x10000260      0x140 /usr/local/lpcxpresso_8.2.2_650/lpcxpresso/tools/bin/../lib/gcc/arm-none-eabi/5.4.1/../../../../arm-none-eabi/lib/armv6-m/libcr_c.a(stdio.o)
                0x10000260                __Ciob
 .bss.__heaps   0x100003a0        0x4 /usr/local/lpcxpresso_8.2.2_650/lpcxpresso/tools/bin/../lib/gcc/arm-none-eabi/5.4.1/../../../../arm-none-eabi/lib/armv6-m/libcr_c.a(__init_alloc.o)
                0x100003a0                __heaps
 .bss.__end_of_heap
                0x100003a4        0x4 /usr/local/lpcxpresso_8.2.2_650/lpcxpresso/tools/bin/../lib/gcc/arm-none-eabi/5.4.1/../../../../arm-none-eabi/lib/armv6-m/libcr_c.a(__init_alloc.o)
                0x100003a4                __end_of_heap
 .bss.errno     0x100003a8        0x4 /usr/local/lpcxpresso_8.2.2_650/lpcxpresso/tools/bin/../lib/gcc/arm-none-eabi/5.4.1/../../../../arm-none-eabi/lib/armv6-m/libcr_c.a(errno.o)
                0x100003a8                errno
 *(COMMON)
 COMMON         0x100003ac       0x20 ./Fuentes/Comunicaciones.o
                0x100003ac                cantcomu
                0x100003b0                auxs
                0x100003b4                cantprt
                0x100003b8                auxi
                0x100003bc                hands
                0x100003c0                auxmi
                0x100003c4                cantver
                0x100003c5                cantmp
                0x100003c6                empenv
                0x100003c8                auxh
 COMMON         0x100003cc      0x359 ./Fuentes/Funciones.o
                0x100003cc                t
                0x100003d0                lat_adc
                0x100003d4                hab_corazon
                0x100003d8                lat_ant
                0x100003dc                aux_prov
                0x100003e0                valpru2
                0x10000520                cont_10seg
                0x10000524                adc_val5
                0x10000528                cla
                0x10000538                cont_5seg_au
                0x10000539                SALTO
                0x1000053a                desp_vert
                0x1000053b                toca1
                0x1000053c                toca
                0x1000053d                FILTRO_DIG
                0x1000053e                HAB_GUARDAR
                0x10000540                i_ind_buff
                0x10000544                sd_disp
                0x10000548                aux2
                0x1000054c                SUBIR
                0x10000550                tcl
                0x10000554                PUNTO
                0x10000555                modo_func
                0x10000556                prs
                0x10000558                adc_valY
                0x1000055c                PARLANTE
                0x10000560                v
                0x10000561                pos_y
                0x10000562                cont_5seg_aux
                0x10000563                pressok
                0x10000564                ind_Muestras
                0x10000568                pos_x
                0x10000569                BAJAR
                0x1000056a                dir_comu
                0x1000056b                velc
                0x1000056c                LAT_PROM
                0x10000570                cont_5s
                0x10000571                menuactual
                0x10000574                adc_valX
                0x10000578                tcla
                0x10000588                valpru
                0x10000718                sd_mostrar
                0x1000071c                aux1
                0x10000720                inc_ind2
                0x10000724                PULSO_OK
 *fill*         0x10000725        0x3 
 COMMON         0x10000728      0x5b3 ./Fuentes/Main.o
                0x10000728                b_tog
                0x10000738                version
                0x10000778                btens
                0x100007b8                flag_1seg
                0x100007b9                causaerr
                0x100007c4                cont_1seg
                0x100007c5                cont_500ms
                0x100007c6                cont_1min
                0x100007c8                movmp
                0x10000808                Rx
                0x10000828                buff_prueba3
                0x100009b8                Hab_cont_500ms
                0x100009b9                SIN_SD
                0x100009bc                Rx2
                0x10000a34                causaerror
                0x10000a3f                cont_100ms
                0x10000a40                toffset
                0x10000a80                Rx1
                0x10000af8                flag_25ms
                0x10000af9                icomu
                0x10000b00                val_bufff
                0x10000c90                version_prt
                0x10000cd0                moduloerr
 *fill*         0x10000cdb        0x1 
 COMMON         0x10000cdc        0x4 ./Fuentes/Menu.o
                0x10000cdc                var_aux
 COMMON         0x10000ce0       0xd9 ./Fuentes/Subfunciones.o
                0x10000ce0                eee
                0x10000ce4                estf
                0x10000ce8                dets
                0x10000cec                SECTOR_SD_V
                0x10000cf0                ale
                0x10000cf4                ee
                0x10000cf8                proxh
                0x10000d08                Graf_punt
                0x10000d0c                Prom_tot
                0x10000d10                cont_pulso
                0x10000d14                ds
                0x10000d18                repite_parc
                0x10000d19                pnt_ant
                0x10000d1c                esta
                0x10000d20                OFFSET_SD_V
                0x10000d24                seg
                0x10000d28                ledcoo
                0x10000d2c                eeee
                0x10000d30                mitad_ant
                0x10000d34                aaa
                0x10000d38                anio
                0x10000d3c                aa
                0x10000d40                ef
                0x10000d44                T_Per
                0x10000d48                T_Periodo
                0x10000d4c                act_espera
                0x10000d4d                i_ff
                0x10000d4e                swt_corazon
                0x10000d4f                buf_par
                0x10000d54                cont_bajas_PPM
                0x10000d55                pulso_ant
                0x10000d56                act_t_par
                0x10000d58                mi
                0x10000d5c                pl
                0x10000d60                t_par
                0x10000d64                APA_PARLANTE
                0x10000d65                HAB_PARLANTE
                0x10000d66                HAB_G
                0x10000d68                d
                0x10000d6c                PPM_ale
                0x10000d70                PPM_ant
                0x10000d74                Cont_per_pulso
                0x10000d78                Prom_par
                0x10000d7c                aaaa
                0x10000d80                h
                0x10000d84                cont_ant
                0x10000d88                proxf
                0x10000da8                Fila_ant
                0x10000da9                pnt
                0x10000dac                e
                0x10000db0                m
                0x10000db4                Per_par
                0x10000db8                i_t
 *fill*         0x10000db9        0x3 
 COMMON         0x10000dbc        0x8 ./Fuentes/Touch.o
                0x10000dbc                sleep
                0x10000dc0                flagsleep
 COMMON         0x10000dc4        0x4 ./Fuentes/WG12864A.o
                0x10000dc4                salida
 COMMON         0x10000dc8      0x249 ./Fuentes/sd_mmc.o
                0x10000dc8                SD_HC
                0x10000dc9                data_mem
                0x10000fca                sec_cal
                0x10000fd0                capacity
                0x10000fd8                capacity_mult
                0x10000fe0                checkvr
                0x10000fe4                offset_cal
                0x10000fe8                erase_group_size
                0x10000fec                sd_mmc_spi_last_block_address
                0x10000ff0                r2
                0x10000ff4                offset
                0x10000ff8                card_type
                0x10000ffc                SAL_SD
                0x10001000                csd
                0x10001010                r1
 *fill*         0x10001011        0x3 
 COMMON         0x10001014       0x20 ./Drivers/adc.o
                0x10001014                ADCValue
                0x10001034                . = ALIGN (0x4)
                0x10001034                _ebss = .
                [!provide]                PROVIDE (end, .)

.noinit         0x10001034        0x0 load address 0x000081ac
                0x10001034                _noinit = .
 *(.noinit*)
                0x10001034                . = ALIGN (0x4)
                0x10001034                _end_noinit = .
                0x10001034                PROVIDE (_pvHeapStart, DEFINED (__user_heap_base)?__user_heap_base:.)
                0x10002000                PROVIDE (_vStackTop, DEFINED (__user_stack_top)?__user_stack_top:(__top_RamLoc8 - 0x0))
                [!provide]                PROVIDE (__valid_user_code_checksum, (0x0 - (((_vStackTop + (ResetISR + 0x1)) + (DEFINED (NMI_Handler)?NMI_Handler:M0_NMI_Handler + 0x1)) + (DEFINED (HardFault_Handler)?HardFault_Handler:M0_HardFault_Handler + 0x1))))
OUTPUT(MF_v1.2.axf elf32-littlearm)

.debug_info     0x00000000     0xf23f
 .debug_info    0x00000000      0x797 ./Fuentes/Comunicaciones.o
 .debug_info    0x00000797      0x884 ./Fuentes/Display.o
 .debug_info    0x0000101b     0x3226 ./Fuentes/Funciones.o
 .debug_info    0x00004241      0x76c ./Fuentes/Main.o
 .debug_info    0x000049ad     0x24aa ./Fuentes/Menu.o
 .debug_info    0x00006e57     0x10f0 ./Fuentes/Subfunciones.o
 .debug_info    0x00007f47     0x1d4e ./Fuentes/Teclado.o
 .debug_info    0x00009c95      0x98d ./Fuentes/Touch.o
 .debug_info    0x0000a622      0x9bb ./Fuentes/WG12864A.o
 .debug_info    0x0000afdd      0x285 ./Fuentes/cr_startup_lpc11.o
 .debug_info    0x0000b262     0x1102 ./Fuentes/sd_mmc.o
 .debug_info    0x0000c364      0x7e7 ./Drivers/adc.o
 .debug_info    0x0000cb4b      0xa94 ./Drivers/gpio.o
 .debug_info    0x0000d5df      0xc67 ./Drivers/ssp.o
 .debug_info    0x0000e246      0xb94 ./Drivers/timer32.o
 .debug_info    0x0000edda      0x465 /home/sebastian/LPCXpresso/workspace/Proyectos LPC1115/Monitor_Fetal/CMSISv1p30_LPC11xx/Debug/libCMSISv1p30_LPC11xx.a(system_LPC11xx.o)

.debug_abbrev   0x00000000     0x1f20
 .debug_abbrev  0x00000000      0x20b ./Fuentes/Comunicaciones.o
 .debug_abbrev  0x0000020b      0x1f4 ./Fuentes/Display.o
 .debug_abbrev  0x000003ff      0x26d ./Fuentes/Funciones.o
 .debug_abbrev  0x0000066c      0x1a9 ./Fuentes/Main.o
 .debug_abbrev  0x00000815      0x1b0 ./Fuentes/Menu.o
 .debug_abbrev  0x000009c5      0x2aa ./Fuentes/Subfunciones.o
 .debug_abbrev  0x00000c6f      0x115 ./Fuentes/Teclado.o
 .debug_abbrev  0x00000d84      0x1e9 ./Fuentes/Touch.o
 .debug_abbrev  0x00000f6d      0x16a ./Fuentes/WG12864A.o
 .debug_abbrev  0x000010d7      0x11f ./Fuentes/cr_startup_lpc11.o
 .debug_abbrev  0x000011f6      0x30d ./Fuentes/sd_mmc.o
 .debug_abbrev  0x00001503      0x18e ./Drivers/adc.o
 .debug_abbrev  0x00001691      0x2d9 ./Drivers/gpio.o
 .debug_abbrev  0x0000196a      0x2ae ./Drivers/ssp.o
 .debug_abbrev  0x00001c18      0x226 ./Drivers/timer32.o
 .debug_abbrev  0x00001e3e       0xe2 /home/sebastian/LPCXpresso/workspace/Proyectos LPC1115/Monitor_Fetal/CMSISv1p30_LPC11xx/Debug/libCMSISv1p30_LPC11xx.a(system_LPC11xx.o)

.debug_loc      0x00000000     0x2cb7
 .debug_loc     0x00000000      0x3ee ./Fuentes/Comunicaciones.o
 .debug_loc     0x000003ee      0x5aa ./Fuentes/Display.o
 .debug_loc     0x00000998      0x322 ./Fuentes/Funciones.o
 .debug_loc     0x00000cba       0x13 ./Fuentes/Main.o
 .debug_loc     0x00000ccd      0x692 ./Fuentes/Subfunciones.o
 .debug_loc     0x0000135f       0x2c ./Fuentes/Teclado.o
 .debug_loc     0x0000138b       0xc0 ./Fuentes/Touch.o
 .debug_loc     0x0000144b      0x36c ./Fuentes/WG12864A.o
 .debug_loc     0x000017b7      0x1d4 ./Fuentes/cr_startup_lpc11.o
 .debug_loc     0x0000198b      0x9a3 ./Fuentes/sd_mmc.o
 .debug_loc     0x0000232e       0xef ./Drivers/adc.o
 .debug_loc     0x0000241d      0x434 ./Drivers/gpio.o
 .debug_loc     0x00002851      0x221 ./Drivers/ssp.o
 .debug_loc     0x00002a72      0x245 ./Drivers/timer32.o

.debug_aranges  0x00000000      0x4a8
 .debug_aranges
                0x00000000       0x30 ./Fuentes/Comunicaciones.o
 .debug_aranges
                0x00000030       0x38 ./Fuentes/Display.o
 .debug_aranges
                0x00000068       0x78 ./Fuentes/Funciones.o
 .debug_aranges
                0x000000e0       0x20 ./Fuentes/Main.o
 .debug_aranges
                0x00000100       0x28 ./Fuentes/Menu.o
 .debug_aranges
                0x00000128       0x50 ./Fuentes/Subfunciones.o
 .debug_aranges
                0x00000178       0x28 ./Fuentes/Teclado.o
 .debug_aranges
                0x000001a0       0x48 ./Fuentes/Touch.o
 .debug_aranges
                0x000001e8       0x68 ./Fuentes/WG12864A.o
 .debug_aranges
                0x00000250       0x60 ./Fuentes/cr_startup_lpc11.o
 .debug_aranges
                0x000002b0       0x90 ./Fuentes/sd_mmc.o
 .debug_aranges
                0x00000340       0x38 ./Drivers/adc.o
 .debug_aranges
                0x00000378       0x68 ./Drivers/gpio.o
 .debug_aranges
                0x000003e0       0x48 ./Drivers/ssp.o
 .debug_aranges
                0x00000428       0x50 ./Drivers/timer32.o
 .debug_aranges
                0x00000478       0x30 /home/sebastian/LPCXpresso/workspace/Proyectos LPC1115/Monitor_Fetal/CMSISv1p30_LPC11xx/Debug/libCMSISv1p30_LPC11xx.a(system_LPC11xx.o)

.debug_ranges   0x00000000      0x4a8
 .debug_ranges  0x00000000       0x70 ./Fuentes/Comunicaciones.o
 .debug_ranges  0x00000070       0x28 ./Fuentes/Display.o
 .debug_ranges  0x00000098       0x68 ./Fuentes/Funciones.o
 .debug_ranges  0x00000100       0x10 ./Fuentes/Main.o
 .debug_ranges  0x00000110       0x30 ./Fuentes/Menu.o
 .debug_ranges  0x00000140       0x70 ./Fuentes/Subfunciones.o
 .debug_ranges  0x000001b0       0x18 ./Fuentes/Teclado.o
 .debug_ranges  0x000001c8       0x38 ./Fuentes/Touch.o
 .debug_ranges  0x00000200       0x58 ./Fuentes/WG12864A.o
 .debug_ranges  0x00000258       0x50 ./Fuentes/cr_startup_lpc11.o
 .debug_ranges  0x000002a8       0x80 ./Fuentes/sd_mmc.o
 .debug_ranges  0x00000328       0x28 ./Drivers/adc.o
 .debug_ranges  0x00000350       0x90 ./Drivers/gpio.o
 .debug_ranges  0x000003e0       0x50 ./Drivers/ssp.o
 .debug_ranges  0x00000430       0x58 ./Drivers/timer32.o
 .debug_ranges  0x00000488       0x20 /home/sebastian/LPCXpresso/workspace/Proyectos LPC1115/Monitor_Fetal/CMSISv1p30_LPC11xx/Debug/libCMSISv1p30_LPC11xx.a(system_LPC11xx.o)

.debug_macro    0x00000000     0x32ae
 .debug_macro   0x00000000       0x93 ./Fuentes/Comunicaciones.o
 .debug_macro   0x00000093      0x83e ./Fuentes/Comunicaciones.o
 .debug_macro   0x000008d1       0x1c ./Fuentes/Comunicaciones.o
 .debug_macro   0x000008ed       0x22 ./Fuentes/Comunicaciones.o
 .debug_macro   0x0000090f       0x10 ./Fuentes/Comunicaciones.o
 .debug_macro   0x0000091f      0x12d ./Fuentes/Comunicaciones.o
 .debug_macro   0x00000a4c      0x5b2 ./Fuentes/Comunicaciones.o
 .debug_macro   0x00000ffe      0x37a ./Fuentes/Comunicaciones.o
 .debug_macro   0x00001378      0x123 ./Fuentes/Comunicaciones.o
 .debug_macro   0x0000149b       0xac ./Fuentes/Comunicaciones.o
 .debug_macro   0x00001547      0x186 ./Fuentes/Comunicaciones.o
 .debug_macro   0x000016cd      0x160 ./Fuentes/Comunicaciones.o
 .debug_macro   0x0000182d       0xaf ./Fuentes/Display.o
 .debug_macro   0x000018dc       0xa0 ./Fuentes/Display.o
 .debug_macro   0x0000197c       0x1c ./Fuentes/Display.o
 .debug_macro   0x00001998       0x6a ./Fuentes/Display.o
 .debug_macro   0x00001a02       0xdb ./Fuentes/Funciones.o
 .debug_macro   0x00001add       0xb2 ./Fuentes/Funciones.o
 .debug_macro   0x00001b8f       0x34 ./Fuentes/Funciones.o
 .debug_macro   0x00001bc3       0x46 ./Fuentes/Funciones.o
 .debug_macro   0x00001c09       0xeb ./Fuentes/Main.o
 .debug_macro   0x00001cf4       0x82 ./Fuentes/Main.o
 .debug_macro   0x00001d76       0x34 ./Fuentes/Main.o
 .debug_macro   0x00001daa       0xe9 ./Fuentes/Menu.o
 .debug_macro   0x00001e93       0xc2 ./Fuentes/Subfunciones.o
 .debug_macro   0x00001f55      0x1a2 ./Fuentes/Subfunciones.o
 .debug_macro   0x000020f7       0x2d ./Fuentes/Teclado.o
 .debug_macro   0x00002124       0xc7 ./Fuentes/Touch.o
 .debug_macro   0x000021eb       0x92 ./Fuentes/WG12864A.o
 .debug_macro   0x0000227d       0x52 ./Fuentes/cr_startup_lpc11.o
 .debug_macro   0x000022cf       0xbc ./Fuentes/sd_mmc.o
 .debug_macro   0x0000238b       0x89 ./Drivers/adc.o
 .debug_macro   0x00002414       0x89 ./Drivers/gpio.o
 .debug_macro   0x0000249d       0xab ./Drivers/ssp.o
 .debug_macro   0x00002548       0x7a ./Drivers/timer32.o
 .debug_macro   0x000025c2      0x122 /home/sebastian/LPCXpresso/workspace/Proyectos LPC1115/Monitor_Fetal/CMSISv1p30_LPC11xx/Debug/libCMSISv1p30_LPC11xx.a(system_LPC11xx.o)
 .debug_macro   0x000026e4      0x832 /home/sebastian/LPCXpresso/workspace/Proyectos LPC1115/Monitor_Fetal/CMSISv1p30_LPC11xx/Debug/libCMSISv1p30_LPC11xx.a(system_LPC11xx.o)
 .debug_macro   0x00002f16      0x398 /home/sebastian/LPCXpresso/workspace/Proyectos LPC1115/Monitor_Fetal/CMSISv1p30_LPC11xx/Debug/libCMSISv1p30_LPC11xx.a(system_LPC11xx.o)

.debug_line     0x00000000     0x4247
 .debug_line    0x00000000      0x417 ./Fuentes/Comunicaciones.o
 .debug_line    0x00000417      0x436 ./Fuentes/Display.o
 .debug_line    0x0000084d      0x949 ./Fuentes/Funciones.o
 .debug_line    0x00001196      0x380 ./Fuentes/Main.o
 .debug_line    0x00001516      0x6f0 ./Fuentes/Menu.o
 .debug_line    0x00001c06      0x504 ./Fuentes/Subfunciones.o
 .debug_line    0x0000210a      0x4fb ./Fuentes/Teclado.o
 .debug_line    0x00002605      0x37c ./Fuentes/Touch.o
 .debug_line    0x00002981      0x3e5 ./Fuentes/WG12864A.o
 .debug_line    0x00002d66      0x1c3 ./Fuentes/cr_startup_lpc11.o
 .debug_line    0x00002f29      0x5b9 ./Fuentes/sd_mmc.o
 .debug_line    0x000034e2      0x25d ./Drivers/adc.o
 .debug_line    0x0000373f      0x2b3 ./Drivers/gpio.o
 .debug_line    0x000039f2      0x346 ./Drivers/ssp.o
 .debug_line    0x00003d38      0x2d9 ./Drivers/timer32.o
 .debug_line    0x00004011      0x236 /home/sebastian/LPCXpresso/workspace/Proyectos LPC1115/Monitor_Fetal/CMSISv1p30_LPC11xx/Debug/libCMSISv1p30_LPC11xx.a(system_LPC11xx.o)

.debug_str      0x00000000     0x90f5
 .debug_str     0x00000000     0x6698 ./Fuentes/Comunicaciones.o
                               0x6736 (size before relaxing)
 .debug_str     0x00006698      0x4e5 ./Fuentes/Display.o
                               0x6381 (size before relaxing)
 .debug_str     0x00006b7d      0x6db ./Fuentes/Funciones.o
                               0x67d2 (size before relaxing)
 .debug_str     0x00007258      0x5ee ./Fuentes/Main.o
                               0x6ccb (size before relaxing)
 .debug_str     0x00007846       0x82 ./Fuentes/Menu.o
                               0x6855 (size before relaxing)
 .debug_str     0x000078c8      0x6e3 ./Fuentes/Subfunciones.o
                               0x6b74 (size before relaxing)
 .debug_str     0x00007fab       0x3b ./Fuentes/Teclado.o
                               0x2876 (size before relaxing)
 .debug_str     0x00007fe6      0x1cc ./Fuentes/Touch.o
                               0x63ec (size before relaxing)
 .debug_str     0x000081b2       0x7e ./Fuentes/WG12864A.o
                               0x6616 (size before relaxing)
 .debug_str     0x00008230      0x240 ./Fuentes/cr_startup_lpc11.o
                               0x3ca4 (size before relaxing)
 .debug_str     0x00008470      0x2db ./Fuentes/sd_mmc.o
                               0x6c94 (size before relaxing)
 .debug_str     0x0000874b      0x2e4 ./Drivers/adc.o
                               0x60c1 (size before relaxing)
 .debug_str     0x00008a2f       0x78 ./Drivers/gpio.o
                               0x6111 (size before relaxing)
 .debug_str     0x00008aa7       0xc5 ./Drivers/ssp.o
                               0x67d0 (size before relaxing)
 .debug_str     0x00008b6c      0x103 ./Drivers/timer32.o
                               0x6368 (size before relaxing)
 .debug_str     0x00008c6f      0x486 /home/sebastian/LPCXpresso/workspace/Proyectos LPC1115/Monitor_Fetal/CMSISv1p30_LPC11xx/Debug/libCMSISv1p30_LPC11xx.a(system_LPC11xx.o)
                               0x5da4 (size before relaxing)

.comment        0x00000000       0xdc
 .comment       0x00000000       0x6e ./Fuentes/Comunicaciones.o
                                 0x6f (size before relaxing)
 .comment       0x0000006e       0x6f ./Fuentes/Display.o
 .comment       0x0000006e       0x6f ./Fuentes/Funciones.o
 .comment       0x0000006e       0x6f ./Fuentes/Main.o
 .comment       0x0000006e       0x6f ./Fuentes/Menu.o
 .comment       0x0000006e       0x6f ./Fuentes/Subfunciones.o
 .comment       0x0000006e       0x6f ./Fuentes/Teclado.o
 .comment       0x0000006e       0x6f ./Fuentes/Touch.o
 .comment       0x0000006e       0x6f ./Fuentes/WG12864A.o
 .comment       0x0000006e       0x6f ./Fuentes/cr_startup_lpc11.o
 .comment       0x0000006e       0x6f ./Fuentes/sd_mmc.o
 .comment       0x0000006e       0x6f ./Drivers/adc.o
 .comment       0x0000006e       0x6f ./Drivers/gpio.o
 .comment       0x0000006e       0x6f ./Drivers/ssp.o
 .comment       0x0000006e       0x6f ./Drivers/timer32.o
 .comment       0x0000006e       0x6f /home/sebastian/LPCXpresso/workspace/Proyectos LPC1115/Monitor_Fetal/CMSISv1p30_LPC11xx/Debug/libCMSISv1p30_LPC11xx.a(system_LPC11xx.o)
 .comment       0x0000006e       0x6e /usr/local/lpcxpresso_8.2.2_650/lpcxpresso/tools/bin/../lib/gcc/arm-none-eabi/5.4.1/../../../../arm-none-eabi/lib/armv6-m/libcr_semihost.a(_cr__main.o)
                                 0x6f (size before relaxing)
 .comment       0x000000dc       0x6f /usr/local/lpcxpresso_8.2.2_650/lpcxpresso/tools/bin/../lib/gcc/arm-none-eabi/5.4.1/../../../../arm-none-eabi/lib/armv6-m/libcr_c.a(initio.o)
 .comment       0x000000dc       0x6f /usr/local/lpcxpresso_8.2.2_650/lpcxpresso/tools/bin/../lib/gcc/arm-none-eabi/5.4.1/../../../../arm-none-eabi/lib/armv6-m/libcr_c.a(setvbuf.o)
 .comment       0x000000dc       0x6f /usr/local/lpcxpresso_8.2.2_650/lpcxpresso/tools/bin/../lib/gcc/arm-none-eabi/5.4.1/../../../../arm-none-eabi/lib/armv6-m/libcr_c.a(stdio.o)
 .comment       0x000000dc       0x6f /usr/local/lpcxpresso_8.2.2_650/lpcxpresso/tools/bin/../lib/gcc/arm-none-eabi/5.4.1/../../../../arm-none-eabi/lib/armv6-m/libcr_c.a(memset.o)
 .comment       0x000000dc       0x6f /usr/local/lpcxpresso_8.2.2_650/lpcxpresso/tools/bin/../lib/gcc/arm-none-eabi/5.4.1/../../../../arm-none-eabi/lib/armv6-m/libcr_c.a(_deferredlazyseek.o)
 .comment       0x000000dc       0x6f /usr/local/lpcxpresso_8.2.2_650/lpcxpresso/tools/bin/../lib/gcc/arm-none-eabi/5.4.1/../../../../arm-none-eabi/lib/armv6-m/libcr_c.a(_fdopen.o)
 .comment       0x000000dc       0x6f /usr/local/lpcxpresso_8.2.2_650/lpcxpresso/tools/bin/../lib/gcc/arm-none-eabi/5.4.1/../../../../arm-none-eabi/lib/armv6-m/libcr_c.a(_fflush.o)
 .comment       0x000000dc       0x6f /usr/local/lpcxpresso_8.2.2_650/lpcxpresso/tools/bin/../lib/gcc/arm-none-eabi/5.4.1/../../../../arm-none-eabi/lib/armv6-m/libcr_c.a(_writebuf.o)
 .comment       0x000000dc       0x6f /usr/local/lpcxpresso_8.2.2_650/lpcxpresso/tools/bin/../lib/gcc/arm-none-eabi/5.4.1/../../../../arm-none-eabi/lib/armv6-m/libcr_c.a(alloc.o)
 .comment       0x000000dc       0x6f /usr/local/lpcxpresso_8.2.2_650/lpcxpresso/tools/bin/../lib/gcc/arm-none-eabi/5.4.1/../../../../arm-none-eabi/lib/armv6-m/libcr_c.a(fclose.o)
 .comment       0x000000dc       0x6f /usr/local/lpcxpresso_8.2.2_650/lpcxpresso/tools/bin/../lib/gcc/arm-none-eabi/5.4.1/../../../../arm-none-eabi/lib/armv6-m/libcr_c.a(fflush.o)
 .comment       0x000000dc       0x6f /usr/local/lpcxpresso_8.2.2_650/lpcxpresso/tools/bin/../lib/gcc/arm-none-eabi/5.4.1/../../../../arm-none-eabi/lib/armv6-m/libcr_c.a(fseek.o)
 .comment       0x000000dc       0x6f /usr/local/lpcxpresso_8.2.2_650/lpcxpresso/tools/bin/../lib/gcc/arm-none-eabi/5.4.1/../../../../arm-none-eabi/lib/armv6-m/libcr_c.a(ftell.o)
 .comment       0x000000dc       0x6f /usr/local/lpcxpresso_8.2.2_650/lpcxpresso/tools/bin/../lib/gcc/arm-none-eabi/5.4.1/../../../../arm-none-eabi/lib/armv6-m/libcr_c.a(remove.o)
 .comment       0x000000dc       0x6f /usr/local/lpcxpresso_8.2.2_650/lpcxpresso/tools/bin/../lib/gcc/arm-none-eabi/5.4.1/../../../../arm-none-eabi/lib/armv6-m/libcr_c.a(strlen.o)
 .comment       0x000000dc       0x6f /usr/local/lpcxpresso_8.2.2_650/lpcxpresso/tools/bin/../lib/gcc/arm-none-eabi/5.4.1/../../../../arm-none-eabi/lib/armv6-m/libcr_c.a(__init_alloc.o)
 .comment       0x000000dc       0x6f /usr/local/lpcxpresso_8.2.2_650/lpcxpresso/tools/bin/../lib/gcc/arm-none-eabi/5.4.1/../../../../arm-none-eabi/lib/armv6-m/libcr_c.a(_cr_sbrk.o)
 .comment       0x000000dc       0x6f /usr/local/lpcxpresso_8.2.2_650/lpcxpresso/tools/bin/../lib/gcc/arm-none-eabi/5.4.1/../../../../arm-none-eabi/lib/armv6-m/libcr_c.a(_do_fflush.o)
 .comment       0x000000dc       0x6f /usr/local/lpcxpresso_8.2.2_650/lpcxpresso/tools/bin/../lib/gcc/arm-none-eabi/5.4.1/../../../../arm-none-eabi/lib/armv6-m/libcr_c.a(errno.o)
 .comment       0x000000dc       0x6f /usr/local/lpcxpresso_8.2.2_650/lpcxpresso/tools/bin/../lib/gcc/arm-none-eabi/5.4.1/../../../../arm-none-eabi/lib/armv6-m/libcr_c.a(_cr_check_heap.o)

.ARM.attributes
                0x00000000       0x2f
 .ARM.attributes
                0x00000000       0x31 ./Fuentes/Comunicaciones.o
 .ARM.attributes
                0x00000031       0x31 ./Fuentes/Display.o
 .ARM.attributes
                0x00000062       0x31 ./Fuentes/Funciones.o
 .ARM.attributes
                0x00000093       0x31 ./Fuentes/Main.o
 .ARM.attributes
                0x000000c4       0x31 ./Fuentes/Menu.o
 .ARM.attributes
                0x000000f5       0x31 ./Fuentes/Subfunciones.o
 .ARM.attributes
                0x00000126       0x31 ./Fuentes/Teclado.o
 .ARM.attributes
                0x00000157       0x31 ./Fuentes/Touch.o
 .ARM.attributes
                0x00000188       0x31 ./Fuentes/WG12864A.o
 .ARM.attributes
                0x000001b9       0x31 ./Fuentes/cr_startup_lpc11.o
 .ARM.attributes
                0x000001ea       0x31 ./Fuentes/sd_mmc.o
 .ARM.attributes
                0x0000021b       0x31 ./Drivers/adc.o
 .ARM.attributes
                0x0000024c       0x31 ./Drivers/gpio.o
 .ARM.attributes
                0x0000027d       0x31 ./Drivers/ssp.o
 .ARM.attributes
                0x000002ae       0x31 ./Drivers/timer32.o
 .ARM.attributes
                0x000002df       0x31 /home/sebastian/LPCXpresso/workspace/Proyectos LPC1115/Monitor_Fetal/CMSISv1p30_LPC11xx/Debug/libCMSISv1p30_LPC11xx.a(system_LPC11xx.o)
 .ARM.attributes
                0x00000310       0x31 /usr/local/lpcxpresso_8.2.2_650/lpcxpresso/tools/bin/../lib/gcc/arm-none-eabi/5.4.1/../../../../arm-none-eabi/lib/armv6-m/libcr_semihost.a(_cr__main.o)
 .ARM.attributes
                0x00000341       0x31 /usr/local/lpcxpresso_8.2.2_650/lpcxpresso/tools/bin/../lib/gcc/arm-none-eabi/5.4.1/../../../../arm-none-eabi/lib/armv6-m/libcr_c.a(initio.o)
 .ARM.attributes
                0x00000372       0x31 /usr/local/lpcxpresso_8.2.2_650/lpcxpresso/tools/bin/../lib/gcc/arm-none-eabi/5.4.1/../../../../arm-none-eabi/lib/armv6-m/libcr_c.a(setvbuf.o)
 .ARM.attributes
                0x000003a3       0x31 /usr/local/lpcxpresso_8.2.2_650/lpcxpresso/tools/bin/../lib/gcc/arm-none-eabi/5.4.1/../../../../arm-none-eabi/lib/armv6-m/libcr_c.a(stdio.o)
 .ARM.attributes
                0x000003d4       0x31 /usr/local/lpcxpresso_8.2.2_650/lpcxpresso/tools/bin/../lib/gcc/arm-none-eabi/5.4.1/../../../../arm-none-eabi/lib/armv6-m/libcr_c.a(memset.o)
 .ARM.attributes
                0x00000405       0x31 /usr/local/lpcxpresso_8.2.2_650/lpcxpresso/tools/bin/../lib/gcc/arm-none-eabi/5.4.1/../../../../arm-none-eabi/lib/armv6-m/libcr_c.a(_deferredlazyseek.o)
 .ARM.attributes
                0x00000436       0x31 /usr/local/lpcxpresso_8.2.2_650/lpcxpresso/tools/bin/../lib/gcc/arm-none-eabi/5.4.1/../../../../arm-none-eabi/lib/armv6-m/libcr_c.a(_fdopen.o)
 .ARM.attributes
                0x00000467       0x31 /usr/local/lpcxpresso_8.2.2_650/lpcxpresso/tools/bin/../lib/gcc/arm-none-eabi/5.4.1/../../../../arm-none-eabi/lib/armv6-m/libcr_c.a(_fflush.o)
 .ARM.attributes
                0x00000498       0x31 /usr/local/lpcxpresso_8.2.2_650/lpcxpresso/tools/bin/../lib/gcc/arm-none-eabi/5.4.1/../../../../arm-none-eabi/lib/armv6-m/libcr_c.a(_writebuf.o)
 .ARM.attributes
                0x000004c9       0x31 /usr/local/lpcxpresso_8.2.2_650/lpcxpresso/tools/bin/../lib/gcc/arm-none-eabi/5.4.1/../../../../arm-none-eabi/lib/armv6-m/libcr_c.a(alloc.o)
 .ARM.attributes
                0x000004fa       0x31 /usr/local/lpcxpresso_8.2.2_650/lpcxpresso/tools/bin/../lib/gcc/arm-none-eabi/5.4.1/../../../../arm-none-eabi/lib/armv6-m/libcr_c.a(fclose.o)
 .ARM.attributes
                0x0000052b       0x31 /usr/local/lpcxpresso_8.2.2_650/lpcxpresso/tools/bin/../lib/gcc/arm-none-eabi/5.4.1/../../../../arm-none-eabi/lib/armv6-m/libcr_c.a(fflush.o)
 .ARM.attributes
                0x0000055c       0x31 /usr/local/lpcxpresso_8.2.2_650/lpcxpresso/tools/bin/../lib/gcc/arm-none-eabi/5.4.1/../../../../arm-none-eabi/lib/armv6-m/libcr_c.a(fseek.o)
 .ARM.attributes
                0x0000058d       0x31 /usr/local/lpcxpresso_8.2.2_650/lpcxpresso/tools/bin/../lib/gcc/arm-none-eabi/5.4.1/../../../../arm-none-eabi/lib/armv6-m/libcr_c.a(ftell.o)
 .ARM.attributes
                0x000005be       0x31 /usr/local/lpcxpresso_8.2.2_650/lpcxpresso/tools/bin/../lib/gcc/arm-none-eabi/5.4.1/../../../../arm-none-eabi/lib/armv6-m/libcr_c.a(remove.o)
 .ARM.attributes
                0x000005ef       0x31 /usr/local/lpcxpresso_8.2.2_650/lpcxpresso/tools/bin/../lib/gcc/arm-none-eabi/5.4.1/../../../../arm-none-eabi/lib/armv6-m/libcr_c.a(strlen.o)
 .ARM.attributes
                0x00000620       0x31 /usr/local/lpcxpresso_8.2.2_650/lpcxpresso/tools/bin/../lib/gcc/arm-none-eabi/5.4.1/../../../../arm-none-eabi/lib/armv6-m/libcr_c.a(__init_alloc.o)
 .ARM.attributes
                0x00000651       0x31 /usr/local/lpcxpresso_8.2.2_650/lpcxpresso/tools/bin/../lib/gcc/arm-none-eabi/5.4.1/../../../../arm-none-eabi/lib/armv6-m/libcr_c.a(_cr_sbrk.o)
 .ARM.attributes
                0x00000682       0x31 /usr/local/lpcxpresso_8.2.2_650/lpcxpresso/tools/bin/../lib/gcc/arm-none-eabi/5.4.1/../../../../arm-none-eabi/lib/armv6-m/libcr_c.a(_do_fflush.o)
 .ARM.attributes
                0x000006b3       0x31 /usr/local/lpcxpresso_8.2.2_650/lpcxpresso/tools/bin/../lib/gcc/arm-none-eabi/5.4.1/../../../../arm-none-eabi/lib/armv6-m/libcr_c.a(errno.o)
 .ARM.attributes
                0x000006e4       0x31 /usr/local/lpcxpresso_8.2.2_650/lpcxpresso/tools/bin/../lib/gcc/arm-none-eabi/5.4.1/../../../../arm-none-eabi/lib/armv6-m/libcr_c.a(_cr_check_heap.o)
 .ARM.attributes
                0x00000715       0x21 /usr/local/lpcxpresso_8.2.2_650/lpcxpresso/tools/bin/../lib/gcc/arm-none-eabi/5.4.1/armv6-m/libcr_eabihelpers.a(division_32.o)
 .ARM.attributes
                0x00000736       0x21 /usr/local/lpcxpresso_8.2.2_650/lpcxpresso/tools/bin/../lib/gcc/arm-none-eabi/5.4.1/armv6-m/libcr_eabihelpers.a(division_idiv0.o)
 .ARM.attributes
                0x00000757       0x21 /usr/local/lpcxpresso_8.2.2_650/lpcxpresso/tools/bin/../lib/gcc/arm-none-eabi/5.4.1/armv6-m/libcr_eabihelpers.a(memcpy.o)
 .ARM.attributes
                0x00000778       0x21 /usr/local/lpcxpresso_8.2.2_650/lpcxpresso/tools/bin/../lib/gcc/arm-none-eabi/5.4.1/armv6-m/libcr_eabihelpers.a(thumb1_switch_helpers.o)
 .ARM.attributes
                0x00000799       0x21 /usr/local/lpcxpresso_8.2.2_650/lpcxpresso/tools/bin/../lib/gcc/arm-none-eabi/5.4.1/../../../../arm-none-eabi/lib/armv6-m/libcr_semihost.a(__sys_appexit.o)
 .ARM.attributes
                0x000007ba       0x21 /usr/local/lpcxpresso_8.2.2_650/lpcxpresso/tools/bin/../lib/gcc/arm-none-eabi/5.4.1/../../../../arm-none-eabi/lib/armv6-m/libcr_semihost.a(__sys_close.o)
 .ARM.attributes
                0x000007db       0x21 /usr/local/lpcxpresso_8.2.2_650/lpcxpresso/tools/bin/../lib/gcc/arm-none-eabi/5.4.1/../../../../arm-none-eabi/lib/armv6-m/libcr_semihost.a(__sys_flen.o)
 .ARM.attributes
                0x000007fc       0x21 /usr/local/lpcxpresso_8.2.2_650/lpcxpresso/tools/bin/../lib/gcc/arm-none-eabi/5.4.1/../../../../arm-none-eabi/lib/armv6-m/libcr_semihost.a(__sys_istty.o)
 .ARM.attributes
                0x0000081d       0x21 /usr/local/lpcxpresso_8.2.2_650/lpcxpresso/tools/bin/../lib/gcc/arm-none-eabi/5.4.1/../../../../arm-none-eabi/lib/armv6-m/libcr_semihost.a(__sys_remove.o)
 .ARM.attributes
                0x0000083e       0x21 /usr/local/lpcxpresso_8.2.2_650/lpcxpresso/tools/bin/../lib/gcc/arm-none-eabi/5.4.1/../../../../arm-none-eabi/lib/armv6-m/libcr_semihost.a(__sys_seek.o)
 .ARM.attributes
                0x0000085f       0x21 /usr/local/lpcxpresso_8.2.2_650/lpcxpresso/tools/bin/../lib/gcc/arm-none-eabi/5.4.1/../../../../arm-none-eabi/lib/armv6-m/libcr_semihost.a(__sys_tmpnam.o)
 .ARM.attributes
                0x00000880       0x21 /usr/local/lpcxpresso_8.2.2_650/lpcxpresso/tools/bin/../lib/gcc/arm-none-eabi/5.4.1/../../../../arm-none-eabi/lib/armv6-m/libcr_semihost.a(__sys_write.o)

.debug_frame    0x00000000      0xbb4
 .debug_frame   0x00000000       0x68 ./Fuentes/Comunicaciones.o
 .debug_frame   0x00000068       0x88 ./Fuentes/Display.o
 .debug_frame   0x000000f0      0x198 ./Fuentes/Funciones.o
 .debug_frame   0x00000288       0x28 ./Fuentes/Main.o
 .debug_frame   0x000002b0       0x50 ./Fuentes/Menu.o
 .debug_frame   0x00000300       0xf4 ./Fuentes/Subfunciones.o
 .debug_frame   0x000003f4       0x54 ./Fuentes/Teclado.o
 .debug_frame   0x00000448       0xb4 ./Fuentes/Touch.o
 .debug_frame   0x000004fc      0x124 ./Fuentes/WG12864A.o
 .debug_frame   0x00000620       0xb0 ./Fuentes/cr_startup_lpc11.o
 .debug_frame   0x000006d0      0x1c4 ./Fuentes/sd_mmc.o
 .debug_frame   0x00000894       0x70 ./Drivers/adc.o
 .debug_frame   0x00000904       0xec ./Drivers/gpio.o
 .debug_frame   0x000009f0       0xac ./Drivers/ssp.o
 .debug_frame   0x00000a9c       0xac ./Drivers/timer32.o
 .debug_frame   0x00000b48       0x6c /home/sebastian/LPCXpresso/workspace/Proyectos LPC1115/Monitor_Fetal/CMSISv1p30_LPC11xx/Debug/libCMSISv1p30_LPC11xx.a(system_LPC11xx.o)
