Archive member included to satisfy reference by file (symbol)

/home/sebastian/LPCXpresso/workspace/Proyectos LPC1115/Monitor_Fetal/CMSISv1p30_LPC11xx/Debug/libCMSISv1p30_LPC11xx.a(system_LPC11xx.o)
                              ./Drivers/adc.o (SystemCoreClock)
/usr/local/lpcxpresso_8.2.2_650/lpcxpresso/tools/bin/../lib/gcc/arm-none-eabi/5.4.1/../../../../arm-none-eabi/lib/armv6-m/libcr_semihost.a(_cr__main.o)
                              ./Fuentes/cr_startup_lpc11.o (__main)
/usr/local/lpcxpresso_8.2.2_650/lpcxpresso/tools/bin/../lib/gcc/arm-none-eabi/5.4.1/../../../../arm-none-eabi/lib/armv6-m/libcr_c.a(initio.o)
                              /usr/local/lpcxpresso_8.2.2_650/lpcxpresso/tools/bin/../lib/gcc/arm-none-eabi/5.4.1/../../../../arm-none-eabi/lib/armv6-m/libcr_semihost.a(_cr__main.o) (_initio)
/usr/local/lpcxpresso_8.2.2_650/lpcxpresso/tools/bin/../lib/gcc/arm-none-eabi/5.4.1/../../../../arm-none-eabi/lib/armv6-m/libcr_c.a(setvbuf.o)
                              /usr/local/lpcxpresso_8.2.2_650/lpcxpresso/tools/bin/../lib/gcc/arm-none-eabi/5.4.1/../../../../arm-none-eabi/lib/armv6-m/libcr_c.a(initio.o) (setvbuf)
/usr/local/lpcxpresso_8.2.2_650/lpcxpresso/tools/bin/../lib/gcc/arm-none-eabi/5.4.1/../../../../arm-none-eabi/lib/armv6-m/libcr_c.a(stdio.o)
                              /usr/local/lpcxpresso_8.2.2_650/lpcxpresso/tools/bin/../lib/gcc/arm-none-eabi/5.4.1/../../../../arm-none-eabi/lib/armv6-m/libcr_c.a(initio.o) (__Ciob)
/usr/local/lpcxpresso_8.2.2_650/lpcxpresso/tools/bin/../lib/gcc/arm-none-eabi/5.4.1/../../../../arm-none-eabi/lib/armv6-m/libcr_c.a(memset.o)
                              /usr/local/lpcxpresso_8.2.2_650/lpcxpresso/tools/bin/../lib/gcc/arm-none-eabi/5.4.1/../../../../arm-none-eabi/lib/armv6-m/libcr_c.a(initio.o) (memset)
/usr/local/lpcxpresso_8.2.2_650/lpcxpresso/tools/bin/../lib/gcc/arm-none-eabi/5.4.1/../../../../arm-none-eabi/lib/armv6-m/libcr_c.a(__fillbuf.o)
                              /usr/local/lpcxpresso_8.2.2_650/lpcxpresso/tools/bin/../lib/gcc/arm-none-eabi/5.4.1/../../../../arm-none-eabi/lib/armv6-m/libcr_c.a(stdio.o) (__filbuf)
/usr/local/lpcxpresso_8.2.2_650/lpcxpresso/tools/bin/../lib/gcc/arm-none-eabi/5.4.1/../../../../arm-none-eabi/lib/armv6-m/libcr_c.a(_deferredlazyseek.o)
                              /usr/local/lpcxpresso_8.2.2_650/lpcxpresso/tools/bin/../lib/gcc/arm-none-eabi/5.4.1/../../../../arm-none-eabi/lib/armv6-m/libcr_c.a(__fillbuf.o) (_deferredlazyseek)
/usr/local/lpcxpresso_8.2.2_650/lpcxpresso/tools/bin/../lib/gcc/arm-none-eabi/5.4.1/../../../../arm-none-eabi/lib/armv6-m/libcr_c.a(_fdopen.o)
                              /usr/local/lpcxpresso_8.2.2_650/lpcxpresso/tools/bin/../lib/gcc/arm-none-eabi/5.4.1/../../../../arm-none-eabi/lib/armv6-m/libcr_c.a(initio.o) (_fdopen)
/usr/local/lpcxpresso_8.2.2_650/lpcxpresso/tools/bin/../lib/gcc/arm-none-eabi/5.4.1/../../../../arm-none-eabi/lib/armv6-m/libcr_c.a(_fflush.o)
                              /usr/local/lpcxpresso_8.2.2_650/lpcxpresso/tools/bin/../lib/gcc/arm-none-eabi/5.4.1/../../../../arm-none-eabi/lib/armv6-m/libcr_c.a(__fillbuf.o) (_fflush)
/usr/local/lpcxpresso_8.2.2_650/lpcxpresso/tools/bin/../lib/gcc/arm-none-eabi/5.4.1/../../../../arm-none-eabi/lib/armv6-m/libcr_c.a(_writebuf.o)
                              /usr/local/lpcxpresso_8.2.2_650/lpcxpresso/tools/bin/../lib/gcc/arm-none-eabi/5.4.1/../../../../arm-none-eabi/lib/armv6-m/libcr_c.a(_deferredlazyseek.o) (_Cwritebuf)
/usr/local/lpcxpresso_8.2.2_650/lpcxpresso/tools/bin/../lib/gcc/arm-none-eabi/5.4.1/../../../../arm-none-eabi/lib/armv6-m/libcr_c.a(alloc.o)
                              /usr/local/lpcxpresso_8.2.2_650/lpcxpresso/tools/bin/../lib/gcc/arm-none-eabi/5.4.1/../../../../arm-none-eabi/lib/armv6-m/libcr_c.a(initio.o) (_Csys_alloc)
/usr/local/lpcxpresso_8.2.2_650/lpcxpresso/tools/bin/../lib/gcc/arm-none-eabi/5.4.1/../../../../arm-none-eabi/lib/armv6-m/libcr_c.a(fclose.o)
                              /usr/local/lpcxpresso_8.2.2_650/lpcxpresso/tools/bin/../lib/gcc/arm-none-eabi/5.4.1/../../../../arm-none-eabi/lib/armv6-m/libcr_c.a(initio.o) (fclose)
/usr/local/lpcxpresso_8.2.2_650/lpcxpresso/tools/bin/../lib/gcc/arm-none-eabi/5.4.1/../../../../arm-none-eabi/lib/armv6-m/libcr_c.a(fflush.o)
                              /usr/local/lpcxpresso_8.2.2_650/lpcxpresso/tools/bin/../lib/gcc/arm-none-eabi/5.4.1/../../../../arm-none-eabi/lib/armv6-m/libcr_c.a(fclose.o) (fflush)
/usr/local/lpcxpresso_8.2.2_650/lpcxpresso/tools/bin/../lib/gcc/arm-none-eabi/5.4.1/../../../../arm-none-eabi/lib/armv6-m/libcr_c.a(fseek.o)
                              /usr/local/lpcxpresso_8.2.2_650/lpcxpresso/tools/bin/../lib/gcc/arm-none-eabi/5.4.1/../../../../arm-none-eabi/lib/armv6-m/libcr_c.a(_deferredlazyseek.o) (fseek)
/usr/local/lpcxpresso_8.2.2_650/lpcxpresso/tools/bin/../lib/gcc/arm-none-eabi/5.4.1/../../../../arm-none-eabi/lib/armv6-m/libcr_c.a(ftell.o)
[...]
Memory Configuration

Name             Origin             Length             Attributes
MFlash64         0x00000000         0x00010000         xr
RamLoc8          0x10000000         0x00002000         xrw
*default*        0x00000000         0xffffffff

Linker script and memory map

LOAD ./Fuentes/Comunicaciones.o
LOAD ./Fuentes/Display.o
LOAD ./Fuentes/Funciones.o
LOAD ./Fuentes/Main.o
LOAD ./Fuentes/Menu.o
LOAD ./Fuentes/Subfunciones.o
LOAD ./Fuentes/Teclado.o
LOAD ./Fuentes/Touch.o
LOAD ./Fuentes/WG12864A.o
LOAD ./Fuentes/cr_startup_lpc11.o
LOAD ./Fuentes/sd_mmc.o
LOAD ./Drivers/adc.o
LOAD ./Drivers/gpio.o
LOAD ./Drivers/ssp.o
LOAD ./Drivers/timer32.o
LOAD ./Drivers/wdt.o
LOAD /home/sebastian/LPCXpresso/workspace/Proyectos LPC1115/Monitor_Fetal/CMSISv1p30_LPC11xx/Debug/libCMSISv1p30_LPC11xx.a
START GROUP
LOAD /usr/local/lpcxpresso_8.2.2_650/lpcxpresso/tools/bin/../lib/gcc/arm-none-eabi/5.4.1/../../../../arm-none-eabi/lib/armv6-m/libcr_semihost.a
LOAD /usr/local/lpcxpresso_8.2.2_650/lpcxpresso/tools/bin/../lib/gcc/arm-none-eabi/5.4.1/../../../../arm-none-eabi/lib/armv6-m/libcr_c.a
LOAD /usr/local/lpcxpresso_8.2.2_650/lpcxpresso/tools/bin/../lib/gcc/arm-none-eabi/5.4.1/armv6-m/libcr_eabihelpers.a
END GROUP
                0x00000000                __base_MFlash64 = 0x0
                0x00000000                __base_Flash = 0x0
                0x00010000                __top_MFlash64 = 0x10000
                0x00010000                __top_Flash = 0x10000
                0x10000000                __base_RamLoc8 = 0x10000000
                0x10000000                __base_RAM = 0x10000000
                0x10002000                __top_RamLoc8 = 0x10002000
                0x10002000                __top_RAM = 0x10002000

.text           0x00000000     0x7da4
 FILL mask 0xff
                0x00000000                __vectors_start__ = ABSOLUTE (.)
 *(.isr_vector)
 .isr_vector    0x00000000       0xc0 ./Fuentes/cr_startup_lpc11.o
                0x00000000                g_pfnVectors
                0x000000c0                . = ALIGN (0x4)
                0x000000c0                __section_table_start = .
                0x000000c0                __data_section_table = .
                0x000000c0        0x4 LONG 0x7da4 LOADADDR (.data)
                0x000000c4        0x4 LONG 0x10000000 ADDR (.data)
                0x000000c8        0x4 LONG 0xfc SIZEOF (.data)
                0x000000cc                __data_section_table_end = .
                0x000000cc                __bss_section_table = .
                0x000000cc        0x4 LONG 0x10000100 ADDR (.bss)
                0x000000d0        0x4 LONG 0xf2c SIZEOF (.bss)
                0x000000d4                __bss_section_table_end = .
                0x000000d4                __section_table_end = .
 *(.after_vectors*)
 .after_vectors
                0x000000d4       0x70 ./Fuentes/cr_startup_lpc11.o
                0x000000d4                NMI_Handler
                0x000000d6                HardFault_Handler
                0x000000d8                SVCall_Handler
                0x000000da                PendSV_Handler
                0x000000dc                SysTick_Handler
                0x000000de                TIMER16_0_IRQHandler
                0x000000de                UART_IRQHandler
                0x000000de                TIMER32_0_IRQHandler
                0x000000de                IntDefaultHandler
                0x000000de                CAN_IRQHandler
                0x000000de                TIMER16_1_IRQHandler
                0x000000de                PIOINT2_IRQHandler
                0x000000de                BOD_IRQHandler
                0x000000de                WAKEUP_IRQHandler
                0x000000de                PIOINT0_IRQHandler
                0x000000de                I2C_IRQHandler
                0x000000de                WDT_IRQHandler
                0x000000e0                data_init
                0x000000f2                bss_init
                0x00000102                ResetISR
 *(.text*)
 .text.recibe_datos
                0x00000144       0x78 ./Fuentes/Comunicaciones.o
                0x00000144                recibe_datos
 .text.envia_datos
                0x000001bc      0x150 ./Fuentes/Comunicaciones.o
                0x000001bc                envia_datos
 .text.leobuffer
                0x0000030c      0x378 ./Fuentes/Comunicaciones.o
                0x0000030c                leobuffer
 .text.Graf_datos_est
                0x00000684      0x12c ./Fuentes/Display.o
                0x00000684                Graf_datos_est
 .text.func_punto
                0x000007b0       0x48 ./Fuentes/Display.o
                0x000007b0                func_punto
 .text.analizo_salto
                0x000007f8      0x290 ./Fuentes/Display.o
                0x000007f8                analizo_salto
 .text.Grafica_monitoreo
                0x00000a88      0x128 ./Fuentes/Display.o
                0x00000a88                Grafica_monitoreo
 .text.TIMER32_1_IRQHandler
                0x00000bb0      0x15c ./Fuentes/Funciones.o
                0x00000bb0                TIMER32_1_IRQHandler
 .text.Func_Sleep
                0x00000d0c      0x100 ./Fuentes/Funciones.o
                0x00000d0c                Func_Sleep
 .text.Func_Ingreso
                0x00000e0c      0x228 ./Fuentes/Funciones.o
                0x00000e0c                Func_Ingreso
 .text.func_consultapaciente
                0x00001034      0x21c ./Fuentes/Funciones.o
                0x00001034                func_consultapaciente
 .text.func_editapaciente
                0x00001250       0xf4 ./Fuentes/Funciones.o
                0x00001250                func_editapaciente
 .text.func_borrarpaciente
                0x00001344      0x16c ./Fuentes/Funciones.o
                0x00001344                func_borrarpaciente
 .text.Func_Monitoreo
                0x000014b0      0x1fc ./Fuentes/Funciones.o
                0x000014b0                Func_Monitoreo
 .text.Func_Configuraciones
                0x000016ac      0x1a4 ./Fuentes/Funciones.o
                0x000016ac                Func_Configuraciones
 .text.Func_Historial
                0x00001850      0x1bc ./Fuentes/Funciones.o
                0x00001850                Func_Historial
 .text.func_muestrafyh
                0x00001a0c       0xdc ./Fuentes/Funciones.o
                0x00001a0c                func_muestrafyh
 .text.func_modfyh
                0x00001ae8      0xb1c ./Fuentes/Funciones.o
                0x00001ae8                func_modfyh
 .text.func_actualiza_fw
                0x00002604       0xb4 ./Fuentes/Funciones.o
                0x00002604                func_actualiza_fw
 .text.startup.main
                0x000026b8       0xec ./Fuentes/Main.o
                0x000026b8                main
 .text.Menu_Logo
                0x000027a4      0x16c ./Fuentes/Menu.o
                0x000027a4                Menu_Logo
 .text.Menu_Inicial
                0x00002910     0x12ec ./Fuentes/Menu.o
                0x00002910                Menu_Inicial
 .text.Det_corazon
                0x00003bfc      0x3c4 ./Fuentes/Subfunciones.o
                0x00003bfc                Det_corazon
 .text.Historial
                0x00003fc0       0xf0 ./Fuentes/Subfunciones.o
                0x00003fc0                Historial
 .text.muestra_fecha_y_hora
                0x000040b0      0x11c ./Fuentes/Subfunciones.o
                0x000040b0                muestra_fecha_y_hora
 .text.muestra_dsemana
                0x000041cc       0xb4 ./Fuentes/Subfunciones.o
                0x000041cc                muestra_dsemana
 .text.prox_fecha
                0x00004280       0xc4 ./Fuentes/Subfunciones.o
                0x00004280                prox_fecha
 .text.prox_hora
                0x00004344       0xa0 ./Fuentes/Subfunciones.o
                0x00004344                prox_hora
 .text.func_teclado
                0x000043e4      0xa40 ./Fuentes/Teclado.o
                0x000043e4                func_teclado
 .text.Func_MuestraTeclado
                0x00004e24      0x778 ./Fuentes/Teclado.o
                0x00004e24                Func_MuestraTeclado
 .text.TOUCH_Init
                0x0000559c       0x16 ./Fuentes/Touch.o
                0x0000559c                TOUCH_Init
 *fill*         0x000055b2        0x2 ff
 .text.TOUCH_Standby
                0x000055b4       0x54 ./Fuentes/Touch.o
                0x000055b4                TOUCH_Standby
 .text.TOUCH_GetX
                0x00005608       0x88 ./Fuentes/Touch.o
                0x00005608                TOUCH_GetX
 .text.TOUCH_GetY
                0x00005690       0x88 ./Fuentes/Touch.o
                0x00005690                TOUCH_GetY
 .text.PIOINT1_IRQHandler
                0x00005718       0x6c ./Fuentes/Touch.o
                0x00005718                PIOINT1_IRQHandler
 .text.Leo_ADC5
                0x00005784       0x28 ./Fuentes/Touch.o
                0x00005784                Leo_ADC5
 .text.GLCD_Data_Out
                0x000057ac       0x1c ./Fuentes/WG12864A.o
                0x000057ac                GLCD_Data_Out
 .text.GLCD_Output_Low
                0x000057c8       0x18 ./Fuentes/WG12864A.o
                0x000057c8                GLCD_Output_Low
 .text.GLCD_Output_High
                0x000057e0       0x18 ./Fuentes/WG12864A.o
                0x000057e0                GLCD_Output_High
 .text.GLCD_enviaBYTE
                0x000057f8       0x32 ./Fuentes/WG12864A.o
                0x000057f8                GLCD_enviaBYTE
 .text.WG12864A_Limpiar
                0x0000582a       0x56 ./Fuentes/WG12864A.o
                0x0000582a                WG12864A_Limpiar
 .text.WG12864A_Init
                0x00005880       0x6c ./Fuentes/WG12864A.o
                0x00005880                WG12864A_Init
 .text.WG12864A_posXY
                0x000058ec       0x6c ./Fuentes/WG12864A.o
                0x000058ec                WG12864A_posXY
 .text.WG12864A_putchar
                0x00005958       0x88 ./Fuentes/WG12864A.o
                0x00005958                WG12864A_putchar
 .text.WG12864A_printf
                0x000059e0       0x1c ./Fuentes/WG12864A.o
                0x000059e0                WG12864A_printf
 .text.WG12864A_print_symbol
                0x000059fc       0xac ./Fuentes/WG12864A.o
                0x000059fc                WG12864A_print_symbol
 .text.sd_mmc_spi_send_and_read
                0x00005aa8       0x24 ./Fuentes/sd_mmc.o
                0x00005aa8                sd_mmc_spi_send_and_read
 .text.sd_mmc_spi_command
                0x00005acc       0xb0 ./Fuentes/sd_mmc.o
                0x00005acc                sd_mmc_spi_command
 .text.sd_mmc_spi_send_command
                0x00005b7c       0x10 ./Fuentes/sd_mmc.o
                0x00005b7c                sd_mmc_spi_send_command
 .text.sd_mmc_spi_wait_not_busy
                0x00005b8c       0x28 ./Fuentes/sd_mmc.o
                0x00005b8c                sd_mmc_spi_wait_not_busy
 .text.sd_mmc_spi_get_if
                0x00005bb4       0x54 ./Fuentes/sd_mmc.o
                0x00005bb4                sd_mmc_spi_get_if
 .text.sd_mmc_spi_get_csd
                0x00005c08       0x94 ./Fuentes/sd_mmc.o
                0x00005c08                sd_mmc_spi_get_csd
 .text.sd_mmc_spi_get_capacity
                0x00005c9c      0x104 ./Fuentes/sd_mmc.o
                0x00005c9c                sd_mmc_spi_get_capacity
 .text.sd_mmc_spi_check_hc
                0x00005da0       0x4c ./Fuentes/sd_mmc.o
                0x00005da0                sd_mmc_spi_check_hc
 .text.sd_mmc_spi_internal_init
                0x00005dec      0x1d8 ./Fuentes/sd_mmc.o
                0x00005dec                sd_mmc_spi_internal_init
 .text.ADC_IRQHandler
                0x00005fc4       0x80 ./Drivers/adc.o
                0x00005fc4                ADC_IRQHandler
 .text.ADCInit  0x00006044       0xb0 ./Drivers/adc.o
                0x00006044                ADCInit
 .text.ADCRead  0x000060f4       0x78 ./Drivers/adc.o
                0x000060f4                ADCRead
 .text.PIOINT3_IRQHandler
                0x0000616c       0x3c ./Drivers/gpio.o
                0x0000616c                PIOINT3_IRQHandler
 .text.GPIOInit
                0x000061a8       0x24 ./Drivers/gpio.o
                0x000061a8                GPIOInit
 .text.GPIOSetInterrupt
                0x000061cc       0xd8 ./Drivers/gpio.o
                0x000061cc                GPIOSetInterrupt
 .text.GPIOIntEnable
                0x000062a4       0x3c ./Drivers/gpio.o
                0x000062a4                GPIOIntEnable
 .text.GPIOIntDisable
                0x000062e0       0x3c ./Drivers/gpio.o
                0x000062e0                GPIOIntDisable
 .text.GPIOIntClear
                0x0000631c       0x3c ./Drivers/gpio.o
                0x0000631c                GPIOIntClear
 .text.GPIOSetValue
                0x00006358       0x14 ./Drivers/gpio.o
                0x00006358                GPIOSetValue
 .text.GPIOSetDir
                0x0000636c       0x2c ./Drivers/gpio.o
                0x0000636c                GPIOSetDir
 .text.SSP0_IRQHandler
                0x00006398       0x5c ./Drivers/ssp.o
                0x00006398                SSP0_IRQHandler
 .text.SSP1_IRQHandler
                0x000063f4       0x44 ./Drivers/ssp.o
                0x000063f4                SSP1_IRQHandler
 .text.SSP_IOConfig
                0x00006438       0xbc ./Drivers/ssp.o
                0x00006438                SSP_IOConfig
 .text.SSP_Init
                0x000064f4       0x60 ./Drivers/ssp.o
                0x000064f4                SSP_Init
 .text.SSP_Send
                0x00006554       0x68 ./Drivers/ssp.o
                0x00006554                SSP_Send
 .text.SSP_Receive
                0x000065bc       0x4c ./Drivers/ssp.o
                0x000065bc                SSP_Receive
 .text.delay32Ms
                0x00006608       0x84 ./Drivers/timer32.o
                0x00006608                delay32Ms
 .text.enable_timer32
                0x0000668c       0x18 ./Drivers/timer32.o
                0x0000668c                enable_timer32
 .text.disable_timer32
                0x000066a4       0x1c ./Drivers/timer32.o
                0x000066a4                disable_timer32
 .text.reset_timer32
                0x000066c0       0x24 ./Drivers/timer32.o
                0x000066c0                reset_timer32
 .text.init_timer32
                0x000066e4       0xd0 ./Drivers/timer32.o
                0x000066e4                init_timer32
 .text.__NOP    0x000067b4        0xc /home/sebastian/LPCXpresso/workspace/Proyectos LPC1115/Monitor_Fetal/CMSISv1p30_LPC11xx/Debug/libCMSISv1p30_LPC11xx.a(system_LPC11xx.o)
 .text.SystemInit
                0x000067c0       0xe0 /home/sebastian/LPCXpresso/workspace/Proyectos LPC1115/Monitor_Fetal/CMSISv1p30_LPC11xx/Debug/libCMSISv1p30_LPC11xx.a(system_LPC11xx.o)
                0x000067c0                SystemInit
 .text.__main   0x000068a0       0x12 /usr/local/lpcxpresso_8.2.2_650/lpcxpresso/tools/bin/../lib/gcc/arm-none-eabi/5.4.1/../../../../arm-none-eabi/lib/armv6-m/libcr_semihost.a(_cr__main.o)
                0x000068a0                __main
                0x000068a0                __CR_SEMIHOST
 *fill*         0x000068b2        0x2 ff
 .text._initio  0x000068b4       0xa8 /usr/local/lpcxpresso_8.2.2_650/lpcxpresso/tools/bin/../lib/gcc/arm-none-eabi/5.4.1/../../../../arm-none-eabi/lib/armv6-m/libcr_c.a(initio.o)
                0x000068b4                _initio
 .text.setvbuf  0x0000695c       0x48 /usr/local/lpcxpresso_8.2.2_650/lpcxpresso/tools/bin/../lib/gcc/arm-none-eabi/5.4.1/../../../../arm-none-eabi/lib/armv6-m/libcr_c.a(setvbuf.o)
                0x0000695c                setvbuf
 .text.memset   0x000069a4        0x8 /usr/local/lpcxpresso_8.2.2_650/lpcxpresso/tools/bin/../lib/gcc/arm-none-eabi/5.4.1/../../../../arm-none-eabi/lib/armv6-m/libcr_c.a(memset.o)
                0x000069a4                memset
 .text._deferredlazyseek
                0x000069ac       0x44 /usr/local/lpcxpresso_8.2.2_650/lpcxpresso/tools/bin/../lib/gcc/arm-none-eabi/5.4.1/../../../../arm-none-eabi/lib/armv6-m/libcr_c.a(_deferredlazyseek.o)
                0x000069ac                _deferredlazyseek
 .text._fdopen  0x000069f0       0x74 /usr/local/lpcxpresso_8.2.2_650/lpcxpresso/tools/bin/../lib/gcc/arm-none-eabi/5.4.1/../../../../arm-none-eabi/lib/armv6-m/libcr_c.a(_fdopen.o)
                0x000069f0                _fdopen
 .text._fflush  0x00006a64       0x64 /usr/local/lpcxpresso_8.2.2_650/lpcxpresso/tools/bin/../lib/gcc/arm-none-eabi/5.4.1/../../../../arm-none-eabi/lib/armv6-m/libcr_c.a(_fflush.o)
                0x00006a64                _fflush
 .text._Cwritebuf
                0x00006ac8       0x6c /usr/local/lpcxpresso_8.2.2_650/lpcxpresso/tools/bin/../lib/gcc/arm-none-eabi/5.4.1/../../../../arm-none-eabi/lib/armv6-m/libcr_c.a(_writebuf.o)
                0x00006ac8                _Cwritebuf
 .text.malloc   0x00006b34       0xcc /usr/local/lpcxpresso_8.2.2_650/lpcxpresso/tools/bin/../lib/gcc/arm-none-eabi/5.4.1/../../../../arm-none-eabi/lib/armv6-m/libcr_c.a(alloc.o)
                0x00006b34                malloc
 .text.free     0x00006c00       0x2e /usr/local/lpcxpresso_8.2.2_650/lpcxpresso/tools/bin/../lib/gcc/arm-none-eabi/5.4.1/../../../../arm-none-eabi/lib/armv6-m/libcr_c.a(alloc.o)
                0x00006c00                free
 *fill*         0x00006c2e        0x2 ff
 .text._Csys_alloc
                0x00006c30       0x20 /usr/local/lpcxpresso_8.2.2_650/lpcxpresso/tools/bin/../lib/gcc/arm-none-eabi/5.4.1/../../../../arm-none-eabi/lib/armv6-m/libcr_c.a(alloc.o)
                0x00006c30                _Csys_alloc
 .text.fclose   0x00006c50       0x70 /usr/local/lpcxpresso_8.2.2_650/lpcxpresso/tools/bin/../lib/gcc/arm-none-eabi/5.4.1/../../../../arm-none-eabi/lib/armv6-m/libcr_c.a(fclose.o)
                0x00006c50                fclose
 .text.fflush   0x00006cc0       0x34 /usr/local/lpcxpresso_8.2.2_650/lpcxpresso/tools/bin/../lib/gcc/arm-none-eabi/5.4.1/../../../../arm-none-eabi/lib/armv6-m/libcr_c.a(fflush.o)
                0x00006cc0                fflush
 .text.fseek    0x00006cf4      0x100 /usr/local/lpcxpresso_8.2.2_650/lpcxpresso/tools/bin/../lib/gcc/arm-none-eabi/5.4.1/../../../../arm-none-eabi/lib/armv6-m/libcr_c.a(fseek.o)
                0x00006cf4                fseek
 .text.ftell    0x00006df4       0x4c /usr/local/lpcxpresso_8.2.2_650/lpcxpresso/tools/bin/../lib/gcc/arm-none-eabi/5.4.1/../../../../arm-none-eabi/lib/armv6-m/libcr_c.a(ftell.o)
                0x00006df4                ftell
 .text.remove   0x00006e40       0x12 /usr/local/lpcxpresso_8.2.2_650/lpcxpresso/tools/bin/../lib/gcc/arm-none-eabi/5.4.1/../../../../arm-none-eabi/lib/armv6-m/libcr_c.a(remove.o)
                0x00006e40                remove
 *fill*         0x00006e52        0x2 ff
 .text.strlen   0x00006e54       0x54 /usr/local/lpcxpresso_8.2.2_650/lpcxpresso/tools/bin/../lib/gcc/arm-none-eabi/5.4.1/../../../../arm-none-eabi/lib/armv6-m/libcr_c.a(strlen.o)
                0x00006e54                strlen
 .text._sbrk    0x00006ea8       0x40 /usr/local/lpcxpresso_8.2.2_650/lpcxpresso/tools/bin/../lib/gcc/arm-none-eabi/5.4.1/../../../../arm-none-eabi/lib/armv6-m/libcr_c.a(_cr_sbrk.o)
                0x00006ea8                _sbrk
 .text._do_fflush
                0x00006ee8       0x48 /usr/local/lpcxpresso_8.2.2_650/lpcxpresso/tools/bin/../lib/gcc/arm-none-eabi/5.4.1/../../../../arm-none-eabi/lib/armv6-m/libcr_c.a(_do_fflush.o)
                0x00006ee8                _do_fflush
 .text.__check_heap_overflow
                0x00006f30       0x14 /usr/local/lpcxpresso_8.2.2_650/lpcxpresso/tools/bin/../lib/gcc/arm-none-eabi/5.4.1/../../../../arm-none-eabi/lib/armv6-m/libcr_c.a(_cr_check_heap.o)
                0x00006f30                __check_heap_overflow
 .text.__aeabi_division_idivmod
                0x00006f44       0x78 /usr/local/lpcxpresso_8.2.2_650/lpcxpresso/tools/bin/../lib/gcc/arm-none-eabi/5.4.1/armv6-m/libcr_eabihelpers.a(division_32.o)
                0x00006f44                __aeabi_idiv
                0x00006f44                __aeabi_idivmod
                0x00006f4a                __aeabi_uidiv
                0x00006f4a                __aeabi_uidivmod
 .text.__aeabi_division_idiv0
                0x00006fbc        0x2 /usr/local/lpcxpresso_8.2.2_650/lpcxpresso/tools/bin/../lib/gcc/arm-none-eabi/5.4.1/armv6-m/libcr_eabihelpers.a(division_idiv0.o)
                0x00006fbc                __aeabi_idiv0
 .text.__aeabi_memset_lowlevel
                0x00006fbe       0x2a /usr/local/lpcxpresso_8.2.2_650/lpcxpresso/tools/bin/../lib/gcc/arm-none-eabi/5.4.1/armv6-m/libcr_eabihelpers.a(memcpy.o)
                0x00006fbe                __aeabi_lowlevel_memset
 .text.__gnu_thumb1_case_uqi
                0x00006fe8       0x10 /usr/local/lpcxpresso_8.2.2_650/lpcxpresso/tools/bin/../lib/gcc/arm-none-eabi/5.4.1/armv6-m/libcr_eabihelpers.a(thumb1_switch_helpers.o)
                0x00006fe8                __gnu_thumb1_case_uqi
 .text.__gnu_thumb1_case_uhi
                0x00006ff8       0x10 /usr/local/lpcxpresso_8.2.2_650/lpcxpresso/tools/bin/../lib/gcc/arm-none-eabi/5.4.1/armv6-m/libcr_eabihelpers.a(thumb1_switch_helpers.o)
                0x00006ff8                __gnu_thumb1_case_uhi
 .text.__sys_appexit
                0x00007008        0xc /usr/local/lpcxpresso_8.2.2_650/lpcxpresso/tools/bin/../lib/gcc/arm-none-eabi/5.4.1/../../../../arm-none-eabi/lib/armv6-m/libcr_semihost.a(__sys_appexit.o)
                0x00007008                __exit
                0x00007008                __sys_appexit
 .text.__sys_close
                0x00007014        0xc /usr/local/lpcxpresso_8.2.2_650/lpcxpresso/tools/bin/../lib/gcc/arm-none-eabi/5.4.1/../../../../arm-none-eabi/lib/armv6-m/libcr_semihost.a(__sys_close.o)
                0x00007014                __sys_close
 .text.__sys_flen
                0x00007020        0xc /usr/local/lpcxpresso_8.2.2_650/lpcxpresso/tools/bin/../lib/gcc/arm-none-eabi/5.4.1/../../../../arm-none-eabi/lib/armv6-m/libcr_semihost.a(__sys_flen.o)
                0x00007020                __sys_flen
 .text.__sys_istty
                0x0000702c        0xc /usr/local/lpcxpresso_8.2.2_650/lpcxpresso/tools/bin/../lib/gcc/arm-none-eabi/5.4.1/../../../../arm-none-eabi/lib/armv6-m/libcr_semihost.a(__sys_istty.o)
                0x0000702c                __sys_istty
 .text.__sys_remove
                0x00007038        0xc /usr/local/lpcxpresso_8.2.2_650/lpcxpresso/tools/bin/../lib/gcc/arm-none-eabi/5.4.1/../../../../arm-none-eabi/lib/armv6-m/libcr_semihost.a(__sys_remove.o)
                0x00007038                __sys_remove
 .text.__sys_seek
                0x00007044        0xc /usr/local/lpcxpresso_8.2.2_650/lpcxpresso/tools/bin/../lib/gcc/arm-none-eabi/5.4.1/../../../../arm-none-eabi/lib/armv6-m/libcr_semihost.a(__sys_seek.o)
                0x00007044                __sys_seek
 .text.__sys_tmpnam
                0x00007050        0xc /usr/local/lpcxpresso_8.2.2_650/lpcxpresso/tools/bin/../lib/gcc/arm-none-eabi/5.4.1/../../../../arm-none-eabi/lib/armv6-m/libcr_semihost.a(__sys_tmpnam.o)
                0x00007050                __sys_tmpnam
 .text.__sys_write
                0x0000705c        0xc /usr/local/lpcxpresso_8.2.2_650/lpcxpresso/tools/bin/../lib/gcc/arm-none-eabi/5.4.1/../../../../arm-none-eabi/lib/armv6-m/libcr_semihost.a(__sys_write.o)
                0x0000705c                __write
                0x0000705c                __sys_write
 *(.rodata .rodata.* .constdata .constdata.*)
 .rodata.str1.1
                0x00007068       0x31 ./Fuentes/Display.o
                                 0x33 (size before relaxing)
 .rodata.str1.1
                0x00007099      0x2db ./Fuentes/Funciones.o
                                0x31e (size before relaxing)
 .rodata.str1.1
                0x00007374      0x385 ./Fuentes/Menu.o
                                0x399 (size before relaxing)
 .rodata.str1.1
                0x000076f9       0x1c ./Fuentes/Subfunciones.o
                                 0x36 (size before relaxing)
 .rodata.str1.1
                0x00007715      0x112 ./Fuentes/Teclado.o
                                0x14b (size before relaxing)
 .rodata.FD16x16
                0x00007827       0x20 ./Fuentes/WG12864A.o
                0x00007827                FD16x16
 .rodata.LL16x16
                0x00007847       0x20 ./Fuentes/WG12864A.o
                0x00007847                LL16x16
 .rodata.OKS8x16
                0x00007867       0x20 ./Fuentes/WG12864A.o
                0x00007867                OKS8x16
 .rodata.L116x16
                0x00007887       0x20 ./Fuentes/WG12864A.o
                0x00007887                L116x16
 .rodata.LM16x16
                0x000078a7       0x20 ./Fuentes/WG12864A.o
                0x000078a7                LM16x16
 .rodata.Hexa8x6
                0x000078c7       0x60 ./Fuentes/WG12864A.o
                0x000078c7                Hexa8x6
 .rodata.Cross16x16
                0x00007927       0x20 ./Fuentes/WG12864A.o
                0x00007927                Cross16x16
 .rodata.LeftArrow16x16
                0x00007947       0x20 ./Fuentes/WG12864A.o
                0x00007947                LeftArrow16x16
 .rodata.LOO16x16
                0x00007967       0x20 ./Fuentes/WG12864A.o
                0x00007967                LOO16x16
 .rodata.LR16x16
                0x00007987       0x20 ./Fuentes/WG12864A.o
                0x00007987                LR16x16
 .rodata.LT16x16
                0x000079a7       0x20 ./Fuentes/WG12864A.o
                0x000079a7                LT16x16
 .rodata.LF16x16
                0x000079c7       0x20 ./Fuentes/WG12864A.o
                0x000079c7                LF16x16
 .rodata.Arial8x6
                0x000079e7      0x234 ./Fuentes/WG12864A.o
                0x000079e7                Arial8x6
 .rodata.LN16x16
                0x00007c1b       0x20 ./Fuentes/WG12864A.o
                0x00007c1b                LN16x16
 .rodata.OK16x16
                0x00007c3b       0x20 ./Fuentes/WG12864A.o
                0x00007c3b                OK16x16
 .rodata.RightArrow16x16
                0x00007c5b       0x20 ./Fuentes/WG12864A.o
                0x00007c5b                RightArrow16x16
 .rodata.LO16x16
                0x00007c7b       0x20 ./Fuentes/WG12864A.o
                0x00007c7b                LO16x16
 .rodata.HEART16x16
                0x00007c9b       0x20 ./Fuentes/WG12864A.o
                0x00007c9b                HEART16x16
 .rodata.BACK16x16
                0x00007cbb       0x20 ./Fuentes/WG12864A.o
                0x00007cbb                BACK16x16
 .rodata.LI16x16
                0x00007cdb       0x20 ./Fuentes/WG12864A.o
                0x00007cdb                LI16x16
 .rodata.BK8x16
                0x00007cfb       0x20 ./Fuentes/WG12864A.o
                0x00007cfb                BK8x16
 .rodata.LE16x16
                0x00007d1b       0x20 ./Fuentes/WG12864A.o
                0x00007d1b                LE16x16
 .rodata.LTT16x16
                0x00007d3b       0x20 ./Fuentes/WG12864A.o
                0x00007d3b                LTT16x16
 .rodata.LA16x16
                0x00007d5b       0x20 ./Fuentes/WG12864A.o
                0x00007d5b                LA16x16
 *fill*         0x00007d7b        0x1 ff
 .rodata.LPC_GPIO
                0x00007d7c       0x10 ./Drivers/gpio.o
 .rodata.str1.1
                0x00007d8c      0x112 /usr/local/lpcxpresso_8.2.2_650/lpcxpresso/tools/bin/../lib/gcc/arm-none-eabi/5.4.1/../../../../arm-none-eabi/lib/armv6-m/libcr_c.a(initio.o)
                                  0x4 (size before relaxing)
 .rodata.str1.1
                0x00007d8c       0x18 /usr/local/lpcxpresso_8.2.2_650/lpcxpresso/tools/bin/../lib/gcc/arm-none-eabi/5.4.1/../../../../arm-none-eabi/lib/armv6-m/libcr_c.a(alloc.o)
                0x00007ea0                . = ALIGN (0x4)

.glue_7         0x00007da4        0x0
 .glue_7        0x00007da4        0x0 linker stubs

.glue_7t        0x00007da4        0x0
 .glue_7t       0x00007da4        0x0 linker stubs

.vfp11_veneer   0x00007da4        0x0
 .vfp11_veneer  0x00007da4        0x0 linker stubs

.v4_bx          0x00007da4        0x0
 .v4_bx         0x00007da4        0x0 linker stubs

.iplt           0x00007da4        0x0
 .iplt          0x00007da4        0x0 ./Fuentes/Comunicaciones.o

.rel.dyn        0x00007da4        0x0
 .rel.iplt      0x00007da4        0x0 ./Fuentes/Comunicaciones.o

.ARM.extab
 *(.ARM.extab* .gnu.linkonce.armextab.*)
                0x00007da4                __exidx_start = .

.ARM.exidx
 *(.ARM.exidx* .gnu.linkonce.armexidx.*)
                0x00007da4                __exidx_end = .
                0x00007da4                _etext = .

.uninit_RESERVED
                0x10000000        0x0
 *(.bss.$RESERVED*)
                0x10000000                . = ALIGN (0x4)
                0x10000000                _end_uninit_RESERVED = .

.data           0x10000000       0xfc load address 0x00007da4
 FILL mask 0xff
                0x10000000                _data = .
 *(vtable)
 *(.ramfunc*)
 *(.data*)
 .data.buff_prueba
                0x10000000       0x53 ./Fuentes/Funciones.o
                0x10000000                buff_prueba
 .data.buff_prueba2
                0x10000053       0x53 ./Fuentes/Funciones.o
                0x10000053                buff_prueba2
 *fill*         0x100000a6        0x2 ff
 .data.flag_sleepsubmenu
                0x100000a8        0x4 ./Fuentes/Funciones.o
                0x100000a8                flag_sleepsubmenu
 .data.num      0x100000ac        0x4 ./Fuentes/Funciones.o
                0x100000ac                num
 .data.menu41_4
                0x100000b0        0x4 ./Fuentes/Menu.o
                0x100000b0                menu41_4
 .data.menu4    0x100000b4        0x4 ./Fuentes/Menu.o
                0x100000b4                menu4
 .data.menu41_2
                0x100000b8        0x4 ./Fuentes/Menu.o
                0x100000b8                menu41_2
 .data.menu41_3
                0x100000bc        0x4 ./Fuentes/Menu.o
                0x100000bc                menu41_3
 .data.clave    0x100000c0       0x10 ./Fuentes/Menu.o
                0x100000c0                clave
 .data.menu41   0x100000d0        0x4 ./Fuentes/Menu.o
                0x100000d0                menu41
 .data.cur      0x100000d4        0x4 ./Fuentes/Menu.o
                0x100000d4                cur
 .data.flagirq  0x100000d8        0x4 ./Fuentes/Menu.o
                0x100000d8                flagirq
 .data.menu1    0x100000dc        0x4 ./Fuentes/Menu.o
                0x100000dc                menu1
 .data.menu2    0x100000e0        0x4 ./Fuentes/Menu.o
                0x100000e0                menu2
 .data.menu3    0x100000e4        0x4 ./Fuentes/Menu.o
                0x100000e4                menu3
 .data.menu41_1
                0x100000e8        0x4 ./Fuentes/Menu.o
                0x100000e8                menu41_1
 .data.menu32   0x100000ec        0x4 ./Fuentes/Menu.o
                0x100000ec                menu32
 .data.posX     0x100000f0        0x4 ./Fuentes/WG12864A.o
                0x100000f0                posX
 .data.posY     0x100000f4        0x4 ./Fuentes/WG12864A.o
                0x100000f4                posY
 .data          0x100000f8        0x4 /home/sebastian/LPCXpresso/workspace/Proyectos LPC1115/Monitor_Fetal/CMSISv1p30_LPC11xx/Debug/libCMSISv1p30_LPC11xx.a(system_LPC11xx.o)
                0x100000f8                SystemCoreClock
                0x100000fc                . = ALIGN (0x4)
                0x100000fc                _edata = .

.igot.plt       0x100000fc        0x0 load address 0x00007ea0
 .igot.plt      0x100000fc        0x0 ./Fuentes/Comunicaciones.o

.bss            0x10000100      0xf2c load address 0x00007ea0
                0x10000100                _bss = .
 *(.bss*)
 .bss.no_recibo
                0x10000100        0x1 ./Fuentes/Comunicaciones.o
                0x10000100                no_recibo
 .bss.queenv    0x10000101        0x1 ./Fuentes/Comunicaciones.o
                0x10000101                queenv
 .bss.org       0x10000102        0x1 ./Fuentes/Comunicaciones.o
                0x10000102                org
 .bss.indf      0x10000103        0x1 ./Fuentes/Comunicaciones.o
                0x10000103                indf
 .bss.actualiza_fw
                0x10000104        0x1 ./Fuentes/Funciones.o
                0x10000104                actualiza_fw
 .bss.mod       0x10000105        0x1 ./Fuentes/Funciones.o
                0x10000105                mod
 .bss.salir     0x10000106        0x1 ./Fuentes/Funciones.o
                0x10000106                salir
 *fill*         0x10000107        0x1 
 .bss.varmod    0x10000108        0x4 ./Fuentes/Funciones.o
                0x10000108                varmod
 .bss.norecarga
                0x1000010c        0x4 ./Fuentes/Funciones.o
                0x1000010c                norecarga
 .bss.flagesp   0x10000110        0x1 ./Fuentes/Funciones.o
                0x10000110                flagesp
 *fill*         0x10000111        0x3 
 .bss.s         0x10000114        0x4 ./Fuentes/Funciones.o
                0x10000114                s
 .bss.muefunc   0x10000118        0x4 ./Fuentes/Funciones.o
                0x10000118                muefunc
 .bss.PPM       0x1000011c        0x4 ./Fuentes/Funciones.o
                0x1000011c                PPM
 .bss.tit       0x10000120        0x4 ./Fuentes/Funciones.o
                0x10000120                tit
 .bss.lec       0x10000124        0x1 ./Fuentes/Main.o
                0x10000124                lec
 .bss.cont      0x10000125        0x1 ./Fuentes/Main.o
                0x10000125                cont
 .bss.flagbll   0x10000126        0x1 ./Fuentes/Main.o
                0x10000126                flagbll
 .bss.flagmm    0x10000127        0x1 ./Fuentes/Main.o
                0x10000127                flagmm
 .bss.sumaerr   0x10000128        0x1 ./Fuentes/Main.o
                0x10000128                sumaerr
 *fill*         0x10000129        0x3 
 .bss.sleepmenu
                0x1000012c        0x4 ./Fuentes/Menu.o
                0x1000012c                sleepmenu
 .bss.indice    0x10000130        0x4 ./Fuentes/Menu.o
                0x10000130                indice
 .bss.menu      0x10000134        0x4 ./Fuentes/Menu.o
                0x10000134                menu
 .bss.buffer_pulso
                0x10000138       0x2c ./Fuentes/Subfunciones.o
 .bss.buffer.4763
                0x10000164       0x2c ./Fuentes/Subfunciones.o
 .bss.buffer.4772
                0x10000190       0x2c ./Fuentes/Subfunciones.o
 .bss.buffer.4790
                0x100001bc       0x2c ./Fuentes/Subfunciones.o
 .bss.buffer.4785
                0x100001e8       0x2c ./Fuentes/Subfunciones.o
 .bss.a         0x10000214        0x4 ./Fuentes/Touch.o
                0x10000214                a
 .bss.sd_mmc_spi_init_done
                0x10000218        0x1 ./Fuentes/sd_mmc.o
                0x10000218                sd_mmc_spi_init_done
 *fill*         0x10000219        0x3 
 .bss.ADCIntDone
                0x1000021c        0x4 ./Drivers/adc.o
                0x1000021c                ADCIntDone
 .bss.OverRunCounter
                0x10000220        0x4 ./Drivers/adc.o
                0x10000220                OverRunCounter
 .bss.gpio3_counter
                0x10000224        0x4 ./Drivers/gpio.o
                0x10000224                gpio3_counter
 .bss.p3_1_counter
                0x10000228        0x4 ./Drivers/gpio.o
                0x10000228                p3_1_counter
 .bss.interruptOverRunStat0
                0x1000022c        0x4 ./Drivers/ssp.o
                0x1000022c                interruptOverRunStat0
 .bss.interruptOverRunStat1
                0x10000230        0x4 ./Drivers/ssp.o
                0x10000230                interruptOverRunStat1
 .bss.interruptRxTimeoutStat0
                0x10000234        0x4 ./Drivers/ssp.o
                0x10000234                interruptRxTimeoutStat0
 .bss.interruptRxTimeoutStat1
                0x10000238        0x4 ./Drivers/ssp.o
                0x10000238                interruptRxTimeoutStat1
 .bss.interruptRxStat0
                0x1000023c        0x4 ./Drivers/ssp.o
                0x1000023c                interruptRxStat0
 .bss.interruptRxStat1
                0x10000240        0x4 ./Drivers/ssp.o
                0x10000240                interruptRxStat1
 .bss.timer32_0_counter
                0x10000244        0x4 ./Drivers/timer32.o
                0x10000244                timer32_0_counter
 .bss.timer32_0_capture
                0x10000248        0x4 ./Drivers/timer32.o
                0x10000248                timer32_0_capture
 .bss.timer32_1_counter
                0x1000024c        0x4 ./Drivers/timer32.o
                0x1000024c                timer32_1_counter
 .bss.timer32_1_capture
                0x10000250        0x4 ./Drivers/timer32.o
                0x10000250                timer32_1_capture
 .bss._extra    0x10000254        0x4 /usr/local/lpcxpresso_8.2.2_650/lpcxpresso/tools/bin/../lib/gcc/arm-none-eabi/5.4.1/../../../../arm-none-eabi/lib/armv6-m/libcr_c.a(initio.o)
                0x10000254                _extra
 .bss.__Ciob    0x10000258      0x140 /usr/local/lpcxpresso_8.2.2_650/lpcxpresso/tools/bin/../lib/gcc/arm-none-eabi/5.4.1/../../../../arm-none-eabi/lib/armv6-m/libcr_c.a(stdio.o)
                0x10000258                __Ciob
 .bss.__heaps   0x10000398        0x4 /usr/local/lpcxpresso_8.2.2_650/lpcxpresso/tools/bin/../lib/gcc/arm-none-eabi/5.4.1/../../../../arm-none-eabi/lib/armv6-m/libcr_c.a(__init_alloc.o)
                0x10000398                __heaps
 .bss.__end_of_heap
                0x1000039c        0x4 /usr/local/lpcxpresso_8.2.2_650/lpcxpresso/tools/bin/../lib/gcc/arm-none-eabi/5.4.1/../../../../arm-none-eabi/lib/armv6-m/libcr_c.a(__init_alloc.o)
                0x1000039c                __end_of_heap
 .bss.errno     0x100003a0        0x4 /usr/local/lpcxpresso_8.2.2_650/lpcxpresso/tools/bin/../lib/gcc/arm-none-eabi/5.4.1/../../../../arm-none-eabi/lib/armv6-m/libcr_c.a(errno.o)
                0x100003a0                errno
 *(COMMON)
 COMMON         0x100003a4       0x20 ./Fuentes/Comunicaciones.o
                0x100003a4                cantcomu
                0x100003a8                auxs
                0x100003ac                cantprt
                0x100003b0                auxi
                0x100003b4                hands
                0x100003b8                auxmi
                0x100003bc                cantver
                0x100003bd                cantmp
                0x100003be                empenv
                0x100003c0                auxh
 COMMON         0x100003c4      0x355 ./Fuentes/Funciones.o
                0x100003c4                t
                0x100003c8                lat_adc
                0x100003cc                hab_corazon
                0x100003d0                lat_ant
                0x100003d4                aux_prov
                0x100003d8                valpru2
                0x10000518                cont_10seg
                0x1000051c                adc_val5
                0x10000520                cla
                0x10000530                cont_5seg_au
                0x10000531                SALTO
                0x10000532                desp_vert
                0x10000533                toca1
                0x10000534                toca
                0x10000535                FILTRO_DIG
                0x10000536                HAB_GUARDAR
                0x10000538                i_ind_buff
                0x1000053c                sd_disp
                0x10000540                aux2
                0x10000544                SUBIR
                0x10000548                tcl
                0x1000054c                PUNTO
                0x1000054d                modo_func
                0x1000054e                prs
                0x10000550                adc_valY
                0x10000554                PARLANTE
                0x10000558                v
                0x10000559                pos_y
                0x1000055a                cont_5seg_aux
                0x1000055b                pressok
                0x1000055c                ind_Muestras
                0x10000560                pos_x
                0x10000561                BAJAR
                0x10000562                dir_comu
                0x10000563                velc
                0x10000564                LAT_PROM
                0x10000568                cont_5s
                0x10000569                menuactual
                0x1000056c                adc_valX
                0x10000570                tcla
                0x10000580                valpru
                0x10000710                aux1
                0x10000714                inc_ind2
                0x10000718                PULSO_OK
 *fill*         0x10000719        0x3 
 COMMON         0x1000071c      0x5b3 ./Fuentes/Main.o
                0x1000071c                b_tog
                0x1000072c                version
                0x1000076c                btens
                0x100007ac                flag_1seg
                0x100007ad                causaerr
                0x100007b8                cont_1seg
                0x100007b9                cont_500ms
                0x100007ba                cont_1min
                0x100007bc                movmp
                0x100007fc                Rx
                0x1000081c                buff_prueba3
                0x100009ac                Hab_cont_500ms
                0x100009ad                SIN_SD
                0x100009b0                Rx2
                0x10000a28                causaerror
                0x10000a33                cont_100ms
                0x10000a34                toffset
                0x10000a74                Rx1
                0x10000aec                flag_25ms
                0x10000aed                icomu
                0x10000af4                val_bufff
                0x10000c84                version_prt
                0x10000cc4                moduloerr
 *fill*         0x10000ccf        0x1 
 COMMON         0x10000cd0        0x4 ./Fuentes/Menu.o
                0x10000cd0                var_aux
 COMMON         0x10000cd4       0xd1 ./Fuentes/Subfunciones.o
                0x10000cd4                eee
                0x10000cd8                estf
                0x10000cdc                dets
                0x10000ce0                ale
                0x10000ce4                ee
                0x10000ce8                proxh
                0x10000cf8                Graf_punt
                0x10000cfc                Prom_tot
                0x10000d00                cont_pulso
                0x10000d04                ds
                0x10000d08                repite_parc
                0x10000d09                pnt_ant
                0x10000d0c                esta
                0x10000d10                seg
                0x10000d14                ledcoo
                0x10000d18                eeee
                0x10000d1c                mitad_ant
                0x10000d20                aaa
                0x10000d24                anio
                0x10000d28                aa
                0x10000d2c                ef
                0x10000d30                T_Per
                0x10000d34                T_Periodo
                0x10000d38                act_espera
                0x10000d39                i_ff
                0x10000d3a                swt_corazon
                0x10000d3b                buf_par
                0x10000d40                cont_bajas_PPM
                0x10000d41                pulso_ant
                0x10000d42                act_t_par
                0x10000d44                mi
                0x10000d48                pl
                0x10000d4c                t_par
                0x10000d50                APA_PARLANTE
                0x10000d51                HAB_PARLANTE
                0x10000d54                d
                0x10000d58                PPM_ale
                0x10000d5c                PPM_ant
                0x10000d60                Cont_per_pulso
                0x10000d64                Prom_par
                0x10000d68                aaaa
                0x10000d6c                h
                0x10000d70                cont_ant
                0x10000d74                proxf
                0x10000d94                Fila_ant
                0x10000d95                pnt
                0x10000d98                e
                0x10000d9c                m
                0x10000da0                Per_par
                0x10000da4                i_t
 *fill*         0x10000da5        0x3 
 COMMON         0x10000da8        0x8 ./Fuentes/Touch.o
                0x10000da8                sleep
                0x10000dac                flagsleep
 COMMON         0x10000db0        0x4 ./Fuentes/WG12864A.o
                0x10000db0                salida
 *fill*         0x10000db4        0x4 
 COMMON         0x10000db8      0x251 ./Fuentes/sd_mmc.o
                0x10000db8                SD_HC
                0x10000dbc                SECTOR_SD_V
                0x10000dc0                data_mem
                0x10000fc2                sec_cal
                0x10000fc4                OFFSET_SD_V
                0x10000fc8                capacity
                0x10000fd0                capacity_mult
                0x10000fd8                checkvr
                0x10000fdc                offset_cal
                0x10000fe0                erase_group_size
                0x10000fe4                sd_mmc_spi_last_block_address
                0x10000fe8                r2
                0x10000fec                offset
                0x10000ff0                card_type
                0x10000ff4                SAL_SD
                0x10000ff8                csd
                0x10001008                r1
 *fill*         0x10001009        0x3 
 COMMON         0x1000100c       0x20 ./Drivers/adc.o
                0x1000100c                ADCValue
                0x1000102c                . = ALIGN (0x4)
                0x1000102c                _ebss = .
                [!provide]                PROVIDE (end, .)

.noinit         0x1000102c        0x0 load address 0x00007ea0
                0x1000102c                _noinit = .
 *(.noinit*)
                0x1000102c                . = ALIGN (0x4)
                0x1000102c                _end_noinit = .
                0x1000102c                PROVIDE (_pvHeapStart, DEFINED (__user_heap_base)?__user_heap_base:.)
                0x10002000                PROVIDE (_vStackTop, DEFINED (__user_stack_top)?__user_stack_top:(__top_RamLoc8 - 0x0))
                [!provide]                PROVIDE (__valid_user_code_checksum, (0x0 - (((_vStackTop + (ResetISR + 0x1)) + (DEFINED (NMI_Handler)?NMI_Handler:M0_NMI_Handler + 0x1)) + (DEFINED (HardFault_Handler)?HardFault_Handler:M0_HardFault_Handler + 0x1))))
OUTPUT(MF_v1.2.axf elf32-littlearm)

.debug_info     0x00000000     0xeb58
 .debug_info    0x00000000      0x797 ./Fuentes/Comunicaciones.o
 .debug_info    0x00000797      0x880 ./Fuentes/Display.o
 .debug_info    0x00001017     0x2ff6 ./Fuentes/Funciones.o
 .debug_info    0x0000400d      0x74f ./Fuentes/Main.o
 .debug_info    0x0000475c     0x24aa ./Fuentes/Menu.o
 .debug_info    0x00006c06      0xeb4 ./Fuentes/Subfunciones.o
 .debug_info    0x00007aba     0x1d4e ./Fuentes/Teclado.o
 .debug_info    0x00009808      0x98d ./Fuentes/Touch.o
 .debug_info    0x0000a195      0x9bb ./Fuentes/WG12864A.o
 .debug_info    0x0000ab50      0x285 ./Fuentes/cr_startup_lpc11.o
 .debug_info    0x0000add5      0xeef ./Fuentes/sd_mmc.o
 .debug_info    0x0000bcc4      0x7e7 ./Drivers/adc.o
 .debug_info    0x0000c4ab      0xa4d ./Drivers/gpio.o
 .debug_info    0x0000cef8      0xc67 ./Drivers/ssp.o
 .debug_info    0x0000db5f      0xb94 ./Drivers/timer32.o
 .debug_info    0x0000e6f3      0x465 /home/sebastian/LPCXpresso/workspace/Proyectos LPC1115/Monitor_Fetal/CMSISv1p30_LPC11xx/Debug/libCMSISv1p30_LPC11xx.a(system_LPC11xx.o)

.debug_abbrev   0x00000000     0x1e81
 .debug_abbrev  0x00000000      0x20b ./Fuentes/Comunicaciones.o
 .debug_abbrev  0x0000020b      0x1f4 ./Fuentes/Display.o
 .debug_abbrev  0x000003ff      0x239 ./Fuentes/Funciones.o
 .debug_abbrev  0x00000638      0x1a9 ./Fuentes/Main.o
 .debug_abbrev  0x000007e1      0x1b0 ./Fuentes/Menu.o
 .debug_abbrev  0x00000991      0x296 ./Fuentes/Subfunciones.o
 .debug_abbrev  0x00000c27      0x115 ./Fuentes/Teclado.o
 .debug_abbrev  0x00000d3c      0x1e9 ./Fuentes/Touch.o
 .debug_abbrev  0x00000f25      0x16a ./Fuentes/WG12864A.o
 .debug_abbrev  0x0000108f      0x11f ./Fuentes/cr_startup_lpc11.o
 .debug_abbrev  0x000011ae      0x2e1 ./Fuentes/sd_mmc.o
 .debug_abbrev  0x0000148f      0x18e ./Drivers/adc.o
 .debug_abbrev  0x0000161d      0x2ae ./Drivers/gpio.o
 .debug_abbrev  0x000018cb      0x2ae ./Drivers/ssp.o
 .debug_abbrev  0x00001b79      0x226 ./Drivers/timer32.o
 .debug_abbrev  0x00001d9f       0xe2 /home/sebastian/LPCXpresso/workspace/Proyectos LPC1115/Monitor_Fetal/CMSISv1p30_LPC11xx/Debug/libCMSISv1p30_LPC11xx.a(system_LPC11xx.o)

.debug_loc      0x00000000     0x2a5c
 .debug_loc     0x00000000      0x3ee ./Fuentes/Comunicaciones.o
 .debug_loc     0x000003ee      0x5aa ./Fuentes/Display.o
 .debug_loc     0x00000998      0x2b5 ./Fuentes/Funciones.o
 .debug_loc     0x00000c4d       0x13 ./Fuentes/Main.o
 .debug_loc     0x00000c60      0x622 ./Fuentes/Subfunciones.o
 .debug_loc     0x00001282       0x2c ./Fuentes/Teclado.o
 .debug_loc     0x000012ae       0xc0 ./Fuentes/Touch.o
 .debug_loc     0x0000136e      0x36c ./Fuentes/WG12864A.o
 .debug_loc     0x000016da      0x1d4 ./Fuentes/cr_startup_lpc11.o
 .debug_loc     0x000018ae      0x846 ./Fuentes/sd_mmc.o
 .debug_loc     0x000020f4       0xef ./Drivers/adc.o
 .debug_loc     0x000021e3      0x413 ./Drivers/gpio.o
 .debug_loc     0x000025f6      0x221 ./Drivers/ssp.o
 .debug_loc     0x00002817      0x245 ./Drivers/timer32.o

.debug_aranges  0x00000000      0x480
 .debug_aranges
                0x00000000       0x30 ./Fuentes/Comunicaciones.o
 .debug_aranges
                0x00000030       0x38 ./Fuentes/Display.o
 .debug_aranges
                0x00000068       0x78 ./Fuentes/Funciones.o
 .debug_aranges
                0x000000e0       0x20 ./Fuentes/Main.o
 .debug_aranges
                0x00000100       0x28 ./Fuentes/Menu.o
 .debug_aranges
                0x00000128       0x48 ./Fuentes/Subfunciones.o
 .debug_aranges
                0x00000170       0x28 ./Fuentes/Teclado.o
 .debug_aranges
                0x00000198       0x48 ./Fuentes/Touch.o
 .debug_aranges
                0x000001e0       0x68 ./Fuentes/WG12864A.o
 .debug_aranges
                0x00000248       0x60 ./Fuentes/cr_startup_lpc11.o
 .debug_aranges
                0x000002a8       0x78 ./Fuentes/sd_mmc.o
 .debug_aranges
                0x00000320       0x38 ./Drivers/adc.o
 .debug_aranges
                0x00000358       0x60 ./Drivers/gpio.o
 .debug_aranges
                0x000003b8       0x48 ./Drivers/ssp.o
 .debug_aranges
                0x00000400       0x50 ./Drivers/timer32.o
 .debug_aranges
                0x00000450       0x30 /home/sebastian/LPCXpresso/workspace/Proyectos LPC1115/Monitor_Fetal/CMSISv1p30_LPC11xx/Debug/libCMSISv1p30_LPC11xx.a(system_LPC11xx.o)

.debug_ranges   0x00000000      0x468
 .debug_ranges  0x00000000       0x70 ./Fuentes/Comunicaciones.o
 .debug_ranges  0x00000070       0x28 ./Fuentes/Display.o
 .debug_ranges  0x00000098       0x68 ./Fuentes/Funciones.o
 .debug_ranges  0x00000100       0x10 ./Fuentes/Main.o
 .debug_ranges  0x00000110       0x30 ./Fuentes/Menu.o
 .debug_ranges  0x00000140       0x50 ./Fuentes/Subfunciones.o
 .debug_ranges  0x00000190       0x18 ./Fuentes/Teclado.o
 .debug_ranges  0x000001a8       0x38 ./Fuentes/Touch.o
 .debug_ranges  0x000001e0       0x58 ./Fuentes/WG12864A.o
 .debug_ranges  0x00000238       0x50 ./Fuentes/cr_startup_lpc11.o
 .debug_ranges  0x00000288       0x68 ./Fuentes/sd_mmc.o
 .debug_ranges  0x000002f0       0x28 ./Drivers/adc.o
 .debug_ranges  0x00000318       0x88 ./Drivers/gpio.o
 .debug_ranges  0x000003a0       0x50 ./Drivers/ssp.o
 .debug_ranges  0x000003f0       0x58 ./Drivers/timer32.o
 .debug_ranges  0x00000448       0x20 /home/sebastian/LPCXpresso/workspace/Proyectos LPC1115/Monitor_Fetal/CMSISv1p30_LPC11xx/Debug/libCMSISv1p30_LPC11xx.a(system_LPC11xx.o)

.debug_macro    0x00000000     0x32a5
 .debug_macro   0x00000000       0x93 ./Fuentes/Comunicaciones.o
 .debug_macro   0x00000093      0x83e ./Fuentes/Comunicaciones.o
 .debug_macro   0x000008d1       0x1c ./Fuentes/Comunicaciones.o
 .debug_macro   0x000008ed       0x22 ./Fuentes/Comunicaciones.o
 .debug_macro   0x0000090f       0x10 ./Fuentes/Comunicaciones.o
 .debug_macro   0x0000091f      0x12d ./Fuentes/Comunicaciones.o
 .debug_macro   0x00000a4c      0x5b2 ./Fuentes/Comunicaciones.o
 .debug_macro   0x00000ffe      0x37a ./Fuentes/Comunicaciones.o
 .debug_macro   0x00001378      0x123 ./Fuentes/Comunicaciones.o
 .debug_macro   0x0000149b       0xac ./Fuentes/Comunicaciones.o
 .debug_macro   0x00001547      0x186 ./Fuentes/Comunicaciones.o
 .debug_macro   0x000016cd      0x160 ./Fuentes/Comunicaciones.o
 .debug_macro   0x0000182d       0xaf ./Fuentes/Display.o
 .debug_macro   0x000018dc       0xa0 ./Fuentes/Display.o
 .debug_macro   0x0000197c       0x1c ./Fuentes/Display.o
 .debug_macro   0x00001998       0x6a ./Fuentes/Display.o
 .debug_macro   0x00001a02       0xdb ./Fuentes/Funciones.o
 .debug_macro   0x00001add       0xb2 ./Fuentes/Funciones.o
 .debug_macro   0x00001b8f       0x34 ./Fuentes/Funciones.o
 .debug_macro   0x00001bc3       0x46 ./Fuentes/Funciones.o
 .debug_macro   0x00001c09       0xeb ./Fuentes/Main.o
 .debug_macro   0x00001cf4       0x82 ./Fuentes/Main.o
 .debug_macro   0x00001d76       0x34 ./Fuentes/Main.o
 .debug_macro   0x00001daa       0xe9 ./Fuentes/Menu.o
 .debug_macro   0x00001e93       0xb9 ./Fuentes/Subfunciones.o
 .debug_macro   0x00001f4c       0x2d ./Fuentes/Teclado.o
 .debug_macro   0x00001f79       0xc7 ./Fuentes/Touch.o
 .debug_macro   0x00002040       0x92 ./Fuentes/WG12864A.o
 .debug_macro   0x000020d2       0x52 ./Fuentes/cr_startup_lpc11.o
 .debug_macro   0x00002124       0xbc ./Fuentes/sd_mmc.o
 .debug_macro   0x000021e0      0x1a2 ./Fuentes/sd_mmc.o
 .debug_macro   0x00002382       0x89 ./Drivers/adc.o
 .debug_macro   0x0000240b       0x89 ./Drivers/gpio.o
 .debug_macro   0x00002494       0xab ./Drivers/ssp.o
 .debug_macro   0x0000253f       0x7a ./Drivers/timer32.o
 .debug_macro   0x000025b9      0x122 /home/sebastian/LPCXpresso/workspace/Proyectos LPC1115/Monitor_Fetal/CMSISv1p30_LPC11xx/Debug/libCMSISv1p30_LPC11xx.a(system_LPC11xx.o)
 .debug_macro   0x000026db      0x832 /home/sebastian/LPCXpresso/workspace/Proyectos LPC1115/Monitor_Fetal/CMSISv1p30_LPC11xx/Debug/libCMSISv1p30_LPC11xx.a(system_LPC11xx.o)
 .debug_macro   0x00002f0d      0x398 /home/sebastian/LPCXpresso/workspace/Proyectos LPC1115/Monitor_Fetal/CMSISv1p30_LPC11xx/Debug/libCMSISv1p30_LPC11xx.a(system_LPC11xx.o)

.debug_line     0x00000000     0x4133
 .debug_line    0x00000000      0x417 ./Fuentes/Comunicaciones.o
 .debug_line    0x00000417      0x436 ./Fuentes/Display.o
 .debug_line    0x0000084d      0x919 ./Fuentes/Funciones.o
 .debug_line    0x00001166      0x37e ./Fuentes/Main.o
 .debug_line    0x000014e4      0x6f0 ./Fuentes/Menu.o
 .debug_line    0x00001bd4      0x4b6 ./Fuentes/Subfunciones.o
 .debug_line    0x0000208a      0x4fb ./Fuentes/Teclado.o
 .debug_line    0x00002585      0x37c ./Fuentes/Touch.o
 .debug_line    0x00002901      0x3e5 ./Fuentes/WG12864A.o
 .debug_line    0x00002ce6      0x1c3 ./Fuentes/cr_startup_lpc11.o
 .debug_line    0x00002ea9      0x539 ./Fuentes/sd_mmc.o
 .debug_line    0x000033e2      0x25d ./Drivers/adc.o
 .debug_line    0x0000363f      0x29f ./Drivers/gpio.o
 .debug_line    0x000038de      0x346 ./Drivers/ssp.o
 .debug_line    0x00003c24      0x2d9 ./Drivers/timer32.o
 .debug_line    0x00003efd      0x236 /home/sebastian/LPCXpresso/workspace/Proyectos LPC1115/Monitor_Fetal/CMSISv1p30_LPC11xx/Debug/libCMSISv1p30_LPC11xx.a(system_LPC11xx.o)

.debug_str      0x00000000     0x9030
 .debug_str     0x00000000     0x6698 ./Fuentes/Comunicaciones.o
                               0x6736 (size before relaxing)
 .debug_str     0x00006698      0x4d5 ./Fuentes/Display.o
                               0x6371 (size before relaxing)
 .debug_str     0x00006b6d      0x6ad ./Fuentes/Funciones.o
                               0x67a4 (size before relaxing)
 .debug_str     0x0000721a      0x5ee ./Fuentes/Main.o
                               0x6ccb (size before relaxing)
 .debug_str     0x00007808       0x82 ./Fuentes/Menu.o
                               0x6855 (size before relaxing)
 .debug_str     0x0000788a      0x10a ./Fuentes/Subfunciones.o
                               0x656f (size before relaxing)
 .debug_str     0x00007994       0x3b ./Fuentes/Teclado.o
                               0x2876 (size before relaxing)
 .debug_str     0x000079cf      0x1cc ./Fuentes/Touch.o
                               0x63ec (size before relaxing)
 .debug_str     0x00007b9b       0x7e ./Fuentes/WG12864A.o
                               0x6616 (size before relaxing)
 .debug_str     0x00007c19      0x240 ./Fuentes/cr_startup_lpc11.o
                               0x3ca4 (size before relaxing)
 .debug_str     0x00007e59      0x82d ./Fuentes/sd_mmc.o
                               0x6c30 (size before relaxing)
 .debug_str     0x00008686      0x2e4 ./Drivers/adc.o
                               0x60c1 (size before relaxing)
 .debug_str     0x0000896a       0x78 ./Drivers/gpio.o
                               0x6104 (size before relaxing)
 .debug_str     0x000089e2       0xc5 ./Drivers/ssp.o
                               0x67d0 (size before relaxing)
 .debug_str     0x00008aa7      0x103 ./Drivers/timer32.o
                               0x6368 (size before relaxing)
 .debug_str     0x00008baa      0x486 /home/sebastian/LPCXpresso/workspace/Proyectos LPC1115/Monitor_Fetal/CMSISv1p30_LPC11xx/Debug/libCMSISv1p30_LPC11xx.a(system_LPC11xx.o)
                               0x5da4 (size before relaxing)

.comment        0x00000000       0xdc
 .comment       0x00000000       0x6e ./Fuentes/Comunicaciones.o
                                 0x6f (size before relaxing)
 .comment       0x0000006e       0x6f ./Fuentes/Display.o
 .comment       0x0000006e       0x6f ./Fuentes/Funciones.o
 .comment       0x0000006e       0x6f ./Fuentes/Main.o
 .comment       0x0000006e       0x6f ./Fuentes/Menu.o
 .comment       0x0000006e       0x6f ./Fuentes/Subfunciones.o
 .comment       0x0000006e       0x6f ./Fuentes/Teclado.o
 .comment       0x0000006e       0x6f ./Fuentes/Touch.o
 .comment       0x0000006e       0x6f ./Fuentes/WG12864A.o
 .comment       0x0000006e       0x6f ./Fuentes/cr_startup_lpc11.o
 .comment       0x0000006e       0x6f ./Fuentes/sd_mmc.o
 .comment       0x0000006e       0x6f ./Drivers/adc.o
 .comment       0x0000006e       0x6f ./Drivers/gpio.o
 .comment       0x0000006e       0x6f ./Drivers/ssp.o
 .comment       0x0000006e       0x6f ./Drivers/timer32.o
 .comment       0x0000006e       0x6f /home/sebastian/LPCXpresso/workspace/Proyectos LPC1115/Monitor_Fetal/CMSISv1p30_LPC11xx/Debug/libCMSISv1p30_LPC11xx.a(system_LPC11xx.o)
 .comment       0x0000006e       0x6e /usr/local/lpcxpresso_8.2.2_650/lpcxpresso/tools/bin/../lib/gcc/arm-none-eabi/5.4.1/../../../../arm-none-eabi/lib/armv6-m/libcr_semihost.a(_cr__main.o)
                                 0x6f (size before relaxing)
 .comment       0x000000dc       0x6f /usr/local/lpcxpresso_8.2.2_650/lpcxpresso/tools/bin/../lib/gcc/arm-none-eabi/5.4.1/../../../../arm-none-eabi/lib/armv6-m/libcr_c.a(initio.o)
 .comment       0x000000dc       0x6f /usr/local/lpcxpresso_8.2.2_650/lpcxpresso/tools/bin/../lib/gcc/arm-none-eabi/5.4.1/../../../../arm-none-eabi/lib/armv6-m/libcr_c.a(setvbuf.o)
 .comment       0x000000dc       0x6f /usr/local/lpcxpresso_8.2.2_650/lpcxpresso/tools/bin/../lib/gcc/arm-none-eabi/5.4.1/../../../../arm-none-eabi/lib/armv6-m/libcr_c.a(stdio.o)
 .comment       0x000000dc       0x6f /usr/local/lpcxpresso_8.2.2_650/lpcxpresso/tools/bin/../lib/gcc/arm-none-eabi/5.4.1/../../../../arm-none-eabi/lib/armv6-m/libcr_c.a(memset.o)
 .comment       0x000000dc       0x6f /usr/local/lpcxpresso_8.2.2_650/lpcxpresso/tools/bin/../lib/gcc/arm-none-eabi/5.4.1/../../../../arm-none-eabi/lib/armv6-m/libcr_c.a(_deferredlazyseek.o)
 .comment       0x000000dc       0x6f /usr/local/lpcxpresso_8.2.2_650/lpcxpresso/tools/bin/../lib/gcc/arm-none-eabi/5.4.1/../../../../arm-none-eabi/lib/armv6-m/libcr_c.a(_fdopen.o)
 .comment       0x000000dc       0x6f /usr/local/lpcxpresso_8.2.2_650/lpcxpresso/tools/bin/../lib/gcc/arm-none-eabi/5.4.1/../../../../arm-none-eabi/lib/armv6-m/libcr_c.a(_fflush.o)
 .comment       0x000000dc       0x6f /usr/local/lpcxpresso_8.2.2_650/lpcxpresso/tools/bin/../lib/gcc/arm-none-eabi/5.4.1/../../../../arm-none-eabi/lib/armv6-m/libcr_c.a(_writebuf.o)
 .comment       0x000000dc       0x6f /usr/local/lpcxpresso_8.2.2_650/lpcxpresso/tools/bin/../lib/gcc/arm-none-eabi/5.4.1/../../../../arm-none-eabi/lib/armv6-m/libcr_c.a(alloc.o)
 .comment       0x000000dc       0x6f /usr/local/lpcxpresso_8.2.2_650/lpcxpresso/tools/bin/../lib/gcc/arm-none-eabi/5.4.1/../../../../arm-none-eabi/lib/armv6-m/libcr_c.a(fclose.o)
 .comment       0x000000dc       0x6f /usr/local/lpcxpresso_8.2.2_650/lpcxpresso/tools/bin/../lib/gcc/arm-none-eabi/5.4.1/../../../../arm-none-eabi/lib/armv6-m/libcr_c.a(fflush.o)
 .comment       0x000000dc       0x6f /usr/local/lpcxpresso_8.2.2_650/lpcxpresso/tools/bin/../lib/gcc/arm-none-eabi/5.4.1/../../../../arm-none-eabi/lib/armv6-m/libcr_c.a(fseek.o)
 .comment       0x000000dc       0x6f /usr/local/lpcxpresso_8.2.2_650/lpcxpresso/tools/bin/../lib/gcc/arm-none-eabi/5.4.1/../../../../arm-none-eabi/lib/armv6-m/libcr_c.a(ftell.o)
 .comment       0x000000dc       0x6f /usr/local/lpcxpresso_8.2.2_650/lpcxpresso/tools/bin/../lib/gcc/arm-none-eabi/5.4.1/../../../../arm-none-eabi/lib/armv6-m/libcr_c.a(remove.o)
 .comment       0x000000dc       0x6f /usr/local/lpcxpresso_8.2.2_650/lpcxpresso/tools/bin/../lib/gcc/arm-none-eabi/5.4.1/../../../../arm-none-eabi/lib/armv6-m/libcr_c.a(strlen.o)
 .comment       0x000000dc       0x6f /usr/local/lpcxpresso_8.2.2_650/lpcxpresso/tools/bin/../lib/gcc/arm-none-eabi/5.4.1/../../../../arm-none-eabi/lib/armv6-m/libcr_c.a(__init_alloc.o)
 .comment       0x000000dc       0x6f /usr/local/lpcxpresso_8.2.2_650/lpcxpresso/tools/bin/../lib/gcc/arm-none-eabi/5.4.1/../../../../arm-none-eabi/lib/armv6-m/libcr_c.a(_cr_sbrk.o)
 .comment       0x000000dc       0x6f /usr/local/lpcxpresso_8.2.2_650/lpcxpresso/tools/bin/../lib/gcc/arm-none-eabi/5.4.1/../../../../arm-none-eabi/lib/armv6-m/libcr_c.a(_do_fflush.o)
 .comment       0x000000dc       0x6f /usr/local/lpcxpresso_8.2.2_650/lpcxpresso/tools/bin/../lib/gcc/arm-none-eabi/5.4.1/../../../../arm-none-eabi/lib/armv6-m/libcr_c.a(errno.o)
 .comment       0x000000dc       0x6f /usr/local/lpcxpresso_8.2.2_650/lpcxpresso/tools/bin/../lib/gcc/arm-none-eabi/5.4.1/../../../../arm-none-eabi/lib/armv6-m/libcr_c.a(_cr_check_heap.o)

.ARM.attributes
                0x00000000       0x2f
 .ARM.attributes
                0x00000000       0x31 ./Fuentes/Comunicaciones.o
 .ARM.attributes
                0x00000031       0x31 ./Fuentes/Display.o
 .ARM.attributes
                0x00000062       0x31 ./Fuentes/Funciones.o
 .ARM.attributes
                0x00000093       0x31 ./Fuentes/Main.o
 .ARM.attributes
                0x000000c4       0x31 ./Fuentes/Menu.o
 .ARM.attributes
                0x000000f5       0x31 ./Fuentes/Subfunciones.o
 .ARM.attributes
                0x00000126       0x31 ./Fuentes/Teclado.o
 .ARM.attributes
                0x00000157       0x31 ./Fuentes/Touch.o
 .ARM.attributes
                0x00000188       0x31 ./Fuentes/WG12864A.o
 .ARM.attributes
                0x000001b9       0x31 ./Fuentes/cr_startup_lpc11.o
 .ARM.attributes
                0x000001ea       0x31 ./Fuentes/sd_mmc.o
 .ARM.attributes
                0x0000021b       0x31 ./Drivers/adc.o
 .ARM.attributes
                0x0000024c       0x31 ./Drivers/gpio.o
 .ARM.attributes
                0x0000027d       0x31 ./Drivers/ssp.o
 .ARM.attributes
                0x000002ae       0x31 ./Drivers/timer32.o
 .ARM.attributes
                0x000002df       0x31 /home/sebastian/LPCXpresso/workspace/Proyectos LPC1115/Monitor_Fetal/CMSISv1p30_LPC11xx/Debug/libCMSISv1p30_LPC11xx.a(system_LPC11xx.o)
 .ARM.attributes
                0x00000310       0x31 /usr/local/lpcxpresso_8.2.2_650/lpcxpresso/tools/bin/../lib/gcc/arm-none-eabi/5.4.1/../../../../arm-none-eabi/lib/armv6-m/libcr_semihost.a(_cr__main.o)
 .ARM.attributes
                0x00000341       0x31 /usr/local/lpcxpresso_8.2.2_650/lpcxpresso/tools/bin/../lib/gcc/arm-none-eabi/5.4.1/../../../../arm-none-eabi/lib/armv6-m/libcr_c.a(initio.o)
 .ARM.attributes
                0x00000372       0x31 /usr/local/lpcxpresso_8.2.2_650/lpcxpresso/tools/bin/../lib/gcc/arm-none-eabi/5.4.1/../../../../arm-none-eabi/lib/armv6-m/libcr_c.a(setvbuf.o)
 .ARM.attributes
                0x000003a3       0x31 /usr/local/lpcxpresso_8.2.2_650/lpcxpresso/tools/bin/../lib/gcc/arm-none-eabi/5.4.1/../../../../arm-none-eabi/lib/armv6-m/libcr_c.a(stdio.o)
 .ARM.attributes
                0x000003d4       0x31 /usr/local/lpcxpresso_8.2.2_650/lpcxpresso/tools/bin/../lib/gcc/arm-none-eabi/5.4.1/../../../../arm-none-eabi/lib/armv6-m/libcr_c.a(memset.o)
 .ARM.attributes
                0x00000405       0x31 /usr/local/lpcxpresso_8.2.2_650/lpcxpresso/tools/bin/../lib/gcc/arm-none-eabi/5.4.1/../../../../arm-none-eabi/lib/armv6-m/libcr_c.a(_deferredlazyseek.o)
 .ARM.attributes
                0x00000436       0x31 /usr/local/lpcxpresso_8.2.2_650/lpcxpresso/tools/bin/../lib/gcc/arm-none-eabi/5.4.1/../../../../arm-none-eabi/lib/armv6-m/libcr_c.a(_fdopen.o)
 .ARM.attributes
                0x00000467       0x31 /usr/local/lpcxpresso_8.2.2_650/lpcxpresso/tools/bin/../lib/gcc/arm-none-eabi/5.4.1/../../../../arm-none-eabi/lib/armv6-m/libcr_c.a(_fflush.o)
 .ARM.attributes
                0x00000498       0x31 /usr/local/lpcxpresso_8.2.2_650/lpcxpresso/tools/bin/../lib/gcc/arm-none-eabi/5.4.1/../../../../arm-none-eabi/lib/armv6-m/libcr_c.a(_writebuf.o)
 .ARM.attributes
                0x000004c9       0x31 /usr/local/lpcxpresso_8.2.2_650/lpcxpresso/tools/bin/../lib/gcc/arm-none-eabi/5.4.1/../../../../arm-none-eabi/lib/armv6-m/libcr_c.a(alloc.o)
 .ARM.attributes
                0x000004fa       0x31 /usr/local/lpcxpresso_8.2.2_650/lpcxpresso/tools/bin/../lib/gcc/arm-none-eabi/5.4.1/../../../../arm-none-eabi/lib/armv6-m/libcr_c.a(fclose.o)
 .ARM.attributes
                0x0000052b       0x31 /usr/local/lpcxpresso_8.2.2_650/lpcxpresso/tools/bin/../lib/gcc/arm-none-eabi/5.4.1/../../../../arm-none-eabi/lib/armv6-m/libcr_c.a(fflush.o)
 .ARM.attributes
                0x0000055c       0x31 /usr/local/lpcxpresso_8.2.2_650/lpcxpresso/tools/bin/../lib/gcc/arm-none-eabi/5.4.1/../../../../arm-none-eabi/lib/armv6-m/libcr_c.a(fseek.o)
 .ARM.attributes
                0x0000058d       0x31 /usr/local/lpcxpresso_8.2.2_650/lpcxpresso/tools/bin/../lib/gcc/arm-none-eabi/5.4.1/../../../../arm-none-eabi/lib/armv6-m/libcr_c.a(ftell.o)
 .ARM.attributes
                0x000005be       0x31 /usr/local/lpcxpresso_8.2.2_650/lpcxpresso/tools/bin/../lib/gcc/arm-none-eabi/5.4.1/../../../../arm-none-eabi/lib/armv6-m/libcr_c.a(remove.o)
 .ARM.attributes
                0x000005ef       0x31 /usr/local/lpcxpresso_8.2.2_650/lpcxpresso/tools/bin/../lib/gcc/arm-none-eabi/5.4.1/../../../../arm-none-eabi/lib/armv6-m/libcr_c.a(strlen.o)
 .ARM.attributes
                0x00000620       0x31 /usr/local/lpcxpresso_8.2.2_650/lpcxpresso/tools/bin/../lib/gcc/arm-none-eabi/5.4.1/../../../../arm-none-eabi/lib/armv6-m/libcr_c.a(__init_alloc.o)
 .ARM.attributes
                0x00000651       0x31 /usr/local/lpcxpresso_8.2.2_650/lpcxpresso/tools/bin/../lib/gcc/arm-none-eabi/5.4.1/../../../../arm-none-eabi/lib/armv6-m/libcr_c.a(_cr_sbrk.o)
 .ARM.attributes
                0x00000682       0x31 /usr/local/lpcxpresso_8.2.2_650/lpcxpresso/tools/bin/../lib/gcc/arm-none-eabi/5.4.1/../../../../arm-none-eabi/lib/armv6-m/libcr_c.a(_do_fflush.o)
 .ARM.attributes
                0x000006b3       0x31 /usr/local/lpcxpresso_8.2.2_650/lpcxpresso/tools/bin/../lib/gcc/arm-none-eabi/5.4.1/../../../../arm-none-eabi/lib/armv6-m/libcr_c.a(errno.o)
 .ARM.attributes
                0x000006e4       0x31 /usr/local/lpcxpresso_8.2.2_650/lpcxpresso/tools/bin/../lib/gcc/arm-none-eabi/5.4.1/../../../../arm-none-eabi/lib/armv6-m/libcr_c.a(_cr_check_heap.o)
 .ARM.attributes
                0x00000715       0x21 /usr/local/lpcxpresso_8.2.2_650/lpcxpresso/tools/bin/../lib/gcc/arm-none-eabi/5.4.1/armv6-m/libcr_eabihelpers.a(division_32.o)
 .ARM.attributes
                0x00000736       0x21 /usr/local/lpcxpresso_8.2.2_650/lpcxpresso/tools/bin/../lib/gcc/arm-none-eabi/5.4.1/armv6-m/libcr_eabihelpers.a(division_idiv0.o)
 .ARM.attributes
                0x00000757       0x21 /usr/local/lpcxpresso_8.2.2_650/lpcxpresso/tools/bin/../lib/gcc/arm-none-eabi/5.4.1/armv6-m/libcr_eabihelpers.a(memcpy.o)
 .ARM.attributes
                0x00000778       0x21 /usr/local/lpcxpresso_8.2.2_650/lpcxpresso/tools/bin/../lib/gcc/arm-none-eabi/5.4.1/armv6-m/libcr_eabihelpers.a(thumb1_switch_helpers.o)
 .ARM.attributes
                0x00000799       0x21 /usr/local/lpcxpresso_8.2.2_650/lpcxpresso/tools/bin/../lib/gcc/arm-none-eabi/5.4.1/../../../../arm-none-eabi/lib/armv6-m/libcr_semihost.a(__sys_appexit.o)
 .ARM.attributes
                0x000007ba       0x21 /usr/local/lpcxpresso_8.2.2_650/lpcxpresso/tools/bin/../lib/gcc/arm-none-eabi/5.4.1/../../../../arm-none-eabi/lib/armv6-m/libcr_semihost.a(__sys_close.o)
 .ARM.attributes
                0x000007db       0x21 /usr/local/lpcxpresso_8.2.2_650/lpcxpresso/tools/bin/../lib/gcc/arm-none-eabi/5.4.1/../../../../arm-none-eabi/lib/armv6-m/libcr_semihost.a(__sys_flen.o)
 .ARM.attributes
                0x000007fc       0x21 /usr/local/lpcxpresso_8.2.2_650/lpcxpresso/tools/bin/../lib/gcc/arm-none-eabi/5.4.1/../../../../arm-none-eabi/lib/armv6-m/libcr_semihost.a(__sys_istty.o)
 .ARM.attributes
                0x0000081d       0x21 /usr/local/lpcxpresso_8.2.2_650/lpcxpresso/tools/bin/../lib/gcc/arm-none-eabi/5.4.1/../../../../arm-none-eabi/lib/armv6-m/libcr_semihost.a(__sys_remove.o)
 .ARM.attributes
                0x0000083e       0x21 /usr/local/lpcxpresso_8.2.2_650/lpcxpresso/tools/bin/../lib/gcc/arm-none-eabi/5.4.1/../../../../arm-none-eabi/lib/armv6-m/libcr_semihost.a(__sys_seek.o)
 .ARM.attributes
                0x0000085f       0x21 /usr/local/lpcxpresso_8.2.2_650/lpcxpresso/tools/bin/../lib/gcc/arm-none-eabi/5.4.1/../../../../arm-none-eabi/lib/armv6-m/libcr_semihost.a(__sys_tmpnam.o)
 .ARM.attributes
                0x00000880       0x21 /usr/local/lpcxpresso_8.2.2_650/lpcxpresso/tools/bin/../lib/gcc/arm-none-eabi/5.4.1/../../../../arm-none-eabi/lib/armv6-m/libcr_semihost.a(__sys_write.o)

.debug_frame    0x00000000      0xb30
 .debug_frame   0x00000000       0x68 ./Fuentes/Comunicaciones.o
 .debug_frame   0x00000068       0x88 ./Fuentes/Display.o
 .debug_frame   0x000000f0      0x190 ./Fuentes/Funciones.o
 .debug_frame   0x00000280       0x28 ./Fuentes/Main.o
 .debug_frame   0x000002a8       0x50 ./Fuentes/Menu.o
 .debug_frame   0x000002f8       0xd0 ./Fuentes/Subfunciones.o
 .debug_frame   0x000003c8       0x54 ./Fuentes/Teclado.o
 .debug_frame   0x0000041c       0xb4 ./Fuentes/Touch.o
 .debug_frame   0x000004d0      0x124 ./Fuentes/WG12864A.o
 .debug_frame   0x000005f4       0xb0 ./Fuentes/cr_startup_lpc11.o
 .debug_frame   0x000006a4      0x17c ./Fuentes/sd_mmc.o
 .debug_frame   0x00000820       0x70 ./Drivers/adc.o
 .debug_frame   0x00000890       0xdc ./Drivers/gpio.o
 .debug_frame   0x0000096c       0xac ./Drivers/ssp.o
 .debug_frame   0x00000a18       0xac ./Drivers/timer32.o
 .debug_frame   0x00000ac4       0x6c /home/sebastian/LPCXpresso/workspace/Proyectos LPC1115/Monitor_Fetal/CMSISv1p30_LPC11xx/Debug/libCMSISv1p30_LPC11xx.a(system_LPC11xx.o)
