Archive member included to satisfy reference by file (symbol)

F:\Proyectos LPC1115\Monitor_Fetal\CMSISv1p30_LPC11xx\Debug\libCMSISv1p30_LPC11xx.a(system_LPC11xx.o)
                              ./Drivers/adc.o (SystemCoreClock)
c:/nxp/lpcxpresso_8.2.2_650/lpcxpresso/tools/bin/../lib/gcc/arm-none-eabi/5.4.1/../../../../arm-none-eabi/lib/armv6-m\libcr_semihost.a(_cr__main.o)
                              ./Fuentes/cr_startup_lpc11.o (__main)
c:/nxp/lpcxpresso_8.2.2_650/lpcxpresso/tools/bin/../lib/gcc/arm-none-eabi/5.4.1/../../../../arm-none-eabi/lib/armv6-m\libcr_c.a(initio.o)
                              c:/nxp/lpcxpresso_8.2.2_650/lpcxpresso/tools/bin/../lib/gcc/arm-none-eabi/5.4.1/../../../../arm-none-eabi/lib/armv6-m\libcr_semihost.a(_cr__main.o) (_initio)
c:/nxp/lpcxpresso_8.2.2_650/lpcxpresso/tools/bin/../lib/gcc/arm-none-eabi/5.4.1/../../../../arm-none-eabi/lib/armv6-m\libcr_c.a(setvbuf.o)
                              c:/nxp/lpcxpresso_8.2.2_650/lpcxpresso/tools/bin/../lib/gcc/arm-none-eabi/5.4.1/../../../../arm-none-eabi/lib/armv6-m\libcr_c.a(initio.o) (setvbuf)
c:/nxp/lpcxpresso_8.2.2_650/lpcxpresso/tools/bin/../lib/gcc/arm-none-eabi/5.4.1/../../../../arm-none-eabi/lib/armv6-m\libcr_c.a(stdio.o)
                              c:/nxp/lpcxpresso_8.2.2_650/lpcxpresso/tools/bin/../lib/gcc/arm-none-eabi/5.4.1/../../../../arm-none-eabi/lib/armv6-m\libcr_c.a(initio.o) (__Ciob)
c:/nxp/lpcxpresso_8.2.2_650/lpcxpresso/tools/bin/../lib/gcc/arm-none-eabi/5.4.1/../../../../arm-none-eabi/lib/armv6-m\libcr_c.a(memset.o)
                              c:/nxp/lpcxpresso_8.2.2_650/lpcxpresso/tools/bin/../lib/gcc/arm-none-eabi/5.4.1/../../../../arm-none-eabi/lib/armv6-m\libcr_c.a(initio.o) (memset)
c:/nxp/lpcxpresso_8.2.2_650/lpcxpresso/tools/bin/../lib/gcc/arm-none-eabi/5.4.1/../../../../arm-none-eabi/lib/armv6-m\libcr_c.a(__fillbuf.o)
                              c:/nxp/lpcxpresso_8.2.2_650/lpcxpresso/tools/bin/../lib/gcc/arm-none-eabi/5.4.1/../../../../arm-none-eabi/lib/armv6-m\libcr_c.a(stdio.o) (__filbuf)
c:/nxp/lpcxpresso_8.2.2_650/lpcxpresso/tools/bin/../lib/gcc/arm-none-eabi/5.4.1/../../../../arm-none-eabi/lib/armv6-m\libcr_c.a(_deferredlazyseek.o)
                              c:/nxp/lpcxpresso_8.2.2_650/lpcxpresso/tools/bin/../lib/gcc/arm-none-eabi/5.4.1/../../../../arm-none-eabi/lib/armv6-m\libcr_c.a(__fillbuf.o) (_deferredlazyseek)
c:/nxp/lpcxpresso_8.2.2_650/lpcxpresso/tools/bin/../lib/gcc/arm-none-eabi/5.4.1/../../../../arm-none-eabi/lib/armv6-m\libcr_c.a(_fdopen.o)
                              c:/nxp/lpcxpresso_8.2.2_650/lpcxpresso/tools/bin/../lib/gcc/arm-none-eabi/5.4.1/../../../../arm-none-eabi/lib/armv6-m\libcr_c.a(initio.o) (_fdopen)
c:/nxp/lpcxpresso_8.2.2_650/lpcxpresso/tools/bin/../lib/gcc/arm-none-eabi/5.4.1/../../../../arm-none-eabi/lib/armv6-m\libcr_c.a(_fflush.o)
                              c:/nxp/lpcxpresso_8.2.2_650/lpcxpresso/tools/bin/../lib/gcc/arm-none-eabi/5.4.1/../../../../arm-none-eabi/lib/armv6-m\libcr_c.a(__fillbuf.o) (_fflush)
c:/nxp/lpcxpresso_8.2.2_650/lpcxpresso/tools/bin/../lib/gcc/arm-none-eabi/5.4.1/../../../../arm-none-eabi/lib/armv6-m\libcr_c.a(_writebuf.o)
                              c:/nxp/lpcxpresso_8.2.2_650/lpcxpresso/tools/bin/../lib/gcc/arm-none-eabi/5.4.1/../../../../arm-none-eabi/lib/armv6-m\libcr_c.a(_deferredlazyseek.o) (_Cwritebuf)
c:/nxp/lpcxpresso_8.2.2_650/lpcxpresso/tools/bin/../lib/gcc/arm-none-eabi/5.4.1/../../../../arm-none-eabi/lib/armv6-m\libcr_c.a(alloc.o)
                              c:/nxp/lpcxpresso_8.2.2_650/lpcxpresso/tools/bin/../lib/gcc/arm-none-eabi/5.4.1/../../../../arm-none-eabi/lib/armv6-m\libcr_c.a(initio.o) (_Csys_alloc)
c:/nxp/lpcxpresso_8.2.2_650/lpcxpresso/tools/bin/../lib/gcc/arm-none-eabi/5.4.1/../../../../arm-none-eabi/lib/armv6-m\libcr_c.a(fclose.o)
                              c:/nxp/lpcxpresso_8.2.2_650/lpcxpresso/tools/bin/../lib/gcc/arm-none-eabi/5.4.1/../../../../arm-none-eabi/lib/armv6-m\libcr_c.a(initio.o) (fclose)
c:/nxp/lpcxpresso_8.2.2_650/lpcxpresso/tools/bin/../lib/gcc/arm-none-eabi/5.4.1/../../../../arm-none-eabi/lib/armv6-m\libcr_c.a(fflush.o)
                              c:/nxp/lpcxpresso_8.2.2_650/lpcxpresso/tools/bin/../lib/gcc/arm-none-eabi/5.4.1/../../../../arm-none-eabi/lib/armv6-m\libcr_c.a(fclose.o) (fflush)
c:/nxp/lpcxpresso_8.2.2_650/lpcxpresso/tools/bin/../lib/gcc/arm-none-eabi/5.4.1/../../../../arm-none-eabi/lib/armv6-m\libcr_c.a(fseek.o)
                              c:/nxp/lpcxpresso_8.2.2_650/lpcxpresso/tools/bin/../lib/gcc/arm-none-eabi/5.4.1/../../../../arm-none-eabi/lib/armv6-m\libcr_c.a(_deferredlazyseek.o) (fseek)
c:/nxp/lpcxpresso_8.2.2_650/lpcxpresso/tools/bin/../lib/gcc/arm-none-eabi/5.4.1/../../../../arm-none-eabi/lib/armv6-m\libcr_c.a(ftell.o)
                              c:/nxp/lpcxpresso_8.2.2_650/lpcxpresso/tools/bin/../lib/gcc/arm-none-eabi/5.4.1/../../../../arm-none-eabi/lib/armv6-m\libcr_c.a(fseek.o) (ftell)
[...]
Memory Configuration

Name             Origin             Length             Attributes
MFlash64         0x00000000         0x00010000         xr
RamLoc8          0x10000000         0x00002000         xrw
*default*        0x00000000         0xffffffff

Linker script and memory map

LOAD ./Fuentes/Comunicaciones.o
LOAD ./Fuentes/Display.o
LOAD ./Fuentes/Funciones.o
LOAD ./Fuentes/Main.o
LOAD ./Fuentes/Menu.o
LOAD ./Fuentes/Subfunciones.o
LOAD ./Fuentes/Teclado.o
LOAD ./Fuentes/Touch.o
LOAD ./Fuentes/WG12864A.o
LOAD ./Fuentes/cr_startup_lpc11.o
LOAD ./Fuentes/sd_mmc.o
LOAD ./Drivers/adc.o
LOAD ./Drivers/gpio.o
LOAD ./Drivers/ssp.o
LOAD ./Drivers/timer32.o
LOAD ./Drivers/wdt.o
LOAD F:\Proyectos LPC1115\Monitor_Fetal\CMSISv1p30_LPC11xx\Debug\libCMSISv1p30_LPC11xx.a
START GROUP
LOAD c:/nxp/lpcxpresso_8.2.2_650/lpcxpresso/tools/bin/../lib/gcc/arm-none-eabi/5.4.1/../../../../arm-none-eabi/lib/armv6-m\libcr_semihost.a
LOAD c:/nxp/lpcxpresso_8.2.2_650/lpcxpresso/tools/bin/../lib/gcc/arm-none-eabi/5.4.1/../../../../arm-none-eabi/lib/armv6-m\libcr_c.a
LOAD c:/nxp/lpcxpresso_8.2.2_650/lpcxpresso/tools/bin/../lib/gcc/arm-none-eabi/5.4.1/armv6-m\libcr_eabihelpers.a
END GROUP
                0x00000000                __base_MFlash64 = 0x0
                0x00000000                __base_Flash = 0x0
                0x00010000                __top_MFlash64 = 0x10000
                0x00010000                __top_Flash = 0x10000
                0x10000000                __base_RamLoc8 = 0x10000000
                0x10000000                __base_RAM = 0x10000000
                0x10002000                __top_RamLoc8 = 0x10002000
                0x10002000                __top_RAM = 0x10002000

.text           0x00000000     0x8210
 FILL mask 0xff
                0x00000000                __vectors_start__ = ABSOLUTE (.)
 *(.isr_vector)
 .isr_vector    0x00000000       0xc0 ./Fuentes/cr_startup_lpc11.o
                0x00000000                g_pfnVectors
                0x000000c0                . = ALIGN (0x4)
                0x000000c0                __section_table_start = .
                0x000000c0                __data_section_table = .
                0x000000c0        0x4 LONG 0x8210 LOADADDR (.data)
                0x000000c4        0x4 LONG 0x10000000 ADDR (.data)
                0x000000c8        0x4 LONG 0xbc SIZEOF (.data)
                0x000000cc                __data_section_table_end = .
                0x000000cc                __bss_section_table = .
                0x000000cc        0x4 LONG 0x100000c0 ADDR (.bss)
                0x000000d0        0x4 LONG 0xd44 SIZEOF (.bss)
                0x000000d4                __bss_section_table_end = .
                0x000000d4                __section_table_end = .
 *(.after_vectors*)
 .after_vectors
                0x000000d4       0x70 ./Fuentes/cr_startup_lpc11.o
                0x000000d4                NMI_Handler
                0x000000d6                HardFault_Handler
                0x000000d8                SVCall_Handler
                0x000000da                PendSV_Handler
                0x000000dc                SysTick_Handler
                0x000000de                TIMER16_0_IRQHandler
                0x000000de                UART_IRQHandler
                0x000000de                TIMER32_0_IRQHandler
                0x000000de                WDT_IRQHandler
                0x000000de                IntDefaultHandler
                0x000000de                CAN_IRQHandler
                0x000000de                I2C_IRQHandler
                0x000000de                TIMER16_1_IRQHandler
                0x000000de                PIOINT2_IRQHandler
                0x000000de                BOD_IRQHandler
                0x000000de                WAKEUP_IRQHandler
                0x000000de                PIOINT0_IRQHandler
                0x000000e0                data_init
                0x000000f2                bss_init
                0x00000102                ResetISR
 *(.text*)
 .text.recibe_datos
                0x00000144       0x78 ./Fuentes/Comunicaciones.o
                0x00000144                recibe_datos
 .text.envia_datos
                0x000001bc      0x150 ./Fuentes/Comunicaciones.o
                0x000001bc                envia_datos
 .text.leobuffer
                0x0000030c      0x378 ./Fuentes/Comunicaciones.o
                0x0000030c                leobuffer
 .text.Graf_datos_est
                0x00000684      0x12c ./Fuentes/Display.o
                0x00000684                Graf_datos_est
 .text.func_punto
                0x000007b0       0x48 ./Fuentes/Display.o
                0x000007b0                func_punto
 .text.analizo_salto
                0x000007f8      0x290 ./Fuentes/Display.o
                0x000007f8                analizo_salto
 .text.Grafica_monitoreo
                0x00000a88      0x128 ./Fuentes/Display.o
                0x00000a88                Grafica_monitoreo
 .text.TIMER32_1_IRQHandler
                0x00000bb0      0x1a0 ./Fuentes/Funciones.o
                0x00000bb0                TIMER32_1_IRQHandler
 .text.Func_Sleep
                0x00000d50      0x100 ./Fuentes/Funciones.o
                0x00000d50                Func_Sleep
 .text.Func_Ingreso
                0x00000e50      0x228 ./Fuentes/Funciones.o
                0x00000e50                Func_Ingreso
 .text.func_consultapaciente
                0x00001078      0x21c ./Fuentes/Funciones.o
                0x00001078                func_consultapaciente
 .text.func_editapaciente
                0x00001294       0xf4 ./Fuentes/Funciones.o
                0x00001294                func_editapaciente
 .text.func_borrarpaciente
                0x00001388      0x168 ./Fuentes/Funciones.o
                0x00001388                func_borrarpaciente
 .text.Func_Monitoreo
                0x000014f0      0x298 ./Fuentes/Funciones.o
                0x000014f0                Func_Monitoreo
 .text.Func_Configuraciones
                0x00001788      0x1a4 ./Fuentes/Funciones.o
                0x00001788                Func_Configuraciones
 .text.Func_Historial
                0x0000192c      0x1bc ./Fuentes/Funciones.o
                0x0000192c                Func_Historial
 .text.func_muestrafyh
                0x00001ae8       0xdc ./Fuentes/Funciones.o
                0x00001ae8                func_muestrafyh
 .text.func_modfyh
                0x00001bc4      0xb1c ./Fuentes/Funciones.o
                0x00001bc4                func_modfyh
 .text.func_actualiza_fw
                0x000026e0       0xb4 ./Fuentes/Funciones.o
                0x000026e0                func_actualiza_fw
 .text.startup.main
                0x00002794      0x100 ./Fuentes/Main.o
                0x00002794                main
 .text.Menu_Logo
                0x00002894      0x16c ./Fuentes/Menu.o
                0x00002894                Menu_Logo
 .text.Menu_Inicial
                0x00002a00     0x12ec ./Fuentes/Menu.o
                0x00002a00                Menu_Inicial
 .text.Det_corazon
                0x00003cec      0x3ec ./Fuentes/Subfunciones.o
                0x00003cec                Det_corazon
 .text.almacena_sd
                0x000040d8      0x118 ./Fuentes/Subfunciones.o
                0x000040d8                almacena_sd
 .text.Historial
                0x000041f0       0xec ./Fuentes/Subfunciones.o
                0x000041f0                Historial
 .text.muestra_fecha_y_hora
                0x000042dc      0x11c ./Fuentes/Subfunciones.o
                0x000042dc                muestra_fecha_y_hora
 .text.muestra_dsemana
                0x000043f8       0xb4 ./Fuentes/Subfunciones.o
                0x000043f8                muestra_dsemana
 .text.prox_fecha
                0x000044ac       0xc4 ./Fuentes/Subfunciones.o
                0x000044ac                prox_fecha
 .text.prox_hora
                0x00004570       0xa0 ./Fuentes/Subfunciones.o
                0x00004570                prox_hora
 .text.func_teclado
                0x00004610      0xa40 ./Fuentes/Teclado.o
                0x00004610                func_teclado
 .text.Func_MuestraTeclado
                0x00005050      0x778 ./Fuentes/Teclado.o
                0x00005050                Func_MuestraTeclado
 .text.TOUCH_Init
                0x000057c8       0x16 ./Fuentes/Touch.o
                0x000057c8                TOUCH_Init
 *fill*         0x000057de        0x2 ff
 .text.TOUCH_Standby
                0x000057e0       0x54 ./Fuentes/Touch.o
                0x000057e0                TOUCH_Standby
 .text.TOUCH_GetX
                0x00005834       0x88 ./Fuentes/Touch.o
                0x00005834                TOUCH_GetX
 .text.TOUCH_GetY
                0x000058bc       0x88 ./Fuentes/Touch.o
                0x000058bc                TOUCH_GetY
 .text.PIOINT1_IRQHandler
                0x00005944       0x6c ./Fuentes/Touch.o
                0x00005944                PIOINT1_IRQHandler
 .text.Leo_ADC5
                0x000059b0       0x28 ./Fuentes/Touch.o
                0x000059b0                Leo_ADC5
 .text.GLCD_Data_Out
                0x000059d8       0x1c ./Fuentes/WG12864A.o
                0x000059d8                GLCD_Data_Out
 .text.GLCD_Output_Low
                0x000059f4       0x18 ./Fuentes/WG12864A.o
                0x000059f4                GLCD_Output_Low
 .text.GLCD_Output_High
                0x00005a0c       0x18 ./Fuentes/WG12864A.o
                0x00005a0c                GLCD_Output_High
 .text.GLCD_enviaBYTE
                0x00005a24       0x32 ./Fuentes/WG12864A.o
                0x00005a24                GLCD_enviaBYTE
 .text.WG12864A_Limpiar
                0x00005a56       0x56 ./Fuentes/WG12864A.o
                0x00005a56                WG12864A_Limpiar
 .text.WG12864A_Init
                0x00005aac       0x6c ./Fuentes/WG12864A.o
                0x00005aac                WG12864A_Init
 .text.WG12864A_posXY
                0x00005b18       0x6c ./Fuentes/WG12864A.o
                0x00005b18                WG12864A_posXY
 .text.WG12864A_putchar
                0x00005b84       0x88 ./Fuentes/WG12864A.o
                0x00005b84                WG12864A_putchar
 .text.WG12864A_printf
                0x00005c0c       0x1c ./Fuentes/WG12864A.o
                0x00005c0c                WG12864A_printf
 .text.WG12864A_print_symbol
                0x00005c28       0xac ./Fuentes/WG12864A.o
                0x00005c28                WG12864A_print_symbol
 .text.sd_mmc_spi_send_and_read
                0x00005cd4       0x24 ./Fuentes/sd_mmc.o
                0x00005cd4                sd_mmc_spi_send_and_read
 .text.sd_mmc_spi_command
                0x00005cf8       0xb0 ./Fuentes/sd_mmc.o
                0x00005cf8                sd_mmc_spi_command
 .text.sd_mmc_spi_send_command
                0x00005da8       0x10 ./Fuentes/sd_mmc.o
                0x00005da8                sd_mmc_spi_send_command
 .text.sd_mmc_spi_wait_not_busy
                0x00005db8       0x28 ./Fuentes/sd_mmc.o
                0x00005db8                sd_mmc_spi_wait_not_busy
 .text.sd_mmc_spi_get_if
                0x00005de0       0x54 ./Fuentes/sd_mmc.o
                0x00005de0                sd_mmc_spi_get_if
 .text.sd_mmc_spi_get_csd
                0x00005e34       0x94 ./Fuentes/sd_mmc.o
                0x00005e34                sd_mmc_spi_get_csd
 .text.sd_mmc_spi_get_capacity
                0x00005ec8      0x104 ./Fuentes/sd_mmc.o
                0x00005ec8                sd_mmc_spi_get_capacity
 .text.sd_mmc_spi_check_hc
                0x00005fcc       0x4c ./Fuentes/sd_mmc.o
                0x00005fcc                sd_mmc_spi_check_hc
 .text.sd_mmc_spi_internal_init
                0x00006018      0x1d4 ./Fuentes/sd_mmc.o
                0x00006018                sd_mmc_spi_internal_init
 .text.sd_mmc_spi_search_sector_to_ram
                0x000061ec      0x104 ./Fuentes/sd_mmc.o
                0x000061ec                sd_mmc_spi_search_sector_to_ram
 .text.sd_mmc_spi_write_open
                0x000062f0       0x14 ./Fuentes/sd_mmc.o
                0x000062f0                sd_mmc_spi_write_open
 .text.sd_mmc_spi_write_close
                0x00006304        0x2 ./Fuentes/sd_mmc.o
                0x00006304                sd_mmc_spi_write_close
 *fill*         0x00006306        0x2 ff
 .text.sd_mmc_spi_write_sector_from_ram
                0x00006308       0xe0 ./Fuentes/sd_mmc.o
                0x00006308                sd_mmc_spi_write_sector_from_ram
 .text.ADC_IRQHandler
                0x000063e8       0x80 ./Drivers/adc.o
                0x000063e8                ADC_IRQHandler
 .text.ADCInit  0x00006468       0xb0 ./Drivers/adc.o
                0x00006468                ADCInit
 .text.ADCRead  0x00006518       0x78 ./Drivers/adc.o
                0x00006518                ADCRead
 .text.PIOINT3_IRQHandler
                0x00006590       0x3c ./Drivers/gpio.o
                0x00006590                PIOINT3_IRQHandler
 .text.GPIOInit
                0x000065cc       0x24 ./Drivers/gpio.o
                0x000065cc                GPIOInit
 .text.GPIOSetInterrupt
                0x000065f0       0xd8 ./Drivers/gpio.o
                0x000065f0                GPIOSetInterrupt
 .text.GPIOIntEnable
                0x000066c8       0x3c ./Drivers/gpio.o
                0x000066c8                GPIOIntEnable
 .text.GPIOIntDisable
                0x00006704       0x3c ./Drivers/gpio.o
                0x00006704                GPIOIntDisable
 .text.GPIOIntClear
                0x00006740       0x3c ./Drivers/gpio.o
                0x00006740                GPIOIntClear
 .text.GPIOSetValue
                0x0000677c       0x14 ./Drivers/gpio.o
                0x0000677c                GPIOSetValue
 .text.GPIOSetDir
                0x00006790       0x2c ./Drivers/gpio.o
                0x00006790                GPIOSetDir
 .text.GPIOGetValue
                0x000067bc       0x14 ./Drivers/gpio.o
                0x000067bc                GPIOGetValue
 .text.SSP0_IRQHandler
                0x000067d0       0x5c ./Drivers/ssp.o
                0x000067d0                SSP0_IRQHandler
 .text.SSP1_IRQHandler
                0x0000682c       0x44 ./Drivers/ssp.o
                0x0000682c                SSP1_IRQHandler
 .text.SSP_IOConfig
                0x00006870       0xbc ./Drivers/ssp.o
                0x00006870                SSP_IOConfig
 .text.SSP_Init
                0x0000692c       0x60 ./Drivers/ssp.o
                0x0000692c                SSP_Init
 .text.SSP_Send
                0x0000698c       0x68 ./Drivers/ssp.o
                0x0000698c                SSP_Send
 .text.SSP_Receive
                0x000069f4       0x4c ./Drivers/ssp.o
                0x000069f4                SSP_Receive
 .text.delay32Ms
                0x00006a40       0x84 ./Drivers/timer32.o
                0x00006a40                delay32Ms
 .text.enable_timer32
                0x00006ac4       0x18 ./Drivers/timer32.o
                0x00006ac4                enable_timer32
 .text.disable_timer32
                0x00006adc       0x1c ./Drivers/timer32.o
                0x00006adc                disable_timer32
 .text.reset_timer32
                0x00006af8       0x24 ./Drivers/timer32.o
                0x00006af8                reset_timer32
 .text.init_timer32
                0x00006b1c       0xd0 ./Drivers/timer32.o
                0x00006b1c                init_timer32
 .text.__NOP    0x00006bec        0xc F:\Proyectos LPC1115\Monitor_Fetal\CMSISv1p30_LPC11xx\Debug\libCMSISv1p30_LPC11xx.a(system_LPC11xx.o)
 .text.SystemInit
                0x00006bf8       0xe0 F:\Proyectos LPC1115\Monitor_Fetal\CMSISv1p30_LPC11xx\Debug\libCMSISv1p30_LPC11xx.a(system_LPC11xx.o)
                0x00006bf8                SystemInit
 .text.__main   0x00006cd8       0x12 c:/nxp/lpcxpresso_8.2.2_650/lpcxpresso/tools/bin/../lib/gcc/arm-none-eabi/5.4.1/../../../../arm-none-eabi/lib/armv6-m\libcr_semihost.a(_cr__main.o)
                0x00006cd8                __CR_SEMIHOST
                0x00006cd8                __main
 *fill*         0x00006cea        0x2 ff
 .text._initio  0x00006cec       0xa8 c:/nxp/lpcxpresso_8.2.2_650/lpcxpresso/tools/bin/../lib/gcc/arm-none-eabi/5.4.1/../../../../arm-none-eabi/lib/armv6-m\libcr_c.a(initio.o)
                0x00006cec                _initio
 .text.setvbuf  0x00006d94       0x48 c:/nxp/lpcxpresso_8.2.2_650/lpcxpresso/tools/bin/../lib/gcc/arm-none-eabi/5.4.1/../../../../arm-none-eabi/lib/armv6-m\libcr_c.a(setvbuf.o)
                0x00006d94                setvbuf
 .text.memset   0x00006ddc        0x8 c:/nxp/lpcxpresso_8.2.2_650/lpcxpresso/tools/bin/../lib/gcc/arm-none-eabi/5.4.1/../../../../arm-none-eabi/lib/armv6-m\libcr_c.a(memset.o)
                0x00006ddc                memset
 .text._deferredlazyseek
                0x00006de4       0x44 c:/nxp/lpcxpresso_8.2.2_650/lpcxpresso/tools/bin/../lib/gcc/arm-none-eabi/5.4.1/../../../../arm-none-eabi/lib/armv6-m\libcr_c.a(_deferredlazyseek.o)
                0x00006de4                _deferredlazyseek
 .text._fdopen  0x00006e28       0x74 c:/nxp/lpcxpresso_8.2.2_650/lpcxpresso/tools/bin/../lib/gcc/arm-none-eabi/5.4.1/../../../../arm-none-eabi/lib/armv6-m\libcr_c.a(_fdopen.o)
                0x00006e28                _fdopen
 .text._fflush  0x00006e9c       0x64 c:/nxp/lpcxpresso_8.2.2_650/lpcxpresso/tools/bin/../lib/gcc/arm-none-eabi/5.4.1/../../../../arm-none-eabi/lib/armv6-m\libcr_c.a(_fflush.o)
                0x00006e9c                _fflush
 .text._Cwritebuf
                0x00006f00       0x6c c:/nxp/lpcxpresso_8.2.2_650/lpcxpresso/tools/bin/../lib/gcc/arm-none-eabi/5.4.1/../../../../arm-none-eabi/lib/armv6-m\libcr_c.a(_writebuf.o)
                0x00006f00                _Cwritebuf
 .text.malloc   0x00006f6c       0xcc c:/nxp/lpcxpresso_8.2.2_650/lpcxpresso/tools/bin/../lib/gcc/arm-none-eabi/5.4.1/../../../../arm-none-eabi/lib/armv6-m\libcr_c.a(alloc.o)
                0x00006f6c                malloc
 .text.free     0x00007038       0x2e c:/nxp/lpcxpresso_8.2.2_650/lpcxpresso/tools/bin/../lib/gcc/arm-none-eabi/5.4.1/../../../../arm-none-eabi/lib/armv6-m\libcr_c.a(alloc.o)
                0x00007038                free
 *fill*         0x00007066        0x2 ff
 .text._Csys_alloc
                0x00007068       0x20 c:/nxp/lpcxpresso_8.2.2_650/lpcxpresso/tools/bin/../lib/gcc/arm-none-eabi/5.4.1/../../../../arm-none-eabi/lib/armv6-m\libcr_c.a(alloc.o)
                0x00007068                _Csys_alloc
 .text.fclose   0x00007088       0x70 c:/nxp/lpcxpresso_8.2.2_650/lpcxpresso/tools/bin/../lib/gcc/arm-none-eabi/5.4.1/../../../../arm-none-eabi/lib/armv6-m\libcr_c.a(fclose.o)
                0x00007088                fclose
 .text.fflush   0x000070f8       0x34 c:/nxp/lpcxpresso_8.2.2_650/lpcxpresso/tools/bin/../lib/gcc/arm-none-eabi/5.4.1/../../../../arm-none-eabi/lib/armv6-m\libcr_c.a(fflush.o)
                0x000070f8                fflush
 .text.fseek    0x0000712c      0x100 c:/nxp/lpcxpresso_8.2.2_650/lpcxpresso/tools/bin/../lib/gcc/arm-none-eabi/5.4.1/../../../../arm-none-eabi/lib/armv6-m\libcr_c.a(fseek.o)
                0x0000712c                fseek
 .text.ftell    0x0000722c       0x4c c:/nxp/lpcxpresso_8.2.2_650/lpcxpresso/tools/bin/../lib/gcc/arm-none-eabi/5.4.1/../../../../arm-none-eabi/lib/armv6-m\libcr_c.a(ftell.o)
                0x0000722c                ftell
 .text.remove   0x00007278       0x12 c:/nxp/lpcxpresso_8.2.2_650/lpcxpresso/tools/bin/../lib/gcc/arm-none-eabi/5.4.1/../../../../arm-none-eabi/lib/armv6-m\libcr_c.a(remove.o)
                0x00007278                remove
 *fill*         0x0000728a        0x2 ff
 .text.strlen   0x0000728c       0x54 c:/nxp/lpcxpresso_8.2.2_650/lpcxpresso/tools/bin/../lib/gcc/arm-none-eabi/5.4.1/../../../../arm-none-eabi/lib/armv6-m\libcr_c.a(strlen.o)
                0x0000728c                strlen
 .text._sbrk    0x000072e0       0x40 c:/nxp/lpcxpresso_8.2.2_650/lpcxpresso/tools/bin/../lib/gcc/arm-none-eabi/5.4.1/../../../../arm-none-eabi/lib/armv6-m\libcr_c.a(_cr_sbrk.o)
                0x000072e0                _sbrk
 .text._do_fflush
                0x00007320       0x48 c:/nxp/lpcxpresso_8.2.2_650/lpcxpresso/tools/bin/../lib/gcc/arm-none-eabi/5.4.1/../../../../arm-none-eabi/lib/armv6-m\libcr_c.a(_do_fflush.o)
                0x00007320                _do_fflush
 .text.__check_heap_overflow
                0x00007368       0x14 c:/nxp/lpcxpresso_8.2.2_650/lpcxpresso/tools/bin/../lib/gcc/arm-none-eabi/5.4.1/../../../../arm-none-eabi/lib/armv6-m\libcr_c.a(_cr_check_heap.o)
                0x00007368                __check_heap_overflow
 .text.__aeabi_division_idivmod
                0x0000737c       0x78 c:/nxp/lpcxpresso_8.2.2_650/lpcxpresso/tools/bin/../lib/gcc/arm-none-eabi/5.4.1/armv6-m\libcr_eabihelpers.a(division_32.o)
                0x0000737c                __aeabi_idivmod
                0x0000737c                __aeabi_idiv
                0x00007382                __aeabi_uidivmod
                0x00007382                __aeabi_uidiv
 .text.__aeabi_division_idiv0
                0x000073f4        0x2 c:/nxp/lpcxpresso_8.2.2_650/lpcxpresso/tools/bin/../lib/gcc/arm-none-eabi/5.4.1/armv6-m\libcr_eabihelpers.a(division_idiv0.o)
                0x000073f4                __aeabi_idiv0
 .text.__aeabi_memset_lowlevel
                0x000073f6       0x2a c:/nxp/lpcxpresso_8.2.2_650/lpcxpresso/tools/bin/../lib/gcc/arm-none-eabi/5.4.1/armv6-m\libcr_eabihelpers.a(memcpy.o)
                0x000073f6                __aeabi_lowlevel_memset
 .text.__gnu_thumb1_case_uqi
                0x00007420       0x10 c:/nxp/lpcxpresso_8.2.2_650/lpcxpresso/tools/bin/../lib/gcc/arm-none-eabi/5.4.1/armv6-m\libcr_eabihelpers.a(thumb1_switch_helpers.o)
                0x00007420                __gnu_thumb1_case_uqi
 .text.__gnu_thumb1_case_uhi
                0x00007430       0x10 c:/nxp/lpcxpresso_8.2.2_650/lpcxpresso/tools/bin/../lib/gcc/arm-none-eabi/5.4.1/armv6-m\libcr_eabihelpers.a(thumb1_switch_helpers.o)
                0x00007430                __gnu_thumb1_case_uhi
 .text.__sys_appexit
                0x00007440        0xc c:/nxp/lpcxpresso_8.2.2_650/lpcxpresso/tools/bin/../lib/gcc/arm-none-eabi/5.4.1/../../../../arm-none-eabi/lib/armv6-m\libcr_semihost.a(__sys_appexit.o)
                0x00007440                __sys_appexit
                0x00007440                __exit
 .text.__sys_close
                0x0000744c        0xc c:/nxp/lpcxpresso_8.2.2_650/lpcxpresso/tools/bin/../lib/gcc/arm-none-eabi/5.4.1/../../../../arm-none-eabi/lib/armv6-m\libcr_semihost.a(__sys_close.o)
                0x0000744c                __sys_close
 .text.__sys_flen
                0x00007458        0xc c:/nxp/lpcxpresso_8.2.2_650/lpcxpresso/tools/bin/../lib/gcc/arm-none-eabi/5.4.1/../../../../arm-none-eabi/lib/armv6-m\libcr_semihost.a(__sys_flen.o)
                0x00007458                __sys_flen
 .text.__sys_istty
                0x00007464        0xc c:/nxp/lpcxpresso_8.2.2_650/lpcxpresso/tools/bin/../lib/gcc/arm-none-eabi/5.4.1/../../../../arm-none-eabi/lib/armv6-m\libcr_semihost.a(__sys_istty.o)
                0x00007464                __sys_istty
 .text.__sys_remove
                0x00007470        0xc c:/nxp/lpcxpresso_8.2.2_650/lpcxpresso/tools/bin/../lib/gcc/arm-none-eabi/5.4.1/../../../../arm-none-eabi/lib/armv6-m\libcr_semihost.a(__sys_remove.o)
                0x00007470                __sys_remove
 .text.__sys_seek
                0x0000747c        0xc c:/nxp/lpcxpresso_8.2.2_650/lpcxpresso/tools/bin/../lib/gcc/arm-none-eabi/5.4.1/../../../../arm-none-eabi/lib/armv6-m\libcr_semihost.a(__sys_seek.o)
                0x0000747c                __sys_seek
 .text.__sys_tmpnam
                0x00007488        0xc c:/nxp/lpcxpresso_8.2.2_650/lpcxpresso/tools/bin/../lib/gcc/arm-none-eabi/5.4.1/../../../../arm-none-eabi/lib/armv6-m\libcr_semihost.a(__sys_tmpnam.o)
                0x00007488                __sys_tmpnam
 .text.__sys_write
                0x00007494        0xc c:/nxp/lpcxpresso_8.2.2_650/lpcxpresso/tools/bin/../lib/gcc/arm-none-eabi/5.4.1/../../../../arm-none-eabi/lib/armv6-m\libcr_semihost.a(__sys_write.o)
                0x00007494                __sys_write
                0x00007494                __write
 *(.rodata .rodata.* .constdata .constdata.*)
 .rodata.str1.1
                0x000074a0       0x31 ./Fuentes/Display.o
                                 0x33 (size before relaxing)
 .rodata.str1.1
                0x000074d1      0x2f3 ./Fuentes/Funciones.o
                                0x33a (size before relaxing)
 .rodata.str1.1
                0x000077c4      0x385 ./Fuentes/Menu.o
                                0x399 (size before relaxing)
 .rodata.str1.1
                0x00007b49       0x36 ./Fuentes/Subfunciones.o
                                 0x57 (size before relaxing)
 .rodata.str1.1
                0x00007b7f      0x112 ./Fuentes/Teclado.o
                                0x14b (size before relaxing)
 .rodata.FD16x16
                0x00007c91       0x20 ./Fuentes/WG12864A.o
                0x00007c91                FD16x16
 .rodata.LL16x16
                0x00007cb1       0x20 ./Fuentes/WG12864A.o
                0x00007cb1                LL16x16
 .rodata.OKS8x16
                0x00007cd1       0x20 ./Fuentes/WG12864A.o
                0x00007cd1                OKS8x16
 .rodata.L116x16
                0x00007cf1       0x20 ./Fuentes/WG12864A.o
                0x00007cf1                L116x16
 .rodata.LM16x16
                0x00007d11       0x20 ./Fuentes/WG12864A.o
                0x00007d11                LM16x16
 .rodata.Hexa8x6
                0x00007d31       0x60 ./Fuentes/WG12864A.o
                0x00007d31                Hexa8x6
 .rodata.Cross16x16
                0x00007d91       0x20 ./Fuentes/WG12864A.o
                0x00007d91                Cross16x16
 .rodata.LeftArrow16x16
                0x00007db1       0x20 ./Fuentes/WG12864A.o
                0x00007db1                LeftArrow16x16
 .rodata.LOO16x16
                0x00007dd1       0x20 ./Fuentes/WG12864A.o
                0x00007dd1                LOO16x16
 .rodata.LR16x16
                0x00007df1       0x20 ./Fuentes/WG12864A.o
                0x00007df1                LR16x16
 .rodata.LT16x16
                0x00007e11       0x20 ./Fuentes/WG12864A.o
                0x00007e11                LT16x16
 .rodata.LF16x16
                0x00007e31       0x20 ./Fuentes/WG12864A.o
                0x00007e31                LF16x16
 .rodata.Arial8x6
                0x00007e51      0x234 ./Fuentes/WG12864A.o
                0x00007e51                Arial8x6
 .rodata.LN16x16
                0x00008085       0x20 ./Fuentes/WG12864A.o
                0x00008085                LN16x16
 .rodata.OK16x16
                0x000080a5       0x20 ./Fuentes/WG12864A.o
                0x000080a5                OK16x16
 .rodata.RightArrow16x16
                0x000080c5       0x20 ./Fuentes/WG12864A.o
                0x000080c5                RightArrow16x16
 .rodata.LO16x16
                0x000080e5       0x20 ./Fuentes/WG12864A.o
                0x000080e5                LO16x16
 .rodata.HEART16x16
                0x00008105       0x20 ./Fuentes/WG12864A.o
                0x00008105                HEART16x16
 .rodata.BACK16x16
                0x00008125       0x20 ./Fuentes/WG12864A.o
                0x00008125                BACK16x16
 .rodata.LI16x16
                0x00008145       0x20 ./Fuentes/WG12864A.o
                0x00008145                LI16x16
 .rodata.BK8x16
                0x00008165       0x20 ./Fuentes/WG12864A.o
                0x00008165                BK8x16
 .rodata.LE16x16
                0x00008185       0x20 ./Fuentes/WG12864A.o
                0x00008185                LE16x16
 .rodata.LTT16x16
                0x000081a5       0x20 ./Fuentes/WG12864A.o
                0x000081a5                LTT16x16
 .rodata.LA16x16
                0x000081c5       0x20 ./Fuentes/WG12864A.o
                0x000081c5                LA16x16
 *fill*         0x000081e5        0x3 ff
 .rodata.LPC_GPIO
                0x000081e8       0x10 ./Drivers/gpio.o
 .rodata.str1.1
                0x000081f8      0x112 c:/nxp/lpcxpresso_8.2.2_650/lpcxpresso/tools/bin/../lib/gcc/arm-none-eabi/5.4.1/../../../../arm-none-eabi/lib/armv6-m\libcr_c.a(initio.o)
                                  0x4 (size before relaxing)
 .rodata.str1.1
                0x000081f8       0x18 c:/nxp/lpcxpresso_8.2.2_650/lpcxpresso/tools/bin/../lib/gcc/arm-none-eabi/5.4.1/../../../../arm-none-eabi/lib/armv6-m\libcr_c.a(alloc.o)
                0x0000830c                . = ALIGN (0x4)

.glue_7         0x00008210        0x0
 .glue_7        0x00008210        0x0 linker stubs

.glue_7t        0x00008210        0x0
 .glue_7t       0x00008210        0x0 linker stubs

.vfp11_veneer   0x00008210        0x0
 .vfp11_veneer  0x00008210        0x0 linker stubs

.v4_bx          0x00008210        0x0
 .v4_bx         0x00008210        0x0 linker stubs

.iplt           0x00008210        0x0
 .iplt          0x00008210        0x0 ./Fuentes/Comunicaciones.o

.rel.dyn        0x00008210        0x0
 .rel.iplt      0x00008210        0x0 ./Fuentes/Comunicaciones.o

.ARM.extab
 *(.ARM.extab* .gnu.linkonce.armextab.*)
                0x00008210                __exidx_start = .

.ARM.exidx
 *(.ARM.exidx* .gnu.linkonce.armexidx.*)
                0x00008210                __exidx_end = .
                0x00008210                _etext = .

.uninit_RESERVED
                0x10000000        0x0
 *(.bss.$RESERVED*)
                0x10000000                . = ALIGN (0x4)
                0x10000000                _end_uninit_RESERVED = .

.data           0x10000000       0xbc load address 0x00008210
 FILL mask 0xff
                0x10000000                _data = .
 *(vtable)
 *(.ramfunc*)
 *(.data*)
 .data.flag_sleepsubmenu
                0x10000000        0x4 ./Fuentes/Funciones.o
                0x10000000                flag_sleepsubmenu
 .data.num      0x10000004        0x4 ./Fuentes/Funciones.o
                0x10000004                num
 .data.val_bufff
                0x10000008       0x64 ./Fuentes/Funciones.o
                0x10000008                val_bufff
 .data.menu41_4
                0x1000006c        0x4 ./Fuentes/Menu.o
                0x1000006c                menu41_4
 .data.menu4    0x10000070        0x4 ./Fuentes/Menu.o
                0x10000070                menu4
 .data.menu41_2
                0x10000074        0x4 ./Fuentes/Menu.o
                0x10000074                menu41_2
 .data.menu41_3
                0x10000078        0x4 ./Fuentes/Menu.o
                0x10000078                menu41_3
 .data.clave    0x1000007c       0x10 ./Fuentes/Menu.o
                0x1000007c                clave
 .data.menu41   0x1000008c        0x4 ./Fuentes/Menu.o
                0x1000008c                menu41
 .data.cur      0x10000090        0x4 ./Fuentes/Menu.o
                0x10000090                cur
 .data.flagirq  0x10000094        0x4 ./Fuentes/Menu.o
                0x10000094                flagirq
 .data.menu1    0x10000098        0x4 ./Fuentes/Menu.o
                0x10000098                menu1
 .data.menu2    0x1000009c        0x4 ./Fuentes/Menu.o
                0x1000009c                menu2
 .data.menu3    0x100000a0        0x4 ./Fuentes/Menu.o
                0x100000a0                menu3
 .data.menu41_1
                0x100000a4        0x4 ./Fuentes/Menu.o
                0x100000a4                menu41_1
 .data.menu32   0x100000a8        0x4 ./Fuentes/Menu.o
                0x100000a8                menu32
 .data.posX     0x100000ac        0x4 ./Fuentes/WG12864A.o
                0x100000ac                posX
 .data.posY     0x100000b0        0x4 ./Fuentes/WG12864A.o
                0x100000b0                posY
 .data.sd_sector
                0x100000b4        0x4 ./Fuentes/sd_mmc.o
                0x100000b4                sd_sector
 .data          0x100000b8        0x4 F:\Proyectos LPC1115\Monitor_Fetal\CMSISv1p30_LPC11xx\Debug\libCMSISv1p30_LPC11xx.a(system_LPC11xx.o)
                0x100000b8                SystemCoreClock
                0x100000bc                . = ALIGN (0x4)
                0x100000bc                _edata = .

.igot.plt       0x100000bc        0x0 load address 0x000082cc
 .igot.plt      0x100000bc        0x0 ./Fuentes/Comunicaciones.o

.bss            0x100000c0      0xd44 load address 0x000082cc
                0x100000c0                _bss = .
 *(.bss*)
 .bss.no_recibo
                0x100000c0        0x1 ./Fuentes/Comunicaciones.o
                0x100000c0                no_recibo
 .bss.queenv    0x100000c1        0x1 ./Fuentes/Comunicaciones.o
                0x100000c1                queenv
 .bss.org       0x100000c2        0x1 ./Fuentes/Comunicaciones.o
                0x100000c2                org
 .bss.indf      0x100000c3        0x1 ./Fuentes/Comunicaciones.o
                0x100000c3                indf
 .bss.actualiza_fw
                0x100000c4        0x1 ./Fuentes/Funciones.o
                0x100000c4                actualiza_fw
 .bss.mod       0x100000c5        0x1 ./Fuentes/Funciones.o
                0x100000c5                mod
 .bss.salir     0x100000c6        0x1 ./Fuentes/Funciones.o
                0x100000c6                salir
 *fill*         0x100000c7        0x1 
 .bss.varmod    0x100000c8        0x4 ./Fuentes/Funciones.o
                0x100000c8                varmod
 .bss.norecarga
                0x100000cc        0x4 ./Fuentes/Funciones.o
                0x100000cc                norecarga
 .bss.flagesp   0x100000d0        0x1 ./Fuentes/Funciones.o
                0x100000d0                flagesp
 *fill*         0x100000d1        0x3 
 .bss.s         0x100000d4        0x4 ./Fuentes/Funciones.o
                0x100000d4                s
 .bss.muefunc   0x100000d8        0x4 ./Fuentes/Funciones.o
                0x100000d8                muefunc
 .bss.PPM       0x100000dc        0x4 ./Fuentes/Funciones.o
                0x100000dc                PPM
 .bss.tit       0x100000e0        0x4 ./Fuentes/Funciones.o
                0x100000e0                tit
 .bss.lec       0x100000e4        0x1 ./Fuentes/Main.o
                0x100000e4                lec
 .bss.cont      0x100000e5        0x1 ./Fuentes/Main.o
                0x100000e5                cont
 .bss.flagbll   0x100000e6        0x1 ./Fuentes/Main.o
                0x100000e6                flagbll
 .bss.flagmm    0x100000e7        0x1 ./Fuentes/Main.o
                0x100000e7                flagmm
 .bss.sumaerr   0x100000e8        0x1 ./Fuentes/Main.o
                0x100000e8                sumaerr
 *fill*         0x100000e9        0x3 
 .bss.sleepmenu
                0x100000ec        0x4 ./Fuentes/Menu.o
                0x100000ec                sleepmenu
 .bss.indice    0x100000f0        0x4 ./Fuentes/Menu.o
                0x100000f0                indice
 .bss.menu      0x100000f4        0x4 ./Fuentes/Menu.o
                0x100000f4                menu
 .bss.buffer.4839
                0x100000f8       0x2c ./Fuentes/Subfunciones.o
 .bss.buffer.4848
                0x10000124       0x2c ./Fuentes/Subfunciones.o
 .bss.buffer.4861
                0x10000150       0x2c ./Fuentes/Subfunciones.o
 .bss.buffer_pulso
                0x1000017c       0x2c ./Fuentes/Subfunciones.o
 .bss.buffer.4866
                0x100001a8       0x2c ./Fuentes/Subfunciones.o
 .bss.a         0x100001d4        0x4 ./Fuentes/Touch.o
                0x100001d4                a
 .bss.gl_ptr_mem
                0x100001d8        0x4 ./Fuentes/sd_mmc.o
 .bss.sd_mmc_spi_init_done
                0x100001dc        0x1 ./Fuentes/sd_mmc.o
                0x100001dc                sd_mmc_spi_init_done
 *fill*         0x100001dd        0x3 
 .bss.ptr_memsd
                0x100001e0        0x4 ./Fuentes/sd_mmc.o
 .bss.ADCIntDone
                0x100001e4        0x4 ./Drivers/adc.o
                0x100001e4                ADCIntDone
 .bss.OverRunCounter
                0x100001e8        0x4 ./Drivers/adc.o
                0x100001e8                OverRunCounter
 .bss.gpio3_counter
                0x100001ec        0x4 ./Drivers/gpio.o
                0x100001ec                gpio3_counter
 .bss.p3_1_counter
                0x100001f0        0x4 ./Drivers/gpio.o
                0x100001f0                p3_1_counter
 .bss.interruptOverRunStat0
                0x100001f4        0x4 ./Drivers/ssp.o
                0x100001f4                interruptOverRunStat0
 .bss.interruptOverRunStat1
                0x100001f8        0x4 ./Drivers/ssp.o
                0x100001f8                interruptOverRunStat1
 .bss.interruptRxTimeoutStat0
                0x100001fc        0x4 ./Drivers/ssp.o
                0x100001fc                interruptRxTimeoutStat0
 .bss.interruptRxTimeoutStat1
                0x10000200        0x4 ./Drivers/ssp.o
                0x10000200                interruptRxTimeoutStat1
 .bss.interruptRxStat0
                0x10000204        0x4 ./Drivers/ssp.o
                0x10000204                interruptRxStat0
 .bss.interruptRxStat1
                0x10000208        0x4 ./Drivers/ssp.o
                0x10000208                interruptRxStat1
 .bss.timer32_0_counter
                0x1000020c        0x4 ./Drivers/timer32.o
                0x1000020c                timer32_0_counter
 .bss.timer32_0_capture
                0x10000210        0x4 ./Drivers/timer32.o
                0x10000210                timer32_0_capture
 .bss.timer32_1_counter
                0x10000214        0x4 ./Drivers/timer32.o
                0x10000214                timer32_1_counter
 .bss.timer32_1_capture
                0x10000218        0x4 ./Drivers/timer32.o
                0x10000218                timer32_1_capture
 .bss._extra    0x1000021c        0x4 c:/nxp/lpcxpresso_8.2.2_650/lpcxpresso/tools/bin/../lib/gcc/arm-none-eabi/5.4.1/../../../../arm-none-eabi/lib/armv6-m\libcr_c.a(initio.o)
                0x1000021c                _extra
 .bss.__Ciob    0x10000220      0x140 c:/nxp/lpcxpresso_8.2.2_650/lpcxpresso/tools/bin/../lib/gcc/arm-none-eabi/5.4.1/../../../../arm-none-eabi/lib/armv6-m\libcr_c.a(stdio.o)
                0x10000220                __Ciob
 .bss.__heaps   0x10000360        0x4 c:/nxp/lpcxpresso_8.2.2_650/lpcxpresso/tools/bin/../lib/gcc/arm-none-eabi/5.4.1/../../../../arm-none-eabi/lib/armv6-m\libcr_c.a(__init_alloc.o)
                0x10000360                __heaps
 .bss.__end_of_heap
                0x10000364        0x4 c:/nxp/lpcxpresso_8.2.2_650/lpcxpresso/tools/bin/../lib/gcc/arm-none-eabi/5.4.1/../../../../arm-none-eabi/lib/armv6-m\libcr_c.a(__init_alloc.o)
                0x10000364                __end_of_heap
 .bss.errno     0x10000368        0x4 c:/nxp/lpcxpresso_8.2.2_650/lpcxpresso/tools/bin/../lib/gcc/arm-none-eabi/5.4.1/../../../../arm-none-eabi/lib/armv6-m\libcr_c.a(errno.o)
                0x10000368                errno
 *(COMMON)
 COMMON         0x1000036c       0x20 ./Fuentes/Comunicaciones.o
                0x1000036c                cantcomu
                0x10000370                auxs
                0x10000374                cantprt
                0x10000378                auxi
                0x1000037c                hands
                0x10000380                auxmi
                0x10000384                cantver
                0x10000385                cantmp
                0x10000386                empenv
                0x10000388                auxh
 COMMON         0x1000038c      0x485 ./Fuentes/Funciones.o
                0x1000038c                t
                0x10000390                lat_adc
                0x10000394                hab_corazon
                0x10000398                lat_ant
                0x1000039c                aux_prov
                0x100003a0                valpru2
                0x100004e0                buff_prueba2
                0x10000544                cont_10seg
                0x10000548                adc_val5
                0x1000054c                cla
                0x1000055c                cont_5seg_au
                0x1000055d                SALTO
                0x1000055e                desp_vert
                0x1000055f                toca1
                0x10000560                toca
                0x10000561                FILTRO_DIG
                0x10000562                HAB_GUARDAR
                0x10000564                i_ind_buff
                0x10000568                sd_disp
                0x1000056c                aux2
                0x10000570                SUBIR
                0x10000574                tcl
                0x10000578                PUNTO
                0x10000579                buff_prueba3
                0x100005dd                modo_func
                0x100005de                prs
                0x100005e0                adc_valY
                0x100005e4                PARLANTE
                0x100005e8                v
                0x100005e9                pos_y
                0x100005ea                cont_5seg_aux
                0x100005eb                pressok
                0x100005ec                ind_Muestras
                0x100005f0                pos_x
                0x100005f1                BAJAR
                0x100005f2                dir_comu
                0x100005f3                velc
                0x100005f4                LAT_PROM
                0x100005f8                cont_5s
                0x100005f9                menuactual
                0x100005fc                adc_valX
                0x10000600                tcla
                0x10000610                valpru
                0x100007a0                sd_mostrar
                0x100007a4                aux1
                0x100007a8                inc_ind2
                0x100007ac                buff_prueba
                0x10000810                PULSO_OK
 *fill*         0x10000811        0x3 
 COMMON         0x10000814      0x28f ./Fuentes/Main.o
                0x10000814                b_tog
                0x10000824                version
                0x10000864                btens
                0x100008a4                flag_1seg
                0x100008a5                causaerr
                0x100008b0                cont_1seg
                0x100008b1                cont_500ms
                0x100008b2                cont_1min
                0x100008b4                movmp
                0x100008f4                Rx
                0x10000912                Hab_cont_500ms
                0x10000913                SIN_SD
                0x10000914                Rx2
                0x1000098c                causaerror
                0x10000997                cont_100ms
                0x10000998                toffset
                0x100009d8                Rx1
                0x10000a50                flag_25ms
                0x10000a51                icomu
                0x10000a58                version_prt
                0x10000a98                moduloerr
 *fill*         0x10000aa3        0x1 
 COMMON         0x10000aa4        0x4 ./Fuentes/Menu.o
                0x10000aa4                var_aux
 COMMON         0x10000aa8       0xd5 ./Fuentes/Subfunciones.o
                0x10000aa8                eee
                0x10000aac                estf
                0x10000ab0                dets
                0x10000ab4                ale
                0x10000ab8                ee
                0x10000abc                proxh
                0x10000acc                Graf_punt
                0x10000ad0                Prom_tot
                0x10000ad4                cont_pulso
                0x10000ad8                ds
                0x10000adc                repite_parc
                0x10000add                pnt_ant
                0x10000ae0                esta
                0x10000ae4                seg
                0x10000ae8                ledcoo
                0x10000aec                eeee
                0x10000af0                mitad_ant
                0x10000af4                aaa
                0x10000af8                anio
                0x10000afc                aa
                0x10000b00                ef
                0x10000b04                T_Per
                0x10000b08                T_Periodo
                0x10000b0c                act_espera
                0x10000b0d                i_ff
                0x10000b0e                swt_corazon
                0x10000b0f                buf_par
                0x10000b14                cont_bajas_PPM
                0x10000b15                pulso_ant
                0x10000b16                act_t_par
                0x10000b18                mi
                0x10000b1c                pl
                0x10000b20                t_par
                0x10000b24                APA_PARLANTE
                0x10000b25                HAB_PARLANTE
                0x10000b26                HAB_G
                0x10000b28                d
                0x10000b2c                PPM_ale
                0x10000b30                cont_mem
                0x10000b34                PPM_ant
                0x10000b38                Cont_per_pulso
                0x10000b3c                Prom_par
                0x10000b40                aaaa
                0x10000b44                h
                0x10000b48                cont_ant
                0x10000b4c                proxf
                0x10000b6c                Fila_ant
                0x10000b6d                pnt
                0x10000b70                e
                0x10000b74                m
                0x10000b78                Per_par
                0x10000b7c                i_t
 *fill*         0x10000b7d        0x3 
 COMMON         0x10000b80        0x8 ./Fuentes/Touch.o
                0x10000b80                sleep
                0x10000b84                flagsleep
 COMMON         0x10000b88        0x4 ./Fuentes/WG12864A.o
                0x10000b88                salida
 *fill*         0x10000b8c        0x4 
 COMMON         0x10000b90      0x251 ./Fuentes/sd_mmc.o
                0x10000b90                SD_HC
                0x10000b94                SECTOR_SD_V
                0x10000b98                data_mem
                0x10000d9a                sec_cal
                0x10000d9c                OFFSET_SD_V
                0x10000da0                capacity
                0x10000da8                capacity_mult
                0x10000db0                checkvr
                0x10000db4                offset_cal
                0x10000db8                erase_group_size
                0x10000dbc                sd_mmc_spi_last_block_address
                0x10000dc0                r2
                0x10000dc4                offset
                0x10000dc8                card_type
                0x10000dcc                SAL_SD
                0x10000dd0                csd
                0x10000de0                r1
 *fill*         0x10000de1        0x3 
 COMMON         0x10000de4       0x20 ./Drivers/adc.o
                0x10000de4                ADCValue
                0x10000e04                . = ALIGN (0x4)
                0x10000e04                _ebss = .
                [!provide]                PROVIDE (end, .)

.noinit         0x10000e04        0x0 load address 0x000082cc
                0x10000e04                _noinit = .
 *(.noinit*)
                0x10000e04                . = ALIGN (0x4)
                0x10000e04                _end_noinit = .
                0x10000e04                PROVIDE (_pvHeapStart, DEFINED (__user_heap_base)?__user_heap_base:.)
                0x10002000                PROVIDE (_vStackTop, DEFINED (__user_stack_top)?__user_stack_top:(__top_RamLoc8 - 0x0))
                [!provide]                PROVIDE (__valid_user_code_checksum, (0x0 - (((_vStackTop + (ResetISR + 0x1)) + (DEFINED (NMI_Handler)?NMI_Handler:M0_NMI_Handler + 0x1)) + (DEFINED (HardFault_Handler)?HardFault_Handler:M0_HardFault_Handler + 0x1))))
OUTPUT(MF_v1.2.axf elf32-littlearm)

.debug_info     0x00000000     0xf283
 .debug_info    0x00000000      0x797 ./Fuentes/Comunicaciones.o
 .debug_info    0x00000797      0x884 ./Fuentes/Display.o
 .debug_info    0x0000101b     0x322f ./Fuentes/Funciones.o
 .debug_info    0x0000424a      0x745 ./Fuentes/Main.o
 .debug_info    0x0000498f     0x24aa ./Fuentes/Menu.o
 .debug_info    0x00006e39     0x1152 ./Fuentes/Subfunciones.o
 .debug_info    0x00007f8b     0x1d4e ./Fuentes/Teclado.o
 .debug_info    0x00009cd9      0x98d ./Fuentes/Touch.o
 .debug_info    0x0000a666      0x9bb ./Fuentes/WG12864A.o
 .debug_info    0x0000b021      0x285 ./Fuentes/cr_startup_lpc11.o
 .debug_info    0x0000b2a6     0x1102 ./Fuentes/sd_mmc.o
 .debug_info    0x0000c3a8      0x7e7 ./Drivers/adc.o
 .debug_info    0x0000cb8f      0xa94 ./Drivers/gpio.o
 .debug_info    0x0000d623      0xc67 ./Drivers/ssp.o
 .debug_info    0x0000e28a      0xb94 ./Drivers/timer32.o
 .debug_info    0x0000ee1e      0x465 F:\Proyectos LPC1115\Monitor_Fetal\CMSISv1p30_LPC11xx\Debug\libCMSISv1p30_LPC11xx.a(system_LPC11xx.o)

.debug_abbrev   0x00000000     0x1f51
 .debug_abbrev  0x00000000      0x20b ./Fuentes/Comunicaciones.o
 .debug_abbrev  0x0000020b      0x1f4 ./Fuentes/Display.o
 .debug_abbrev  0x000003ff      0x26d ./Fuentes/Funciones.o
 .debug_abbrev  0x0000066c      0x1a9 ./Fuentes/Main.o
 .debug_abbrev  0x00000815      0x1b0 ./Fuentes/Menu.o
 .debug_abbrev  0x000009c5      0x2db ./Fuentes/Subfunciones.o
 .debug_abbrev  0x00000ca0      0x115 ./Fuentes/Teclado.o
 .debug_abbrev  0x00000db5      0x1e9 ./Fuentes/Touch.o
 .debug_abbrev  0x00000f9e      0x16a ./Fuentes/WG12864A.o
 .debug_abbrev  0x00001108      0x11f ./Fuentes/cr_startup_lpc11.o
 .debug_abbrev  0x00001227      0x30d ./Fuentes/sd_mmc.o
 .debug_abbrev  0x00001534      0x18e ./Drivers/adc.o
 .debug_abbrev  0x000016c2      0x2d9 ./Drivers/gpio.o
 .debug_abbrev  0x0000199b      0x2ae ./Drivers/ssp.o
 .debug_abbrev  0x00001c49      0x226 ./Drivers/timer32.o
 .debug_abbrev  0x00001e6f       0xe2 F:\Proyectos LPC1115\Monitor_Fetal\CMSISv1p30_LPC11xx\Debug\libCMSISv1p30_LPC11xx.a(system_LPC11xx.o)

.debug_loc      0x00000000     0x2deb
 .debug_loc     0x00000000      0x3ee ./Fuentes/Comunicaciones.o
 .debug_loc     0x000003ee      0x5aa ./Fuentes/Display.o
 .debug_loc     0x00000998      0x31a ./Fuentes/Funciones.o
 .debug_loc     0x00000cb2       0x13 ./Fuentes/Main.o
 .debug_loc     0x00000cc5      0x7cb ./Fuentes/Subfunciones.o
 .debug_loc     0x00001490       0x2c ./Fuentes/Teclado.o
 .debug_loc     0x000014bc       0xc0 ./Fuentes/Touch.o
 .debug_loc     0x0000157c      0x36c ./Fuentes/WG12864A.o
 .debug_loc     0x000018e8      0x1d4 ./Fuentes/cr_startup_lpc11.o
 .debug_loc     0x00001abc      0x9a6 ./Fuentes/sd_mmc.o
 .debug_loc     0x00002462       0xef ./Drivers/adc.o
 .debug_loc     0x00002551      0x434 ./Drivers/gpio.o
 .debug_loc     0x00002985      0x221 ./Drivers/ssp.o
 .debug_loc     0x00002ba6      0x245 ./Drivers/timer32.o

.debug_aranges  0x00000000      0x4a8
 .debug_aranges
                0x00000000       0x30 ./Fuentes/Comunicaciones.o
 .debug_aranges
                0x00000030       0x38 ./Fuentes/Display.o
 .debug_aranges
                0x00000068       0x78 ./Fuentes/Funciones.o
 .debug_aranges
                0x000000e0       0x20 ./Fuentes/Main.o
 .debug_aranges
                0x00000100       0x28 ./Fuentes/Menu.o
 .debug_aranges
                0x00000128       0x50 ./Fuentes/Subfunciones.o
 .debug_aranges
                0x00000178       0x28 ./Fuentes/Teclado.o
 .debug_aranges
                0x000001a0       0x48 ./Fuentes/Touch.o
 .debug_aranges
                0x000001e8       0x68 ./Fuentes/WG12864A.o
 .debug_aranges
                0x00000250       0x60 ./Fuentes/cr_startup_lpc11.o
 .debug_aranges
                0x000002b0       0x90 ./Fuentes/sd_mmc.o
 .debug_aranges
                0x00000340       0x38 ./Drivers/adc.o
 .debug_aranges
                0x00000378       0x68 ./Drivers/gpio.o
 .debug_aranges
                0x000003e0       0x48 ./Drivers/ssp.o
 .debug_aranges
                0x00000428       0x50 ./Drivers/timer32.o
 .debug_aranges
                0x00000478       0x30 F:\Proyectos LPC1115\Monitor_Fetal\CMSISv1p30_LPC11xx\Debug\libCMSISv1p30_LPC11xx.a(system_LPC11xx.o)

.debug_ranges   0x00000000      0x4a8
 .debug_ranges  0x00000000       0x70 ./Fuentes/Comunicaciones.o
 .debug_ranges  0x00000070       0x28 ./Fuentes/Display.o
 .debug_ranges  0x00000098       0x68 ./Fuentes/Funciones.o
 .debug_ranges  0x00000100       0x10 ./Fuentes/Main.o
 .debug_ranges  0x00000110       0x30 ./Fuentes/Menu.o
 .debug_ranges  0x00000140       0x70 ./Fuentes/Subfunciones.o
 .debug_ranges  0x000001b0       0x18 ./Fuentes/Teclado.o
 .debug_ranges  0x000001c8       0x38 ./Fuentes/Touch.o
 .debug_ranges  0x00000200       0x58 ./Fuentes/WG12864A.o
 .debug_ranges  0x00000258       0x50 ./Fuentes/cr_startup_lpc11.o
 .debug_ranges  0x000002a8       0x80 ./Fuentes/sd_mmc.o
 .debug_ranges  0x00000328       0x28 ./Drivers/adc.o
 .debug_ranges  0x00000350       0x90 ./Drivers/gpio.o
 .debug_ranges  0x000003e0       0x50 ./Drivers/ssp.o
 .debug_ranges  0x00000430       0x58 ./Drivers/timer32.o
 .debug_ranges  0x00000488       0x20 F:\Proyectos LPC1115\Monitor_Fetal\CMSISv1p30_LPC11xx\Debug\libCMSISv1p30_LPC11xx.a(system_LPC11xx.o)

.debug_macro    0x00000000     0x32ae
 .debug_macro   0x00000000       0x93 ./Fuentes/Comunicaciones.o
 .debug_macro   0x00000093      0x83e ./Fuentes/Comunicaciones.o
 .debug_macro   0x000008d1       0x1c ./Fuentes/Comunicaciones.o
 .debug_macro   0x000008ed       0x22 ./Fuentes/Comunicaciones.o
 .debug_macro   0x0000090f       0x10 ./Fuentes/Comunicaciones.o
 .debug_macro   0x0000091f      0x12d ./Fuentes/Comunicaciones.o
 .debug_macro   0x00000a4c      0x5b2 ./Fuentes/Comunicaciones.o
 .debug_macro   0x00000ffe      0x37a ./Fuentes/Comunicaciones.o
 .debug_macro   0x00001378      0x123 ./Fuentes/Comunicaciones.o
 .debug_macro   0x0000149b       0xac ./Fuentes/Comunicaciones.o
 .debug_macro   0x00001547      0x186 ./Fuentes/Comunicaciones.o
 .debug_macro   0x000016cd      0x160 ./Fuentes/Comunicaciones.o
 .debug_macro   0x0000182d       0xaf ./Fuentes/Display.o
 .debug_macro   0x000018dc       0xa0 ./Fuentes/Display.o
 .debug_macro   0x0000197c       0x1c ./Fuentes/Display.o
 .debug_macro   0x00001998       0x6a ./Fuentes/Display.o
 .debug_macro   0x00001a02       0xdb ./Fuentes/Funciones.o
 .debug_macro   0x00001add       0xb2 ./Fuentes/Funciones.o
 .debug_macro   0x00001b8f       0x34 ./Fuentes/Funciones.o
 .debug_macro   0x00001bc3       0x46 ./Fuentes/Funciones.o
 .debug_macro   0x00001c09       0xeb ./Fuentes/Main.o
 .debug_macro   0x00001cf4       0x82 ./Fuentes/Main.o
 .debug_macro   0x00001d76       0x34 ./Fuentes/Main.o
 .debug_macro   0x00001daa       0xe9 ./Fuentes/Menu.o
 .debug_macro   0x00001e93       0xc2 ./Fuentes/Subfunciones.o
 .debug_macro   0x00001f55      0x1a2 ./Fuentes/Subfunciones.o
 .debug_macro   0x000020f7       0x2d ./Fuentes/Teclado.o
 .debug_macro   0x00002124       0xc7 ./Fuentes/Touch.o
 .debug_macro   0x000021eb       0x92 ./Fuentes/WG12864A.o
 .debug_macro   0x0000227d       0x52 ./Fuentes/cr_startup_lpc11.o
 .debug_macro   0x000022cf       0xbc ./Fuentes/sd_mmc.o
 .debug_macro   0x0000238b       0x89 ./Drivers/adc.o
 .debug_macro   0x00002414       0x89 ./Drivers/gpio.o
 .debug_macro   0x0000249d       0xab ./Drivers/ssp.o
 .debug_macro   0x00002548       0x7a ./Drivers/timer32.o
 .debug_macro   0x000025c2      0x122 F:\Proyectos LPC1115\Monitor_Fetal\CMSISv1p30_LPC11xx\Debug\libCMSISv1p30_LPC11xx.a(system_LPC11xx.o)
 .debug_macro   0x000026e4      0x832 F:\Proyectos LPC1115\Monitor_Fetal\CMSISv1p30_LPC11xx\Debug\libCMSISv1p30_LPC11xx.a(system_LPC11xx.o)
 .debug_macro   0x00002f16      0x398 F:\Proyectos LPC1115\Monitor_Fetal\CMSISv1p30_LPC11xx\Debug\libCMSISv1p30_LPC11xx.a(system_LPC11xx.o)

.debug_line     0x00000000     0x3d3e
 .debug_line    0x00000000      0x3a9 ./Fuentes/Comunicaciones.o
 .debug_line    0x000003a9      0x3c8 ./Fuentes/Display.o
 .debug_line    0x00000771      0x8c9 ./Fuentes/Funciones.o
 .debug_line    0x0000103a      0x309 ./Fuentes/Main.o
 .debug_line    0x00001343      0x682 ./Fuentes/Menu.o
 .debug_line    0x000019c5      0x4c1 ./Fuentes/Subfunciones.o
 .debug_line    0x00001e86      0x4d9 ./Fuentes/Teclado.o
 .debug_line    0x0000235f      0x30e ./Fuentes/Touch.o
 .debug_line    0x0000266d      0x377 ./Fuentes/WG12864A.o
 .debug_line    0x000029e4      0x199 ./Fuentes/cr_startup_lpc11.o
 .debug_line    0x00002b7d      0x550 ./Fuentes/sd_mmc.o
 .debug_line    0x000030cd      0x233 ./Drivers/adc.o
 .debug_line    0x00003300      0x289 ./Drivers/gpio.o
 .debug_line    0x00003589      0x2fa ./Drivers/ssp.o
 .debug_line    0x00003883      0x2af ./Drivers/timer32.o
 .debug_line    0x00003b32      0x20c F:\Proyectos LPC1115\Monitor_Fetal\CMSISv1p30_LPC11xx\Debug\libCMSISv1p30_LPC11xx.a(system_LPC11xx.o)

.debug_str      0x00000000     0x90ba
 .debug_str     0x00000000     0x6676 ./Fuentes/Comunicaciones.o
                               0x6714 (size before relaxing)
 .debug_str     0x00006676      0x4e5 ./Fuentes/Display.o
                               0x635f (size before relaxing)
 .debug_str     0x00006b5b      0x6db ./Fuentes/Funciones.o
                               0x67b0 (size before relaxing)
 .debug_str     0x00007236      0x5f7 ./Fuentes/Main.o
                               0x6c9b (size before relaxing)
 .debug_str     0x0000782d       0x82 ./Fuentes/Menu.o
                               0x6833 (size before relaxing)
 .debug_str     0x000078af      0x6fb ./Fuentes/Subfunciones.o
                               0x6b7a (size before relaxing)
 .debug_str     0x00007faa       0x3b ./Fuentes/Teclado.o
                               0x2854 (size before relaxing)
 .debug_str     0x00007fe5      0x1cc ./Fuentes/Touch.o
                               0x63ca (size before relaxing)
 .debug_str     0x000081b1       0x7e ./Fuentes/WG12864A.o
                               0x65f4 (size before relaxing)
 .debug_str     0x0000822f      0x240 ./Fuentes/cr_startup_lpc11.o
                               0x3c82 (size before relaxing)
 .debug_str     0x0000846f      0x2c3 ./Fuentes/sd_mmc.o
                               0x6c72 (size before relaxing)
 .debug_str     0x00008732      0x2e4 ./Drivers/adc.o
                               0x609f (size before relaxing)
 .debug_str     0x00008a16       0x78 ./Drivers/gpio.o
                               0x60ef (size before relaxing)
 .debug_str     0x00008a8e       0xc5 ./Drivers/ssp.o
                               0x67ae (size before relaxing)
 .debug_str     0x00008b53      0x103 ./Drivers/timer32.o
                               0x6346 (size before relaxing)
 .debug_str     0x00008c56      0x464 F:\Proyectos LPC1115\Monitor_Fetal\CMSISv1p30_LPC11xx\Debug\libCMSISv1p30_LPC11xx.a(system_LPC11xx.o)
                               0x5d82 (size before relaxing)

.comment        0x00000000       0xdc
 .comment       0x00000000       0x6e ./Fuentes/Comunicaciones.o
                                 0x6f (size before relaxing)
 .comment       0x0000006e       0x6f ./Fuentes/Display.o
 .comment       0x0000006e       0x6f ./Fuentes/Funciones.o
 .comment       0x0000006e       0x6f ./Fuentes/Main.o
 .comment       0x0000006e       0x6f ./Fuentes/Menu.o
 .comment       0x0000006e       0x6f ./Fuentes/Subfunciones.o
 .comment       0x0000006e       0x6f ./Fuentes/Teclado.o
 .comment       0x0000006e       0x6f ./Fuentes/Touch.o
 .comment       0x0000006e       0x6f ./Fuentes/WG12864A.o
 .comment       0x0000006e       0x6f ./Fuentes/cr_startup_lpc11.o
 .comment       0x0000006e       0x6f ./Fuentes/sd_mmc.o
 .comment       0x0000006e       0x6f ./Drivers/adc.o
 .comment       0x0000006e       0x6f ./Drivers/gpio.o
 .comment       0x0000006e       0x6f ./Drivers/ssp.o
 .comment       0x0000006e       0x6f ./Drivers/timer32.o
 .comment       0x0000006e       0x6f F:\Proyectos LPC1115\Monitor_Fetal\CMSISv1p30_LPC11xx\Debug\libCMSISv1p30_LPC11xx.a(system_LPC11xx.o)
 .comment       0x0000006e       0x6e c:/nxp/lpcxpresso_8.2.2_650/lpcxpresso/tools/bin/../lib/gcc/arm-none-eabi/5.4.1/../../../../arm-none-eabi/lib/armv6-m\libcr_semihost.a(_cr__main.o)
                                 0x6f (size before relaxing)
 .comment       0x000000dc       0x6f c:/nxp/lpcxpresso_8.2.2_650/lpcxpresso/tools/bin/../lib/gcc/arm-none-eabi/5.4.1/../../../../arm-none-eabi/lib/armv6-m\libcr_c.a(initio.o)
 .comment       0x000000dc       0x6f c:/nxp/lpcxpresso_8.2.2_650/lpcxpresso/tools/bin/../lib/gcc/arm-none-eabi/5.4.1/../../../../arm-none-eabi/lib/armv6-m\libcr_c.a(setvbuf.o)
 .comment       0x000000dc       0x6f c:/nxp/lpcxpresso_8.2.2_650/lpcxpresso/tools/bin/../lib/gcc/arm-none-eabi/5.4.1/../../../../arm-none-eabi/lib/armv6-m\libcr_c.a(stdio.o)
 .comment       0x000000dc       0x6f c:/nxp/lpcxpresso_8.2.2_650/lpcxpresso/tools/bin/../lib/gcc/arm-none-eabi/5.4.1/../../../../arm-none-eabi/lib/armv6-m\libcr_c.a(memset.o)
 .comment       0x000000dc       0x6f c:/nxp/lpcxpresso_8.2.2_650/lpcxpresso/tools/bin/../lib/gcc/arm-none-eabi/5.4.1/../../../../arm-none-eabi/lib/armv6-m\libcr_c.a(_deferredlazyseek.o)
 .comment       0x000000dc       0x6f c:/nxp/lpcxpresso_8.2.2_650/lpcxpresso/tools/bin/../lib/gcc/arm-none-eabi/5.4.1/../../../../arm-none-eabi/lib/armv6-m\libcr_c.a(_fdopen.o)
 .comment       0x000000dc       0x6f c:/nxp/lpcxpresso_8.2.2_650/lpcxpresso/tools/bin/../lib/gcc/arm-none-eabi/5.4.1/../../../../arm-none-eabi/lib/armv6-m\libcr_c.a(_fflush.o)
 .comment       0x000000dc       0x6f c:/nxp/lpcxpresso_8.2.2_650/lpcxpresso/tools/bin/../lib/gcc/arm-none-eabi/5.4.1/../../../../arm-none-eabi/lib/armv6-m\libcr_c.a(_writebuf.o)
 .comment       0x000000dc       0x6f c:/nxp/lpcxpresso_8.2.2_650/lpcxpresso/tools/bin/../lib/gcc/arm-none-eabi/5.4.1/../../../../arm-none-eabi/lib/armv6-m\libcr_c.a(alloc.o)
 .comment       0x000000dc       0x6f c:/nxp/lpcxpresso_8.2.2_650/lpcxpresso/tools/bin/../lib/gcc/arm-none-eabi/5.4.1/../../../../arm-none-eabi/lib/armv6-m\libcr_c.a(fclose.o)
 .comment       0x000000dc       0x6f c:/nxp/lpcxpresso_8.2.2_650/lpcxpresso/tools/bin/../lib/gcc/arm-none-eabi/5.4.1/../../../../arm-none-eabi/lib/armv6-m\libcr_c.a(fflush.o)
 .comment       0x000000dc       0x6f c:/nxp/lpcxpresso_8.2.2_650/lpcxpresso/tools/bin/../lib/gcc/arm-none-eabi/5.4.1/../../../../arm-none-eabi/lib/armv6-m\libcr_c.a(fseek.o)
 .comment       0x000000dc       0x6f c:/nxp/lpcxpresso_8.2.2_650/lpcxpresso/tools/bin/../lib/gcc/arm-none-eabi/5.4.1/../../../../arm-none-eabi/lib/armv6-m\libcr_c.a(ftell.o)
 .comment       0x000000dc       0x6f c:/nxp/lpcxpresso_8.2.2_650/lpcxpresso/tools/bin/../lib/gcc/arm-none-eabi/5.4.1/../../../../arm-none-eabi/lib/armv6-m\libcr_c.a(remove.o)
 .comment       0x000000dc       0x6f c:/nxp/lpcxpresso_8.2.2_650/lpcxpresso/tools/bin/../lib/gcc/arm-none-eabi/5.4.1/../../../../arm-none-eabi/lib/armv6-m\libcr_c.a(strlen.o)
 .comment       0x000000dc       0x6f c:/nxp/lpcxpresso_8.2.2_650/lpcxpresso/tools/bin/../lib/gcc/arm-none-eabi/5.4.1/../../../../arm-none-eabi/lib/armv6-m\libcr_c.a(__init_alloc.o)
 .comment       0x000000dc       0x6f c:/nxp/lpcxpresso_8.2.2_650/lpcxpresso/tools/bin/../lib/gcc/arm-none-eabi/5.4.1/../../../../arm-none-eabi/lib/armv6-m\libcr_c.a(_cr_sbrk.o)
 .comment       0x000000dc       0x6f c:/nxp/lpcxpresso_8.2.2_650/lpcxpresso/tools/bin/../lib/gcc/arm-none-eabi/5.4.1/../../../../arm-none-eabi/lib/armv6-m\libcr_c.a(_do_fflush.o)
 .comment       0x000000dc       0x6f c:/nxp/lpcxpresso_8.2.2_650/lpcxpresso/tools/bin/../lib/gcc/arm-none-eabi/5.4.1/../../../../arm-none-eabi/lib/armv6-m\libcr_c.a(errno.o)
 .comment       0x000000dc       0x6f c:/nxp/lpcxpresso_8.2.2_650/lpcxpresso/tools/bin/../lib/gcc/arm-none-eabi/5.4.1/../../../../arm-none-eabi/lib/armv6-m\libcr_c.a(_cr_check_heap.o)

.ARM.attributes
                0x00000000       0x2f
 .ARM.attributes
                0x00000000       0x31 ./Fuentes/Comunicaciones.o
 .ARM.attributes
                0x00000031       0x31 ./Fuentes/Display.o
 .ARM.attributes
                0x00000062       0x31 ./Fuentes/Funciones.o
 .ARM.attributes
                0x00000093       0x31 ./Fuentes/Main.o
 .ARM.attributes
                0x000000c4       0x31 ./Fuentes/Menu.o
 .ARM.attributes
                0x000000f5       0x31 ./Fuentes/Subfunciones.o
 .ARM.attributes
                0x00000126       0x31 ./Fuentes/Teclado.o
 .ARM.attributes
                0x00000157       0x31 ./Fuentes/Touch.o
 .ARM.attributes
                0x00000188       0x31 ./Fuentes/WG12864A.o
 .ARM.attributes
                0x000001b9       0x31 ./Fuentes/cr_startup_lpc11.o
 .ARM.attributes
                0x000001ea       0x31 ./Fuentes/sd_mmc.o
 .ARM.attributes
                0x0000021b       0x31 ./Drivers/adc.o
 .ARM.attributes
                0x0000024c       0x31 ./Drivers/gpio.o
 .ARM.attributes
                0x0000027d       0x31 ./Drivers/ssp.o
 .ARM.attributes
                0x000002ae       0x31 ./Drivers/timer32.o
 .ARM.attributes
                0x000002df       0x31 F:\Proyectos LPC1115\Monitor_Fetal\CMSISv1p30_LPC11xx\Debug\libCMSISv1p30_LPC11xx.a(system_LPC11xx.o)
 .ARM.attributes
                0x00000310       0x31 c:/nxp/lpcxpresso_8.2.2_650/lpcxpresso/tools/bin/../lib/gcc/arm-none-eabi/5.4.1/../../../../arm-none-eabi/lib/armv6-m\libcr_semihost.a(_cr__main.o)
 .ARM.attributes
                0x00000341       0x31 c:/nxp/lpcxpresso_8.2.2_650/lpcxpresso/tools/bin/../lib/gcc/arm-none-eabi/5.4.1/../../../../arm-none-eabi/lib/armv6-m\libcr_c.a(initio.o)
 .ARM.attributes
                0x00000372       0x31 c:/nxp/lpcxpresso_8.2.2_650/lpcxpresso/tools/bin/../lib/gcc/arm-none-eabi/5.4.1/../../../../arm-none-eabi/lib/armv6-m\libcr_c.a(setvbuf.o)
 .ARM.attributes
                0x000003a3       0x31 c:/nxp/lpcxpresso_8.2.2_650/lpcxpresso/tools/bin/../lib/gcc/arm-none-eabi/5.4.1/../../../../arm-none-eabi/lib/armv6-m\libcr_c.a(stdio.o)
 .ARM.attributes
                0x000003d4       0x31 c:/nxp/lpcxpresso_8.2.2_650/lpcxpresso/tools/bin/../lib/gcc/arm-none-eabi/5.4.1/../../../../arm-none-eabi/lib/armv6-m\libcr_c.a(memset.o)
 .ARM.attributes
                0x00000405       0x31 c:/nxp/lpcxpresso_8.2.2_650/lpcxpresso/tools/bin/../lib/gcc/arm-none-eabi/5.4.1/../../../../arm-none-eabi/lib/armv6-m\libcr_c.a(_deferredlazyseek.o)
 .ARM.attributes
                0x00000436       0x31 c:/nxp/lpcxpresso_8.2.2_650/lpcxpresso/tools/bin/../lib/gcc/arm-none-eabi/5.4.1/../../../../arm-none-eabi/lib/armv6-m\libcr_c.a(_fdopen.o)
 .ARM.attributes
                0x00000467       0x31 c:/nxp/lpcxpresso_8.2.2_650/lpcxpresso/tools/bin/../lib/gcc/arm-none-eabi/5.4.1/../../../../arm-none-eabi/lib/armv6-m\libcr_c.a(_fflush.o)
 .ARM.attributes
                0x00000498       0x31 c:/nxp/lpcxpresso_8.2.2_650/lpcxpresso/tools/bin/../lib/gcc/arm-none-eabi/5.4.1/../../../../arm-none-eabi/lib/armv6-m\libcr_c.a(_writebuf.o)
 .ARM.attributes
                0x000004c9       0x31 c:/nxp/lpcxpresso_8.2.2_650/lpcxpresso/tools/bin/../lib/gcc/arm-none-eabi/5.4.1/../../../../arm-none-eabi/lib/armv6-m\libcr_c.a(alloc.o)
 .ARM.attributes
                0x000004fa       0x31 c:/nxp/lpcxpresso_8.2.2_650/lpcxpresso/tools/bin/../lib/gcc/arm-none-eabi/5.4.1/../../../../arm-none-eabi/lib/armv6-m\libcr_c.a(fclose.o)
 .ARM.attributes
                0x0000052b       0x31 c:/nxp/lpcxpresso_8.2.2_650/lpcxpresso/tools/bin/../lib/gcc/arm-none-eabi/5.4.1/../../../../arm-none-eabi/lib/armv6-m\libcr_c.a(fflush.o)
 .ARM.attributes
                0x0000055c       0x31 c:/nxp/lpcxpresso_8.2.2_650/lpcxpresso/tools/bin/../lib/gcc/arm-none-eabi/5.4.1/../../../../arm-none-eabi/lib/armv6-m\libcr_c.a(fseek.o)
 .ARM.attributes
                0x0000058d       0x31 c:/nxp/lpcxpresso_8.2.2_650/lpcxpresso/tools/bin/../lib/gcc/arm-none-eabi/5.4.1/../../../../arm-none-eabi/lib/armv6-m\libcr_c.a(ftell.o)
 .ARM.attributes
                0x000005be       0x31 c:/nxp/lpcxpresso_8.2.2_650/lpcxpresso/tools/bin/../lib/gcc/arm-none-eabi/5.4.1/../../../../arm-none-eabi/lib/armv6-m\libcr_c.a(remove.o)
 .ARM.attributes
                0x000005ef       0x31 c:/nxp/lpcxpresso_8.2.2_650/lpcxpresso/tools/bin/../lib/gcc/arm-none-eabi/5.4.1/../../../../arm-none-eabi/lib/armv6-m\libcr_c.a(strlen.o)
 .ARM.attributes
                0x00000620       0x31 c:/nxp/lpcxpresso_8.2.2_650/lpcxpresso/tools/bin/../lib/gcc/arm-none-eabi/5.4.1/../../../../arm-none-eabi/lib/armv6-m\libcr_c.a(__init_alloc.o)
 .ARM.attributes
                0x00000651       0x31 c:/nxp/lpcxpresso_8.2.2_650/lpcxpresso/tools/bin/../lib/gcc/arm-none-eabi/5.4.1/../../../../arm-none-eabi/lib/armv6-m\libcr_c.a(_cr_sbrk.o)
 .ARM.attributes
                0x00000682       0x31 c:/nxp/lpcxpresso_8.2.2_650/lpcxpresso/tools/bin/../lib/gcc/arm-none-eabi/5.4.1/../../../../arm-none-eabi/lib/armv6-m\libcr_c.a(_do_fflush.o)
 .ARM.attributes
                0x000006b3       0x31 c:/nxp/lpcxpresso_8.2.2_650/lpcxpresso/tools/bin/../lib/gcc/arm-none-eabi/5.4.1/../../../../arm-none-eabi/lib/armv6-m\libcr_c.a(errno.o)
 .ARM.attributes
                0x000006e4       0x31 c:/nxp/lpcxpresso_8.2.2_650/lpcxpresso/tools/bin/../lib/gcc/arm-none-eabi/5.4.1/../../../../arm-none-eabi/lib/armv6-m\libcr_c.a(_cr_check_heap.o)
 .ARM.attributes
                0x00000715       0x21 c:/nxp/lpcxpresso_8.2.2_650/lpcxpresso/tools/bin/../lib/gcc/arm-none-eabi/5.4.1/armv6-m\libcr_eabihelpers.a(division_32.o)
 .ARM.attributes
                0x00000736       0x21 c:/nxp/lpcxpresso_8.2.2_650/lpcxpresso/tools/bin/../lib/gcc/arm-none-eabi/5.4.1/armv6-m\libcr_eabihelpers.a(division_idiv0.o)
 .ARM.attributes
                0x00000757       0x21 c:/nxp/lpcxpresso_8.2.2_650/lpcxpresso/tools/bin/../lib/gcc/arm-none-eabi/5.4.1/armv6-m\libcr_eabihelpers.a(memcpy.o)
 .ARM.attributes
                0x00000778       0x21 c:/nxp/lpcxpresso_8.2.2_650/lpcxpresso/tools/bin/../lib/gcc/arm-none-eabi/5.4.1/armv6-m\libcr_eabihelpers.a(thumb1_switch_helpers.o)
 .ARM.attributes
                0x00000799       0x21 c:/nxp/lpcxpresso_8.2.2_650/lpcxpresso/tools/bin/../lib/gcc/arm-none-eabi/5.4.1/../../../../arm-none-eabi/lib/armv6-m\libcr_semihost.a(__sys_appexit.o)
 .ARM.attributes
                0x000007ba       0x21 c:/nxp/lpcxpresso_8.2.2_650/lpcxpresso/tools/bin/../lib/gcc/arm-none-eabi/5.4.1/../../../../arm-none-eabi/lib/armv6-m\libcr_semihost.a(__sys_close.o)
 .ARM.attributes
                0x000007db       0x21 c:/nxp/lpcxpresso_8.2.2_650/lpcxpresso/tools/bin/../lib/gcc/arm-none-eabi/5.4.1/../../../../arm-none-eabi/lib/armv6-m\libcr_semihost.a(__sys_flen.o)
 .ARM.attributes
                0x000007fc       0x21 c:/nxp/lpcxpresso_8.2.2_650/lpcxpresso/tools/bin/../lib/gcc/arm-none-eabi/5.4.1/../../../../arm-none-eabi/lib/armv6-m\libcr_semihost.a(__sys_istty.o)
 .ARM.attributes
                0x0000081d       0x21 c:/nxp/lpcxpresso_8.2.2_650/lpcxpresso/tools/bin/../lib/gcc/arm-none-eabi/5.4.1/../../../../arm-none-eabi/lib/armv6-m\libcr_semihost.a(__sys_remove.o)
 .ARM.attributes
                0x0000083e       0x21 c:/nxp/lpcxpresso_8.2.2_650/lpcxpresso/tools/bin/../lib/gcc/arm-none-eabi/5.4.1/../../../../arm-none-eabi/lib/armv6-m\libcr_semihost.a(__sys_seek.o)
 .ARM.attributes
                0x0000085f       0x21 c:/nxp/lpcxpresso_8.2.2_650/lpcxpresso/tools/bin/../lib/gcc/arm-none-eabi/5.4.1/../../../../arm-none-eabi/lib/armv6-m\libcr_semihost.a(__sys_tmpnam.o)
 .ARM.attributes
                0x00000880       0x21 c:/nxp/lpcxpresso_8.2.2_650/lpcxpresso/tools/bin/../lib/gcc/arm-none-eabi/5.4.1/../../../../arm-none-eabi/lib/armv6-m\libcr_semihost.a(__sys_write.o)

.debug_frame    0x00000000      0xbb4
 .debug_frame   0x00000000       0x68 ./Fuentes/Comunicaciones.o
 .debug_frame   0x00000068       0x88 ./Fuentes/Display.o
 .debug_frame   0x000000f0      0x198 ./Fuentes/Funciones.o
 .debug_frame   0x00000288       0x28 ./Fuentes/Main.o
 .debug_frame   0x000002b0       0x50 ./Fuentes/Menu.o
 .debug_frame   0x00000300       0xf4 ./Fuentes/Subfunciones.o
 .debug_frame   0x000003f4       0x54 ./Fuentes/Teclado.o
 .debug_frame   0x00000448       0xb4 ./Fuentes/Touch.o
 .debug_frame   0x000004fc      0x124 ./Fuentes/WG12864A.o
 .debug_frame   0x00000620       0xb0 ./Fuentes/cr_startup_lpc11.o
 .debug_frame   0x000006d0      0x1c4 ./Fuentes/sd_mmc.o
 .debug_frame   0x00000894       0x70 ./Drivers/adc.o
 .debug_frame   0x00000904       0xec ./Drivers/gpio.o
 .debug_frame   0x000009f0       0xac ./Drivers/ssp.o
 .debug_frame   0x00000a9c       0xac ./Drivers/timer32.o
 .debug_frame   0x00000b48       0x6c F:\Proyectos LPC1115\Monitor_Fetal\CMSISv1p30_LPC11xx\Debug\libCMSISv1p30_LPC11xx.a(system_LPC11xx.o)
