Archive member included to satisfy reference by file (symbol)

/home/sebastian/LPCXpresso/workspace/Proyectos LPC1115/Monitor_Fetal/CMSISv1p30_LPC11xx/Debug/libCMSISv1p30_LPC11xx.a(system_LPC11xx.o)
                              ./Drivers/timer32.o (SystemCoreClock)
/usr/local/lpcxpresso_8.2.2_650/lpcxpresso/tools/bin/../lib/gcc/arm-none-eabi/5.4.1/../../../../arm-none-eabi/lib/armv6-m/libcr_semihost.a(_cr__main.o)
                              ./Fuentes/cr_startup_lpc11.o (__main)
/usr/local/lpcxpresso_8.2.2_650/lpcxpresso/tools/bin/../lib/gcc/arm-none-eabi/5.4.1/../../../../arm-none-eabi/lib/armv6-m/libcr_c.a(initio.o)
                              /usr/local/lpcxpresso_8.2.2_650/lpcxpresso/tools/bin/../lib/gcc/arm-none-eabi/5.4.1/../../../../arm-none-eabi/lib/armv6-m/libcr_semihost.a(_cr__main.o) (_initio)
/usr/local/lpcxpresso_8.2.2_650/lpcxpresso/tools/bin/../lib/gcc/arm-none-eabi/5.4.1/../../../../arm-none-eabi/lib/armv6-m/libcr_c.a(setvbuf.o)
                              /usr/local/lpcxpresso_8.2.2_650/lpcxpresso/tools/bin/../lib/gcc/arm-none-eabi/5.4.1/../../../../arm-none-eabi/lib/armv6-m/libcr_c.a(initio.o) (setvbuf)
/usr/local/lpcxpresso_8.2.2_650/lpcxpresso/tools/bin/../lib/gcc/arm-none-eabi/5.4.1/../../../../arm-none-eabi/lib/armv6-m/libcr_c.a(stdio.o)
                              /usr/local/lpcxpresso_8.2.2_650/lpcxpresso/tools/bin/../lib/gcc/arm-none-eabi/5.4.1/../../../../arm-none-eabi/lib/armv6-m/libcr_c.a(initio.o) (__Ciob)
/usr/local/lpcxpresso_8.2.2_650/lpcxpresso/tools/bin/../lib/gcc/arm-none-eabi/5.4.1/../../../../arm-none-eabi/lib/armv6-m/libcr_c.a(memset.o)
                              /usr/local/lpcxpresso_8.2.2_650/lpcxpresso/tools/bin/../lib/gcc/arm-none-eabi/5.4.1/../../../../arm-none-eabi/lib/armv6-m/libcr_c.a(initio.o) (memset)
/usr/local/lpcxpresso_8.2.2_650/lpcxpresso/tools/bin/../lib/gcc/arm-none-eabi/5.4.1/../../../../arm-none-eabi/lib/armv6-m/libcr_c.a(__fillbuf.o)
                              /usr/local/lpcxpresso_8.2.2_650/lpcxpresso/tools/bin/../lib/gcc/arm-none-eabi/5.4.1/../../../../arm-none-eabi/lib/armv6-m/libcr_c.a(stdio.o) (__filbuf)
/usr/local/lpcxpresso_8.2.2_650/lpcxpresso/tools/bin/../lib/gcc/arm-none-eabi/5.4.1/../../../../arm-none-eabi/lib/armv6-m/libcr_c.a(_deferredlazyseek.o)
                              /usr/local/lpcxpresso_8.2.2_650/lpcxpresso/tools/bin/../lib/gcc/arm-none-eabi/5.4.1/../../../../arm-none-eabi/lib/armv6-m/libcr_c.a(__fillbuf.o) (_deferredlazyseek)
/usr/local/lpcxpresso_8.2.2_650/lpcxpresso/tools/bin/../lib/gcc/arm-none-eabi/5.4.1/../../../../arm-none-eabi/lib/armv6-m/libcr_c.a(_fdopen.o)
                              /usr/local/lpcxpresso_8.2.2_650/lpcxpresso/tools/bin/../lib/gcc/arm-none-eabi/5.4.1/../../../../arm-none-eabi/lib/armv6-m/libcr_c.a(initio.o) (_fdopen)
/usr/local/lpcxpresso_8.2.2_650/lpcxpresso/tools/bin/../lib/gcc/arm-none-eabi/5.4.1/../../../../arm-none-eabi/lib/armv6-m/libcr_c.a(_fflush.o)
                              /usr/local/lpcxpresso_8.2.2_650/lpcxpresso/tools/bin/../lib/gcc/arm-none-eabi/5.4.1/../../../../arm-none-eabi/lib/armv6-m/libcr_c.a(__fillbuf.o) (_fflush)
/usr/local/lpcxpresso_8.2.2_650/lpcxpresso/tools/bin/../lib/gcc/arm-none-eabi/5.4.1/../../../../arm-none-eabi/lib/armv6-m/libcr_c.a(_writebuf.o)
                              /usr/local/lpcxpresso_8.2.2_650/lpcxpresso/tools/bin/../lib/gcc/arm-none-eabi/5.4.1/../../../../arm-none-eabi/lib/armv6-m/libcr_c.a(_deferredlazyseek.o) (_Cwritebuf)
/usr/local/lpcxpresso_8.2.2_650/lpcxpresso/tools/bin/../lib/gcc/arm-none-eabi/5.4.1/../../../../arm-none-eabi/lib/armv6-m/libcr_c.a(alloc.o)
                              /usr/local/lpcxpresso_8.2.2_650/lpcxpresso/tools/bin/../lib/gcc/arm-none-eabi/5.4.1/../../../../arm-none-eabi/lib/armv6-m/libcr_c.a(initio.o) (_Csys_alloc)
/usr/local/lpcxpresso_8.2.2_650/lpcxpresso/tools/bin/../lib/gcc/arm-none-eabi/5.4.1/../../../../arm-none-eabi/lib/armv6-m/libcr_c.a(fclose.o)
                              /usr/local/lpcxpresso_8.2.2_650/lpcxpresso/tools/bin/../lib/gcc/arm-none-eabi/5.4.1/../../../../arm-none-eabi/lib/armv6-m/libcr_c.a(initio.o) (fclose)
/usr/local/lpcxpresso_8.2.2_650/lpcxpresso/tools/bin/../lib/gcc/arm-none-eabi/5.4.1/../../../../arm-none-eabi/lib/armv6-m/libcr_c.a(fflush.o)
                              /usr/local/lpcxpresso_8.2.2_650/lpcxpresso/tools/bin/../lib/gcc/arm-none-eabi/5.4.1/../../../../arm-none-eabi/lib/armv6-m/libcr_c.a(fclose.o) (fflush)
/usr/local/lpcxpresso_8.2.2_650/lpcxpresso/tools/bin/../lib/gcc/arm-none-eabi/5.4.1/../../../../arm-none-eabi/lib/armv6-m/libcr_c.a(fseek.o)
                              /usr/local/lpcxpresso_8.2.2_650/lpcxpresso/tools/bin/../lib/gcc/arm-none-eabi/5.4.1/../../../../arm-none-eabi/lib/armv6-m/libcr_c.a(_deferredlazyseek.o) (fseek)
/usr/local/lpcxpresso_8.2.2_650/lpcxpresso/tools/bin/../lib/gcc/arm-none-eabi/5.4.1/../../../../arm-none-eabi/lib/armv6-m/libcr_c.a(ftell.o)
[...]
Memory Configuration

Name             Origin             Length             Attributes
MFlash32         0x00000000         0x00008000         xr
RamLoc8          0x10000000         0x00002000         xrw
*default*        0x00000000         0xffffffff

Linker script and memory map

LOAD ./Fuentes/Comunicaciones.o
LOAD ./Fuentes/Funciones.o
LOAD ./Fuentes/Main.o
LOAD ./Fuentes/Menu.o
LOAD ./Fuentes/Subfunciones.o
LOAD ./Fuentes/Teclado.o
LOAD ./Fuentes/Touch.o
LOAD ./Fuentes/WG12864A.o
LOAD ./Fuentes/cr_startup_lpc11.o
LOAD ./Drivers/adc.o
LOAD ./Drivers/gpio.o
LOAD ./Drivers/ssp.o
LOAD ./Drivers/timer32.o
LOAD ./Drivers/wdt.o
LOAD /home/sebastian/LPCXpresso/workspace/Proyectos LPC1115/Monitor_Fetal/CMSISv1p30_LPC11xx/Debug/libCMSISv1p30_LPC11xx.a
START GROUP
LOAD /usr/local/lpcxpresso_8.2.2_650/lpcxpresso/tools/bin/../lib/gcc/arm-none-eabi/5.4.1/../../../../arm-none-eabi/lib/armv6-m/libcr_semihost.a
LOAD /usr/local/lpcxpresso_8.2.2_650/lpcxpresso/tools/bin/../lib/gcc/arm-none-eabi/5.4.1/../../../../arm-none-eabi/lib/armv6-m/libcr_c.a
LOAD /usr/local/lpcxpresso_8.2.2_650/lpcxpresso/tools/bin/../lib/gcc/arm-none-eabi/5.4.1/armv6-m/libcr_eabihelpers.a
END GROUP
                0x00000000                __base_MFlash32 = 0x0
                0x00000000                __base_Flash = 0x0
                0x00008000                __top_MFlash32 = 0x8000
                0x00008000                __top_Flash = 0x8000
                0x10000000                __base_RamLoc8 = 0x10000000
                0x10000000                __base_RAM = 0x10000000
                0x10002000                __top_RamLoc8 = 0x10002000
                0x10002000                __top_RAM = 0x10002000

.text           0x00000000     0x2654
 FILL mask 0xff
                0x00000000                __vectors_start__ = ABSOLUTE (.)
 *(.isr_vector)
 .isr_vector    0x00000000       0xc0 ./Fuentes/cr_startup_lpc11.o
                0x00000000                g_pfnVectors
                0x000000c0                . = ALIGN (0x4)
                0x000000c0                __section_table_start = .
                0x000000c0                __data_section_table = .
                0x000000c0        0x4 LONG 0x2654 LOADADDR (.data)
                0x000000c4        0x4 LONG 0x10000000 ADDR (.data)
                0x000000c8        0x4 LONG 0x20 SIZEOF (.data)
                0x000000cc                __data_section_table_end = .
                0x000000cc                __bss_section_table = .
                0x000000cc        0x4 LONG 0x10000020 ADDR (.bss)
                0x000000d0        0x4 LONG 0x1858 SIZEOF (.bss)
                0x000000d4                __bss_section_table_end = .
                0x000000d4                __section_table_end = .
 *(.after_vectors*)
 .after_vectors
                0x000000d4       0x70 ./Fuentes/cr_startup_lpc11.o
                0x000000d4                NMI_Handler
                0x000000d6                HardFault_Handler
                0x000000d8                SVCall_Handler
                0x000000da                PendSV_Handler
                0x000000dc                SysTick_Handler
                0x000000de                TIMER16_0_IRQHandler
                0x000000de                UART_IRQHandler
                0x000000de                IntDefaultHandler
                0x000000de                CAN_IRQHandler
                0x000000de                TIMER16_1_IRQHandler
                0x000000de                PIOINT2_IRQHandler
                0x000000de                BOD_IRQHandler
                0x000000de                WAKEUP_IRQHandler
                0x000000de                PIOINT0_IRQHandler
                0x000000de                I2C_IRQHandler
                0x000000de                WDT_IRQHandler
                0x000000e0                data_init
                0x000000f2                bss_init
                0x00000102                ResetISR
 *(.text*)
 .text.recibe_datos
                0x00000144       0x78 ./Fuentes/Comunicaciones.o
                0x00000144                recibe_datos
 .text.envia_datos
                0x000001bc      0x150 ./Fuentes/Comunicaciones.o
                0x000001bc                envia_datos
 .text.TIMER32_1_IRQHandler
                0x0000030c       0x74 ./Fuentes/Funciones.o
                0x0000030c                TIMER32_1_IRQHandler
 .text.detector_pulsos
                0x00000380      0x10c ./Fuentes/Funciones.o
                0x00000380                detector_pulsos
 .text.func_punto
                0x0000048c       0xec ./Fuentes/Funciones.o
                0x0000048c                func_punto
 .text.Graf_PROM
                0x00000578      0x298 ./Fuentes/Funciones.o
                0x00000578                Graf_PROM
 .text.leo_adc  0x00000810       0x30 ./Fuentes/Funciones.o
                0x00000810                leo_adc
 .text.Func_Monitoreo
                0x00000840      0x288 ./Fuentes/Funciones.o
                0x00000840                Func_Monitoreo
 .text.startup.main
                0x00000ac8       0x9c ./Fuentes/Main.o
                0x00000ac8                main
 .text.Menu_Logo
                0x00000b64       0x14 ./Fuentes/Menu.o
                0x00000b64                Menu_Logo
 .text.TOUCH_Standby
                0x00000b78       0x54 ./Fuentes/Touch.o
                0x00000b78                TOUCH_Standby
 .text.TOUCH_GetX
                0x00000bcc       0x88 ./Fuentes/Touch.o
                0x00000bcc                TOUCH_GetX
 .text.TOUCH_GetY
                0x00000c54       0x88 ./Fuentes/Touch.o
                0x00000c54                TOUCH_GetY
 .text.Tomo_Latido
                0x00000cdc       0x88 ./Fuentes/Touch.o
                0x00000cdc                Tomo_Latido
 .text.PIOINT1_IRQHandler
                0x00000d64       0x90 ./Fuentes/Touch.o
                0x00000d64                PIOINT1_IRQHandler
 .text.GLCD_Data_Out
                0x00000df4       0x1c ./Fuentes/WG12864A.o
                0x00000df4                GLCD_Data_Out
 .text.GLCD_Output_Low
                0x00000e10       0x18 ./Fuentes/WG12864A.o
                0x00000e10                GLCD_Output_Low
 .text.GLCD_Output_High
                0x00000e28       0x18 ./Fuentes/WG12864A.o
                0x00000e28                GLCD_Output_High
 .text.GLCD_enviaBYTE
                0x00000e40       0x32 ./Fuentes/WG12864A.o
                0x00000e40                GLCD_enviaBYTE
 .text.WG12864A_Limpiar
                0x00000e72       0x56 ./Fuentes/WG12864A.o
                0x00000e72                WG12864A_Limpiar
 .text.WG12864A_Init
                0x00000ec8       0x6c ./Fuentes/WG12864A.o
                0x00000ec8                WG12864A_Init
 .text.WG12864A_posXY
                0x00000f34       0x6c ./Fuentes/WG12864A.o
                0x00000f34                WG12864A_posXY
 .text.WG12864A_putchar
                0x00000fa0       0x88 ./Fuentes/WG12864A.o
                0x00000fa0                WG12864A_putchar
 .text.WG12864A_printf
                0x00001028       0x1c ./Fuentes/WG12864A.o
                0x00001028                WG12864A_printf
 .text.WG12864A_print_symbol
                0x00001044       0xac ./Fuentes/WG12864A.o
                0x00001044                WG12864A_print_symbol
 .text.ADC_IRQHandler
                0x000010f0       0x80 ./Drivers/adc.o
                0x000010f0                ADC_IRQHandler
 .text.ADCRead  0x00001170       0x5c ./Drivers/adc.o
                0x00001170                ADCRead
 .text.PIOINT3_IRQHandler
                0x000011cc       0x3c ./Drivers/gpio.o
                0x000011cc                PIOINT3_IRQHandler
 .text.GPIOIntDisable
                0x00001208       0x3c ./Drivers/gpio.o
                0x00001208                GPIOIntDisable
 .text.GPIOIntStatus
                0x00001244       0x44 ./Drivers/gpio.o
                0x00001244                GPIOIntStatus
 .text.GPIOIntClear
                0x00001288       0x3c ./Drivers/gpio.o
                0x00001288                GPIOIntClear
 .text.GPIOSetValue
                0x000012c4       0x14 ./Drivers/gpio.o
                0x000012c4                GPIOSetValue
 .text.GPIOSetDir
                0x000012d8       0x2c ./Drivers/gpio.o
                0x000012d8                GPIOSetDir
 .text.SSP0_IRQHandler
                0x00001304       0x5c ./Drivers/ssp.o
                0x00001304                SSP0_IRQHandler
 .text.SSP1_IRQHandler
                0x00001360       0x44 ./Drivers/ssp.o
                0x00001360                SSP1_IRQHandler
 .text.SSP_IOConfig
                0x000013a4       0xbc ./Drivers/ssp.o
                0x000013a4                SSP_IOConfig
 .text.SSP_Init
                0x00001460       0x80 ./Drivers/ssp.o
                0x00001460                SSP_Init
 .text.SSP_Send
                0x000014e0       0x68 ./Drivers/ssp.o
                0x000014e0                SSP_Send
 .text.delay32Ms
                0x00001548       0x84 ./Drivers/timer32.o
                0x00001548                delay32Ms
 .text.TIMER32_0_IRQHandler
                0x000015cc       0x68 ./Drivers/timer32.o
                0x000015cc                TIMER32_0_IRQHandler
 .text.enable_timer32
                0x00001634       0x18 ./Drivers/timer32.o
                0x00001634                enable_timer32
 .text.disable_timer32
                0x0000164c       0x1c ./Drivers/timer32.o
                0x0000164c                disable_timer32
 .text.reset_timer32
                0x00001668       0x24 ./Drivers/timer32.o
                0x00001668                reset_timer32
 .text.init_timer32
                0x0000168c       0x9c ./Drivers/timer32.o
                0x0000168c                init_timer32
 .text.__NOP    0x00001728        0xc /home/sebastian/LPCXpresso/workspace/Proyectos LPC1115/Monitor_Fetal/CMSISv1p30_LPC11xx/Debug/libCMSISv1p30_LPC11xx.a(system_LPC11xx.o)
 .text.SystemInit
                0x00001734       0xe0 /home/sebastian/LPCXpresso/workspace/Proyectos LPC1115/Monitor_Fetal/CMSISv1p30_LPC11xx/Debug/libCMSISv1p30_LPC11xx.a(system_LPC11xx.o)
                0x00001734                SystemInit
 .text.__main   0x00001814       0x12 /usr/local/lpcxpresso_8.2.2_650/lpcxpresso/tools/bin/../lib/gcc/arm-none-eabi/5.4.1/../../../../arm-none-eabi/lib/armv6-m/libcr_semihost.a(_cr__main.o)
                0x00001814                __main
                0x00001814                __CR_SEMIHOST
 *fill*         0x00001826        0x2 ff
 .text._initio  0x00001828       0xa8 /usr/local/lpcxpresso_8.2.2_650/lpcxpresso/tools/bin/../lib/gcc/arm-none-eabi/5.4.1/../../../../arm-none-eabi/lib/armv6-m/libcr_c.a(initio.o)
                0x00001828                _initio
 .text.setvbuf  0x000018d0       0x48 /usr/local/lpcxpresso_8.2.2_650/lpcxpresso/tools/bin/../lib/gcc/arm-none-eabi/5.4.1/../../../../arm-none-eabi/lib/armv6-m/libcr_c.a(setvbuf.o)
                0x000018d0                setvbuf
 .text.memset   0x00001918        0x8 /usr/local/lpcxpresso_8.2.2_650/lpcxpresso/tools/bin/../lib/gcc/arm-none-eabi/5.4.1/../../../../arm-none-eabi/lib/armv6-m/libcr_c.a(memset.o)
                0x00001918                memset
 .text._deferredlazyseek
                0x00001920       0x44 /usr/local/lpcxpresso_8.2.2_650/lpcxpresso/tools/bin/../lib/gcc/arm-none-eabi/5.4.1/../../../../arm-none-eabi/lib/armv6-m/libcr_c.a(_deferredlazyseek.o)
                0x00001920                _deferredlazyseek
 .text._fdopen  0x00001964       0x74 /usr/local/lpcxpresso_8.2.2_650/lpcxpresso/tools/bin/../lib/gcc/arm-none-eabi/5.4.1/../../../../arm-none-eabi/lib/armv6-m/libcr_c.a(_fdopen.o)
                0x00001964                _fdopen
 .text._fflush  0x000019d8       0x64 /usr/local/lpcxpresso_8.2.2_650/lpcxpresso/tools/bin/../lib/gcc/arm-none-eabi/5.4.1/../../../../arm-none-eabi/lib/armv6-m/libcr_c.a(_fflush.o)
                0x000019d8                _fflush
 .text._Cwritebuf
                0x00001a3c       0x6c /usr/local/lpcxpresso_8.2.2_650/lpcxpresso/tools/bin/../lib/gcc/arm-none-eabi/5.4.1/../../../../arm-none-eabi/lib/armv6-m/libcr_c.a(_writebuf.o)
                0x00001a3c                _Cwritebuf
 .text.malloc   0x00001aa8       0xcc /usr/local/lpcxpresso_8.2.2_650/lpcxpresso/tools/bin/../lib/gcc/arm-none-eabi/5.4.1/../../../../arm-none-eabi/lib/armv6-m/libcr_c.a(alloc.o)
                0x00001aa8                malloc
 .text.free     0x00001b74       0x2e /usr/local/lpcxpresso_8.2.2_650/lpcxpresso/tools/bin/../lib/gcc/arm-none-eabi/5.4.1/../../../../arm-none-eabi/lib/armv6-m/libcr_c.a(alloc.o)
                0x00001b74                free
 *fill*         0x00001ba2        0x2 ff
 .text._Csys_alloc
                0x00001ba4       0x20 /usr/local/lpcxpresso_8.2.2_650/lpcxpresso/tools/bin/../lib/gcc/arm-none-eabi/5.4.1/../../../../arm-none-eabi/lib/armv6-m/libcr_c.a(alloc.o)
                0x00001ba4                _Csys_alloc
 .text.fclose   0x00001bc4       0x70 /usr/local/lpcxpresso_8.2.2_650/lpcxpresso/tools/bin/../lib/gcc/arm-none-eabi/5.4.1/../../../../arm-none-eabi/lib/armv6-m/libcr_c.a(fclose.o)
                0x00001bc4                fclose
 .text.fflush   0x00001c34       0x34 /usr/local/lpcxpresso_8.2.2_650/lpcxpresso/tools/bin/../lib/gcc/arm-none-eabi/5.4.1/../../../../arm-none-eabi/lib/armv6-m/libcr_c.a(fflush.o)
                0x00001c34                fflush
 .text.fseek    0x00001c68      0x100 /usr/local/lpcxpresso_8.2.2_650/lpcxpresso/tools/bin/../lib/gcc/arm-none-eabi/5.4.1/../../../../arm-none-eabi/lib/armv6-m/libcr_c.a(fseek.o)
                0x00001c68                fseek
 .text.ftell    0x00001d68       0x4c /usr/local/lpcxpresso_8.2.2_650/lpcxpresso/tools/bin/../lib/gcc/arm-none-eabi/5.4.1/../../../../arm-none-eabi/lib/armv6-m/libcr_c.a(ftell.o)
                0x00001d68                ftell
 .text.remove   0x00001db4       0x12 /usr/local/lpcxpresso_8.2.2_650/lpcxpresso/tools/bin/../lib/gcc/arm-none-eabi/5.4.1/../../../../arm-none-eabi/lib/armv6-m/libcr_c.a(remove.o)
                0x00001db4                remove
 *fill*         0x00001dc6        0x2 ff
 .text.strlen   0x00001dc8       0x54 /usr/local/lpcxpresso_8.2.2_650/lpcxpresso/tools/bin/../lib/gcc/arm-none-eabi/5.4.1/../../../../arm-none-eabi/lib/armv6-m/libcr_c.a(strlen.o)
                0x00001dc8                strlen
 .text._sbrk    0x00001e1c       0x40 /usr/local/lpcxpresso_8.2.2_650/lpcxpresso/tools/bin/../lib/gcc/arm-none-eabi/5.4.1/../../../../arm-none-eabi/lib/armv6-m/libcr_c.a(_cr_sbrk.o)
                0x00001e1c                _sbrk
 .text._do_fflush
                0x00001e5c       0x48 /usr/local/lpcxpresso_8.2.2_650/lpcxpresso/tools/bin/../lib/gcc/arm-none-eabi/5.4.1/../../../../arm-none-eabi/lib/armv6-m/libcr_c.a(_do_fflush.o)
                0x00001e5c                _do_fflush
 .text.__check_heap_overflow
                0x00001ea4       0x14 /usr/local/lpcxpresso_8.2.2_650/lpcxpresso/tools/bin/../lib/gcc/arm-none-eabi/5.4.1/../../../../arm-none-eabi/lib/armv6-m/libcr_c.a(_cr_check_heap.o)
                0x00001ea4                __check_heap_overflow
 .text.__aeabi_division_idivmod
                0x00001eb8       0x78 /usr/local/lpcxpresso_8.2.2_650/lpcxpresso/tools/bin/../lib/gcc/arm-none-eabi/5.4.1/armv6-m/libcr_eabihelpers.a(division_32.o)
                0x00001eb8                __aeabi_idiv
                0x00001eb8                __aeabi_idivmod
                0x00001ebe                __aeabi_uidiv
                0x00001ebe                __aeabi_uidivmod
 .text.__aeabi_division_idiv0
                0x00001f30        0x2 /usr/local/lpcxpresso_8.2.2_650/lpcxpresso/tools/bin/../lib/gcc/arm-none-eabi/5.4.1/armv6-m/libcr_eabihelpers.a(division_idiv0.o)
                0x00001f30                __aeabi_idiv0
 .text.__aeabi_memset_lowlevel
                0x00001f32       0x2a /usr/local/lpcxpresso_8.2.2_650/lpcxpresso/tools/bin/../lib/gcc/arm-none-eabi/5.4.1/armv6-m/libcr_eabihelpers.a(memcpy.o)
                0x00001f32                __aeabi_lowlevel_memset
 .text.__gnu_thumb1_case_uqi
                0x00001f5c       0x10 /usr/local/lpcxpresso_8.2.2_650/lpcxpresso/tools/bin/../lib/gcc/arm-none-eabi/5.4.1/armv6-m/libcr_eabihelpers.a(thumb1_switch_helpers.o)
                0x00001f5c                __gnu_thumb1_case_uqi
 .text.__sys_appexit
                0x00001f6c        0xc /usr/local/lpcxpresso_8.2.2_650/lpcxpresso/tools/bin/../lib/gcc/arm-none-eabi/5.4.1/../../../../arm-none-eabi/lib/armv6-m/libcr_semihost.a(__sys_appexit.o)
                0x00001f6c                __exit
                0x00001f6c                __sys_appexit
 .text.__sys_close
                0x00001f78        0xc /usr/local/lpcxpresso_8.2.2_650/lpcxpresso/tools/bin/../lib/gcc/arm-none-eabi/5.4.1/../../../../arm-none-eabi/lib/armv6-m/libcr_semihost.a(__sys_close.o)
                0x00001f78                __sys_close
 .text.__sys_flen
                0x00001f84        0xc /usr/local/lpcxpresso_8.2.2_650/lpcxpresso/tools/bin/../lib/gcc/arm-none-eabi/5.4.1/../../../../arm-none-eabi/lib/armv6-m/libcr_semihost.a(__sys_flen.o)
                0x00001f84                __sys_flen
 .text.__sys_istty
                0x00001f90        0xc /usr/local/lpcxpresso_8.2.2_650/lpcxpresso/tools/bin/../lib/gcc/arm-none-eabi/5.4.1/../../../../arm-none-eabi/lib/armv6-m/libcr_semihost.a(__sys_istty.o)
                0x00001f90                __sys_istty
 .text.__sys_remove
                0x00001f9c        0xc /usr/local/lpcxpresso_8.2.2_650/lpcxpresso/tools/bin/../lib/gcc/arm-none-eabi/5.4.1/../../../../arm-none-eabi/lib/armv6-m/libcr_semihost.a(__sys_remove.o)
                0x00001f9c                __sys_remove
 .text.__sys_seek
                0x00001fa8        0xc /usr/local/lpcxpresso_8.2.2_650/lpcxpresso/tools/bin/../lib/gcc/arm-none-eabi/5.4.1/../../../../arm-none-eabi/lib/armv6-m/libcr_semihost.a(__sys_seek.o)
                0x00001fa8                __sys_seek
 .text.__sys_tmpnam
                0x00001fb4        0xc /usr/local/lpcxpresso_8.2.2_650/lpcxpresso/tools/bin/../lib/gcc/arm-none-eabi/5.4.1/../../../../arm-none-eabi/lib/armv6-m/libcr_semihost.a(__sys_tmpnam.o)
                0x00001fb4                __sys_tmpnam
 .text.__sys_write
                0x00001fc0        0xc /usr/local/lpcxpresso_8.2.2_650/lpcxpresso/tools/bin/../lib/gcc/arm-none-eabi/5.4.1/../../../../arm-none-eabi/lib/armv6-m/libcr_semihost.a(__sys_write.o)
                0x00001fc0                __write
                0x00001fc0                __sys_write
 *(.rodata .rodata.* .constdata .constdata.*)
 .rodata.str1.1
                0x00001fcc      0x3cc ./Fuentes/Funciones.o
                                0x422 (size before relaxing)
 .rodata.FD16x16
                0x00002398       0x20 ./Fuentes/WG12864A.o
                0x00002398                FD16x16
 .rodata.BACK16x16
                0x000023b8       0x20 ./Fuentes/WG12864A.o
                0x000023b8                BACK16x16
 .rodata.Arial8x6
                0x000023d8      0x234 ./Fuentes/WG12864A.o
                0x000023d8                Arial8x6
 .rodata.HEART16x16
                0x0000260c       0x20 ./Fuentes/WG12864A.o
                0x0000260c                HEART16x16
 .rodata.LPC_GPIO
                0x0000262c       0x10 ./Drivers/gpio.o
 .rodata.str1.1
                0x0000263c      0x3cc /usr/local/lpcxpresso_8.2.2_650/lpcxpresso/tools/bin/../lib/gcc/arm-none-eabi/5.4.1/../../../../arm-none-eabi/lib/armv6-m/libcr_c.a(initio.o)
                                  0x4 (size before relaxing)
 .rodata.str1.1
                0x0000263c       0x18 /usr/local/lpcxpresso_8.2.2_650/lpcxpresso/tools/bin/../lib/gcc/arm-none-eabi/5.4.1/../../../../arm-none-eabi/lib/armv6-m/libcr_c.a(alloc.o)
                0x00002a08                . = ALIGN (0x4)

.glue_7         0x00002654        0x0
 .glue_7        0x00002654        0x0 linker stubs

.glue_7t        0x00002654        0x0
 .glue_7t       0x00002654        0x0 linker stubs

.vfp11_veneer   0x00002654        0x0
 .vfp11_veneer  0x00002654        0x0 linker stubs

.v4_bx          0x00002654        0x0
 .v4_bx         0x00002654        0x0 linker stubs

.iplt           0x00002654        0x0
 .iplt          0x00002654        0x0 ./Fuentes/Comunicaciones.o

.rel.dyn        0x00002654        0x0
 .rel.iplt      0x00002654        0x0 ./Fuentes/Comunicaciones.o

.ARM.extab
 *(.ARM.extab* .gnu.linkonce.armextab.*)
                0x00002654                __exidx_start = .

.ARM.exidx
 *(.ARM.exidx* .gnu.linkonce.armexidx.*)
                0x00002654                __exidx_end = .
                0x00002654                _etext = .

.uninit_RESERVED
                0x10000000        0x0
 *(.bss.$RESERVED*)
                0x10000000                . = ALIGN (0x4)
                0x10000000                _end_uninit_RESERVED = .

.data           0x10000000       0x20 load address 0x00002654
 FILL mask 0xff
                0x10000000                _data = .
 *(vtable)
 *(.ramfunc*)
 *(.data*)
 .data.pos_x    0x10000000        0x1 ./Fuentes/Funciones.o
                0x10000000                pos_x
 *fill*         0x10000001        0x3 ff
 .data.Umbral_Sup
                0x10000004        0x4 ./Fuentes/Funciones.o
                0x10000004                Umbral_Sup
 .data.Umbral_Inf
                0x10000008        0x4 ./Fuentes/Funciones.o
                0x10000008                Umbral_Inf
 .data.cur      0x1000000c        0x4 ./Fuentes/Menu.o
                0x1000000c                cur
 .data.flagirq  0x10000010        0x4 ./Fuentes/Menu.o
                0x10000010                flagirq
 .data.posX     0x10000014        0x4 ./Fuentes/WG12864A.o
                0x10000014                posX
 .data.posY     0x10000018        0x4 ./Fuentes/WG12864A.o
                0x10000018                posY
 .data          0x1000001c        0x4 /home/sebastian/LPCXpresso/workspace/Proyectos LPC1115/Monitor_Fetal/CMSISv1p30_LPC11xx/Debug/libCMSISv1p30_LPC11xx.a(system_LPC11xx.o)
                0x1000001c                SystemCoreClock
                0x10000020                . = ALIGN (0x4)
                0x10000020                _edata = .

.igot.plt       0x10000020        0x0 load address 0x00002674
 .igot.plt      0x10000020        0x0 ./Fuentes/Comunicaciones.o

.bss            0x10000020     0x1858 load address 0x00002674
                0x10000020                _bss = .
 *(.bss*)
 .bss.no_recibo
                0x10000020        0x1 ./Fuentes/Comunicaciones.o
                0x10000020                no_recibo
 .bss.queenv    0x10000021        0x1 ./Fuentes/Comunicaciones.o
                0x10000021                queenv
 .bss.indf      0x10000022        0x1 ./Fuentes/Comunicaciones.o
                0x10000022                indf
 .bss.actualiza_fw
                0x10000023        0x1 ./Fuentes/Funciones.o
                0x10000023                actualiza_fw
 .bss.AUMENTO   0x10000024        0x1 ./Fuentes/Funciones.o
                0x10000024                AUMENTO
 .bss.PROMEDIAR
                0x10000025        0x1 ./Fuentes/Funciones.o
                0x10000025                PROMEDIAR
 *fill*         0x10000026        0x2 
 .bss.inc_ind   0x10000028        0x4 ./Fuentes/Funciones.o
                0x10000028                inc_ind
 .bss.DISMINUYO
                0x1000002c        0x1 ./Fuentes/Funciones.o
                0x1000002c                DISMINUYO
 *fill*         0x1000002d        0x3 
 .bss.i         0x10000030        0x4 ./Fuentes/Funciones.o
                0x10000030                i
 .bss.cont_pico_NEG
                0x10000034        0x4 ./Fuentes/Funciones.o
                0x10000034                cont_pico_NEG
 .bss.NO_ENTR   0x10000038        0x1 ./Fuentes/Funciones.o
                0x10000038                NO_ENTR
 .bss.buffer_pulso
                0x10000039       0x2c ./Fuentes/Funciones.o
 .bss.FILTRO_DIG
                0x10000065        0x1 ./Fuentes/Funciones.o
                0x10000065                FILTRO_DIG
 *fill*         0x10000066        0x2 
 .bss.cont_pico_POS
                0x10000068        0x4 ./Fuentes/Funciones.o
                0x10000068                cont_pico_POS
 .bss.ACT_DISP  0x1000006c        0x1 ./Fuentes/Funciones.o
                0x1000006c                ACT_DISP
 *fill*         0x1000006d        0x3 
 .bss.muefunc   0x10000070        0x4 ./Fuentes/Funciones.o
                0x10000070                muefunc
 .bss.v         0x10000074        0x4 ./Fuentes/Funciones.o
                0x10000074                v
 .bss.PPM       0x10000078        0x4 ./Fuentes/Funciones.o
                0x10000078                PPM
 .bss.cont      0x1000007c        0x1 ./Fuentes/Main.o
                0x1000007c                cont
 .bss.flagbll   0x1000007d        0x1 ./Fuentes/Main.o
                0x1000007d                flagbll
 .bss.flagmm    0x1000007e        0x1 ./Fuentes/Main.o
                0x1000007e                flagmm
 .bss.sumaerr   0x1000007f        0x1 ./Fuentes/Main.o
                0x1000007f                sumaerr
 .bss.sleepmenu
                0x10000080        0x4 ./Fuentes/Menu.o
                0x10000080                sleepmenu
 .bss.indice    0x10000084        0x4 ./Fuentes/Menu.o
                0x10000084                indice
 .bss.inc       0x10000088        0x4 ./Fuentes/Touch.o
                0x10000088                inc
 .bss.ADCIntDone
                0x1000008c        0x4 ./Drivers/adc.o
                0x1000008c                ADCIntDone
 .bss.OverRunCounter
                0x10000090        0x4 ./Drivers/adc.o
                0x10000090                OverRunCounter
 .bss.gpio3_counter
                0x10000094        0x4 ./Drivers/gpio.o
                0x10000094                gpio3_counter
 .bss.p3_1_counter
                0x10000098        0x4 ./Drivers/gpio.o
                0x10000098                p3_1_counter
 .bss.interruptOverRunStat0
                0x1000009c        0x4 ./Drivers/ssp.o
                0x1000009c                interruptOverRunStat0
 .bss.interruptOverRunStat1
                0x100000a0        0x4 ./Drivers/ssp.o
                0x100000a0                interruptOverRunStat1
 .bss.interruptRxTimeoutStat0
                0x100000a4        0x4 ./Drivers/ssp.o
                0x100000a4                interruptRxTimeoutStat0
 .bss.interruptRxTimeoutStat1
                0x100000a8        0x4 ./Drivers/ssp.o
                0x100000a8                interruptRxTimeoutStat1
 .bss.interruptRxStat0
                0x100000ac        0x4 ./Drivers/ssp.o
                0x100000ac                interruptRxStat0
 .bss.interruptRxStat1
                0x100000b0        0x4 ./Drivers/ssp.o
                0x100000b0                interruptRxStat1
 .bss.timer32_0_counter
                0x100000b4        0x4 ./Drivers/timer32.o
                0x100000b4                timer32_0_counter
 .bss.timer32_0_capture
                0x100000b8        0x4 ./Drivers/timer32.o
                0x100000b8                timer32_0_capture
 .bss.timer32_1_counter
                0x100000bc        0x4 ./Drivers/timer32.o
                0x100000bc                timer32_1_counter
 .bss.timer32_1_capture
                0x100000c0        0x4 ./Drivers/timer32.o
                0x100000c0                timer32_1_capture
 .bss._extra    0x100000c4        0x4 /usr/local/lpcxpresso_8.2.2_650/lpcxpresso/tools/bin/../lib/gcc/arm-none-eabi/5.4.1/../../../../arm-none-eabi/lib/armv6-m/libcr_c.a(initio.o)
                0x100000c4                _extra
 .bss.__Ciob    0x100000c8      0x140 /usr/local/lpcxpresso_8.2.2_650/lpcxpresso/tools/bin/../lib/gcc/arm-none-eabi/5.4.1/../../../../arm-none-eabi/lib/armv6-m/libcr_c.a(stdio.o)
                0x100000c8                __Ciob
 .bss.__heaps   0x10000208        0x4 /usr/local/lpcxpresso_8.2.2_650/lpcxpresso/tools/bin/../lib/gcc/arm-none-eabi/5.4.1/../../../../arm-none-eabi/lib/armv6-m/libcr_c.a(__init_alloc.o)
                0x10000208                __heaps
 .bss.__end_of_heap
                0x1000020c        0x4 /usr/local/lpcxpresso_8.2.2_650/lpcxpresso/tools/bin/../lib/gcc/arm-none-eabi/5.4.1/../../../../arm-none-eabi/lib/armv6-m/libcr_c.a(__init_alloc.o)
                0x1000020c                __end_of_heap
 .bss.errno     0x10000210        0x4 /usr/local/lpcxpresso_8.2.2_650/lpcxpresso/tools/bin/../lib/gcc/arm-none-eabi/5.4.1/../../../../arm-none-eabi/lib/armv6-m/libcr_c.a(errno.o)
                0x10000210                errno
 *(COMMON)
 COMMON         0x10000214       0x20 ./Fuentes/Comunicaciones.o
                0x10000214                cantcomu
                0x10000218                auxs
                0x1000021c                cantprt
                0x10000220                auxi
                0x10000224                hands
                0x10000228                auxmi
                0x1000022c                cantver
                0x1000022d                cantmp
                0x1000022e                empenv
                0x10000230                auxh
 COMMON         0x10000234     0x14c5 ./Fuentes/Funciones.o
                0x10000234                t
                0x10000238                lat_adc
                0x1000023c                hab_corazon
                0x10000240                lat_ant
                0x10000244                cont_10seg
                0x10000245                BORRA
                0x10000248                cla
                0x10000258                num_pulso
                0x10000259                SALTO
                0x1000025a                desp_vert
                0x1000025b                toca1
                0x1000025c                toca
                0x10000260                i_ind_buff
                0x10000264                flag_SUP
                0x10000268                aux2
                0x1000026c                SUBIR
                0x10000270                tcl
                0x10000274                PUNTO
                0x10000275                modo_func
                0x10000276                prs
                0x10000278                adc_valY
                0x1000027c                mu_pro
                0x1000040c                lat_co
                0x1000059c                pos_y
                0x1000059d                pressok
                0x100005a0                ind_Muestras
                0x100005a4                flag_INF
                0x100005a5                BAJAR
                0x100005a6                dir_comu
                0x100005a7                velc
                0x100005a8                LAT_PROM
                0x100005ac                menuactual
                0x100005ad                CONV_OK
                0x100005b0                adc_valX
                0x100005b4                tcla
                0x100005c4                valpru
                0x10000754                aux1
                0x10000758                alm_latidos
                0x100016f8                PULSO_OK
 *fill*         0x100016f9        0x3 
 COMMON         0x100016fc       0xc8 ./Fuentes/Main.o
                0x100016fc                version
                0x1000170c                btens
                0x1000171c                flag_1seg
                0x1000171d                causaerr
                0x10001728                movmp
                0x10001738                Rx
                0x10001756                Rx2
                0x10001774                causaerror
                0x1000177f                Rx1
                0x100017a0                val_adc
                0x100017a4                icomu
                0x100017a9                version_prt
                0x100017b9                moduloerr
 COMMON         0x100017c4        0x8 ./Fuentes/Menu.o
                0x100017c4                adc_valLA
                0x100017c8                var_aux
 COMMON         0x100017cc       0x80 ./Fuentes/Subfunciones.o
                0x100017cc                eee
                0x100017d0                estf
                0x100017d4                dets
                0x100017d8                ee
                0x100017dc                proxh
                0x100017ec                ds
                0x100017f0                esta
                0x100017f4                seg
                0x100017f8                ledcoo
                0x100017fc                eeee
                0x10001800                aaa
                0x10001804                anio
                0x10001808                aa
                0x1000180c                ef
                0x10001810                mi
                0x10001814                pl
                0x10001818                d
                0x1000181c                aaaa
                0x10001820                h
                0x10001824                proxf
                0x10001844                e
                0x10001848                m
 COMMON         0x1000184c        0x8 ./Fuentes/Touch.o
                0x1000184c                sleep
                0x10001850                flagsleep
 COMMON         0x10001854        0x4 ./Fuentes/WG12864A.o
                0x10001854                salida
 COMMON         0x10001858       0x20 ./Drivers/adc.o
                0x10001858                ADCValue
                0x10001878                . = ALIGN (0x4)
                0x10001878                _ebss = .
                [!provide]                PROVIDE (end, .)

.noinit         0x10001878        0x0 load address 0x00002674
                0x10001878                _noinit = .
 *(.noinit*)
                0x10001878                . = ALIGN (0x4)
                0x10001878                _end_noinit = .
                0x10001878                PROVIDE (_pvHeapStart, DEFINED (__user_heap_base)?__user_heap_base:.)
                0x10002000                PROVIDE (_vStackTop, DEFINED (__user_stack_top)?__user_stack_top:(__top_RamLoc8 - 0x0))
                [!provide]                PROVIDE (__valid_user_code_checksum, (0x0 - (((_vStackTop + (ResetISR + 0x1)) + (DEFINED (NMI_Handler)?NMI_Handler:M0_NMI_Handler + 0x1)) + (DEFINED (HardFault_Handler)?HardFault_Handler:M0_HardFault_Handler + 0x1))))
OUTPUT(Graficador_v1.0.axf elf32-littlearm)

.debug_info     0x00000000     0xcad8
 .debug_info    0x00000000      0x776 ./Fuentes/Comunicaciones.o
 .debug_info    0x00000776     0x41bb ./Fuentes/Funciones.o
 .debug_info    0x00004931      0xb0c ./Fuentes/Main.o
 .debug_info    0x0000543d     0x20ce ./Fuentes/Menu.o
 .debug_info    0x0000750b      0xe5e ./Fuentes/Subfunciones.o
 .debug_info    0x00008369      0xb20 ./Fuentes/Touch.o
 .debug_info    0x00008e89      0xab3 ./Fuentes/WG12864A.o
 .debug_info    0x0000993c      0x285 ./Fuentes/cr_startup_lpc11.o
 .debug_info    0x00009bc1      0x7bd ./Drivers/adc.o
 .debug_info    0x0000a37e      0xa4d ./Drivers/gpio.o
 .debug_info    0x0000adcb      0xc67 ./Drivers/ssp.o
 .debug_info    0x0000ba32      0xc41 ./Drivers/timer32.o
 .debug_info    0x0000c673      0x465 /home/sebastian/LPCXpresso/workspace/Proyectos LPC1115/Monitor_Fetal/CMSISv1p30_LPC11xx/Debug/libCMSISv1p30_LPC11xx.a(system_LPC11xx.o)

.debug_abbrev   0x00000000     0x1a5c
 .debug_abbrev  0x00000000      0x20b ./Fuentes/Comunicaciones.o
 .debug_abbrev  0x0000020b      0x313 ./Fuentes/Funciones.o
 .debug_abbrev  0x0000051e      0x213 ./Fuentes/Main.o
 .debug_abbrev  0x00000731      0x1b0 ./Fuentes/Menu.o
 .debug_abbrev  0x000008e1      0x2a9 ./Fuentes/Subfunciones.o
 .debug_abbrev  0x00000b8a      0x22a ./Fuentes/Touch.o
 .debug_abbrev  0x00000db4      0x16a ./Fuentes/WG12864A.o
 .debug_abbrev  0x00000f1e      0x11f ./Fuentes/cr_startup_lpc11.o
 .debug_abbrev  0x0000103d      0x163 ./Drivers/adc.o
 .debug_abbrev  0x000011a0      0x2ae ./Drivers/gpio.o
 .debug_abbrev  0x0000144e      0x2ae ./Drivers/ssp.o
 .debug_abbrev  0x000016fc      0x27e ./Drivers/timer32.o
 .debug_abbrev  0x0000197a       0xe2 /home/sebastian/LPCXpresso/workspace/Proyectos LPC1115/Monitor_Fetal/CMSISv1p30_LPC11xx/Debug/libCMSISv1p30_LPC11xx.a(system_LPC11xx.o)

.debug_loc      0x00000000     0x2528
 .debug_loc     0x00000000      0x38e ./Fuentes/Comunicaciones.o
 .debug_loc     0x0000038e      0x51e ./Fuentes/Funciones.o
 .debug_loc     0x000008ac      0xc8d ./Fuentes/Subfunciones.o
 .debug_loc     0x00001539      0x11f ./Fuentes/Touch.o
 .debug_loc     0x00001658      0x36c ./Fuentes/WG12864A.o
 .debug_loc     0x000019c4      0x1d4 ./Fuentes/cr_startup_lpc11.o
 .debug_loc     0x00001b98       0xb9 ./Drivers/adc.o
 .debug_loc     0x00001c51      0x413 ./Drivers/gpio.o
 .debug_loc     0x00002064      0x209 ./Drivers/ssp.o
 .debug_loc     0x0000226d      0x2bb ./Drivers/timer32.o

.debug_aranges  0x00000000      0x418
 .debug_aranges
                0x00000000       0x30 ./Fuentes/Comunicaciones.o
 .debug_aranges
                0x00000030       0xb0 ./Fuentes/Funciones.o
 .debug_aranges
                0x000000e0       0x20 ./Fuentes/Main.o
 .debug_aranges
                0x00000100       0x28 ./Fuentes/Menu.o
 .debug_aranges
                0x00000128       0x78 ./Fuentes/Subfunciones.o
 .debug_aranges
                0x000001a0       0x48 ./Fuentes/Touch.o
 .debug_aranges
                0x000001e8       0x68 ./Fuentes/WG12864A.o
 .debug_aranges
                0x00000250       0x60 ./Fuentes/cr_startup_lpc11.o
 .debug_aranges
                0x000002b0       0x38 ./Drivers/adc.o
 .debug_aranges
                0x000002e8       0x60 ./Drivers/gpio.o
 .debug_aranges
                0x00000348       0x48 ./Drivers/ssp.o
 .debug_aranges
                0x00000390       0x58 ./Drivers/timer32.o
 .debug_aranges
                0x000003e8       0x30 /home/sebastian/LPCXpresso/workspace/Proyectos LPC1115/Monitor_Fetal/CMSISv1p30_LPC11xx/Debug/libCMSISv1p30_LPC11xx.a(system_LPC11xx.o)

.debug_ranges   0x00000000      0x418
 .debug_ranges  0x00000000       0x70 ./Fuentes/Comunicaciones.o
 .debug_ranges  0x00000070       0xa0 ./Fuentes/Funciones.o
 .debug_ranges  0x00000110       0x10 ./Fuentes/Main.o
 .debug_ranges  0x00000120       0x30 ./Fuentes/Menu.o
 .debug_ranges  0x00000150       0x68 ./Fuentes/Subfunciones.o
 .debug_ranges  0x000001b8       0x38 ./Fuentes/Touch.o
 .debug_ranges  0x000001f0       0x58 ./Fuentes/WG12864A.o
 .debug_ranges  0x00000248       0x50 ./Fuentes/cr_startup_lpc11.o
 .debug_ranges  0x00000298       0x28 ./Drivers/adc.o
 .debug_ranges  0x000002c0       0x88 ./Drivers/gpio.o
 .debug_ranges  0x00000348       0x38 ./Drivers/ssp.o
 .debug_ranges  0x00000380       0x78 ./Drivers/timer32.o
 .debug_ranges  0x000003f8       0x20 /home/sebastian/LPCXpresso/workspace/Proyectos LPC1115/Monitor_Fetal/CMSISv1p30_LPC11xx/Debug/libCMSISv1p30_LPC11xx.a(system_LPC11xx.o)

.debug_macro    0x00000000     0x2f47
 .debug_macro   0x00000000       0x93 ./Fuentes/Comunicaciones.o
 .debug_macro   0x00000093      0x83e ./Fuentes/Comunicaciones.o
 .debug_macro   0x000008d1       0x1c ./Fuentes/Comunicaciones.o
 .debug_macro   0x000008ed       0x22 ./Fuentes/Comunicaciones.o
 .debug_macro   0x0000090f       0x10 ./Fuentes/Comunicaciones.o
 .debug_macro   0x0000091f      0x12d ./Fuentes/Comunicaciones.o
 .debug_macro   0x00000a4c      0x5b2 ./Fuentes/Comunicaciones.o
 .debug_macro   0x00000ffe      0x37a ./Fuentes/Comunicaciones.o
 .debug_macro   0x00001378      0x123 ./Fuentes/Comunicaciones.o
 .debug_macro   0x0000149b       0xac ./Fuentes/Comunicaciones.o
 .debug_macro   0x00001547      0x186 ./Fuentes/Comunicaciones.o
 .debug_macro   0x000016cd      0x13c ./Fuentes/Comunicaciones.o
 .debug_macro   0x00001809       0xdb ./Fuentes/Funciones.o
 .debug_macro   0x000018e4       0x34 ./Fuentes/Funciones.o
 .debug_macro   0x00001918       0xb2 ./Fuentes/Funciones.o
 .debug_macro   0x000019ca       0x1c ./Fuentes/Funciones.o
 .debug_macro   0x000019e6       0x46 ./Fuentes/Funciones.o
 .debug_macro   0x00001a2c       0x6a ./Fuentes/Funciones.o
 .debug_macro   0x00001a96       0xeb ./Fuentes/Main.o
 .debug_macro   0x00001b81       0x82 ./Fuentes/Main.o
 .debug_macro   0x00001c03       0x34 ./Fuentes/Main.o
 .debug_macro   0x00001c37       0xe9 ./Fuentes/Menu.o
 .debug_macro   0x00001d20       0xb9 ./Fuentes/Subfunciones.o
 .debug_macro   0x00001dd9       0xa0 ./Fuentes/Subfunciones.o
 .debug_macro   0x00001e79       0xc7 ./Fuentes/Touch.o
 .debug_macro   0x00001f40       0x92 ./Fuentes/WG12864A.o
 .debug_macro   0x00001fd2       0x52 ./Fuentes/cr_startup_lpc11.o
 .debug_macro   0x00002024       0x89 ./Drivers/adc.o
 .debug_macro   0x000020ad       0x89 ./Drivers/gpio.o
 .debug_macro   0x00002136       0xab ./Drivers/ssp.o
 .debug_macro   0x000021e1       0x7a ./Drivers/timer32.o
 .debug_macro   0x0000225b      0x122 /home/sebastian/LPCXpresso/workspace/Proyectos LPC1115/Monitor_Fetal/CMSISv1p30_LPC11xx/Debug/libCMSISv1p30_LPC11xx.a(system_LPC11xx.o)
 .debug_macro   0x0000237d      0x832 /home/sebastian/LPCXpresso/workspace/Proyectos LPC1115/Monitor_Fetal/CMSISv1p30_LPC11xx/Debug/libCMSISv1p30_LPC11xx.a(system_LPC11xx.o)
 .debug_macro   0x00002baf      0x398 /home/sebastian/LPCXpresso/workspace/Proyectos LPC1115/Monitor_Fetal/CMSISv1p30_LPC11xx/Debug/libCMSISv1p30_LPC11xx.a(system_LPC11xx.o)

.debug_line     0x00000000     0x384a
 .debug_line    0x00000000      0x408 ./Fuentes/Comunicaciones.o
 .debug_line    0x00000408      0xd6f ./Fuentes/Funciones.o
 .debug_line    0x00001177      0x37e ./Fuentes/Main.o
 .debug_line    0x000014f5      0x6d8 ./Fuentes/Menu.o
 .debug_line    0x00001bcd      0x58b ./Fuentes/Subfunciones.o
 .debug_line    0x00002158      0x3aa ./Fuentes/Touch.o
 .debug_line    0x00002502      0x3f7 ./Fuentes/WG12864A.o
 .debug_line    0x000028f9      0x1c3 ./Fuentes/cr_startup_lpc11.o
 .debug_line    0x00002abc      0x25c ./Drivers/adc.o
 .debug_line    0x00002d18      0x29f ./Drivers/gpio.o
 .debug_line    0x00002fb7      0x352 ./Drivers/ssp.o
 .debug_line    0x00003309      0x30b ./Drivers/timer32.o
 .debug_line    0x00003614      0x236 /home/sebastian/LPCXpresso/workspace/Proyectos LPC1115/Monitor_Fetal/CMSISv1p30_LPC11xx/Debug/libCMSISv1p30_LPC11xx.a(system_LPC11xx.o)

.debug_str      0x00000000     0x8691
 .debug_str     0x00000000     0x6644 ./Fuentes/Comunicaciones.o
                               0x66e2 (size before relaxing)
 .debug_str     0x00006644      0x8a2 ./Fuentes/Funciones.o
                               0x67c4 (size before relaxing)
 .debug_str     0x00006ee6      0x90c ./Fuentes/Main.o
                               0x6fad (size before relaxing)
 .debug_str     0x000077f2       0x2f ./Fuentes/Menu.o
                               0x678b (size before relaxing)
 .debug_str     0x00007821      0x2a0 ./Fuentes/Subfunciones.o
                               0x639a (size before relaxing)
 .debug_str     0x00007ac1       0xde ./Fuentes/Touch.o
                               0x63f7 (size before relaxing)
 .debug_str     0x00007b9f      0x14d ./Fuentes/WG12864A.o
                               0x6624 (size before relaxing)
 .debug_str     0x00007cec      0x240 ./Fuentes/cr_startup_lpc11.o
                               0x3cac (size before relaxing)
 .debug_str     0x00007f2c       0x7c ./Drivers/adc.o
                               0x60aa (size before relaxing)
 .debug_str     0x00007fa8       0x6a ./Drivers/gpio.o
                               0x610c (size before relaxing)
 .debug_str     0x00008012       0xd1 ./Drivers/ssp.o
                               0x67d8 (size before relaxing)
 .debug_str     0x000080e3      0x128 ./Drivers/timer32.o
                               0x6394 (size before relaxing)
 .debug_str     0x0000820b      0x486 /home/sebastian/LPCXpresso/workspace/Proyectos LPC1115/Monitor_Fetal/CMSISv1p30_LPC11xx/Debug/libCMSISv1p30_LPC11xx.a(system_LPC11xx.o)
                               0x5da4 (size before relaxing)

.comment        0x00000000       0xdc
 .comment       0x00000000       0x6e ./Fuentes/Comunicaciones.o
                                 0x6f (size before relaxing)
 .comment       0x0000006e       0x6f ./Fuentes/Funciones.o
 .comment       0x0000006e       0x6f ./Fuentes/Main.o
 .comment       0x0000006e       0x6f ./Fuentes/Menu.o
 .comment       0x0000006e       0x6f ./Fuentes/Subfunciones.o
 .comment       0x0000006e       0x6f ./Fuentes/Touch.o
 .comment       0x0000006e       0x6f ./Fuentes/WG12864A.o
 .comment       0x0000006e       0x6f ./Fuentes/cr_startup_lpc11.o
 .comment       0x0000006e       0x6f ./Drivers/adc.o
 .comment       0x0000006e       0x6f ./Drivers/gpio.o
 .comment       0x0000006e       0x6f ./Drivers/ssp.o
 .comment       0x0000006e       0x6f ./Drivers/timer32.o
 .comment       0x0000006e       0x6f /home/sebastian/LPCXpresso/workspace/Proyectos LPC1115/Monitor_Fetal/CMSISv1p30_LPC11xx/Debug/libCMSISv1p30_LPC11xx.a(system_LPC11xx.o)
 .comment       0x0000006e       0x6e /usr/local/lpcxpresso_8.2.2_650/lpcxpresso/tools/bin/../lib/gcc/arm-none-eabi/5.4.1/../../../../arm-none-eabi/lib/armv6-m/libcr_semihost.a(_cr__main.o)
                                 0x6f (size before relaxing)
 .comment       0x000000dc       0x6f /usr/local/lpcxpresso_8.2.2_650/lpcxpresso/tools/bin/../lib/gcc/arm-none-eabi/5.4.1/../../../../arm-none-eabi/lib/armv6-m/libcr_c.a(initio.o)
 .comment       0x000000dc       0x6f /usr/local/lpcxpresso_8.2.2_650/lpcxpresso/tools/bin/../lib/gcc/arm-none-eabi/5.4.1/../../../../arm-none-eabi/lib/armv6-m/libcr_c.a(setvbuf.o)
 .comment       0x000000dc       0x6f /usr/local/lpcxpresso_8.2.2_650/lpcxpresso/tools/bin/../lib/gcc/arm-none-eabi/5.4.1/../../../../arm-none-eabi/lib/armv6-m/libcr_c.a(stdio.o)
 .comment       0x000000dc       0x6f /usr/local/lpcxpresso_8.2.2_650/lpcxpresso/tools/bin/../lib/gcc/arm-none-eabi/5.4.1/../../../../arm-none-eabi/lib/armv6-m/libcr_c.a(memset.o)
 .comment       0x000000dc       0x6f /usr/local/lpcxpresso_8.2.2_650/lpcxpresso/tools/bin/../lib/gcc/arm-none-eabi/5.4.1/../../../../arm-none-eabi/lib/armv6-m/libcr_c.a(_deferredlazyseek.o)
 .comment       0x000000dc       0x6f /usr/local/lpcxpresso_8.2.2_650/lpcxpresso/tools/bin/../lib/gcc/arm-none-eabi/5.4.1/../../../../arm-none-eabi/lib/armv6-m/libcr_c.a(_fdopen.o)
 .comment       0x000000dc       0x6f /usr/local/lpcxpresso_8.2.2_650/lpcxpresso/tools/bin/../lib/gcc/arm-none-eabi/5.4.1/../../../../arm-none-eabi/lib/armv6-m/libcr_c.a(_fflush.o)
 .comment       0x000000dc       0x6f /usr/local/lpcxpresso_8.2.2_650/lpcxpresso/tools/bin/../lib/gcc/arm-none-eabi/5.4.1/../../../../arm-none-eabi/lib/armv6-m/libcr_c.a(_writebuf.o)
 .comment       0x000000dc       0x6f /usr/local/lpcxpresso_8.2.2_650/lpcxpresso/tools/bin/../lib/gcc/arm-none-eabi/5.4.1/../../../../arm-none-eabi/lib/armv6-m/libcr_c.a(alloc.o)
 .comment       0x000000dc       0x6f /usr/local/lpcxpresso_8.2.2_650/lpcxpresso/tools/bin/../lib/gcc/arm-none-eabi/5.4.1/../../../../arm-none-eabi/lib/armv6-m/libcr_c.a(fclose.o)
 .comment       0x000000dc       0x6f /usr/local/lpcxpresso_8.2.2_650/lpcxpresso/tools/bin/../lib/gcc/arm-none-eabi/5.4.1/../../../../arm-none-eabi/lib/armv6-m/libcr_c.a(fflush.o)
 .comment       0x000000dc       0x6f /usr/local/lpcxpresso_8.2.2_650/lpcxpresso/tools/bin/../lib/gcc/arm-none-eabi/5.4.1/../../../../arm-none-eabi/lib/armv6-m/libcr_c.a(fseek.o)
 .comment       0x000000dc       0x6f /usr/local/lpcxpresso_8.2.2_650/lpcxpresso/tools/bin/../lib/gcc/arm-none-eabi/5.4.1/../../../../arm-none-eabi/lib/armv6-m/libcr_c.a(ftell.o)
 .comment       0x000000dc       0x6f /usr/local/lpcxpresso_8.2.2_650/lpcxpresso/tools/bin/../lib/gcc/arm-none-eabi/5.4.1/../../../../arm-none-eabi/lib/armv6-m/libcr_c.a(remove.o)
 .comment       0x000000dc       0x6f /usr/local/lpcxpresso_8.2.2_650/lpcxpresso/tools/bin/../lib/gcc/arm-none-eabi/5.4.1/../../../../arm-none-eabi/lib/armv6-m/libcr_c.a(strlen.o)
 .comment       0x000000dc       0x6f /usr/local/lpcxpresso_8.2.2_650/lpcxpresso/tools/bin/../lib/gcc/arm-none-eabi/5.4.1/../../../../arm-none-eabi/lib/armv6-m/libcr_c.a(__init_alloc.o)
 .comment       0x000000dc       0x6f /usr/local/lpcxpresso_8.2.2_650/lpcxpresso/tools/bin/../lib/gcc/arm-none-eabi/5.4.1/../../../../arm-none-eabi/lib/armv6-m/libcr_c.a(_cr_sbrk.o)
 .comment       0x000000dc       0x6f /usr/local/lpcxpresso_8.2.2_650/lpcxpresso/tools/bin/../lib/gcc/arm-none-eabi/5.4.1/../../../../arm-none-eabi/lib/armv6-m/libcr_c.a(_do_fflush.o)
 .comment       0x000000dc       0x6f /usr/local/lpcxpresso_8.2.2_650/lpcxpresso/tools/bin/../lib/gcc/arm-none-eabi/5.4.1/../../../../arm-none-eabi/lib/armv6-m/libcr_c.a(errno.o)
 .comment       0x000000dc       0x6f /usr/local/lpcxpresso_8.2.2_650/lpcxpresso/tools/bin/../lib/gcc/arm-none-eabi/5.4.1/../../../../arm-none-eabi/lib/armv6-m/libcr_c.a(_cr_check_heap.o)

.ARM.attributes
                0x00000000       0x2f
 .ARM.attributes
                0x00000000       0x31 ./Fuentes/Comunicaciones.o
 .ARM.attributes
                0x00000031       0x31 ./Fuentes/Funciones.o
 .ARM.attributes
                0x00000062       0x31 ./Fuentes/Main.o
 .ARM.attributes
                0x00000093       0x31 ./Fuentes/Menu.o
 .ARM.attributes
                0x000000c4       0x31 ./Fuentes/Subfunciones.o
 .ARM.attributes
                0x000000f5       0x31 ./Fuentes/Touch.o
 .ARM.attributes
                0x00000126       0x31 ./Fuentes/WG12864A.o
 .ARM.attributes
                0x00000157       0x31 ./Fuentes/cr_startup_lpc11.o
 .ARM.attributes
                0x00000188       0x31 ./Drivers/adc.o
 .ARM.attributes
                0x000001b9       0x31 ./Drivers/gpio.o
 .ARM.attributes
                0x000001ea       0x31 ./Drivers/ssp.o
 .ARM.attributes
                0x0000021b       0x31 ./Drivers/timer32.o
 .ARM.attributes
                0x0000024c       0x31 /home/sebastian/LPCXpresso/workspace/Proyectos LPC1115/Monitor_Fetal/CMSISv1p30_LPC11xx/Debug/libCMSISv1p30_LPC11xx.a(system_LPC11xx.o)
 .ARM.attributes
                0x0000027d       0x31 /usr/local/lpcxpresso_8.2.2_650/lpcxpresso/tools/bin/../lib/gcc/arm-none-eabi/5.4.1/../../../../arm-none-eabi/lib/armv6-m/libcr_semihost.a(_cr__main.o)
 .ARM.attributes
                0x000002ae       0x31 /usr/local/lpcxpresso_8.2.2_650/lpcxpresso/tools/bin/../lib/gcc/arm-none-eabi/5.4.1/../../../../arm-none-eabi/lib/armv6-m/libcr_c.a(initio.o)
 .ARM.attributes
                0x000002df       0x31 /usr/local/lpcxpresso_8.2.2_650/lpcxpresso/tools/bin/../lib/gcc/arm-none-eabi/5.4.1/../../../../arm-none-eabi/lib/armv6-m/libcr_c.a(setvbuf.o)
 .ARM.attributes
                0x00000310       0x31 /usr/local/lpcxpresso_8.2.2_650/lpcxpresso/tools/bin/../lib/gcc/arm-none-eabi/5.4.1/../../../../arm-none-eabi/lib/armv6-m/libcr_c.a(stdio.o)
 .ARM.attributes
                0x00000341       0x31 /usr/local/lpcxpresso_8.2.2_650/lpcxpresso/tools/bin/../lib/gcc/arm-none-eabi/5.4.1/../../../../arm-none-eabi/lib/armv6-m/libcr_c.a(memset.o)
 .ARM.attributes
                0x00000372       0x31 /usr/local/lpcxpresso_8.2.2_650/lpcxpresso/tools/bin/../lib/gcc/arm-none-eabi/5.4.1/../../../../arm-none-eabi/lib/armv6-m/libcr_c.a(_deferredlazyseek.o)
 .ARM.attributes
                0x000003a3       0x31 /usr/local/lpcxpresso_8.2.2_650/lpcxpresso/tools/bin/../lib/gcc/arm-none-eabi/5.4.1/../../../../arm-none-eabi/lib/armv6-m/libcr_c.a(_fdopen.o)
 .ARM.attributes
                0x000003d4       0x31 /usr/local/lpcxpresso_8.2.2_650/lpcxpresso/tools/bin/../lib/gcc/arm-none-eabi/5.4.1/../../../../arm-none-eabi/lib/armv6-m/libcr_c.a(_fflush.o)
 .ARM.attributes
                0x00000405       0x31 /usr/local/lpcxpresso_8.2.2_650/lpcxpresso/tools/bin/../lib/gcc/arm-none-eabi/5.4.1/../../../../arm-none-eabi/lib/armv6-m/libcr_c.a(_writebuf.o)
 .ARM.attributes
                0x00000436       0x31 /usr/local/lpcxpresso_8.2.2_650/lpcxpresso/tools/bin/../lib/gcc/arm-none-eabi/5.4.1/../../../../arm-none-eabi/lib/armv6-m/libcr_c.a(alloc.o)
 .ARM.attributes
                0x00000467       0x31 /usr/local/lpcxpresso_8.2.2_650/lpcxpresso/tools/bin/../lib/gcc/arm-none-eabi/5.4.1/../../../../arm-none-eabi/lib/armv6-m/libcr_c.a(fclose.o)
 .ARM.attributes
                0x00000498       0x31 /usr/local/lpcxpresso_8.2.2_650/lpcxpresso/tools/bin/../lib/gcc/arm-none-eabi/5.4.1/../../../../arm-none-eabi/lib/armv6-m/libcr_c.a(fflush.o)
 .ARM.attributes
                0x000004c9       0x31 /usr/local/lpcxpresso_8.2.2_650/lpcxpresso/tools/bin/../lib/gcc/arm-none-eabi/5.4.1/../../../../arm-none-eabi/lib/armv6-m/libcr_c.a(fseek.o)
 .ARM.attributes
                0x000004fa       0x31 /usr/local/lpcxpresso_8.2.2_650/lpcxpresso/tools/bin/../lib/gcc/arm-none-eabi/5.4.1/../../../../arm-none-eabi/lib/armv6-m/libcr_c.a(ftell.o)
 .ARM.attributes
                0x0000052b       0x31 /usr/local/lpcxpresso_8.2.2_650/lpcxpresso/tools/bin/../lib/gcc/arm-none-eabi/5.4.1/../../../../arm-none-eabi/lib/armv6-m/libcr_c.a(remove.o)
 .ARM.attributes
                0x0000055c       0x31 /usr/local/lpcxpresso_8.2.2_650/lpcxpresso/tools/bin/../lib/gcc/arm-none-eabi/5.4.1/../../../../arm-none-eabi/lib/armv6-m/libcr_c.a(strlen.o)
 .ARM.attributes
                0x0000058d       0x31 /usr/local/lpcxpresso_8.2.2_650/lpcxpresso/tools/bin/../lib/gcc/arm-none-eabi/5.4.1/../../../../arm-none-eabi/lib/armv6-m/libcr_c.a(__init_alloc.o)
 .ARM.attributes
                0x000005be       0x31 /usr/local/lpcxpresso_8.2.2_650/lpcxpresso/tools/bin/../lib/gcc/arm-none-eabi/5.4.1/../../../../arm-none-eabi/lib/armv6-m/libcr_c.a(_cr_sbrk.o)
 .ARM.attributes
                0x000005ef       0x31 /usr/local/lpcxpresso_8.2.2_650/lpcxpresso/tools/bin/../lib/gcc/arm-none-eabi/5.4.1/../../../../arm-none-eabi/lib/armv6-m/libcr_c.a(_do_fflush.o)
 .ARM.attributes
                0x00000620       0x31 /usr/local/lpcxpresso_8.2.2_650/lpcxpresso/tools/bin/../lib/gcc/arm-none-eabi/5.4.1/../../../../arm-none-eabi/lib/armv6-m/libcr_c.a(errno.o)
 .ARM.attributes
                0x00000651       0x31 /usr/local/lpcxpresso_8.2.2_650/lpcxpresso/tools/bin/../lib/gcc/arm-none-eabi/5.4.1/../../../../arm-none-eabi/lib/armv6-m/libcr_c.a(_cr_check_heap.o)
 .ARM.attributes
                0x00000682       0x21 /usr/local/lpcxpresso_8.2.2_650/lpcxpresso/tools/bin/../lib/gcc/arm-none-eabi/5.4.1/armv6-m/libcr_eabihelpers.a(division_32.o)
 .ARM.attributes
                0x000006a3       0x21 /usr/local/lpcxpresso_8.2.2_650/lpcxpresso/tools/bin/../lib/gcc/arm-none-eabi/5.4.1/armv6-m/libcr_eabihelpers.a(division_idiv0.o)
 .ARM.attributes
                0x000006c4       0x21 /usr/local/lpcxpresso_8.2.2_650/lpcxpresso/tools/bin/../lib/gcc/arm-none-eabi/5.4.1/armv6-m/libcr_eabihelpers.a(memcpy.o)
 .ARM.attributes
                0x000006e5       0x21 /usr/local/lpcxpresso_8.2.2_650/lpcxpresso/tools/bin/../lib/gcc/arm-none-eabi/5.4.1/armv6-m/libcr_eabihelpers.a(thumb1_switch_helpers.o)
 .ARM.attributes
                0x00000706       0x21 /usr/local/lpcxpresso_8.2.2_650/lpcxpresso/tools/bin/../lib/gcc/arm-none-eabi/5.4.1/../../../../arm-none-eabi/lib/armv6-m/libcr_semihost.a(__sys_appexit.o)
 .ARM.attributes
                0x00000727       0x21 /usr/local/lpcxpresso_8.2.2_650/lpcxpresso/tools/bin/../lib/gcc/arm-none-eabi/5.4.1/../../../../arm-none-eabi/lib/armv6-m/libcr_semihost.a(__sys_close.o)
 .ARM.attributes
                0x00000748       0x21 /usr/local/lpcxpresso_8.2.2_650/lpcxpresso/tools/bin/../lib/gcc/arm-none-eabi/5.4.1/../../../../arm-none-eabi/lib/armv6-m/libcr_semihost.a(__sys_flen.o)
 .ARM.attributes
                0x00000769       0x21 /usr/local/lpcxpresso_8.2.2_650/lpcxpresso/tools/bin/../lib/gcc/arm-none-eabi/5.4.1/../../../../arm-none-eabi/lib/armv6-m/libcr_semihost.a(__sys_istty.o)
 .ARM.attributes
                0x0000078a       0x21 /usr/local/lpcxpresso_8.2.2_650/lpcxpresso/tools/bin/../lib/gcc/arm-none-eabi/5.4.1/../../../../arm-none-eabi/lib/armv6-m/libcr_semihost.a(__sys_remove.o)
 .ARM.attributes
                0x000007ab       0x21 /usr/local/lpcxpresso_8.2.2_650/lpcxpresso/tools/bin/../lib/gcc/arm-none-eabi/5.4.1/../../../../arm-none-eabi/lib/armv6-m/libcr_semihost.a(__sys_seek.o)
 .ARM.attributes
                0x000007cc       0x21 /usr/local/lpcxpresso_8.2.2_650/lpcxpresso/tools/bin/../lib/gcc/arm-none-eabi/5.4.1/../../../../arm-none-eabi/lib/armv6-m/libcr_semihost.a(__sys_tmpnam.o)
 .ARM.attributes
                0x000007ed       0x21 /usr/local/lpcxpresso_8.2.2_650/lpcxpresso/tools/bin/../lib/gcc/arm-none-eabi/5.4.1/../../../../arm-none-eabi/lib/armv6-m/libcr_semihost.a(__sys_write.o)

.debug_frame    0x00000000      0xa70
 .debug_frame   0x00000000       0x68 ./Fuentes/Comunicaciones.o
 .debug_frame   0x00000068      0x25c ./Fuentes/Funciones.o
 .debug_frame   0x000002c4       0x28 ./Fuentes/Main.o
 .debug_frame   0x000002ec       0x4c ./Fuentes/Menu.o
 .debug_frame   0x00000338      0x17c ./Fuentes/Subfunciones.o
 .debug_frame   0x000004b4       0xc0 ./Fuentes/Touch.o
 .debug_frame   0x00000574      0x124 ./Fuentes/WG12864A.o
 .debug_frame   0x00000698       0xb0 ./Fuentes/cr_startup_lpc11.o
 .debug_frame   0x00000748       0x70 ./Drivers/adc.o
 .debug_frame   0x000007b8       0xdc ./Drivers/gpio.o
 .debug_frame   0x00000894       0xac ./Drivers/ssp.o
 .debug_frame   0x00000940       0xc4 ./Drivers/timer32.o
 .debug_frame   0x00000a04       0x6c /home/sebastian/LPCXpresso/workspace/Proyectos LPC1115/Monitor_Fetal/CMSISv1p30_LPC11xx/Debug/libCMSISv1p30_LPC11xx.a(system_LPC11xx.o)
