17:37:48 **** Incremental Build of configuration Debug for project CMSISv1p30_LPC11xx ****
make -r all 
make: No se hace nada para 'all'.
17:37:49 **** Incremental Build of configuration Debug for project Monitor_v1.0 ****
make -r all 
Building file: ../Fuentes/Main.c
Invoking: MCU C Compiler
arm-none-eabi-gcc -DDEBUG -D__CODE_RED -D__USE_CMSIS=CMSISv1p30_LPC11xx -D__REDLIB__ -I"/home/sebastian/LPCXpresso/workspace/Proyectos LPC1115/Monitor_Fetal/CMSISv1p30_LPC11xx/inc" -I"/home/sebastian/LPCXpresso/workspace/Proyectos LPC1115/Monitor_Fetal/Monitor_v1.0/Cabeceras" -I"/home/sebastian/LPCXpresso/workspace/Proyectos LPC1115/Monitor_Fetal/Monitor_v1.0/Drivers" -Os -g3 -Wall -c -fmessage-length=0 -fno-builtin -ffunction-sections -fdata-sections -mcpu=cortex-m0 -mthumb -D__REDLIB__ -specs=redlib.specs -MMD -MP -MF"Fuentes/Main.d" -MT"Fuentes/Main.o" -MT"Fuentes/Main.d" -o "Fuentes/Main.o" "../Fuentes/Main.c"
../Fuentes/Main.c:36:14: warning: data definition has no type or storage class
 char  Rx[30];Rx1[30],Rx2[30],btens[16],movmp[16],version[16],version_prt[16];
              ^
../Fuentes/Main.c:36:14: warning: type defaults to 'int' in declaration of 'Rx1' [-Wimplicit-int]
../Fuentes/Main.c:36:22: warning: type defaults to 'int' in declaration of 'Rx2' [-Wimplicit-int]
 char  Rx[30];Rx1[30],Rx2[30],btens[16],movmp[16],version[16],version_prt[16];
                      ^
../Fuentes/Main.c:36:30: warning: type defaults to 'int' in declaration of 'btens' [-Wimplicit-int]
 char  Rx[30];Rx1[30],Rx2[30],btens[16],movmp[16],version[16],version_prt[16];
                              ^
../Fuentes/Main.c:36:40: warning: type defaults to 'int' in declaration of 'movmp' [-Wimplicit-int]
 char  Rx[30];Rx1[30],Rx2[30],btens[16],movmp[16],version[16],version_prt[16];
                                        ^
../Fuentes/Main.c:36:50: warning: type defaults to 'int' in declaration of 'version' [-Wimplicit-int]
 char  Rx[30];Rx1[30],Rx2[30],btens[16],movmp[16],version[16],version_prt[16];
                                                  ^
../Fuentes/Main.c:36:62: warning: type defaults to 'int' in declaration of 'version_prt' [-Wimplicit-int]
 char  Rx[30];Rx1[30],Rx2[30],btens[16],movmp[16],version[16],version_prt[16];
                                                              ^
../Fuentes/Main.c: In function 'main':
../Fuentes/Main.c:69:35: warning: integer overflow in expression [-Woverflow]
  init_timer32 (1, (TIMMER_BASE_1S * TIMMER_SLEEP)); // Timmer 1, para Sleep Display.
                                   ^
../Fuentes/Main.c:82:16: warning: unused variable 'i' [-Wunused-variable]
  {unsigned int i=0;
                ^
Finished building: ../Fuentes/Main.c
 
Building target: Monitor_v1.0.axf
Invoking: MCU Linker
arm-none-eabi-gcc -nostdlib -L"/home/sebastian/LPCXpresso/workspace/Proyectos LPC1115/Monitor_Fetal/CMSISv1p30_LPC11xx/Debug" -Xlinker -Map="Monitor_v1.0.map" -Xlinker --gc-sections -mcpu=cortex-m0 -mthumb -T "Touch_2_2_Debug.ld" -o "Monitor_v1.0.axf"  ./Fuentes/Comunicaciones.o ./Fuentes/Funciones.o ./Fuentes/Main.o ./Fuentes/Menu.o ./Fuentes/Subfunciones.o ./Fuentes/Teclado.o ./Fuentes/Touch.o ./Fuentes/WG12864A.o ./Fuentes/cr_startup_lpc11.o  ./Drivers/adc.o ./Drivers/gpio.o ./Drivers/ssp.o ./Drivers/timer32.o ./Drivers/wdt.o   -lCMSISv1p30_LPC11xx
Finished building target: Monitor_v1.0.axf
 
make --no-print-directory post-build
Performing post-build steps
arm-none-eabi-size "Monitor_v1.0.axf"; # arm-none-eabi-objcopy -O binary "Monitor_v1.0.axf" "Monitor_v1.0.bin" ; checksum -p LPC1114_302 -d "Monitor_v1.0.bin";
   text	   data	    bss	    dec	    hex	filename
  29760	     88	   5984	  35832	   8bf8	Monitor_v1.0.axf
 
17:37:53 **** Incremental Build of configuration Debug for project Monitor_v1.0 ****
make -r all 
make: No se hace nada para 'all'.
