17:17:20 **** Incremental Build of configuration Debug for project Monitor_v1.0 ****
make -r all 
Building file: ../Fuentes/Funciones.c
Invoking: MCU C Compiler
arm-none-eabi-gcc -DDEBUG -D__CODE_RED -D__USE_CMSIS=CMSISv1p30_LPC11xx -D__REDLIB__ -I"F:\Proyectos LPC1115\Monitor_Fetal\CMSISv1p30_LPC11xx\inc" -I"F:\Proyectos LPC1115\Monitor_Fetal\Monitor_v1.0\Cabeceras" -I"F:\Proyectos LPC1115\Monitor_Fetal\Monitor_v1.0\Drivers" -Os -g3 -Wall -c -fmessage-length=0 -fno-builtin -ffunction-sections -fdata-sections -mcpu=cortex-m0 -mthumb -D__REDLIB__ -specs=redlib.specs -MMD -MP -MF"Fuentes/Funciones.d" -MT"Fuentes/Funciones.o" -MT"Fuentes/Funciones.d" -o "Fuentes/Funciones.o" "../Fuentes/Funciones.c"
../Fuentes/Funciones.c: In function 'func_consultaestados':
../Fuentes/Funciones.c:470:13: warning: unused variable 'z' [-Wunused-variable]
  int fila=6,z=0;
             ^
../Fuentes/Funciones.c:470:6: warning: unused variable 'fila' [-Wunused-variable]
  int fila=6,z=0;
      ^
../Fuentes/Funciones.c: In function 'func_consultaptros':
../Fuentes/Funciones.c:617:28: warning: array subscript has type 'char' [-Wchar-subscripts]
    WG12864A_printf(&version[t], Arial8x6, NEGRO);
                            ^
../Fuentes/Funciones.c:626:32: warning: array subscript has type 'char' [-Wchar-subscripts]
    WG12864A_printf(&version_prt[t], Arial8x6, NEGRO);
                                ^
../Fuentes/Funciones.c: In function 'func_conserr':
../Fuentes/Funciones.c:709:15: warning: array subscript has type 'char' [-Wchar-subscripts]
     causaerror[sumaerr]=causaerr[11];
               ^
../Fuentes/Funciones.c:710:14: warning: array subscript has type 'char' [-Wchar-subscripts]
     moduloerr[sumaerr]=causaerr[12];
              ^
../Fuentes/Funciones.c:711:18: warning: array subscript has type 'char' [-Wchar-subscripts]
     if(causaerror[sumaerr]==0)
                  ^
../Fuentes/Funciones.c:713:15: warning: array subscript has type 'char' [-Wchar-subscripts]
      moduloerr[sumaerr]=10;
               ^
../Fuentes/Funciones.c:715:28: warning: array subscript has type 'char' [-Wchar-subscripts]
     Muestra_causa(moduloerr[sumaerr], causaerror[sumaerr],fila);
                            ^
../Fuentes/Funciones.c:715:49: warning: array subscript has type 'char' [-Wchar-subscripts]
     Muestra_causa(moduloerr[sumaerr], causaerror[sumaerr],fila);
                                                 ^
../Fuentes/Funciones.c: In function 'Func_Atributos':
../Fuentes/Funciones.c:870:3: warning: implicit declaration of function 'func_teclado' [-Wimplicit-function-declaration]
   func_teclado();
   ^
../Fuentes/Funciones.c: In function 'Func_Semaforos':
../Fuentes/Funciones.c:952:3: warning: implicit declaration of function 'func_temp' [-Wimplicit-function-declaration]
   func_temp();
   ^
../Fuentes/Funciones.c: At top level:
../Fuentes/Funciones.c:1729:6: warning: conflicting types for 'func_temp'
 void func_temp(void)
      ^
../Fuentes/Funciones.c:952:3: note: previous implicit declaration of 'func_temp' was here
   func_temp();
   ^
../Fuentes/Funciones.c: In function 'func_temp':
../Fuentes/Funciones.c:1741:3: warning: implicit declaration of function 'func_punto' [-Wimplicit-function-declaration]
   func_punto();
   ^
../Fuentes/Funciones.c: At top level:
../Fuentes/Funciones.c:1787:6: warning: conflicting types for 'func_punto'
 void func_punto (void)
      ^
../Fuentes/Funciones.c:1741:3: note: previous implicit declaration of 'func_punto' was here
   func_punto();
   ^
../Fuentes/Funciones.c:1831:6: warning: conflicting types for 'func_teclado'
 void func_teclado(void)
      ^
../Fuentes/Funciones.c:870:3: note: previous implicit declaration of 'func_teclado' was here
   func_teclado();
   ^
Finished building: ../Fuentes/Funciones.c
 
Building target: Monitor_v1.0.axf
Invoking: MCU Linker
arm-none-eabi-gcc -nostdlib -L"F:\Proyectos LPC1115\Monitor_Fetal\CMSISv1p30_LPC11xx\Debug" -Xlinker -Map="Monitor_v1.0.map" -Xlinker --gc-sections -mcpu=cortex-m0 -mthumb -T "Touch_2_2_Debug.ld" -o "Monitor_v1.0.axf"  ./Fuentes/Comunicaciones.o ./Fuentes/Funciones.o ./Fuentes/Main.o ./Fuentes/Menu.o ./Fuentes/Subfunciones.o ./Fuentes/Touch.o ./Fuentes/WG12864A.o ./Fuentes/cr_startup_lpc11.o  ./Drivers/adc.o ./Drivers/gpio.o ./Drivers/ssp.o ./Drivers/timer32.o ./Drivers/wdt.o   -lCMSISv1p30_LPC11xx
Finished building target: Monitor_v1.0.axf
 
make --no-print-directory post-build
Performing post-build steps
arm-none-eabi-size "Monitor_v1.0.axf"; # arm-none-eabi-objcopy -O binary "Monitor_v1.0.axf" "Monitor_v1.0.bin" ; checksum -p LPC1114_302 -d "Monitor_v1.0.bin";
   text	   data	    bss	    dec	    hex	filename
  28820	     92	   1672	  30584	   7778	Monitor_v1.0.axf
 

17:17:21 Build Finished (took 779ms)

