16:31:53 **** Incremental Build of configuration Debug for project Monitor_v1.0 ****
make -r all 
Building file: ../Fuentes/Menu.c
Invoking: MCU C Compiler
arm-none-eabi-gcc -DDEBUG -D__CODE_RED -D__USE_CMSIS=CMSISv1p30_LPC11xx -D__REDLIB__ -I"F:\Proyectos LPC1115\Monitor_Fetal\CMSISv1p30_LPC11xx\inc" -I"F:\Proyectos LPC1115\Monitor_Fetal\Monitor_v1.0\Cabeceras" -I"F:\Proyectos LPC1115\Monitor_Fetal\Monitor_v1.0\Drivers" -Os -g3 -Wall -c -fmessage-length=0 -fno-builtin -ffunction-sections -fdata-sections -mcpu=cortex-m0 -mthumb -D__REDLIB__ -specs=redlib.specs -MMD -MP -MF"Fuentes/Menu.d" -MT"Fuentes/Menu.o" -MT"Fuentes/Menu.d" -o "Fuentes/Menu.o" "../Fuentes/Menu.c"
../Fuentes/Menu.c:26:21: warning: 'menu' initialized and declared 'extern'
 extern unsigned int menu = 0, menu1 = -1, menu2 = -1, menu3 = -1,
                     ^
../Fuentes/Menu.c:26:31: warning: 'menu1' initialized and declared 'extern'
 extern unsigned int menu = 0, menu1 = -1, menu2 = -1, menu3 = -1,
                               ^
../Fuentes/Menu.c:26:43: warning: 'menu2' initialized and declared 'extern'
 extern unsigned int menu = 0, menu1 = -1, menu2 = -1, menu3 = -1,
                                           ^
../Fuentes/Menu.c:26:55: warning: 'menu3' initialized and declared 'extern'
 extern unsigned int menu = 0, menu1 = -1, menu2 = -1, menu3 = -1,
                                                       ^
../Fuentes/Menu.c:27:6: warning: 'menu32' initialized and declared 'extern'
      menu32 = -1, menu4 = -1, menu41 = -1, menu41_1 = -1,
      ^
../Fuentes/Menu.c:27:19: warning: 'menu4' initialized and declared 'extern'
      menu32 = -1, menu4 = -1, menu41 = -1, menu41_1 = -1,
                   ^
../Fuentes/Menu.c:27:31: warning: 'menu41' initialized and declared 'extern'
      menu32 = -1, menu4 = -1, menu41 = -1, menu41_1 = -1,
                               ^
../Fuentes/Menu.c:27:44: warning: 'menu41_1' initialized and declared 'extern'
      menu32 = -1, menu4 = -1, menu41 = -1, menu41_1 = -1,
                                            ^
../Fuentes/Menu.c:28:6: warning: 'menu41_2' initialized and declared 'extern'
      menu41_2 = -1, menu41_3 = -1, menu41_4 = -1;
      ^
../Fuentes/Menu.c:28:21: warning: 'menu41_3' initialized and declared 'extern'
      menu41_2 = -1, menu41_3 = -1, menu41_4 = -1;
                     ^
../Fuentes/Menu.c:28:36: warning: 'menu41_4' initialized and declared 'extern'
      menu41_2 = -1, menu41_3 = -1, menu41_4 = -1;
                                    ^
../Fuentes/Menu.c: In function 'Menu_Inicial':
../Fuentes/Menu.c:767:3: warning: implicit declaration of function 'func_actualiza_fw' [-Wimplicit-function-declaration]
   func_actualiza_fw();      // Entra en la funcion muestra fecha y hora.
   ^
Finished building: ../Fuentes/Menu.c
 
Building target: Monitor_v1.0.axf
Invoking: MCU Linker
arm-none-eabi-gcc -nostdlib -L"F:\Proyectos LPC1115\Monitor_Fetal\CMSISv1p30_LPC11xx\Debug" -Xlinker -Map="Monitor_v1.0.map" -Xlinker --gc-sections -mcpu=cortex-m0 -mthumb -T "Touch_2_2_Debug.ld" -o "Monitor_v1.0.axf"  ./Fuentes/Comunicaciones.o ./Fuentes/Funciones.o ./Fuentes/Main.o ./Fuentes/Menu.o ./Fuentes/Subfunciones.o ./Fuentes/Teclado.o ./Fuentes/Touch.o ./Fuentes/WG12864A.o ./Fuentes/cr_startup_lpc11.o  ./Drivers/adc.o ./Drivers/gpio.o ./Drivers/ssp.o ./Drivers/timer32.o ./Drivers/wdt.o   -lCMSISv1p30_LPC11xx
Finished building target: Monitor_v1.0.axf
 
make --no-print-directory post-build
Performing post-build steps
arm-none-eabi-size "Monitor_v1.0.axf"; # arm-none-eabi-objcopy -O binary "Monitor_v1.0.axf" "Monitor_v1.0.bin" ; checksum -p LPC1114_302 -d "Monitor_v1.0.bin";
   text	   data	    bss	    dec	    hex	filename
  29580	     88	   1576	  31244	   7a0c	Monitor_v1.0.axf
 

16:31:53 Build Finished (took 586ms)

