Archive member included to satisfy reference by file (symbol)

F:\Proyectos LPC1115\Monitor_Fetal\CMSISv1p30_LPC11xx\Debug\libCMSISv1p30_LPC11xx.a(system_LPC11xx.o)
                              ./Drivers/adc.o (SystemCoreClock)
c:/nxp/lpcxpresso_8.2.2_650/lpcxpresso/tools/bin/../lib/gcc/arm-none-eabi/5.4.1/../../../../arm-none-eabi/lib/armv6-m\libcr_semihost.a(_cr__main.o)
                              ./Fuentes/cr_startup_lpc11.o (__main)
c:/nxp/lpcxpresso_8.2.2_650/lpcxpresso/tools/bin/../lib/gcc/arm-none-eabi/5.4.1/../../../../arm-none-eabi/lib/armv6-m\libcr_c.a(initio.o)
                              c:/nxp/lpcxpresso_8.2.2_650/lpcxpresso/tools/bin/../lib/gcc/arm-none-eabi/5.4.1/../../../../arm-none-eabi/lib/armv6-m\libcr_semihost.a(_cr__main.o) (_initio)
c:/nxp/lpcxpresso_8.2.2_650/lpcxpresso/tools/bin/../lib/gcc/arm-none-eabi/5.4.1/../../../../arm-none-eabi/lib/armv6-m\libcr_c.a(setvbuf.o)
                              c:/nxp/lpcxpresso_8.2.2_650/lpcxpresso/tools/bin/../lib/gcc/arm-none-eabi/5.4.1/../../../../arm-none-eabi/lib/armv6-m\libcr_c.a(initio.o) (setvbuf)
c:/nxp/lpcxpresso_8.2.2_650/lpcxpresso/tools/bin/../lib/gcc/arm-none-eabi/5.4.1/../../../../arm-none-eabi/lib/armv6-m\libcr_c.a(stdio.o)
                              c:/nxp/lpcxpresso_8.2.2_650/lpcxpresso/tools/bin/../lib/gcc/arm-none-eabi/5.4.1/../../../../arm-none-eabi/lib/armv6-m\libcr_c.a(initio.o) (__Ciob)
c:/nxp/lpcxpresso_8.2.2_650/lpcxpresso/tools/bin/../lib/gcc/arm-none-eabi/5.4.1/../../../../arm-none-eabi/lib/armv6-m\libcr_c.a(memset.o)
                              c:/nxp/lpcxpresso_8.2.2_650/lpcxpresso/tools/bin/../lib/gcc/arm-none-eabi/5.4.1/../../../../arm-none-eabi/lib/armv6-m\libcr_c.a(initio.o) (memset)
c:/nxp/lpcxpresso_8.2.2_650/lpcxpresso/tools/bin/../lib/gcc/arm-none-eabi/5.4.1/../../../../arm-none-eabi/lib/armv6-m\libcr_c.a(__fillbuf.o)
                              c:/nxp/lpcxpresso_8.2.2_650/lpcxpresso/tools/bin/../lib/gcc/arm-none-eabi/5.4.1/../../../../arm-none-eabi/lib/armv6-m\libcr_c.a(stdio.o) (__filbuf)
c:/nxp/lpcxpresso_8.2.2_650/lpcxpresso/tools/bin/../lib/gcc/arm-none-eabi/5.4.1/../../../../arm-none-eabi/lib/armv6-m\libcr_c.a(_deferredlazyseek.o)
                              c:/nxp/lpcxpresso_8.2.2_650/lpcxpresso/tools/bin/../lib/gcc/arm-none-eabi/5.4.1/../../../../arm-none-eabi/lib/armv6-m\libcr_c.a(__fillbuf.o) (_deferredlazyseek)
c:/nxp/lpcxpresso_8.2.2_650/lpcxpresso/tools/bin/../lib/gcc/arm-none-eabi/5.4.1/../../../../arm-none-eabi/lib/armv6-m\libcr_c.a(_fdopen.o)
                              c:/nxp/lpcxpresso_8.2.2_650/lpcxpresso/tools/bin/../lib/gcc/arm-none-eabi/5.4.1/../../../../arm-none-eabi/lib/armv6-m\libcr_c.a(initio.o) (_fdopen)
c:/nxp/lpcxpresso_8.2.2_650/lpcxpresso/tools/bin/../lib/gcc/arm-none-eabi/5.4.1/../../../../arm-none-eabi/lib/armv6-m\libcr_c.a(_fflush.o)
                              c:/nxp/lpcxpresso_8.2.2_650/lpcxpresso/tools/bin/../lib/gcc/arm-none-eabi/5.4.1/../../../../arm-none-eabi/lib/armv6-m\libcr_c.a(__fillbuf.o) (_fflush)
c:/nxp/lpcxpresso_8.2.2_650/lpcxpresso/tools/bin/../lib/gcc/arm-none-eabi/5.4.1/../../../../arm-none-eabi/lib/armv6-m\libcr_c.a(_writebuf.o)
                              c:/nxp/lpcxpresso_8.2.2_650/lpcxpresso/tools/bin/../lib/gcc/arm-none-eabi/5.4.1/../../../../arm-none-eabi/lib/armv6-m\libcr_c.a(_deferredlazyseek.o) (_Cwritebuf)
c:/nxp/lpcxpresso_8.2.2_650/lpcxpresso/tools/bin/../lib/gcc/arm-none-eabi/5.4.1/../../../../arm-none-eabi/lib/armv6-m\libcr_c.a(alloc.o)
                              c:/nxp/lpcxpresso_8.2.2_650/lpcxpresso/tools/bin/../lib/gcc/arm-none-eabi/5.4.1/../../../../arm-none-eabi/lib/armv6-m\libcr_c.a(initio.o) (_Csys_alloc)
c:/nxp/lpcxpresso_8.2.2_650/lpcxpresso/tools/bin/../lib/gcc/arm-none-eabi/5.4.1/../../../../arm-none-eabi/lib/armv6-m\libcr_c.a(fclose.o)
                              c:/nxp/lpcxpresso_8.2.2_650/lpcxpresso/tools/bin/../lib/gcc/arm-none-eabi/5.4.1/../../../../arm-none-eabi/lib/armv6-m\libcr_c.a(initio.o) (fclose)
c:/nxp/lpcxpresso_8.2.2_650/lpcxpresso/tools/bin/../lib/gcc/arm-none-eabi/5.4.1/../../../../arm-none-eabi/lib/armv6-m\libcr_c.a(fflush.o)
                              c:/nxp/lpcxpresso_8.2.2_650/lpcxpresso/tools/bin/../lib/gcc/arm-none-eabi/5.4.1/../../../../arm-none-eabi/lib/armv6-m\libcr_c.a(fclose.o) (fflush)
c:/nxp/lpcxpresso_8.2.2_650/lpcxpresso/tools/bin/../lib/gcc/arm-none-eabi/5.4.1/../../../../arm-none-eabi/lib/armv6-m\libcr_c.a(fseek.o)
                              c:/nxp/lpcxpresso_8.2.2_650/lpcxpresso/tools/bin/../lib/gcc/arm-none-eabi/5.4.1/../../../../arm-none-eabi/lib/armv6-m\libcr_c.a(_deferredlazyseek.o) (fseek)
c:/nxp/lpcxpresso_8.2.2_650/lpcxpresso/tools/bin/../lib/gcc/arm-none-eabi/5.4.1/../../../../arm-none-eabi/lib/armv6-m\libcr_c.a(ftell.o)
                              c:/nxp/lpcxpresso_8.2.2_650/lpcxpresso/tools/bin/../lib/gcc/arm-none-eabi/5.4.1/../../../../arm-none-eabi/lib/armv6-m\libcr_c.a(fseek.o) (ftell)
[...]
Memory Configuration

Name             Origin             Length             Attributes
MFlash64         0x00000000         0x00010000         xr
RamLoc8          0x10000000         0x00002000         xrw
*default*        0x00000000         0xffffffff

Linker script and memory map

LOAD ./Fuentes/Comunicaciones.o
LOAD ./Fuentes/Funciones.o
LOAD ./Fuentes/Main.o
LOAD ./Fuentes/Menu.o
LOAD ./Fuentes/Subfunciones.o
LOAD ./Fuentes/Teclado.o
LOAD ./Fuentes/Touch.o
LOAD ./Fuentes/WG12864A.o
LOAD ./Fuentes/cr_startup_lpc11.o
LOAD ./Drivers/adc.o
LOAD ./Drivers/gpio.o
LOAD ./Drivers/ssp.o
LOAD ./Drivers/timer32.o
LOAD ./Drivers/wdt.o
LOAD F:\Proyectos LPC1115\Monitor_Fetal\CMSISv1p30_LPC11xx\Debug\libCMSISv1p30_LPC11xx.a
START GROUP
LOAD c:/nxp/lpcxpresso_8.2.2_650/lpcxpresso/tools/bin/../lib/gcc/arm-none-eabi/5.4.1/../../../../arm-none-eabi/lib/armv6-m\libcr_semihost.a
LOAD c:/nxp/lpcxpresso_8.2.2_650/lpcxpresso/tools/bin/../lib/gcc/arm-none-eabi/5.4.1/../../../../arm-none-eabi/lib/armv6-m\libcr_c.a
LOAD c:/nxp/lpcxpresso_8.2.2_650/lpcxpresso/tools/bin/../lib/gcc/arm-none-eabi/5.4.1/armv6-m\libcr_eabihelpers.a
END GROUP
                0x00000000                __base_MFlash64 = 0x0
                0x00000000                __base_Flash = 0x0
                0x00010000                __top_MFlash64 = 0x10000
                0x00010000                __top_Flash = 0x10000
                0x10000000                __base_RamLoc8 = 0x10000000
                0x10000000                __base_RAM = 0x10000000
                0x10002000                __top_RamLoc8 = 0x10002000
                0x10002000                __top_RAM = 0x10002000

.text           0x00000000     0x7140
 FILL mask 0xff
                0x00000000                __vectors_start__ = ABSOLUTE (.)
 *(.isr_vector)
 .isr_vector    0x00000000       0xc0 ./Fuentes/cr_startup_lpc11.o
                0x00000000                g_pfnVectors
                0x000000c0                . = ALIGN (0x4)
                0x000000c0                __section_table_start = .
                0x000000c0                __data_section_table = .
                0x000000c0        0x4 LONG 0x7140 LOADADDR (.data)
                0x000000c4        0x4 LONG 0x10000000 ADDR (.data)
                0x000000c8        0x4 LONG 0x7c SIZEOF (.data)
                0x000000cc                __data_section_table_end = .
                0x000000cc                __bss_section_table = .
                0x000000cc        0x4 LONG 0x1000007c ADDR (.bss)
                0x000000d0        0x4 LONG 0x984 SIZEOF (.bss)
                0x000000d4                __bss_section_table_end = .
                0x000000d4                __section_table_end = .
 *(.after_vectors*)
 .after_vectors
                0x000000d4       0x70 ./Fuentes/cr_startup_lpc11.o
                0x000000d4                NMI_Handler
                0x000000d6                HardFault_Handler
                0x000000d8                SVCall_Handler
                0x000000da                PendSV_Handler
                0x000000dc                SysTick_Handler
                0x000000de                TIMER16_0_IRQHandler
                0x000000de                UART_IRQHandler
                0x000000de                TIMER32_0_IRQHandler
                0x000000de                WDT_IRQHandler
                0x000000de                IntDefaultHandler
                0x000000de                CAN_IRQHandler
                0x000000de                I2C_IRQHandler
                0x000000de                TIMER16_1_IRQHandler
                0x000000de                PIOINT2_IRQHandler
                0x000000de                BOD_IRQHandler
                0x000000de                WAKEUP_IRQHandler
                0x000000de                PIOINT0_IRQHandler
                0x000000e0                data_init
                0x000000f2                bss_init
                0x00000102                ResetISR
 *(.text*)
 .text.recibe_datos
                0x00000144       0x78 ./Fuentes/Comunicaciones.o
                0x00000144                recibe_datos
 .text.envia_datos
                0x000001bc      0x150 ./Fuentes/Comunicaciones.o
                0x000001bc                envia_datos
 .text.leobuffer
                0x0000030c      0x378 ./Fuentes/Comunicaciones.o
                0x0000030c                leobuffer
 .text.TIMER32_1_IRQHandler
                0x00000684       0xd8 ./Fuentes/Funciones.o
                0x00000684                TIMER32_1_IRQHandler
 .text.Func_Sleep
                0x0000075c      0x100 ./Fuentes/Funciones.o
                0x0000075c                Func_Sleep
 .text.Func_Ingreso
                0x0000085c      0x228 ./Fuentes/Funciones.o
                0x0000085c                Func_Ingreso
 .text.func_consultapaciente
                0x00000a84      0x21c ./Fuentes/Funciones.o
                0x00000a84                func_consultapaciente
 .text.func_editapaciente
                0x00000ca0       0xf4 ./Fuentes/Funciones.o
                0x00000ca0                func_editapaciente
 .text.func_borrarpaciente
                0x00000d94      0x158 ./Fuentes/Funciones.o
                0x00000d94                func_borrarpaciente
 .text.detector_pulsos
                0x00000eec       0xc0 ./Fuentes/Funciones.o
                0x00000eec                detector_pulsos
 .text.grafica_PPM
                0x00000fac      0x1a8 ./Fuentes/Funciones.o
                0x00000fac                grafica_PPM
 .text.Func_Monitoreo
                0x00001154      0x198 ./Fuentes/Funciones.o
                0x00001154                Func_Monitoreo
 .text.Func_Configuraciones
                0x000012ec      0x1a4 ./Fuentes/Funciones.o
                0x000012ec                Func_Configuraciones
 .text.Func_Historial
                0x00001490       0xb0 ./Fuentes/Funciones.o
                0x00001490                Func_Historial
 .text.func_muestrafyh
                0x00001540       0xdc ./Fuentes/Funciones.o
                0x00001540                func_muestrafyh
 .text.func_modfyh
                0x0000161c      0xb1c ./Fuentes/Funciones.o
                0x0000161c                func_modfyh
 .text.func_actualiza_fw
                0x00002138       0xb4 ./Fuentes/Funciones.o
                0x00002138                func_actualiza_fw
 .text.startup.main
                0x000021ec       0x8c ./Fuentes/Main.o
                0x000021ec                main
 .text.Menu_Logo
                0x00002278      0x14c ./Fuentes/Menu.o
                0x00002278                Menu_Logo
 .text.Menu_Inicial
                0x000023c4     0x12e0 ./Fuentes/Menu.o
                0x000023c4                Menu_Inicial
 .text.func_punto
                0x000036a4       0x48 ./Fuentes/Subfunciones.o
                0x000036a4                func_punto
 .text.analizo_salto
                0x000036ec      0x238 ./Fuentes/Subfunciones.o
                0x000036ec                analizo_salto
 .text.Grafica_monitoreo
                0x00003924      0x128 ./Fuentes/Subfunciones.o
                0x00003924                Grafica_monitoreo
 .text.muestra_fecha_y_hora
                0x00003a4c      0x11c ./Fuentes/Subfunciones.o
                0x00003a4c                muestra_fecha_y_hora
 .text.muestra_dsemana
                0x00003b68       0xb4 ./Fuentes/Subfunciones.o
                0x00003b68                muestra_dsemana
 .text.prox_fecha
                0x00003c1c       0xc4 ./Fuentes/Subfunciones.o
                0x00003c1c                prox_fecha
 .text.prox_hora
                0x00003ce0       0xa0 ./Fuentes/Subfunciones.o
                0x00003ce0                prox_hora
 .text.func_teclado
                0x00003d80      0xa40 ./Fuentes/Teclado.o
                0x00003d80                func_teclado
 .text.Func_MuestraTeclado
                0x000047c0      0x778 ./Fuentes/Teclado.o
                0x000047c0                Func_MuestraTeclado
 .text.TOUCH_Init
                0x00004f38       0x16 ./Fuentes/Touch.o
                0x00004f38                TOUCH_Init
 *fill*         0x00004f4e        0x2 ff
 .text.TOUCH_Standby
                0x00004f50       0x54 ./Fuentes/Touch.o
                0x00004f50                TOUCH_Standby
 .text.TOUCH_GetX
                0x00004fa4       0x88 ./Fuentes/Touch.o
                0x00004fa4                TOUCH_GetX
 .text.TOUCH_GetY
                0x0000502c       0x88 ./Fuentes/Touch.o
                0x0000502c                TOUCH_GetY
 .text.PIOINT1_IRQHandler
                0x000050b4       0x6c ./Fuentes/Touch.o
                0x000050b4                PIOINT1_IRQHandler
 .text.Leo_ADC5
                0x00005120       0x3c ./Fuentes/Touch.o
                0x00005120                Leo_ADC5
 .text.GLCD_Data_Out
                0x0000515c       0x1c ./Fuentes/WG12864A.o
                0x0000515c                GLCD_Data_Out
 .text.GLCD_Output_Low
                0x00005178       0x18 ./Fuentes/WG12864A.o
                0x00005178                GLCD_Output_Low
 .text.GLCD_Output_High
                0x00005190       0x18 ./Fuentes/WG12864A.o
                0x00005190                GLCD_Output_High
 .text.GLCD_enviaBYTE
                0x000051a8       0x32 ./Fuentes/WG12864A.o
                0x000051a8                GLCD_enviaBYTE
 .text.WG12864A_Limpiar
                0x000051da       0x56 ./Fuentes/WG12864A.o
                0x000051da                WG12864A_Limpiar
 .text.WG12864A_Init
                0x00005230       0x6c ./Fuentes/WG12864A.o
                0x00005230                WG12864A_Init
 .text.WG12864A_posXY
                0x0000529c       0x6c ./Fuentes/WG12864A.o
                0x0000529c                WG12864A_posXY
 .text.WG12864A_putchar
                0x00005308       0x88 ./Fuentes/WG12864A.o
                0x00005308                WG12864A_putchar
 .text.WG12864A_printf
                0x00005390       0x1c ./Fuentes/WG12864A.o
                0x00005390                WG12864A_printf
 .text.WG12864A_print_symbol
                0x000053ac       0xac ./Fuentes/WG12864A.o
                0x000053ac                WG12864A_print_symbol
 .text.ADC_IRQHandler
                0x00005458       0x80 ./Drivers/adc.o
                0x00005458                ADC_IRQHandler
 .text.ADCInit  0x000054d8       0xb0 ./Drivers/adc.o
                0x000054d8                ADCInit
 .text.ADCRead  0x00005588       0x50 ./Drivers/adc.o
                0x00005588                ADCRead
 .text.PIOINT3_IRQHandler
                0x000055d8       0x3c ./Drivers/gpio.o
                0x000055d8                PIOINT3_IRQHandler
 .text.GPIOInit
                0x00005614       0x24 ./Drivers/gpio.o
                0x00005614                GPIOInit
 .text.GPIOSetInterrupt
                0x00005638       0xd8 ./Drivers/gpio.o
                0x00005638                GPIOSetInterrupt
 .text.GPIOIntEnable
                0x00005710       0x3c ./Drivers/gpio.o
                0x00005710                GPIOIntEnable
 .text.GPIOIntDisable
                0x0000574c       0x3c ./Drivers/gpio.o
                0x0000574c                GPIOIntDisable
 .text.GPIOIntClear
                0x00005788       0x3c ./Drivers/gpio.o
                0x00005788                GPIOIntClear
 .text.GPIOSetValue
                0x000057c4       0x14 ./Drivers/gpio.o
                0x000057c4                GPIOSetValue
 .text.GPIOSetDir
                0x000057d8       0x2c ./Drivers/gpio.o
                0x000057d8                GPIOSetDir
 .text.SSP0_IRQHandler
                0x00005804       0x5c ./Drivers/ssp.o
                0x00005804                SSP0_IRQHandler
 .text.SSP1_IRQHandler
                0x00005860       0x44 ./Drivers/ssp.o
                0x00005860                SSP1_IRQHandler
 .text.SSP_IOConfig
                0x000058a4       0xbc ./Drivers/ssp.o
                0x000058a4                SSP_IOConfig
 .text.SSP_Init
                0x00005960       0x80 ./Drivers/ssp.o
                0x00005960                SSP_Init
 .text.SSP_Send
                0x000059e0       0x68 ./Drivers/ssp.o
                0x000059e0                SSP_Send
 .text.delay32Ms
                0x00005a48       0x84 ./Drivers/timer32.o
                0x00005a48                delay32Ms
 .text.enable_timer32
                0x00005acc       0x18 ./Drivers/timer32.o
                0x00005acc                enable_timer32
 .text.disable_timer32
                0x00005ae4       0x1c ./Drivers/timer32.o
                0x00005ae4                disable_timer32
 .text.reset_timer32
                0x00005b00       0x24 ./Drivers/timer32.o
                0x00005b00                reset_timer32
 .text.init_timer32
                0x00005b24       0xd0 ./Drivers/timer32.o
                0x00005b24                init_timer32
 .text.__NOP    0x00005bf4        0xc F:\Proyectos LPC1115\Monitor_Fetal\CMSISv1p30_LPC11xx\Debug\libCMSISv1p30_LPC11xx.a(system_LPC11xx.o)
 .text.SystemInit
                0x00005c00       0xe0 F:\Proyectos LPC1115\Monitor_Fetal\CMSISv1p30_LPC11xx\Debug\libCMSISv1p30_LPC11xx.a(system_LPC11xx.o)
                0x00005c00                SystemInit
 .text.__main   0x00005ce0       0x12 c:/nxp/lpcxpresso_8.2.2_650/lpcxpresso/tools/bin/../lib/gcc/arm-none-eabi/5.4.1/../../../../arm-none-eabi/lib/armv6-m\libcr_semihost.a(_cr__main.o)
                0x00005ce0                __CR_SEMIHOST
                0x00005ce0                __main
 *fill*         0x00005cf2        0x2 ff
 .text._initio  0x00005cf4       0xa8 c:/nxp/lpcxpresso_8.2.2_650/lpcxpresso/tools/bin/../lib/gcc/arm-none-eabi/5.4.1/../../../../arm-none-eabi/lib/armv6-m\libcr_c.a(initio.o)
                0x00005cf4                _initio
 .text.setvbuf  0x00005d9c       0x48 c:/nxp/lpcxpresso_8.2.2_650/lpcxpresso/tools/bin/../lib/gcc/arm-none-eabi/5.4.1/../../../../arm-none-eabi/lib/armv6-m\libcr_c.a(setvbuf.o)
                0x00005d9c                setvbuf
 .text.memset   0x00005de4        0x8 c:/nxp/lpcxpresso_8.2.2_650/lpcxpresso/tools/bin/../lib/gcc/arm-none-eabi/5.4.1/../../../../arm-none-eabi/lib/armv6-m\libcr_c.a(memset.o)
                0x00005de4                memset
 .text._deferredlazyseek
                0x00005dec       0x44 c:/nxp/lpcxpresso_8.2.2_650/lpcxpresso/tools/bin/../lib/gcc/arm-none-eabi/5.4.1/../../../../arm-none-eabi/lib/armv6-m\libcr_c.a(_deferredlazyseek.o)
                0x00005dec                _deferredlazyseek
 .text._fdopen  0x00005e30       0x74 c:/nxp/lpcxpresso_8.2.2_650/lpcxpresso/tools/bin/../lib/gcc/arm-none-eabi/5.4.1/../../../../arm-none-eabi/lib/armv6-m\libcr_c.a(_fdopen.o)
                0x00005e30                _fdopen
 .text._fflush  0x00005ea4       0x64 c:/nxp/lpcxpresso_8.2.2_650/lpcxpresso/tools/bin/../lib/gcc/arm-none-eabi/5.4.1/../../../../arm-none-eabi/lib/armv6-m\libcr_c.a(_fflush.o)
                0x00005ea4                _fflush
 .text._Cwritebuf
                0x00005f08       0x6c c:/nxp/lpcxpresso_8.2.2_650/lpcxpresso/tools/bin/../lib/gcc/arm-none-eabi/5.4.1/../../../../arm-none-eabi/lib/armv6-m\libcr_c.a(_writebuf.o)
                0x00005f08                _Cwritebuf
 .text.malloc   0x00005f74       0xcc c:/nxp/lpcxpresso_8.2.2_650/lpcxpresso/tools/bin/../lib/gcc/arm-none-eabi/5.4.1/../../../../arm-none-eabi/lib/armv6-m\libcr_c.a(alloc.o)
                0x00005f74                malloc
 .text.free     0x00006040       0x2e c:/nxp/lpcxpresso_8.2.2_650/lpcxpresso/tools/bin/../lib/gcc/arm-none-eabi/5.4.1/../../../../arm-none-eabi/lib/armv6-m\libcr_c.a(alloc.o)
                0x00006040                free
 *fill*         0x0000606e        0x2 ff
 .text._Csys_alloc
                0x00006070       0x20 c:/nxp/lpcxpresso_8.2.2_650/lpcxpresso/tools/bin/../lib/gcc/arm-none-eabi/5.4.1/../../../../arm-none-eabi/lib/armv6-m\libcr_c.a(alloc.o)
                0x00006070                _Csys_alloc
 .text.fclose   0x00006090       0x70 c:/nxp/lpcxpresso_8.2.2_650/lpcxpresso/tools/bin/../lib/gcc/arm-none-eabi/5.4.1/../../../../arm-none-eabi/lib/armv6-m\libcr_c.a(fclose.o)
                0x00006090                fclose
 .text.fflush   0x00006100       0x34 c:/nxp/lpcxpresso_8.2.2_650/lpcxpresso/tools/bin/../lib/gcc/arm-none-eabi/5.4.1/../../../../arm-none-eabi/lib/armv6-m\libcr_c.a(fflush.o)
                0x00006100                fflush
 .text.fseek    0x00006134      0x100 c:/nxp/lpcxpresso_8.2.2_650/lpcxpresso/tools/bin/../lib/gcc/arm-none-eabi/5.4.1/../../../../arm-none-eabi/lib/armv6-m\libcr_c.a(fseek.o)
                0x00006134                fseek
 .text.ftell    0x00006234       0x4c c:/nxp/lpcxpresso_8.2.2_650/lpcxpresso/tools/bin/../lib/gcc/arm-none-eabi/5.4.1/../../../../arm-none-eabi/lib/armv6-m\libcr_c.a(ftell.o)
                0x00006234                ftell
 .text.remove   0x00006280       0x12 c:/nxp/lpcxpresso_8.2.2_650/lpcxpresso/tools/bin/../lib/gcc/arm-none-eabi/5.4.1/../../../../arm-none-eabi/lib/armv6-m\libcr_c.a(remove.o)
                0x00006280                remove
 *fill*         0x00006292        0x2 ff
 .text.strlen   0x00006294       0x54 c:/nxp/lpcxpresso_8.2.2_650/lpcxpresso/tools/bin/../lib/gcc/arm-none-eabi/5.4.1/../../../../arm-none-eabi/lib/armv6-m\libcr_c.a(strlen.o)
                0x00006294                strlen
 .text._sbrk    0x000062e8       0x40 c:/nxp/lpcxpresso_8.2.2_650/lpcxpresso/tools/bin/../lib/gcc/arm-none-eabi/5.4.1/../../../../arm-none-eabi/lib/armv6-m\libcr_c.a(_cr_sbrk.o)
                0x000062e8                _sbrk
 .text._do_fflush
                0x00006328       0x48 c:/nxp/lpcxpresso_8.2.2_650/lpcxpresso/tools/bin/../lib/gcc/arm-none-eabi/5.4.1/../../../../arm-none-eabi/lib/armv6-m\libcr_c.a(_do_fflush.o)
                0x00006328                _do_fflush
 .text.__check_heap_overflow
                0x00006370       0x14 c:/nxp/lpcxpresso_8.2.2_650/lpcxpresso/tools/bin/../lib/gcc/arm-none-eabi/5.4.1/../../../../arm-none-eabi/lib/armv6-m\libcr_c.a(_cr_check_heap.o)
                0x00006370                __check_heap_overflow
 .text.__aeabi_division_idivmod
                0x00006384       0x78 c:/nxp/lpcxpresso_8.2.2_650/lpcxpresso/tools/bin/../lib/gcc/arm-none-eabi/5.4.1/armv6-m\libcr_eabihelpers.a(division_32.o)
                0x00006384                __aeabi_idivmod
                0x00006384                __aeabi_idiv
                0x0000638a                __aeabi_uidivmod
                0x0000638a                __aeabi_uidiv
 .text.__aeabi_division_idiv0
                0x000063fc        0x2 c:/nxp/lpcxpresso_8.2.2_650/lpcxpresso/tools/bin/../lib/gcc/arm-none-eabi/5.4.1/armv6-m\libcr_eabihelpers.a(division_idiv0.o)
                0x000063fc                __aeabi_idiv0
 .text.__aeabi_memset_lowlevel
                0x000063fe       0x2a c:/nxp/lpcxpresso_8.2.2_650/lpcxpresso/tools/bin/../lib/gcc/arm-none-eabi/5.4.1/armv6-m\libcr_eabihelpers.a(memcpy.o)
                0x000063fe                __aeabi_lowlevel_memset
 .text.__gnu_thumb1_case_uqi
                0x00006428       0x10 c:/nxp/lpcxpresso_8.2.2_650/lpcxpresso/tools/bin/../lib/gcc/arm-none-eabi/5.4.1/armv6-m\libcr_eabihelpers.a(thumb1_switch_helpers.o)
                0x00006428                __gnu_thumb1_case_uqi
 .text.__gnu_thumb1_case_uhi
                0x00006438       0x10 c:/nxp/lpcxpresso_8.2.2_650/lpcxpresso/tools/bin/../lib/gcc/arm-none-eabi/5.4.1/armv6-m\libcr_eabihelpers.a(thumb1_switch_helpers.o)
                0x00006438                __gnu_thumb1_case_uhi
 .text.__sys_appexit
                0x00006448        0xc c:/nxp/lpcxpresso_8.2.2_650/lpcxpresso/tools/bin/../lib/gcc/arm-none-eabi/5.4.1/../../../../arm-none-eabi/lib/armv6-m\libcr_semihost.a(__sys_appexit.o)
                0x00006448                __sys_appexit
                0x00006448                __exit
 .text.__sys_close
                0x00006454        0xc c:/nxp/lpcxpresso_8.2.2_650/lpcxpresso/tools/bin/../lib/gcc/arm-none-eabi/5.4.1/../../../../arm-none-eabi/lib/armv6-m\libcr_semihost.a(__sys_close.o)
                0x00006454                __sys_close
 .text.__sys_flen
                0x00006460        0xc c:/nxp/lpcxpresso_8.2.2_650/lpcxpresso/tools/bin/../lib/gcc/arm-none-eabi/5.4.1/../../../../arm-none-eabi/lib/armv6-m\libcr_semihost.a(__sys_flen.o)
                0x00006460                __sys_flen
 .text.__sys_istty
                0x0000646c        0xc c:/nxp/lpcxpresso_8.2.2_650/lpcxpresso/tools/bin/../lib/gcc/arm-none-eabi/5.4.1/../../../../arm-none-eabi/lib/armv6-m\libcr_semihost.a(__sys_istty.o)
                0x0000646c                __sys_istty
 .text.__sys_remove
                0x00006478        0xc c:/nxp/lpcxpresso_8.2.2_650/lpcxpresso/tools/bin/../lib/gcc/arm-none-eabi/5.4.1/../../../../arm-none-eabi/lib/armv6-m\libcr_semihost.a(__sys_remove.o)
                0x00006478                __sys_remove
 .text.__sys_seek
                0x00006484        0xc c:/nxp/lpcxpresso_8.2.2_650/lpcxpresso/tools/bin/../lib/gcc/arm-none-eabi/5.4.1/../../../../arm-none-eabi/lib/armv6-m\libcr_semihost.a(__sys_seek.o)
                0x00006484                __sys_seek
 .text.__sys_tmpnam
                0x00006490        0xc c:/nxp/lpcxpresso_8.2.2_650/lpcxpresso/tools/bin/../lib/gcc/arm-none-eabi/5.4.1/../../../../arm-none-eabi/lib/armv6-m\libcr_semihost.a(__sys_tmpnam.o)
                0x00006490                __sys_tmpnam
 .text.__sys_write
                0x0000649c        0xc c:/nxp/lpcxpresso_8.2.2_650/lpcxpresso/tools/bin/../lib/gcc/arm-none-eabi/5.4.1/../../../../arm-none-eabi/lib/armv6-m\libcr_semihost.a(__sys_write.o)
                0x0000649c                __sys_write
                0x0000649c                __write
 *(.rodata .rodata.* .constdata .constdata.*)
 .rodata.str1.1
                0x000064a8      0x268 ./Fuentes/Funciones.o
                                0x293 (size before relaxing)
 .rodata.str1.1
                0x00006710      0x381 ./Fuentes/Menu.o
                                0x395 (size before relaxing)
 .rodata.str1.1
                0x00006a91       0x1c ./Fuentes/Subfunciones.o
 .rodata.str1.1
                0x00006aad      0x116 ./Fuentes/Teclado.o
                                0x14b (size before relaxing)
 .rodata.FD16x16
                0x00006bc3       0x20 ./Fuentes/WG12864A.o
                0x00006bc3                FD16x16
 .rodata.LL16x16
                0x00006be3       0x20 ./Fuentes/WG12864A.o
                0x00006be3                LL16x16
 .rodata.OKS8x16
                0x00006c03       0x20 ./Fuentes/WG12864A.o
                0x00006c03                OKS8x16
 .rodata.L116x16
                0x00006c23       0x20 ./Fuentes/WG12864A.o
                0x00006c23                L116x16
 .rodata.LM16x16
                0x00006c43       0x20 ./Fuentes/WG12864A.o
                0x00006c43                LM16x16
 .rodata.Hexa8x6
                0x00006c63       0x60 ./Fuentes/WG12864A.o
                0x00006c63                Hexa8x6
 .rodata.Cross16x16
                0x00006cc3       0x20 ./Fuentes/WG12864A.o
                0x00006cc3                Cross16x16
 .rodata.LeftArrow16x16
                0x00006ce3       0x20 ./Fuentes/WG12864A.o
                0x00006ce3                LeftArrow16x16
 .rodata.LOO16x16
                0x00006d03       0x20 ./Fuentes/WG12864A.o
                0x00006d03                LOO16x16
 .rodata.LR16x16
                0x00006d23       0x20 ./Fuentes/WG12864A.o
                0x00006d23                LR16x16
 .rodata.LT16x16
                0x00006d43       0x20 ./Fuentes/WG12864A.o
                0x00006d43                LT16x16
 .rodata.LF16x16
                0x00006d63       0x20 ./Fuentes/WG12864A.o
                0x00006d63                LF16x16
 .rodata.Arial8x6
                0x00006d83      0x234 ./Fuentes/WG12864A.o
                0x00006d83                Arial8x6
 .rodata.LN16x16
                0x00006fb7       0x20 ./Fuentes/WG12864A.o
                0x00006fb7                LN16x16
 .rodata.OK16x16
                0x00006fd7       0x20 ./Fuentes/WG12864A.o
                0x00006fd7                OK16x16
 .rodata.RightArrow16x16
                0x00006ff7       0x20 ./Fuentes/WG12864A.o
                0x00006ff7                RightArrow16x16
 .rodata.LO16x16
                0x00007017       0x20 ./Fuentes/WG12864A.o
                0x00007017                LO16x16
 .rodata.HEART16x16
                0x00007037       0x20 ./Fuentes/WG12864A.o
                0x00007037                HEART16x16
 .rodata.BACK16x16
                0x00007057       0x20 ./Fuentes/WG12864A.o
                0x00007057                BACK16x16
 .rodata.LI16x16
                0x00007077       0x20 ./Fuentes/WG12864A.o
                0x00007077                LI16x16
 .rodata.BK8x16
                0x00007097       0x20 ./Fuentes/WG12864A.o
                0x00007097                BK8x16
 .rodata.LE16x16
                0x000070b7       0x20 ./Fuentes/WG12864A.o
                0x000070b7                LE16x16
 .rodata.LTT16x16
                0x000070d7       0x20 ./Fuentes/WG12864A.o
                0x000070d7                LTT16x16
 .rodata.LA16x16
                0x000070f7       0x20 ./Fuentes/WG12864A.o
                0x000070f7                LA16x16
 *fill*         0x00007117        0x1 ff
 .rodata.LPC_GPIO
                0x00007118       0x10 ./Drivers/gpio.o
 .rodata.str1.1
                0x00007128      0x116 c:/nxp/lpcxpresso_8.2.2_650/lpcxpresso/tools/bin/../lib/gcc/arm-none-eabi/5.4.1/../../../../arm-none-eabi/lib/armv6-m\libcr_c.a(initio.o)
                                  0x4 (size before relaxing)
 .rodata.str1.1
                0x00007128       0x18 c:/nxp/lpcxpresso_8.2.2_650/lpcxpresso/tools/bin/../lib/gcc/arm-none-eabi/5.4.1/../../../../arm-none-eabi/lib/armv6-m\libcr_c.a(alloc.o)
                0x00007240                . = ALIGN (0x4)

.glue_7         0x00007140        0x0
 .glue_7        0x00007140        0x0 linker stubs

.glue_7t        0x00007140        0x0
 .glue_7t       0x00007140        0x0 linker stubs

.vfp11_veneer   0x00007140        0x0
 .vfp11_veneer  0x00007140        0x0 linker stubs

.v4_bx          0x00007140        0x0
 .v4_bx         0x00007140        0x0 linker stubs

.iplt           0x00007140        0x0
 .iplt          0x00007140        0x0 ./Fuentes/Comunicaciones.o

.rel.dyn        0x00007140        0x0
 .rel.iplt      0x00007140        0x0 ./Fuentes/Comunicaciones.o

.ARM.extab
 *(.ARM.extab* .gnu.linkonce.armextab.*)
                0x00007140                __exidx_start = .

.ARM.exidx
 *(.ARM.exidx* .gnu.linkonce.armexidx.*)
                0x00007140                __exidx_end = .
                0x00007140                _etext = .

.uninit_RESERVED
                0x10000000        0x0
 *(.bss.$RESERVED*)
                0x10000000                . = ALIGN (0x4)
                0x10000000                _end_uninit_RESERVED = .

.data           0x10000000       0x7c load address 0x00007140
 FILL mask 0xff
                0x10000000                _data = .
 *(vtable)
 *(.ramfunc*)
 *(.data*)
 .data.buff_prueba
                0x10000000       0x16 ./Fuentes/Funciones.o
                0x10000000                buff_prueba
 *fill*         0x10000016        0x2 ff
 .data.flag_sleepsubmenu
                0x10000018        0x4 ./Fuentes/Funciones.o
                0x10000018                flag_sleepsubmenu
 .data.flag_SUP
                0x1000001c        0x1 ./Fuentes/Funciones.o
                0x1000001c                flag_SUP
 *fill*         0x1000001d        0x3 ff
 .data.Umbral_Sup
                0x10000020        0x4 ./Fuentes/Funciones.o
                0x10000020                Umbral_Sup
 .data.num      0x10000024        0x4 ./Fuentes/Funciones.o
                0x10000024                num
 .data.flag_INF
                0x10000028        0x1 ./Fuentes/Funciones.o
                0x10000028                flag_INF
 *fill*         0x10000029        0x3 ff
 .data.Umbral_Inf
                0x1000002c        0x4 ./Fuentes/Funciones.o
                0x1000002c                Umbral_Inf
 .data.menu41_4
                0x10000030        0x4 ./Fuentes/Menu.o
                0x10000030                menu41_4
 .data.menu4    0x10000034        0x4 ./Fuentes/Menu.o
                0x10000034                menu4
 .data.menu41_2
                0x10000038        0x4 ./Fuentes/Menu.o
                0x10000038                menu41_2
 .data.menu41_3
                0x1000003c        0x4 ./Fuentes/Menu.o
                0x1000003c                menu41_3
 .data.clave    0x10000040       0x10 ./Fuentes/Menu.o
                0x10000040                clave
 .data.menu41   0x10000050        0x4 ./Fuentes/Menu.o
                0x10000050                menu41
 .data.cur      0x10000054        0x4 ./Fuentes/Menu.o
                0x10000054                cur
 .data.flagirq  0x10000058        0x4 ./Fuentes/Menu.o
                0x10000058                flagirq
 .data.menu1    0x1000005c        0x4 ./Fuentes/Menu.o
                0x1000005c                menu1
 .data.menu2    0x10000060        0x4 ./Fuentes/Menu.o
                0x10000060                menu2
 .data.menu3    0x10000064        0x4 ./Fuentes/Menu.o
                0x10000064                menu3
 .data.menu41_1
                0x10000068        0x4 ./Fuentes/Menu.o
                0x10000068                menu41_1
 .data.menu32   0x1000006c        0x4 ./Fuentes/Menu.o
                0x1000006c                menu32
 .data.posX     0x10000070        0x4 ./Fuentes/WG12864A.o
                0x10000070                posX
 .data.posY     0x10000074        0x4 ./Fuentes/WG12864A.o
                0x10000074                posY
 .data          0x10000078        0x4 F:\Proyectos LPC1115\Monitor_Fetal\CMSISv1p30_LPC11xx\Debug\libCMSISv1p30_LPC11xx.a(system_LPC11xx.o)
                0x10000078                SystemCoreClock
                0x1000007c                . = ALIGN (0x4)
                0x1000007c                _edata = .

.igot.plt       0x1000007c        0x0 load address 0x000071bc
 .igot.plt      0x1000007c        0x0 ./Fuentes/Comunicaciones.o

.bss            0x1000007c      0x984 load address 0x000071bc
                0x1000007c                _bss = .
 *(.bss*)
 .bss.no_recibo
                0x1000007c        0x1 ./Fuentes/Comunicaciones.o
                0x1000007c                no_recibo
 .bss.queenv    0x1000007d        0x1 ./Fuentes/Comunicaciones.o
                0x1000007d                queenv
 .bss.org       0x1000007e        0x1 ./Fuentes/Comunicaciones.o
                0x1000007e                org
 .bss.indf      0x1000007f        0x1 ./Fuentes/Comunicaciones.o
                0x1000007f                indf
 .bss.actualiza_fw
                0x10000080        0x1 ./Fuentes/Funciones.o
                0x10000080                actualiza_fw
 .bss.mod       0x10000081        0x1 ./Fuentes/Funciones.o
                0x10000081                mod
 *fill*         0x10000082        0x2 
 .bss.inc_ind   0x10000084        0x4 ./Fuentes/Funciones.o
                0x10000084                inc_ind
 .bss.NO_ENTR   0x10000088        0x1 ./Fuentes/Funciones.o
                0x10000088                NO_ENTR
 .bss.salir     0x10000089        0x1 ./Fuentes/Funciones.o
                0x10000089                salir
 *fill*         0x1000008a        0x2 
 .bss.varmod    0x1000008c        0x4 ./Fuentes/Funciones.o
                0x1000008c                varmod
 .bss.buffer_pulso
                0x10000090       0x2c ./Fuentes/Funciones.o
 .bss.norecarga
                0x100000bc        0x4 ./Fuentes/Funciones.o
                0x100000bc                norecarga
 .bss.flagesp   0x100000c0        0x1 ./Fuentes/Funciones.o
                0x100000c0                flagesp
 .bss.PROMEDIAR
                0x100000c1        0x1 ./Fuentes/Funciones.o
                0x100000c1                PROMEDIAR
 *fill*         0x100000c2        0x2 
 .bss.cont_pico_POS
                0x100000c4        0x4 ./Fuentes/Funciones.o
                0x100000c4                cont_pico_POS
 .bss.ACT_DISP  0x100000c8        0x1 ./Fuentes/Funciones.o
                0x100000c8                ACT_DISP
 *fill*         0x100000c9        0x3 
 .bss.cont_pico_NEG
                0x100000cc        0x4 ./Fuentes/Funciones.o
                0x100000cc                cont_pico_NEG
 .bss.s         0x100000d0        0x4 ./Fuentes/Funciones.o
                0x100000d0                s
 .bss.i_p       0x100000d4        0x1 ./Fuentes/Funciones.o
                0x100000d4                i_p
 *fill*         0x100000d5        0x3 
 .bss.muefunc   0x100000d8        0x4 ./Fuentes/Funciones.o
                0x100000d8                muefunc
 .bss.PPM       0x100000dc        0x4 ./Fuentes/Funciones.o
                0x100000dc                PPM
 .bss.tit       0x100000e0        0x4 ./Fuentes/Funciones.o
                0x100000e0                tit
 .bss.lec       0x100000e4        0x1 ./Fuentes/Main.o
                0x100000e4                lec
 .bss.cont      0x100000e5        0x1 ./Fuentes/Main.o
                0x100000e5                cont
 .bss.flagbll   0x100000e6        0x1 ./Fuentes/Main.o
                0x100000e6                flagbll
 .bss.flagmm    0x100000e7        0x1 ./Fuentes/Main.o
                0x100000e7                flagmm
 .bss.sumaerr   0x100000e8        0x1 ./Fuentes/Main.o
                0x100000e8                sumaerr
 *fill*         0x100000e9        0x3 
 .bss.sleepmenu
                0x100000ec        0x4 ./Fuentes/Menu.o
                0x100000ec                sleepmenu
 .bss.indice    0x100000f0        0x4 ./Fuentes/Menu.o
                0x100000f0                indice
 .bss.menu      0x100000f4        0x4 ./Fuentes/Menu.o
                0x100000f4                menu
 .bss.buffer.4735
                0x100000f8       0x2c ./Fuentes/Subfunciones.o
 .bss.buffer.4753
                0x10000124       0x2c ./Fuentes/Subfunciones.o
 .bss.buffer.4748
                0x10000150       0x2c ./Fuentes/Subfunciones.o
 .bss.buffer.4726
                0x1000017c       0x2c ./Fuentes/Subfunciones.o
 .bss.a         0x100001a8        0x4 ./Fuentes/Touch.o
                0x100001a8                a
 .bss.ADCIntDone
                0x100001ac        0x4 ./Drivers/adc.o
                0x100001ac                ADCIntDone
 .bss.OverRunCounter
                0x100001b0        0x4 ./Drivers/adc.o
                0x100001b0                OverRunCounter
 .bss.gpio3_counter
                0x100001b4        0x4 ./Drivers/gpio.o
                0x100001b4                gpio3_counter
 .bss.p3_1_counter
                0x100001b8        0x4 ./Drivers/gpio.o
                0x100001b8                p3_1_counter
 .bss.interruptOverRunStat0
                0x100001bc        0x4 ./Drivers/ssp.o
                0x100001bc                interruptOverRunStat0
 .bss.interruptOverRunStat1
                0x100001c0        0x4 ./Drivers/ssp.o
                0x100001c0                interruptOverRunStat1
 .bss.interruptRxTimeoutStat0
                0x100001c4        0x4 ./Drivers/ssp.o
                0x100001c4                interruptRxTimeoutStat0
 .bss.interruptRxTimeoutStat1
                0x100001c8        0x4 ./Drivers/ssp.o
                0x100001c8                interruptRxTimeoutStat1
 .bss.interruptRxStat0
                0x100001cc        0x4 ./Drivers/ssp.o
                0x100001cc                interruptRxStat0
 .bss.interruptRxStat1
                0x100001d0        0x4 ./Drivers/ssp.o
                0x100001d0                interruptRxStat1
 .bss.timer32_0_counter
                0x100001d4        0x4 ./Drivers/timer32.o
                0x100001d4                timer32_0_counter
 .bss.timer32_0_capture
                0x100001d8        0x4 ./Drivers/timer32.o
                0x100001d8                timer32_0_capture
 .bss.timer32_1_counter
                0x100001dc        0x4 ./Drivers/timer32.o
                0x100001dc                timer32_1_counter
 .bss.timer32_1_capture
                0x100001e0        0x4 ./Drivers/timer32.o
                0x100001e0                timer32_1_capture
 .bss._extra    0x100001e4        0x4 c:/nxp/lpcxpresso_8.2.2_650/lpcxpresso/tools/bin/../lib/gcc/arm-none-eabi/5.4.1/../../../../arm-none-eabi/lib/armv6-m\libcr_c.a(initio.o)
                0x100001e4                _extra
 .bss.__Ciob    0x100001e8      0x140 c:/nxp/lpcxpresso_8.2.2_650/lpcxpresso/tools/bin/../lib/gcc/arm-none-eabi/5.4.1/../../../../arm-none-eabi/lib/armv6-m\libcr_c.a(stdio.o)
                0x100001e8                __Ciob
 .bss.__heaps   0x10000328        0x4 c:/nxp/lpcxpresso_8.2.2_650/lpcxpresso/tools/bin/../lib/gcc/arm-none-eabi/5.4.1/../../../../arm-none-eabi/lib/armv6-m\libcr_c.a(__init_alloc.o)
                0x10000328                __heaps
 .bss.__end_of_heap
                0x1000032c        0x4 c:/nxp/lpcxpresso_8.2.2_650/lpcxpresso/tools/bin/../lib/gcc/arm-none-eabi/5.4.1/../../../../arm-none-eabi/lib/armv6-m\libcr_c.a(__init_alloc.o)
                0x1000032c                __end_of_heap
 .bss.errno     0x10000330        0x4 c:/nxp/lpcxpresso_8.2.2_650/lpcxpresso/tools/bin/../lib/gcc/arm-none-eabi/5.4.1/../../../../arm-none-eabi/lib/armv6-m\libcr_c.a(errno.o)
                0x10000330                errno
 *(COMMON)
 COMMON         0x10000334       0x20 ./Fuentes/Comunicaciones.o
                0x10000334                cantcomu
                0x10000338                auxs
                0x1000033c                cantprt
                0x10000340                auxi
                0x10000344                hands
                0x10000348                auxmi
                0x1000034c                cantver
                0x1000034d                cantmp
                0x1000034e                empenv
                0x10000350                auxh
 COMMON         0x10000354      0x355 ./Fuentes/Funciones.o
                0x10000354                t
                0x10000358                lat_adc
                0x1000035c                hab_corazon
                0x10000360                lat_ant
                0x10000364                aux_prov
                0x10000368                valpru2
                0x100004a8                cont_10seg
                0x100004ac                adc_val5
                0x100004b0                cla
                0x100004c0                SALTO
                0x100004c1                desp_vert
                0x100004c2                toca1
                0x100004c3                toca
                0x100004c4                FILTRO_DIG
                0x100004c8                i_ind_buff
                0x100004cc                sd_disp
                0x100004d0                aux2
                0x100004d4                SUBIR
                0x100004d8                tcl
                0x100004dc                PUNTO
                0x100004dd                modo_func
                0x100004de                prs
                0x100004e0                adc_valY
                0x100004e4                PARLANTE
                0x100004e8                v
                0x100004e9                pos_y
                0x100004ea                pressok
                0x100004ec                ind_Muestras
                0x100004f0                pos_x
                0x100004f1                BAJAR
                0x100004f2                dir_comu
                0x100004f3                velc
                0x100004f4                LAT_PROM
                0x100004f8                menuactual
                0x100004fc                adc_valX
                0x10000500                tcla
                0x10000510                valpru
                0x100006a0                aux1
                0x100006a4                inc_ind2
                0x100006a8                PULSO_OK
 *fill*         0x100006a9        0x3 
 COMMON         0x100006ac      0x28f ./Fuentes/Main.o
                0x100006ac                b_tog
                0x100006bc                version
                0x100006fc                btens
                0x1000073c                flag_1seg
                0x1000073d                causaerr
                0x10000748                cont_1seg
                0x10000749                cont_1min
                0x1000074c                movmp
                0x1000078c                Rx
                0x100007ac                Rx2
                0x10000824                causaerror
                0x10000830                toffset
                0x10000870                Rx1
                0x100008e8                flag_25ms
                0x100008e9                icomu
                0x100008f0                version_prt
                0x10000930                moduloerr
 *fill*         0x1000093b        0x1 
 COMMON         0x1000093c        0x4 ./Fuentes/Menu.o
                0x1000093c                var_aux
 COMMON         0x10000940       0x94 ./Fuentes/Subfunciones.o
                0x10000940                eee
                0x10000944                estf
                0x10000948                dets
                0x1000094c                ee
                0x10000950                proxh
                0x10000960                Graf_punt
                0x10000964                ds
                0x10000968                pnt_ant
                0x1000096c                esta
                0x10000970                seg
                0x10000974                ledcoo
                0x10000978                eeee
                0x1000097c                mitad_ant
                0x10000980                aaa
                0x10000984                anio
                0x10000988                aa
                0x1000098c                ef
                0x10000990                pulso_ant
                0x10000994                mi
                0x10000998                pl
                0x1000099c                d
                0x100009a0                aaaa
                0x100009a4                h
                0x100009a8                proxf
                0x100009c8                Fila_ant
                0x100009c9                pnt
                0x100009cc                e
                0x100009d0                m
 COMMON         0x100009d4        0x8 ./Fuentes/Touch.o
                0x100009d4                sleep
                0x100009d8                flagsleep
 COMMON         0x100009dc        0x4 ./Fuentes/WG12864A.o
                0x100009dc                salida
 COMMON         0x100009e0       0x20 ./Drivers/adc.o
                0x100009e0                ADCValue
                0x10000a00                . = ALIGN (0x4)
                0x10000a00                _ebss = .
                [!provide]                PROVIDE (end, .)

.noinit         0x10000a00        0x0 load address 0x000071bc
                0x10000a00                _noinit = .
 *(.noinit*)
                0x10000a00                . = ALIGN (0x4)
                0x10000a00                _end_noinit = .
                0x10000a00                PROVIDE (_pvHeapStart, DEFINED (__user_heap_base)?__user_heap_base:.)
                0x10002000                PROVIDE (_vStackTop, DEFINED (__user_stack_top)?__user_stack_top:(__top_RamLoc8 - 0x0))
                [!provide]                PROVIDE (__valid_user_code_checksum, (0x0 - (((_vStackTop + (ResetISR + 0x1)) + (DEFINED (NMI_Handler)?NMI_Handler:M0_NMI_Handler + 0x1)) + (DEFINED (HardFault_Handler)?HardFault_Handler:M0_HardFault_Handler + 0x1))))
OUTPUT(MF_v1.0.axf elf32-littlearm)

.debug_info     0x00000000     0xcbbf
 .debug_info    0x00000000      0x797 ./Fuentes/Comunicaciones.o
 .debug_info    0x00000797     0x2edc ./Fuentes/Funciones.o
 .debug_info    0x00003673      0x5b2 ./Fuentes/Main.o
 .debug_info    0x00003c25     0x244d ./Fuentes/Menu.o
 .debug_info    0x00006072      0x9b6 ./Fuentes/Subfunciones.o
 .debug_info    0x00006a28     0x1d4e ./Fuentes/Teclado.o
 .debug_info    0x00008776      0x994 ./Fuentes/Touch.o
 .debug_info    0x0000910a      0x9bb ./Fuentes/WG12864A.o
 .debug_info    0x00009ac5      0x285 ./Fuentes/cr_startup_lpc11.o
 .debug_info    0x00009d4a      0x7c8 ./Drivers/adc.o
 .debug_info    0x0000a512      0xa4d ./Drivers/gpio.o
 .debug_info    0x0000af5f      0xc67 ./Drivers/ssp.o
 .debug_info    0x0000bbc6      0xb94 ./Drivers/timer32.o
 .debug_info    0x0000c75a      0x465 F:\Proyectos LPC1115\Monitor_Fetal\CMSISv1p30_LPC11xx\Debug\libCMSISv1p30_LPC11xx.a(system_LPC11xx.o)

.debug_abbrev   0x00000000     0x1998
 .debug_abbrev  0x00000000      0x20b ./Fuentes/Comunicaciones.o
 .debug_abbrev  0x0000020b      0x28b ./Fuentes/Funciones.o
 .debug_abbrev  0x00000496      0x173 ./Fuentes/Main.o
 .debug_abbrev  0x00000609      0x1b0 ./Fuentes/Menu.o
 .debug_abbrev  0x000007b9      0x282 ./Fuentes/Subfunciones.o
 .debug_abbrev  0x00000a3b      0x115 ./Fuentes/Teclado.o
 .debug_abbrev  0x00000b50      0x1cd ./Fuentes/Touch.o
 .debug_abbrev  0x00000d1d      0x16a ./Fuentes/WG12864A.o
 .debug_abbrev  0x00000e87      0x11f ./Fuentes/cr_startup_lpc11.o
 .debug_abbrev  0x00000fa6      0x18e ./Drivers/adc.o
 .debug_abbrev  0x00001134      0x2ae ./Drivers/gpio.o
 .debug_abbrev  0x000013e2      0x2ae ./Drivers/ssp.o
 .debug_abbrev  0x00001690      0x226 ./Drivers/timer32.o
 .debug_abbrev  0x000018b6       0xe2 F:\Proyectos LPC1115\Monitor_Fetal\CMSISv1p30_LPC11xx\Debug\libCMSISv1p30_LPC11xx.a(system_LPC11xx.o)

.debug_loc      0x00000000     0x2081
 .debug_loc     0x00000000      0x3ee ./Fuentes/Comunicaciones.o
 .debug_loc     0x000003ee      0x2a7 ./Fuentes/Funciones.o
 .debug_loc     0x00000695      0xa3b ./Fuentes/Subfunciones.o
 .debug_loc     0x000010d0       0x2c ./Fuentes/Teclado.o
 .debug_loc     0x000010fc      0x120 ./Fuentes/Touch.o
 .debug_loc     0x0000121c      0x36c ./Fuentes/WG12864A.o
 .debug_loc     0x00001588      0x1d4 ./Fuentes/cr_startup_lpc11.o
 .debug_loc     0x0000175c       0xc4 ./Drivers/adc.o
 .debug_loc     0x00001820      0x413 ./Drivers/gpio.o
 .debug_loc     0x00001c33      0x209 ./Drivers/ssp.o
 .debug_loc     0x00001e3c      0x245 ./Drivers/timer32.o

.debug_aranges  0x00000000      0x3e8
 .debug_aranges
                0x00000000       0x30 ./Fuentes/Comunicaciones.o
 .debug_aranges
                0x00000030       0x88 ./Fuentes/Funciones.o
 .debug_aranges
                0x000000b8       0x20 ./Fuentes/Main.o
 .debug_aranges
                0x000000d8       0x28 ./Fuentes/Menu.o
 .debug_aranges
                0x00000100       0x50 ./Fuentes/Subfunciones.o
 .debug_aranges
                0x00000150       0x28 ./Fuentes/Teclado.o
 .debug_aranges
                0x00000178       0x48 ./Fuentes/Touch.o
 .debug_aranges
                0x000001c0       0x68 ./Fuentes/WG12864A.o
 .debug_aranges
                0x00000228       0x60 ./Fuentes/cr_startup_lpc11.o
 .debug_aranges
                0x00000288       0x38 ./Drivers/adc.o
 .debug_aranges
                0x000002c0       0x60 ./Drivers/gpio.o
 .debug_aranges
                0x00000320       0x48 ./Drivers/ssp.o
 .debug_aranges
                0x00000368       0x50 ./Drivers/timer32.o
 .debug_aranges
                0x000003b8       0x30 F:\Proyectos LPC1115\Monitor_Fetal\CMSISv1p30_LPC11xx\Debug\libCMSISv1p30_LPC11xx.a(system_LPC11xx.o)

.debug_ranges   0x00000000      0x3c0
 .debug_ranges  0x00000000       0x70 ./Fuentes/Comunicaciones.o
 .debug_ranges  0x00000070       0x78 ./Fuentes/Funciones.o
 .debug_ranges  0x000000e8       0x10 ./Fuentes/Main.o
 .debug_ranges  0x000000f8       0x30 ./Fuentes/Menu.o
 .debug_ranges  0x00000128       0x40 ./Fuentes/Subfunciones.o
 .debug_ranges  0x00000168       0x18 ./Fuentes/Teclado.o
 .debug_ranges  0x00000180       0x38 ./Fuentes/Touch.o
 .debug_ranges  0x000001b8       0x58 ./Fuentes/WG12864A.o
 .debug_ranges  0x00000210       0x50 ./Fuentes/cr_startup_lpc11.o
 .debug_ranges  0x00000260       0x28 ./Drivers/adc.o
 .debug_ranges  0x00000288       0x88 ./Drivers/gpio.o
 .debug_ranges  0x00000310       0x38 ./Drivers/ssp.o
 .debug_ranges  0x00000348       0x58 ./Drivers/timer32.o
 .debug_ranges  0x000003a0       0x20 F:\Proyectos LPC1115\Monitor_Fetal\CMSISv1p30_LPC11xx\Debug\libCMSISv1p30_LPC11xx.a(system_LPC11xx.o)

.debug_macro    0x00000000     0x2f80
 .debug_macro   0x00000000       0x93 ./Fuentes/Comunicaciones.o
 .debug_macro   0x00000093      0x83e ./Fuentes/Comunicaciones.o
 .debug_macro   0x000008d1       0x1c ./Fuentes/Comunicaciones.o
 .debug_macro   0x000008ed       0x22 ./Fuentes/Comunicaciones.o
 .debug_macro   0x0000090f       0x10 ./Fuentes/Comunicaciones.o
 .debug_macro   0x0000091f      0x12d ./Fuentes/Comunicaciones.o
 .debug_macro   0x00000a4c      0x5b2 ./Fuentes/Comunicaciones.o
 .debug_macro   0x00000ffe      0x37a ./Fuentes/Comunicaciones.o
 .debug_macro   0x00001378      0x123 ./Fuentes/Comunicaciones.o
 .debug_macro   0x0000149b       0xac ./Fuentes/Comunicaciones.o
 .debug_macro   0x00001547      0x186 ./Fuentes/Comunicaciones.o
 .debug_macro   0x000016cd      0x148 ./Fuentes/Comunicaciones.o
 .debug_macro   0x00001815       0xdb ./Fuentes/Funciones.o
 .debug_macro   0x000018f0       0x1c ./Fuentes/Funciones.o
 .debug_macro   0x0000190c       0xb2 ./Fuentes/Funciones.o
 .debug_macro   0x000019be       0x34 ./Fuentes/Funciones.o
 .debug_macro   0x000019f2       0x46 ./Fuentes/Funciones.o
 .debug_macro   0x00001a38       0x6a ./Fuentes/Funciones.o
 .debug_macro   0x00001aa2       0xeb ./Fuentes/Main.o
 .debug_macro   0x00001b8d       0x82 ./Fuentes/Main.o
 .debug_macro   0x00001c0f       0x34 ./Fuentes/Main.o
 .debug_macro   0x00001c43       0xe9 ./Fuentes/Menu.o
 .debug_macro   0x00001d2c       0xb9 ./Fuentes/Subfunciones.o
 .debug_macro   0x00001de5       0xa0 ./Fuentes/Subfunciones.o
 .debug_macro   0x00001e85       0x2d ./Fuentes/Teclado.o
 .debug_macro   0x00001eb2       0xc7 ./Fuentes/Touch.o
 .debug_macro   0x00001f79       0x92 ./Fuentes/WG12864A.o
 .debug_macro   0x0000200b       0x52 ./Fuentes/cr_startup_lpc11.o
 .debug_macro   0x0000205d       0x89 ./Drivers/adc.o
 .debug_macro   0x000020e6       0x89 ./Drivers/gpio.o
 .debug_macro   0x0000216f       0xab ./Drivers/ssp.o
 .debug_macro   0x0000221a       0x7a ./Drivers/timer32.o
 .debug_macro   0x00002294      0x122 F:\Proyectos LPC1115\Monitor_Fetal\CMSISv1p30_LPC11xx\Debug\libCMSISv1p30_LPC11xx.a(system_LPC11xx.o)
 .debug_macro   0x000023b6      0x832 F:\Proyectos LPC1115\Monitor_Fetal\CMSISv1p30_LPC11xx\Debug\libCMSISv1p30_LPC11xx.a(system_LPC11xx.o)
 .debug_macro   0x00002be8      0x398 F:\Proyectos LPC1115\Monitor_Fetal\CMSISv1p30_LPC11xx\Debug\libCMSISv1p30_LPC11xx.a(system_LPC11xx.o)

.debug_line     0x00000000     0x338d
 .debug_line    0x00000000      0x3a9 ./Fuentes/Comunicaciones.o
 .debug_line    0x000003a9      0x8b8 ./Fuentes/Funciones.o
 .debug_line    0x00000c61      0x2f7 ./Fuentes/Main.o
 .debug_line    0x00000f58      0x677 ./Fuentes/Menu.o
 .debug_line    0x000015cf      0x46a ./Fuentes/Subfunciones.o
 .debug_line    0x00001a39      0x4d9 ./Fuentes/Teclado.o
 .debug_line    0x00001f12      0x313 ./Fuentes/Touch.o
 .debug_line    0x00002225      0x377 ./Fuentes/WG12864A.o
 .debug_line    0x0000259c      0x199 ./Fuentes/cr_startup_lpc11.o
 .debug_line    0x00002735      0x22a ./Drivers/adc.o
 .debug_line    0x0000295f      0x275 ./Drivers/gpio.o
 .debug_line    0x00002bd4      0x2fe ./Drivers/ssp.o
 .debug_line    0x00002ed2      0x2af ./Drivers/timer32.o
 .debug_line    0x00003181      0x20c F:\Proyectos LPC1115\Monitor_Fetal\CMSISv1p30_LPC11xx\Debug\libCMSISv1p30_LPC11xx.a(system_LPC11xx.o)

.debug_str      0x00000000     0x863d
 .debug_str     0x00000000     0x6654 ./Fuentes/Comunicaciones.o
                               0x66f2 (size before relaxing)
 .debug_str     0x00006654      0x7ed ./Fuentes/Funciones.o
                               0x66cf (size before relaxing)
 .debug_str     0x00006e41      0x5bb ./Fuentes/Main.o
                               0x6c1d (size before relaxing)
 .debug_str     0x000073fc       0x93 ./Fuentes/Menu.o
                               0x680b (size before relaxing)
 .debug_str     0x0000748f      0x339 ./Fuentes/Subfunciones.o
                               0x63c7 (size before relaxing)
 .debug_str     0x000077c8       0x3b ./Fuentes/Teclado.o
                               0x2832 (size before relaxing)
 .debug_str     0x00007803      0x1d7 ./Fuentes/Touch.o
                               0x63a8 (size before relaxing)
 .debug_str     0x000079da       0x7e ./Fuentes/WG12864A.o
                               0x65d2 (size before relaxing)
 .debug_str     0x00007a58      0x240 ./Fuentes/cr_startup_lpc11.o
                               0x3c82 (size before relaxing)
 .debug_str     0x00007c98      0x2ec ./Drivers/adc.o
                               0x6090 (size before relaxing)
 .debug_str     0x00007f84       0x78 ./Drivers/gpio.o
                               0x60e2 (size before relaxing)
 .debug_str     0x00007ffc       0xda ./Drivers/ssp.o
                               0x67ae (size before relaxing)
 .debug_str     0x000080d6      0x103 ./Drivers/timer32.o
                               0x6346 (size before relaxing)
 .debug_str     0x000081d9      0x464 F:\Proyectos LPC1115\Monitor_Fetal\CMSISv1p30_LPC11xx\Debug\libCMSISv1p30_LPC11xx.a(system_LPC11xx.o)
                               0x5d82 (size before relaxing)

.comment        0x00000000       0xdc
 .comment       0x00000000       0x6e ./Fuentes/Comunicaciones.o
                                 0x6f (size before relaxing)
 .comment       0x0000006e       0x6f ./Fuentes/Funciones.o
 .comment       0x0000006e       0x6f ./Fuentes/Main.o
 .comment       0x0000006e       0x6f ./Fuentes/Menu.o
 .comment       0x0000006e       0x6f ./Fuentes/Subfunciones.o
 .comment       0x0000006e       0x6f ./Fuentes/Teclado.o
 .comment       0x0000006e       0x6f ./Fuentes/Touch.o
 .comment       0x0000006e       0x6f ./Fuentes/WG12864A.o
 .comment       0x0000006e       0x6f ./Fuentes/cr_startup_lpc11.o
 .comment       0x0000006e       0x6f ./Drivers/adc.o
 .comment       0x0000006e       0x6f ./Drivers/gpio.o
 .comment       0x0000006e       0x6f ./Drivers/ssp.o
 .comment       0x0000006e       0x6f ./Drivers/timer32.o
 .comment       0x0000006e       0x6f F:\Proyectos LPC1115\Monitor_Fetal\CMSISv1p30_LPC11xx\Debug\libCMSISv1p30_LPC11xx.a(system_LPC11xx.o)
 .comment       0x0000006e       0x6e c:/nxp/lpcxpresso_8.2.2_650/lpcxpresso/tools/bin/../lib/gcc/arm-none-eabi/5.4.1/../../../../arm-none-eabi/lib/armv6-m\libcr_semihost.a(_cr__main.o)
                                 0x6f (size before relaxing)
 .comment       0x000000dc       0x6f c:/nxp/lpcxpresso_8.2.2_650/lpcxpresso/tools/bin/../lib/gcc/arm-none-eabi/5.4.1/../../../../arm-none-eabi/lib/armv6-m\libcr_c.a(initio.o)
 .comment       0x000000dc       0x6f c:/nxp/lpcxpresso_8.2.2_650/lpcxpresso/tools/bin/../lib/gcc/arm-none-eabi/5.4.1/../../../../arm-none-eabi/lib/armv6-m\libcr_c.a(setvbuf.o)
 .comment       0x000000dc       0x6f c:/nxp/lpcxpresso_8.2.2_650/lpcxpresso/tools/bin/../lib/gcc/arm-none-eabi/5.4.1/../../../../arm-none-eabi/lib/armv6-m\libcr_c.a(stdio.o)
 .comment       0x000000dc       0x6f c:/nxp/lpcxpresso_8.2.2_650/lpcxpresso/tools/bin/../lib/gcc/arm-none-eabi/5.4.1/../../../../arm-none-eabi/lib/armv6-m\libcr_c.a(memset.o)
 .comment       0x000000dc       0x6f c:/nxp/lpcxpresso_8.2.2_650/lpcxpresso/tools/bin/../lib/gcc/arm-none-eabi/5.4.1/../../../../arm-none-eabi/lib/armv6-m\libcr_c.a(_deferredlazyseek.o)
 .comment       0x000000dc       0x6f c:/nxp/lpcxpresso_8.2.2_650/lpcxpresso/tools/bin/../lib/gcc/arm-none-eabi/5.4.1/../../../../arm-none-eabi/lib/armv6-m\libcr_c.a(_fdopen.o)
 .comment       0x000000dc       0x6f c:/nxp/lpcxpresso_8.2.2_650/lpcxpresso/tools/bin/../lib/gcc/arm-none-eabi/5.4.1/../../../../arm-none-eabi/lib/armv6-m\libcr_c.a(_fflush.o)
 .comment       0x000000dc       0x6f c:/nxp/lpcxpresso_8.2.2_650/lpcxpresso/tools/bin/../lib/gcc/arm-none-eabi/5.4.1/../../../../arm-none-eabi/lib/armv6-m\libcr_c.a(_writebuf.o)
 .comment       0x000000dc       0x6f c:/nxp/lpcxpresso_8.2.2_650/lpcxpresso/tools/bin/../lib/gcc/arm-none-eabi/5.4.1/../../../../arm-none-eabi/lib/armv6-m\libcr_c.a(alloc.o)
 .comment       0x000000dc       0x6f c:/nxp/lpcxpresso_8.2.2_650/lpcxpresso/tools/bin/../lib/gcc/arm-none-eabi/5.4.1/../../../../arm-none-eabi/lib/armv6-m\libcr_c.a(fclose.o)
 .comment       0x000000dc       0x6f c:/nxp/lpcxpresso_8.2.2_650/lpcxpresso/tools/bin/../lib/gcc/arm-none-eabi/5.4.1/../../../../arm-none-eabi/lib/armv6-m\libcr_c.a(fflush.o)
 .comment       0x000000dc       0x6f c:/nxp/lpcxpresso_8.2.2_650/lpcxpresso/tools/bin/../lib/gcc/arm-none-eabi/5.4.1/../../../../arm-none-eabi/lib/armv6-m\libcr_c.a(fseek.o)
 .comment       0x000000dc       0x6f c:/nxp/lpcxpresso_8.2.2_650/lpcxpresso/tools/bin/../lib/gcc/arm-none-eabi/5.4.1/../../../../arm-none-eabi/lib/armv6-m\libcr_c.a(ftell.o)
 .comment       0x000000dc       0x6f c:/nxp/lpcxpresso_8.2.2_650/lpcxpresso/tools/bin/../lib/gcc/arm-none-eabi/5.4.1/../../../../arm-none-eabi/lib/armv6-m\libcr_c.a(remove.o)
 .comment       0x000000dc       0x6f c:/nxp/lpcxpresso_8.2.2_650/lpcxpresso/tools/bin/../lib/gcc/arm-none-eabi/5.4.1/../../../../arm-none-eabi/lib/armv6-m\libcr_c.a(strlen.o)
 .comment       0x000000dc       0x6f c:/nxp/lpcxpresso_8.2.2_650/lpcxpresso/tools/bin/../lib/gcc/arm-none-eabi/5.4.1/../../../../arm-none-eabi/lib/armv6-m\libcr_c.a(__init_alloc.o)
 .comment       0x000000dc       0x6f c:/nxp/lpcxpresso_8.2.2_650/lpcxpresso/tools/bin/../lib/gcc/arm-none-eabi/5.4.1/../../../../arm-none-eabi/lib/armv6-m\libcr_c.a(_cr_sbrk.o)
 .comment       0x000000dc       0x6f c:/nxp/lpcxpresso_8.2.2_650/lpcxpresso/tools/bin/../lib/gcc/arm-none-eabi/5.4.1/../../../../arm-none-eabi/lib/armv6-m\libcr_c.a(_do_fflush.o)
 .comment       0x000000dc       0x6f c:/nxp/lpcxpresso_8.2.2_650/lpcxpresso/tools/bin/../lib/gcc/arm-none-eabi/5.4.1/../../../../arm-none-eabi/lib/armv6-m\libcr_c.a(errno.o)
 .comment       0x000000dc       0x6f c:/nxp/lpcxpresso_8.2.2_650/lpcxpresso/tools/bin/../lib/gcc/arm-none-eabi/5.4.1/../../../../arm-none-eabi/lib/armv6-m\libcr_c.a(_cr_check_heap.o)

.ARM.attributes
                0x00000000       0x2f
 .ARM.attributes
                0x00000000       0x31 ./Fuentes/Comunicaciones.o
 .ARM.attributes
                0x00000031       0x31 ./Fuentes/Funciones.o
 .ARM.attributes
                0x00000062       0x31 ./Fuentes/Main.o
 .ARM.attributes
                0x00000093       0x31 ./Fuentes/Menu.o
 .ARM.attributes
                0x000000c4       0x31 ./Fuentes/Subfunciones.o
 .ARM.attributes
                0x000000f5       0x31 ./Fuentes/Teclado.o
 .ARM.attributes
                0x00000126       0x31 ./Fuentes/Touch.o
 .ARM.attributes
                0x00000157       0x31 ./Fuentes/WG12864A.o
 .ARM.attributes
                0x00000188       0x31 ./Fuentes/cr_startup_lpc11.o
 .ARM.attributes
                0x000001b9       0x31 ./Drivers/adc.o
 .ARM.attributes
                0x000001ea       0x31 ./Drivers/gpio.o
 .ARM.attributes
                0x0000021b       0x31 ./Drivers/ssp.o
 .ARM.attributes
                0x0000024c       0x31 ./Drivers/timer32.o
 .ARM.attributes
                0x0000027d       0x31 F:\Proyectos LPC1115\Monitor_Fetal\CMSISv1p30_LPC11xx\Debug\libCMSISv1p30_LPC11xx.a(system_LPC11xx.o)
 .ARM.attributes
                0x000002ae       0x31 c:/nxp/lpcxpresso_8.2.2_650/lpcxpresso/tools/bin/../lib/gcc/arm-none-eabi/5.4.1/../../../../arm-none-eabi/lib/armv6-m\libcr_semihost.a(_cr__main.o)
 .ARM.attributes
                0x000002df       0x31 c:/nxp/lpcxpresso_8.2.2_650/lpcxpresso/tools/bin/../lib/gcc/arm-none-eabi/5.4.1/../../../../arm-none-eabi/lib/armv6-m\libcr_c.a(initio.o)
 .ARM.attributes
                0x00000310       0x31 c:/nxp/lpcxpresso_8.2.2_650/lpcxpresso/tools/bin/../lib/gcc/arm-none-eabi/5.4.1/../../../../arm-none-eabi/lib/armv6-m\libcr_c.a(setvbuf.o)
 .ARM.attributes
                0x00000341       0x31 c:/nxp/lpcxpresso_8.2.2_650/lpcxpresso/tools/bin/../lib/gcc/arm-none-eabi/5.4.1/../../../../arm-none-eabi/lib/armv6-m\libcr_c.a(stdio.o)
 .ARM.attributes
                0x00000372       0x31 c:/nxp/lpcxpresso_8.2.2_650/lpcxpresso/tools/bin/../lib/gcc/arm-none-eabi/5.4.1/../../../../arm-none-eabi/lib/armv6-m\libcr_c.a(memset.o)
 .ARM.attributes
                0x000003a3       0x31 c:/nxp/lpcxpresso_8.2.2_650/lpcxpresso/tools/bin/../lib/gcc/arm-none-eabi/5.4.1/../../../../arm-none-eabi/lib/armv6-m\libcr_c.a(_deferredlazyseek.o)
 .ARM.attributes
                0x000003d4       0x31 c:/nxp/lpcxpresso_8.2.2_650/lpcxpresso/tools/bin/../lib/gcc/arm-none-eabi/5.4.1/../../../../arm-none-eabi/lib/armv6-m\libcr_c.a(_fdopen.o)
 .ARM.attributes
                0x00000405       0x31 c:/nxp/lpcxpresso_8.2.2_650/lpcxpresso/tools/bin/../lib/gcc/arm-none-eabi/5.4.1/../../../../arm-none-eabi/lib/armv6-m\libcr_c.a(_fflush.o)
 .ARM.attributes
                0x00000436       0x31 c:/nxp/lpcxpresso_8.2.2_650/lpcxpresso/tools/bin/../lib/gcc/arm-none-eabi/5.4.1/../../../../arm-none-eabi/lib/armv6-m\libcr_c.a(_writebuf.o)
 .ARM.attributes
                0x00000467       0x31 c:/nxp/lpcxpresso_8.2.2_650/lpcxpresso/tools/bin/../lib/gcc/arm-none-eabi/5.4.1/../../../../arm-none-eabi/lib/armv6-m\libcr_c.a(alloc.o)
 .ARM.attributes
                0x00000498       0x31 c:/nxp/lpcxpresso_8.2.2_650/lpcxpresso/tools/bin/../lib/gcc/arm-none-eabi/5.4.1/../../../../arm-none-eabi/lib/armv6-m\libcr_c.a(fclose.o)
 .ARM.attributes
                0x000004c9       0x31 c:/nxp/lpcxpresso_8.2.2_650/lpcxpresso/tools/bin/../lib/gcc/arm-none-eabi/5.4.1/../../../../arm-none-eabi/lib/armv6-m\libcr_c.a(fflush.o)
 .ARM.attributes
                0x000004fa       0x31 c:/nxp/lpcxpresso_8.2.2_650/lpcxpresso/tools/bin/../lib/gcc/arm-none-eabi/5.4.1/../../../../arm-none-eabi/lib/armv6-m\libcr_c.a(fseek.o)
 .ARM.attributes
                0x0000052b       0x31 c:/nxp/lpcxpresso_8.2.2_650/lpcxpresso/tools/bin/../lib/gcc/arm-none-eabi/5.4.1/../../../../arm-none-eabi/lib/armv6-m\libcr_c.a(ftell.o)
 .ARM.attributes
                0x0000055c       0x31 c:/nxp/lpcxpresso_8.2.2_650/lpcxpresso/tools/bin/../lib/gcc/arm-none-eabi/5.4.1/../../../../arm-none-eabi/lib/armv6-m\libcr_c.a(remove.o)
 .ARM.attributes
                0x0000058d       0x31 c:/nxp/lpcxpresso_8.2.2_650/lpcxpresso/tools/bin/../lib/gcc/arm-none-eabi/5.4.1/../../../../arm-none-eabi/lib/armv6-m\libcr_c.a(strlen.o)
 .ARM.attributes
                0x000005be       0x31 c:/nxp/lpcxpresso_8.2.2_650/lpcxpresso/tools/bin/../lib/gcc/arm-none-eabi/5.4.1/../../../../arm-none-eabi/lib/armv6-m\libcr_c.a(__init_alloc.o)
 .ARM.attributes
                0x000005ef       0x31 c:/nxp/lpcxpresso_8.2.2_650/lpcxpresso/tools/bin/../lib/gcc/arm-none-eabi/5.4.1/../../../../arm-none-eabi/lib/armv6-m\libcr_c.a(_cr_sbrk.o)
 .ARM.attributes
                0x00000620       0x31 c:/nxp/lpcxpresso_8.2.2_650/lpcxpresso/tools/bin/../lib/gcc/arm-none-eabi/5.4.1/../../../../arm-none-eabi/lib/armv6-m\libcr_c.a(_do_fflush.o)
 .ARM.attributes
                0x00000651       0x31 c:/nxp/lpcxpresso_8.2.2_650/lpcxpresso/tools/bin/../lib/gcc/arm-none-eabi/5.4.1/../../../../arm-none-eabi/lib/armv6-m\libcr_c.a(errno.o)
 .ARM.attributes
                0x00000682       0x31 c:/nxp/lpcxpresso_8.2.2_650/lpcxpresso/tools/bin/../lib/gcc/arm-none-eabi/5.4.1/../../../../arm-none-eabi/lib/armv6-m\libcr_c.a(_cr_check_heap.o)
 .ARM.attributes
                0x000006b3       0x21 c:/nxp/lpcxpresso_8.2.2_650/lpcxpresso/tools/bin/../lib/gcc/arm-none-eabi/5.4.1/armv6-m\libcr_eabihelpers.a(division_32.o)
 .ARM.attributes
                0x000006d4       0x21 c:/nxp/lpcxpresso_8.2.2_650/lpcxpresso/tools/bin/../lib/gcc/arm-none-eabi/5.4.1/armv6-m\libcr_eabihelpers.a(division_idiv0.o)
 .ARM.attributes
                0x000006f5       0x21 c:/nxp/lpcxpresso_8.2.2_650/lpcxpresso/tools/bin/../lib/gcc/arm-none-eabi/5.4.1/armv6-m\libcr_eabihelpers.a(memcpy.o)
 .ARM.attributes
                0x00000716       0x21 c:/nxp/lpcxpresso_8.2.2_650/lpcxpresso/tools/bin/../lib/gcc/arm-none-eabi/5.4.1/armv6-m\libcr_eabihelpers.a(thumb1_switch_helpers.o)
 .ARM.attributes
                0x00000737       0x21 c:/nxp/lpcxpresso_8.2.2_650/lpcxpresso/tools/bin/../lib/gcc/arm-none-eabi/5.4.1/../../../../arm-none-eabi/lib/armv6-m\libcr_semihost.a(__sys_appexit.o)
 .ARM.attributes
                0x00000758       0x21 c:/nxp/lpcxpresso_8.2.2_650/lpcxpresso/tools/bin/../lib/gcc/arm-none-eabi/5.4.1/../../../../arm-none-eabi/lib/armv6-m\libcr_semihost.a(__sys_close.o)
 .ARM.attributes
                0x00000779       0x21 c:/nxp/lpcxpresso_8.2.2_650/lpcxpresso/tools/bin/../lib/gcc/arm-none-eabi/5.4.1/../../../../arm-none-eabi/lib/armv6-m\libcr_semihost.a(__sys_flen.o)
 .ARM.attributes
                0x0000079a       0x21 c:/nxp/lpcxpresso_8.2.2_650/lpcxpresso/tools/bin/../lib/gcc/arm-none-eabi/5.4.1/../../../../arm-none-eabi/lib/armv6-m\libcr_semihost.a(__sys_istty.o)
 .ARM.attributes
                0x000007bb       0x21 c:/nxp/lpcxpresso_8.2.2_650/lpcxpresso/tools/bin/../lib/gcc/arm-none-eabi/5.4.1/../../../../arm-none-eabi/lib/armv6-m\libcr_semihost.a(__sys_remove.o)
 .ARM.attributes
                0x000007dc       0x21 c:/nxp/lpcxpresso_8.2.2_650/lpcxpresso/tools/bin/../lib/gcc/arm-none-eabi/5.4.1/../../../../arm-none-eabi/lib/armv6-m\libcr_semihost.a(__sys_seek.o)
 .ARM.attributes
                0x000007fd       0x21 c:/nxp/lpcxpresso_8.2.2_650/lpcxpresso/tools/bin/../lib/gcc/arm-none-eabi/5.4.1/../../../../arm-none-eabi/lib/armv6-m\libcr_semihost.a(__sys_tmpnam.o)
 .ARM.attributes
                0x0000081e       0x21 c:/nxp/lpcxpresso_8.2.2_650/lpcxpresso/tools/bin/../lib/gcc/arm-none-eabi/5.4.1/../../../../arm-none-eabi/lib/armv6-m\libcr_semihost.a(__sys_write.o)

.debug_frame    0x00000000      0x98c
 .debug_frame   0x00000000       0x68 ./Fuentes/Comunicaciones.o
 .debug_frame   0x00000068      0x1d0 ./Fuentes/Funciones.o
 .debug_frame   0x00000238       0x28 ./Fuentes/Main.o
 .debug_frame   0x00000260       0x4c ./Fuentes/Menu.o
 .debug_frame   0x000002ac       0xf0 ./Fuentes/Subfunciones.o
 .debug_frame   0x0000039c       0x54 ./Fuentes/Teclado.o
 .debug_frame   0x000003f0       0xb8 ./Fuentes/Touch.o
 .debug_frame   0x000004a8      0x124 ./Fuentes/WG12864A.o
 .debug_frame   0x000005cc       0xb0 ./Fuentes/cr_startup_lpc11.o
 .debug_frame   0x0000067c       0x70 ./Drivers/adc.o
 .debug_frame   0x000006ec       0xdc ./Drivers/gpio.o
 .debug_frame   0x000007c8       0xac ./Drivers/ssp.o
 .debug_frame   0x00000874       0xac ./Drivers/timer32.o
 .debug_frame   0x00000920       0x6c F:\Proyectos LPC1115\Monitor_Fetal\CMSISv1p30_LPC11xx\Debug\libCMSISv1p30_LPC11xx.a(system_LPC11xx.o)
