Archive member included to satisfy reference by file (symbol)

F:\Proyectos LPC1115\Monitor_Fetal\CMSISv1p30_LPC11xx\Debug\libCMSISv1p30_LPC11xx.a(system_LPC11xx.o)
                              ./Drivers/adc.o (SystemCoreClock)
c:/nxp/lpcxpresso_8.2.2_650/lpcxpresso/tools/bin/../lib/gcc/arm-none-eabi/5.4.1/../../../../arm-none-eabi/lib/armv6-m\libcr_semihost.a(_cr__main.o)
                              ./Fuentes/cr_startup_lpc11.o (__main)
c:/nxp/lpcxpresso_8.2.2_650/lpcxpresso/tools/bin/../lib/gcc/arm-none-eabi/5.4.1/../../../../arm-none-eabi/lib/armv6-m\libcr_c.a(initio.o)
                              c:/nxp/lpcxpresso_8.2.2_650/lpcxpresso/tools/bin/../lib/gcc/arm-none-eabi/5.4.1/../../../../arm-none-eabi/lib/armv6-m\libcr_semihost.a(_cr__main.o) (_initio)
c:/nxp/lpcxpresso_8.2.2_650/lpcxpresso/tools/bin/../lib/gcc/arm-none-eabi/5.4.1/../../../../arm-none-eabi/lib/armv6-m\libcr_c.a(setvbuf.o)
                              c:/nxp/lpcxpresso_8.2.2_650/lpcxpresso/tools/bin/../lib/gcc/arm-none-eabi/5.4.1/../../../../arm-none-eabi/lib/armv6-m\libcr_c.a(initio.o) (setvbuf)
c:/nxp/lpcxpresso_8.2.2_650/lpcxpresso/tools/bin/../lib/gcc/arm-none-eabi/5.4.1/../../../../arm-none-eabi/lib/armv6-m\libcr_c.a(stdio.o)
                              c:/nxp/lpcxpresso_8.2.2_650/lpcxpresso/tools/bin/../lib/gcc/arm-none-eabi/5.4.1/../../../../arm-none-eabi/lib/armv6-m\libcr_c.a(initio.o) (__Ciob)
c:/nxp/lpcxpresso_8.2.2_650/lpcxpresso/tools/bin/../lib/gcc/arm-none-eabi/5.4.1/../../../../arm-none-eabi/lib/armv6-m\libcr_c.a(memset.o)
                              c:/nxp/lpcxpresso_8.2.2_650/lpcxpresso/tools/bin/../lib/gcc/arm-none-eabi/5.4.1/../../../../arm-none-eabi/lib/armv6-m\libcr_c.a(initio.o) (memset)
c:/nxp/lpcxpresso_8.2.2_650/lpcxpresso/tools/bin/../lib/gcc/arm-none-eabi/5.4.1/../../../../arm-none-eabi/lib/armv6-m\libcr_c.a(__fillbuf.o)
                              c:/nxp/lpcxpresso_8.2.2_650/lpcxpresso/tools/bin/../lib/gcc/arm-none-eabi/5.4.1/../../../../arm-none-eabi/lib/armv6-m\libcr_c.a(stdio.o) (__filbuf)
c:/nxp/lpcxpresso_8.2.2_650/lpcxpresso/tools/bin/../lib/gcc/arm-none-eabi/5.4.1/../../../../arm-none-eabi/lib/armv6-m\libcr_c.a(_deferredlazyseek.o)
                              c:/nxp/lpcxpresso_8.2.2_650/lpcxpresso/tools/bin/../lib/gcc/arm-none-eabi/5.4.1/../../../../arm-none-eabi/lib/armv6-m\libcr_c.a(__fillbuf.o) (_deferredlazyseek)
c:/nxp/lpcxpresso_8.2.2_650/lpcxpresso/tools/bin/../lib/gcc/arm-none-eabi/5.4.1/../../../../arm-none-eabi/lib/armv6-m\libcr_c.a(_fdopen.o)
                              c:/nxp/lpcxpresso_8.2.2_650/lpcxpresso/tools/bin/../lib/gcc/arm-none-eabi/5.4.1/../../../../arm-none-eabi/lib/armv6-m\libcr_c.a(initio.o) (_fdopen)
c:/nxp/lpcxpresso_8.2.2_650/lpcxpresso/tools/bin/../lib/gcc/arm-none-eabi/5.4.1/../../../../arm-none-eabi/lib/armv6-m\libcr_c.a(_fflush.o)
                              c:/nxp/lpcxpresso_8.2.2_650/lpcxpresso/tools/bin/../lib/gcc/arm-none-eabi/5.4.1/../../../../arm-none-eabi/lib/armv6-m\libcr_c.a(__fillbuf.o) (_fflush)
c:/nxp/lpcxpresso_8.2.2_650/lpcxpresso/tools/bin/../lib/gcc/arm-none-eabi/5.4.1/../../../../arm-none-eabi/lib/armv6-m\libcr_c.a(_writebuf.o)
                              c:/nxp/lpcxpresso_8.2.2_650/lpcxpresso/tools/bin/../lib/gcc/arm-none-eabi/5.4.1/../../../../arm-none-eabi/lib/armv6-m\libcr_c.a(_deferredlazyseek.o) (_Cwritebuf)
c:/nxp/lpcxpresso_8.2.2_650/lpcxpresso/tools/bin/../lib/gcc/arm-none-eabi/5.4.1/../../../../arm-none-eabi/lib/armv6-m\libcr_c.a(alloc.o)
                              c:/nxp/lpcxpresso_8.2.2_650/lpcxpresso/tools/bin/../lib/gcc/arm-none-eabi/5.4.1/../../../../arm-none-eabi/lib/armv6-m\libcr_c.a(initio.o) (_Csys_alloc)
c:/nxp/lpcxpresso_8.2.2_650/lpcxpresso/tools/bin/../lib/gcc/arm-none-eabi/5.4.1/../../../../arm-none-eabi/lib/armv6-m\libcr_c.a(fclose.o)
                              c:/nxp/lpcxpresso_8.2.2_650/lpcxpresso/tools/bin/../lib/gcc/arm-none-eabi/5.4.1/../../../../arm-none-eabi/lib/armv6-m\libcr_c.a(initio.o) (fclose)
c:/nxp/lpcxpresso_8.2.2_650/lpcxpresso/tools/bin/../lib/gcc/arm-none-eabi/5.4.1/../../../../arm-none-eabi/lib/armv6-m\libcr_c.a(fflush.o)
                              c:/nxp/lpcxpresso_8.2.2_650/lpcxpresso/tools/bin/../lib/gcc/arm-none-eabi/5.4.1/../../../../arm-none-eabi/lib/armv6-m\libcr_c.a(fclose.o) (fflush)
c:/nxp/lpcxpresso_8.2.2_650/lpcxpresso/tools/bin/../lib/gcc/arm-none-eabi/5.4.1/../../../../arm-none-eabi/lib/armv6-m\libcr_c.a(fseek.o)
                              c:/nxp/lpcxpresso_8.2.2_650/lpcxpresso/tools/bin/../lib/gcc/arm-none-eabi/5.4.1/../../../../arm-none-eabi/lib/armv6-m\libcr_c.a(_deferredlazyseek.o) (fseek)
c:/nxp/lpcxpresso_8.2.2_650/lpcxpresso/tools/bin/../lib/gcc/arm-none-eabi/5.4.1/../../../../arm-none-eabi/lib/armv6-m\libcr_c.a(ftell.o)
                              c:/nxp/lpcxpresso_8.2.2_650/lpcxpresso/tools/bin/../lib/gcc/arm-none-eabi/5.4.1/../../../../arm-none-eabi/lib/armv6-m\libcr_c.a(fseek.o) (ftell)
[...]
Memory Configuration

Name             Origin             Length             Attributes
MFlash32         0x00000000         0x00008000         xr
RamLoc8          0x10000000         0x00002000         xrw
*default*        0x00000000         0xffffffff

Linker script and memory map

LOAD ./Fuentes/Comunicaciones.o
LOAD ./Fuentes/Funciones.o
LOAD ./Fuentes/Main.o
LOAD ./Fuentes/Menu.o
LOAD ./Fuentes/Subfunciones.o
LOAD ./Fuentes/Teclado.o
LOAD ./Fuentes/Touch.o
LOAD ./Fuentes/WG12864A.o
LOAD ./Fuentes/cr_startup_lpc11.o
LOAD ./Drivers/adc.o
LOAD ./Drivers/gpio.o
LOAD ./Drivers/ssp.o
LOAD ./Drivers/timer32.o
LOAD ./Drivers/wdt.o
LOAD F:\Proyectos LPC1115\Monitor_Fetal\CMSISv1p30_LPC11xx\Debug\libCMSISv1p30_LPC11xx.a
START GROUP
LOAD c:/nxp/lpcxpresso_8.2.2_650/lpcxpresso/tools/bin/../lib/gcc/arm-none-eabi/5.4.1/../../../../arm-none-eabi/lib/armv6-m\libcr_semihost.a
LOAD c:/nxp/lpcxpresso_8.2.2_650/lpcxpresso/tools/bin/../lib/gcc/arm-none-eabi/5.4.1/../../../../arm-none-eabi/lib/armv6-m\libcr_c.a
LOAD c:/nxp/lpcxpresso_8.2.2_650/lpcxpresso/tools/bin/../lib/gcc/arm-none-eabi/5.4.1/armv6-m\libcr_eabihelpers.a
END GROUP
                0x00000000                __base_MFlash32 = 0x0
                0x00000000                __base_Flash = 0x0
                0x00008000                __top_MFlash32 = 0x8000
                0x00008000                __top_Flash = 0x8000
                0x10000000                __base_RamLoc8 = 0x10000000
                0x10000000                __base_RAM = 0x10000000
                0x10002000                __top_RamLoc8 = 0x10002000
                0x10002000                __top_RAM = 0x10002000

.text           0x00000000     0x6ed8
 FILL mask 0xff
                0x00000000                __vectors_start__ = ABSOLUTE (.)
 *(.isr_vector)
 .isr_vector    0x00000000       0xc0 ./Fuentes/cr_startup_lpc11.o
                0x00000000                g_pfnVectors
                0x000000c0                . = ALIGN (0x4)
                0x000000c0                __section_table_start = .
                0x000000c0                __data_section_table = .
                0x000000c0        0x4 LONG 0x6ed8 LOADADDR (.data)
                0x000000c4        0x4 LONG 0x10000000 ADDR (.data)
                0x000000c8        0x4 LONG 0x64 SIZEOF (.data)
                0x000000cc                __data_section_table_end = .
                0x000000cc                __bss_section_table = .
                0x000000cc        0x4 LONG 0x10000064 ADDR (.bss)
                0x000000d0        0x4 LONG 0xaf4 SIZEOF (.bss)
                0x000000d4                __bss_section_table_end = .
                0x000000d4                __section_table_end = .
 *(.after_vectors*)
 .after_vectors
                0x000000d4       0x70 ./Fuentes/cr_startup_lpc11.o
                0x000000d4                NMI_Handler
                0x000000d6                HardFault_Handler
                0x000000d8                SVCall_Handler
                0x000000da                PendSV_Handler
                0x000000dc                SysTick_Handler
                0x000000de                TIMER16_0_IRQHandler
                0x000000de                UART_IRQHandler
                0x000000de                TIMER32_0_IRQHandler
                0x000000de                WDT_IRQHandler
                0x000000de                IntDefaultHandler
                0x000000de                CAN_IRQHandler
                0x000000de                I2C_IRQHandler
                0x000000de                TIMER16_1_IRQHandler
                0x000000de                PIOINT2_IRQHandler
                0x000000de                BOD_IRQHandler
                0x000000de                WAKEUP_IRQHandler
                0x000000de                PIOINT0_IRQHandler
                0x000000e0                data_init
                0x000000f2                bss_init
                0x00000102                ResetISR
 *(.text*)
 .text.recibe_datos
                0x00000144       0x78 ./Fuentes/Comunicaciones.o
                0x00000144                recibe_datos
 .text.envia_datos
                0x000001bc      0x150 ./Fuentes/Comunicaciones.o
                0x000001bc                envia_datos
 .text.leobuffer
                0x0000030c      0x378 ./Fuentes/Comunicaciones.o
                0x0000030c                leobuffer
 .text.TIMER32_1_IRQHandler
                0x00000684       0x74 ./Fuentes/Funciones.o
                0x00000684                TIMER32_1_IRQHandler
 .text.Func_Sleep
                0x000006f8      0x100 ./Fuentes/Funciones.o
                0x000006f8                Func_Sleep
 .text.Func_MuestraTeclado
                0x000007f8      0x778 ./Fuentes/Funciones.o
                0x000007f8                Func_MuestraTeclado
 .text.func_consultapaciente
                0x00000f70      0x21c ./Fuentes/Funciones.o
                0x00000f70                func_consultapaciente
 .text.func_editapaciente
                0x0000118c       0xf4 ./Fuentes/Funciones.o
                0x0000118c                func_editapaciente
 .text.func_borrarpaciente
                0x00001280      0x158 ./Fuentes/Funciones.o
                0x00001280                func_borrarpaciente
 .text.detector_pulsos
                0x000013d8       0xec ./Fuentes/Funciones.o
                0x000013d8                detector_pulsos
 .text.grafica_PPM
                0x000014c4      0x1f8 ./Fuentes/Funciones.o
                0x000014c4                grafica_PPM
 .text.Func_Monitoreo
                0x000016bc      0x158 ./Fuentes/Funciones.o
                0x000016bc                Func_Monitoreo
 .text.Func_Semaforos
                0x00001814      0x1a4 ./Fuentes/Funciones.o
                0x00001814                Func_Semaforos
 .text.func_muestrafyh
                0x000019b8       0xdc ./Fuentes/Funciones.o
                0x000019b8                func_muestrafyh
 .text.func_modfyh
                0x00001a94      0xb1c ./Fuentes/Funciones.o
                0x00001a94                func_modfyh
 .text.func_actualiza_fw
                0x000025b0       0xb4 ./Fuentes/Funciones.o
                0x000025b0                func_actualiza_fw
 .text.Func_Ingreso
                0x00002664      0x228 ./Fuentes/Funciones.o
                0x00002664                Func_Ingreso
 .text.startup.main
                0x0000288c       0x70 ./Fuentes/Main.o
                0x0000288c                main
 .text.Menu_Logo
                0x000028fc      0x14c ./Fuentes/Menu.o
                0x000028fc                Menu_Logo
 .text.Menu_Inicial
                0x00002a48     0x12c4 ./Fuentes/Menu.o
                0x00002a48                Menu_Inicial
 .text.muestra_fecha_y_hora
                0x00003d0c      0x11c ./Fuentes/Subfunciones.o
                0x00003d0c                muestra_fecha_y_hora
 .text.muestra_dsemana
                0x00003e28       0xb4 ./Fuentes/Subfunciones.o
                0x00003e28                muestra_dsemana
 .text.prox_fecha
                0x00003edc       0xc4 ./Fuentes/Subfunciones.o
                0x00003edc                prox_fecha
 .text.prox_hora
                0x00003fa0       0xa0 ./Fuentes/Subfunciones.o
                0x00003fa0                prox_hora
 .text.func_teclado
                0x00004040      0xa40 ./Fuentes/Teclado.o
                0x00004040                func_teclado
 .text.TOUCH_Init
                0x00004a80       0x16 ./Fuentes/Touch.o
                0x00004a80                TOUCH_Init
 *fill*         0x00004a96        0x2 ff
 .text.TOUCH_Standby
                0x00004a98       0x54 ./Fuentes/Touch.o
                0x00004a98                TOUCH_Standby
 .text.TOUCH_GetX
                0x00004aec       0x88 ./Fuentes/Touch.o
                0x00004aec                TOUCH_GetX
 .text.TOUCH_GetY
                0x00004b74       0x88 ./Fuentes/Touch.o
                0x00004b74                TOUCH_GetY
 .text.PIOINT1_IRQHandler
                0x00004bfc       0x6c ./Fuentes/Touch.o
                0x00004bfc                PIOINT1_IRQHandler
 .text.Leo_ADC5
                0x00004c68       0x3c ./Fuentes/Touch.o
                0x00004c68                Leo_ADC5
 .text.GLCD_Data_Out
                0x00004ca4       0x1c ./Fuentes/WG12864A.o
                0x00004ca4                GLCD_Data_Out
 .text.GLCD_Output_Low
                0x00004cc0       0x18 ./Fuentes/WG12864A.o
                0x00004cc0                GLCD_Output_Low
 .text.GLCD_Output_High
                0x00004cd8       0x18 ./Fuentes/WG12864A.o
                0x00004cd8                GLCD_Output_High
 .text.GLCD_enviaBYTE
                0x00004cf0       0x32 ./Fuentes/WG12864A.o
                0x00004cf0                GLCD_enviaBYTE
 .text.WG12864A_Limpiar
                0x00004d22       0x56 ./Fuentes/WG12864A.o
                0x00004d22                WG12864A_Limpiar
 .text.WG12864A_Init
                0x00004d78       0x6c ./Fuentes/WG12864A.o
                0x00004d78                WG12864A_Init
 .text.WG12864A_posXY
                0x00004de4       0x6c ./Fuentes/WG12864A.o
                0x00004de4                WG12864A_posXY
 .text.WG12864A_putchar
                0x00004e50       0x88 ./Fuentes/WG12864A.o
                0x00004e50                WG12864A_putchar
 .text.WG12864A_printf
                0x00004ed8       0x1c ./Fuentes/WG12864A.o
                0x00004ed8                WG12864A_printf
 .text.WG12864A_print_symbol
                0x00004ef4       0xac ./Fuentes/WG12864A.o
                0x00004ef4                WG12864A_print_symbol
 .text.ADC_IRQHandler
                0x00004fa0       0x80 ./Drivers/adc.o
                0x00004fa0                ADC_IRQHandler
 .text.ADCInit  0x00005020       0xb0 ./Drivers/adc.o
                0x00005020                ADCInit
 .text.ADCRead  0x000050d0       0x50 ./Drivers/adc.o
                0x000050d0                ADCRead
 .text.PIOINT3_IRQHandler
                0x00005120       0x3c ./Drivers/gpio.o
                0x00005120                PIOINT3_IRQHandler
 .text.GPIOInit
                0x0000515c       0x24 ./Drivers/gpio.o
                0x0000515c                GPIOInit
 .text.GPIOSetInterrupt
                0x00005180       0xd8 ./Drivers/gpio.o
                0x00005180                GPIOSetInterrupt
 .text.GPIOIntEnable
                0x00005258       0x3c ./Drivers/gpio.o
                0x00005258                GPIOIntEnable
 .text.GPIOIntDisable
                0x00005294       0x3c ./Drivers/gpio.o
                0x00005294                GPIOIntDisable
 .text.GPIOIntClear
                0x000052d0       0x3c ./Drivers/gpio.o
                0x000052d0                GPIOIntClear
 .text.GPIOSetValue
                0x0000530c       0x14 ./Drivers/gpio.o
                0x0000530c                GPIOSetValue
 .text.GPIOSetDir
                0x00005320       0x2c ./Drivers/gpio.o
                0x00005320                GPIOSetDir
 .text.SSP0_IRQHandler
                0x0000534c       0x5c ./Drivers/ssp.o
                0x0000534c                SSP0_IRQHandler
 .text.SSP1_IRQHandler
                0x000053a8       0x44 ./Drivers/ssp.o
                0x000053a8                SSP1_IRQHandler
 .text.SSP_IOConfig
                0x000053ec       0xbc ./Drivers/ssp.o
                0x000053ec                SSP_IOConfig
 .text.SSP_Init
                0x000054a8       0x80 ./Drivers/ssp.o
                0x000054a8                SSP_Init
 .text.SSP_Send
                0x00005528       0x68 ./Drivers/ssp.o
                0x00005528                SSP_Send
 .text.delay32Ms
                0x00005590       0x8c ./Drivers/timer32.o
                0x00005590                delay32Ms
 .text.enable_timer32
                0x0000561c       0x18 ./Drivers/timer32.o
                0x0000561c                enable_timer32
 .text.disable_timer32
                0x00005634       0x1c ./Drivers/timer32.o
                0x00005634                disable_timer32
 .text.reset_timer32
                0x00005650       0x24 ./Drivers/timer32.o
                0x00005650                reset_timer32
 .text.init_timer32
                0x00005674       0xcc ./Drivers/timer32.o
                0x00005674                init_timer32
 .text.__NOP    0x00005740        0xc F:\Proyectos LPC1115\Monitor_Fetal\CMSISv1p30_LPC11xx\Debug\libCMSISv1p30_LPC11xx.a(system_LPC11xx.o)
 .text.SystemInit
                0x0000574c       0xe0 F:\Proyectos LPC1115\Monitor_Fetal\CMSISv1p30_LPC11xx\Debug\libCMSISv1p30_LPC11xx.a(system_LPC11xx.o)
                0x0000574c                SystemInit
 .text.__main   0x0000582c       0x12 c:/nxp/lpcxpresso_8.2.2_650/lpcxpresso/tools/bin/../lib/gcc/arm-none-eabi/5.4.1/../../../../arm-none-eabi/lib/armv6-m\libcr_semihost.a(_cr__main.o)
                0x0000582c                __CR_SEMIHOST
                0x0000582c                __main
 *fill*         0x0000583e        0x2 ff
 .text._initio  0x00005840       0xa8 c:/nxp/lpcxpresso_8.2.2_650/lpcxpresso/tools/bin/../lib/gcc/arm-none-eabi/5.4.1/../../../../arm-none-eabi/lib/armv6-m\libcr_c.a(initio.o)
                0x00005840                _initio
 .text.setvbuf  0x000058e8       0x48 c:/nxp/lpcxpresso_8.2.2_650/lpcxpresso/tools/bin/../lib/gcc/arm-none-eabi/5.4.1/../../../../arm-none-eabi/lib/armv6-m\libcr_c.a(setvbuf.o)
                0x000058e8                setvbuf
 .text.memset   0x00005930        0x8 c:/nxp/lpcxpresso_8.2.2_650/lpcxpresso/tools/bin/../lib/gcc/arm-none-eabi/5.4.1/../../../../arm-none-eabi/lib/armv6-m\libcr_c.a(memset.o)
                0x00005930                memset
 .text._deferredlazyseek
                0x00005938       0x44 c:/nxp/lpcxpresso_8.2.2_650/lpcxpresso/tools/bin/../lib/gcc/arm-none-eabi/5.4.1/../../../../arm-none-eabi/lib/armv6-m\libcr_c.a(_deferredlazyseek.o)
                0x00005938                _deferredlazyseek
 .text._fdopen  0x0000597c       0x74 c:/nxp/lpcxpresso_8.2.2_650/lpcxpresso/tools/bin/../lib/gcc/arm-none-eabi/5.4.1/../../../../arm-none-eabi/lib/armv6-m\libcr_c.a(_fdopen.o)
                0x0000597c                _fdopen
 .text._fflush  0x000059f0       0x64 c:/nxp/lpcxpresso_8.2.2_650/lpcxpresso/tools/bin/../lib/gcc/arm-none-eabi/5.4.1/../../../../arm-none-eabi/lib/armv6-m\libcr_c.a(_fflush.o)
                0x000059f0                _fflush
 .text._Cwritebuf
                0x00005a54       0x6c c:/nxp/lpcxpresso_8.2.2_650/lpcxpresso/tools/bin/../lib/gcc/arm-none-eabi/5.4.1/../../../../arm-none-eabi/lib/armv6-m\libcr_c.a(_writebuf.o)
                0x00005a54                _Cwritebuf
 .text.malloc   0x00005ac0       0xcc c:/nxp/lpcxpresso_8.2.2_650/lpcxpresso/tools/bin/../lib/gcc/arm-none-eabi/5.4.1/../../../../arm-none-eabi/lib/armv6-m\libcr_c.a(alloc.o)
                0x00005ac0                malloc
 .text.free     0x00005b8c       0x2e c:/nxp/lpcxpresso_8.2.2_650/lpcxpresso/tools/bin/../lib/gcc/arm-none-eabi/5.4.1/../../../../arm-none-eabi/lib/armv6-m\libcr_c.a(alloc.o)
                0x00005b8c                free
 *fill*         0x00005bba        0x2 ff
 .text._Csys_alloc
                0x00005bbc       0x20 c:/nxp/lpcxpresso_8.2.2_650/lpcxpresso/tools/bin/../lib/gcc/arm-none-eabi/5.4.1/../../../../arm-none-eabi/lib/armv6-m\libcr_c.a(alloc.o)
                0x00005bbc                _Csys_alloc
 .text.fclose   0x00005bdc       0x70 c:/nxp/lpcxpresso_8.2.2_650/lpcxpresso/tools/bin/../lib/gcc/arm-none-eabi/5.4.1/../../../../arm-none-eabi/lib/armv6-m\libcr_c.a(fclose.o)
                0x00005bdc                fclose
 .text.fflush   0x00005c4c       0x34 c:/nxp/lpcxpresso_8.2.2_650/lpcxpresso/tools/bin/../lib/gcc/arm-none-eabi/5.4.1/../../../../arm-none-eabi/lib/armv6-m\libcr_c.a(fflush.o)
                0x00005c4c                fflush
 .text.fseek    0x00005c80      0x100 c:/nxp/lpcxpresso_8.2.2_650/lpcxpresso/tools/bin/../lib/gcc/arm-none-eabi/5.4.1/../../../../arm-none-eabi/lib/armv6-m\libcr_c.a(fseek.o)
                0x00005c80                fseek
 .text.ftell    0x00005d80       0x4c c:/nxp/lpcxpresso_8.2.2_650/lpcxpresso/tools/bin/../lib/gcc/arm-none-eabi/5.4.1/../../../../arm-none-eabi/lib/armv6-m\libcr_c.a(ftell.o)
                0x00005d80                ftell
 .text.remove   0x00005dcc       0x12 c:/nxp/lpcxpresso_8.2.2_650/lpcxpresso/tools/bin/../lib/gcc/arm-none-eabi/5.4.1/../../../../arm-none-eabi/lib/armv6-m\libcr_c.a(remove.o)
                0x00005dcc                remove
 *fill*         0x00005dde        0x2 ff
 .text.strlen   0x00005de0       0x54 c:/nxp/lpcxpresso_8.2.2_650/lpcxpresso/tools/bin/../lib/gcc/arm-none-eabi/5.4.1/../../../../arm-none-eabi/lib/armv6-m\libcr_c.a(strlen.o)
                0x00005de0                strlen
 .text._sbrk    0x00005e34       0x40 c:/nxp/lpcxpresso_8.2.2_650/lpcxpresso/tools/bin/../lib/gcc/arm-none-eabi/5.4.1/../../../../arm-none-eabi/lib/armv6-m\libcr_c.a(_cr_sbrk.o)
                0x00005e34                _sbrk
 .text._do_fflush
                0x00005e74       0x48 c:/nxp/lpcxpresso_8.2.2_650/lpcxpresso/tools/bin/../lib/gcc/arm-none-eabi/5.4.1/../../../../arm-none-eabi/lib/armv6-m\libcr_c.a(_do_fflush.o)
                0x00005e74                _do_fflush
 .text.__check_heap_overflow
                0x00005ebc       0x14 c:/nxp/lpcxpresso_8.2.2_650/lpcxpresso/tools/bin/../lib/gcc/arm-none-eabi/5.4.1/../../../../arm-none-eabi/lib/armv6-m\libcr_c.a(_cr_check_heap.o)
                0x00005ebc                __check_heap_overflow
 .text.__aeabi_division_idivmod
                0x00005ed0       0x78 c:/nxp/lpcxpresso_8.2.2_650/lpcxpresso/tools/bin/../lib/gcc/arm-none-eabi/5.4.1/armv6-m\libcr_eabihelpers.a(division_32.o)
                0x00005ed0                __aeabi_idivmod
                0x00005ed0                __aeabi_idiv
                0x00005ed6                __aeabi_uidivmod
                0x00005ed6                __aeabi_uidiv
 .text.__aeabi_division_idiv0
                0x00005f48        0x2 c:/nxp/lpcxpresso_8.2.2_650/lpcxpresso/tools/bin/../lib/gcc/arm-none-eabi/5.4.1/armv6-m\libcr_eabihelpers.a(division_idiv0.o)
                0x00005f48                __aeabi_idiv0
 .text.__aeabi_memset_lowlevel
                0x00005f4a       0x2a c:/nxp/lpcxpresso_8.2.2_650/lpcxpresso/tools/bin/../lib/gcc/arm-none-eabi/5.4.1/armv6-m\libcr_eabihelpers.a(memcpy.o)
                0x00005f4a                __aeabi_lowlevel_memset
 .text.__gnu_thumb1_case_uqi
                0x00005f74       0x10 c:/nxp/lpcxpresso_8.2.2_650/lpcxpresso/tools/bin/../lib/gcc/arm-none-eabi/5.4.1/armv6-m\libcr_eabihelpers.a(thumb1_switch_helpers.o)
                0x00005f74                __gnu_thumb1_case_uqi
 .text.__gnu_thumb1_case_uhi
                0x00005f84       0x10 c:/nxp/lpcxpresso_8.2.2_650/lpcxpresso/tools/bin/../lib/gcc/arm-none-eabi/5.4.1/armv6-m\libcr_eabihelpers.a(thumb1_switch_helpers.o)
                0x00005f84                __gnu_thumb1_case_uhi
 .text.__sys_appexit
                0x00005f94        0xc c:/nxp/lpcxpresso_8.2.2_650/lpcxpresso/tools/bin/../lib/gcc/arm-none-eabi/5.4.1/../../../../arm-none-eabi/lib/armv6-m\libcr_semihost.a(__sys_appexit.o)
                0x00005f94                __sys_appexit
                0x00005f94                __exit
 .text.__sys_close
                0x00005fa0        0xc c:/nxp/lpcxpresso_8.2.2_650/lpcxpresso/tools/bin/../lib/gcc/arm-none-eabi/5.4.1/../../../../arm-none-eabi/lib/armv6-m\libcr_semihost.a(__sys_close.o)
                0x00005fa0                __sys_close
 .text.__sys_flen
                0x00005fac        0xc c:/nxp/lpcxpresso_8.2.2_650/lpcxpresso/tools/bin/../lib/gcc/arm-none-eabi/5.4.1/../../../../arm-none-eabi/lib/armv6-m\libcr_semihost.a(__sys_flen.o)
                0x00005fac                __sys_flen
 .text.__sys_istty
                0x00005fb8        0xc c:/nxp/lpcxpresso_8.2.2_650/lpcxpresso/tools/bin/../lib/gcc/arm-none-eabi/5.4.1/../../../../arm-none-eabi/lib/armv6-m\libcr_semihost.a(__sys_istty.o)
                0x00005fb8                __sys_istty
 .text.__sys_remove
                0x00005fc4        0xc c:/nxp/lpcxpresso_8.2.2_650/lpcxpresso/tools/bin/../lib/gcc/arm-none-eabi/5.4.1/../../../../arm-none-eabi/lib/armv6-m\libcr_semihost.a(__sys_remove.o)
                0x00005fc4                __sys_remove
 .text.__sys_seek
                0x00005fd0        0xc c:/nxp/lpcxpresso_8.2.2_650/lpcxpresso/tools/bin/../lib/gcc/arm-none-eabi/5.4.1/../../../../arm-none-eabi/lib/armv6-m\libcr_semihost.a(__sys_seek.o)
                0x00005fd0                __sys_seek
 .text.__sys_tmpnam
                0x00005fdc        0xc c:/nxp/lpcxpresso_8.2.2_650/lpcxpresso/tools/bin/../lib/gcc/arm-none-eabi/5.4.1/../../../../arm-none-eabi/lib/armv6-m\libcr_semihost.a(__sys_tmpnam.o)
                0x00005fdc                __sys_tmpnam
 .text.__sys_write
                0x00005fe8        0xc c:/nxp/lpcxpresso_8.2.2_650/lpcxpresso/tools/bin/../lib/gcc/arm-none-eabi/5.4.1/../../../../arm-none-eabi/lib/armv6-m\libcr_semihost.a(__sys_write.o)
                0x00005fe8                __sys_write
                0x00005fe8                __write
 *(.rodata .rodata.* .constdata .constdata.*)
 .rodata.str1.1
                0x00005ff4      0x385 ./Fuentes/Funciones.o
                                0x3d8 (size before relaxing)
 .rodata.str1.1
                0x00006379      0x36c ./Fuentes/Menu.o
                                0x395 (size before relaxing)
 .rodata.str1.1
                0x000066e5      0x200 ./Fuentes/Subfunciones.o
                                0x21d (size before relaxing)
 .rodata.str1.1
                0x000068e5       0x74 ./Fuentes/Teclado.o
                                 0x9a (size before relaxing)
 .rodata.FD16x16
                0x00006959       0x20 ./Fuentes/WG12864A.o
                0x00006959                FD16x16
 .rodata.LL16x16
                0x00006979       0x20 ./Fuentes/WG12864A.o
                0x00006979                LL16x16
 .rodata.OKS8x16
                0x00006999       0x20 ./Fuentes/WG12864A.o
                0x00006999                OKS8x16
 .rodata.L116x16
                0x000069b9       0x20 ./Fuentes/WG12864A.o
                0x000069b9                L116x16
 .rodata.LM16x16
                0x000069d9       0x20 ./Fuentes/WG12864A.o
                0x000069d9                LM16x16
 .rodata.Hexa8x6
                0x000069f9       0x60 ./Fuentes/WG12864A.o
                0x000069f9                Hexa8x6
 .rodata.Cross16x16
                0x00006a59       0x20 ./Fuentes/WG12864A.o
                0x00006a59                Cross16x16
 .rodata.LeftArrow16x16
                0x00006a79       0x20 ./Fuentes/WG12864A.o
                0x00006a79                LeftArrow16x16
 .rodata.LOO16x16
                0x00006a99       0x20 ./Fuentes/WG12864A.o
                0x00006a99                LOO16x16
 .rodata.LR16x16
                0x00006ab9       0x20 ./Fuentes/WG12864A.o
                0x00006ab9                LR16x16
 .rodata.LT16x16
                0x00006ad9       0x20 ./Fuentes/WG12864A.o
                0x00006ad9                LT16x16
 .rodata.LF16x16
                0x00006af9       0x20 ./Fuentes/WG12864A.o
                0x00006af9                LF16x16
 .rodata.Arial8x6
                0x00006b19      0x234 ./Fuentes/WG12864A.o
                0x00006b19                Arial8x6
 .rodata.LN16x16
                0x00006d4d       0x20 ./Fuentes/WG12864A.o
                0x00006d4d                LN16x16
 .rodata.OK16x16
                0x00006d6d       0x20 ./Fuentes/WG12864A.o
                0x00006d6d                OK16x16
 .rodata.RightArrow16x16
                0x00006d8d       0x20 ./Fuentes/WG12864A.o
                0x00006d8d                RightArrow16x16
 .rodata.LO16x16
                0x00006dad       0x20 ./Fuentes/WG12864A.o
                0x00006dad                LO16x16
 .rodata.HEART16x16
                0x00006dcd       0x20 ./Fuentes/WG12864A.o
                0x00006dcd                HEART16x16
 .rodata.BACK16x16
                0x00006ded       0x20 ./Fuentes/WG12864A.o
                0x00006ded                BACK16x16
 .rodata.LI16x16
                0x00006e0d       0x20 ./Fuentes/WG12864A.o
                0x00006e0d                LI16x16
 .rodata.BK8x16
                0x00006e2d       0x20 ./Fuentes/WG12864A.o
                0x00006e2d                BK8x16
 .rodata.LE16x16
                0x00006e4d       0x20 ./Fuentes/WG12864A.o
                0x00006e4d                LE16x16
 .rodata.LTT16x16
                0x00006e6d       0x20 ./Fuentes/WG12864A.o
                0x00006e6d                LTT16x16
 .rodata.LA16x16
                0x00006e8d       0x20 ./Fuentes/WG12864A.o
                0x00006e8d                LA16x16
 *fill*         0x00006ead        0x3 ff
 .rodata.LPC_GPIO
                0x00006eb0       0x10 ./Drivers/gpio.o
 .rodata.str1.1
                0x00006ec0       0x74 c:/nxp/lpcxpresso_8.2.2_650/lpcxpresso/tools/bin/../lib/gcc/arm-none-eabi/5.4.1/../../../../arm-none-eabi/lib/armv6-m\libcr_c.a(initio.o)
                                  0x4 (size before relaxing)
 .rodata.str1.1
                0x00006ec0       0x18 c:/nxp/lpcxpresso_8.2.2_650/lpcxpresso/tools/bin/../lib/gcc/arm-none-eabi/5.4.1/../../../../arm-none-eabi/lib/armv6-m\libcr_c.a(alloc.o)
                0x00006f34                . = ALIGN (0x4)

.glue_7         0x00006ed8        0x0
 .glue_7        0x00006ed8        0x0 linker stubs

.glue_7t        0x00006ed8        0x0
 .glue_7t       0x00006ed8        0x0 linker stubs

.vfp11_veneer   0x00006ed8        0x0
 .vfp11_veneer  0x00006ed8        0x0 linker stubs

.v4_bx          0x00006ed8        0x0
 .v4_bx         0x00006ed8        0x0 linker stubs

.iplt           0x00006ed8        0x0
 .iplt          0x00006ed8        0x0 ./Fuentes/Comunicaciones.o

.rel.dyn        0x00006ed8        0x0
 .rel.iplt      0x00006ed8        0x0 ./Fuentes/Comunicaciones.o

.ARM.extab
 *(.ARM.extab* .gnu.linkonce.armextab.*)
                0x00006ed8                __exidx_start = .

.ARM.exidx
 *(.ARM.exidx* .gnu.linkonce.armexidx.*)
                0x00006ed8                __exidx_end = .
                0x00006ed8                _etext = .

.uninit_RESERVED
                0x10000000        0x0
 *(.bss.$RESERVED*)
                0x10000000                . = ALIGN (0x4)
                0x10000000                _end_uninit_RESERVED = .

.data           0x10000000       0x64 load address 0x00006ed8
 FILL mask 0xff
                0x10000000                _data = .
 *(vtable)
 *(.ramfunc*)
 *(.data*)
 .data.flag_SUP
                0x10000000        0x1 ./Fuentes/Funciones.o
                0x10000000                flag_SUP
 *fill*         0x10000001        0x3 ff
 .data.Umbral_Sup
                0x10000004        0x4 ./Fuentes/Funciones.o
                0x10000004                Umbral_Sup
 .data.num      0x10000008        0x4 ./Fuentes/Funciones.o
                0x10000008                num
 .data.flag_sleepsubmenu
                0x1000000c        0x4 ./Fuentes/Funciones.o
                0x1000000c                flag_sleepsubmenu
 .data.flag_INF
                0x10000010        0x1 ./Fuentes/Funciones.o
                0x10000010                flag_INF
 *fill*         0x10000011        0x3 ff
 .data.Umbral_Inf
                0x10000014        0x4 ./Fuentes/Funciones.o
                0x10000014                Umbral_Inf
 .data.menu41_4
                0x10000018        0x4 ./Fuentes/Menu.o
                0x10000018                menu41_4
 .data.menu4    0x1000001c        0x4 ./Fuentes/Menu.o
                0x1000001c                menu4
 .data.menu41_2
                0x10000020        0x4 ./Fuentes/Menu.o
                0x10000020                menu41_2
 .data.menu41_3
                0x10000024        0x4 ./Fuentes/Menu.o
                0x10000024                menu41_3
 .data.clave    0x10000028       0x10 ./Fuentes/Menu.o
                0x10000028                clave
 .data.menu41   0x10000038        0x4 ./Fuentes/Menu.o
                0x10000038                menu41
 .data.cur      0x1000003c        0x4 ./Fuentes/Menu.o
                0x1000003c                cur
 .data.flagirq  0x10000040        0x4 ./Fuentes/Menu.o
                0x10000040                flagirq
 .data.menu1    0x10000044        0x4 ./Fuentes/Menu.o
                0x10000044                menu1
 .data.menu2    0x10000048        0x4 ./Fuentes/Menu.o
                0x10000048                menu2
 .data.menu3    0x1000004c        0x4 ./Fuentes/Menu.o
                0x1000004c                menu3
 .data.menu41_1
                0x10000050        0x4 ./Fuentes/Menu.o
                0x10000050                menu41_1
 .data.menu32   0x10000054        0x4 ./Fuentes/Menu.o
                0x10000054                menu32
 .data.posX     0x10000058        0x4 ./Fuentes/WG12864A.o
                0x10000058                posX
 .data.posY     0x1000005c        0x4 ./Fuentes/WG12864A.o
                0x1000005c                posY
 .data          0x10000060        0x4 F:\Proyectos LPC1115\Monitor_Fetal\CMSISv1p30_LPC11xx\Debug\libCMSISv1p30_LPC11xx.a(system_LPC11xx.o)
                0x10000060                SystemCoreClock
                0x10000064                . = ALIGN (0x4)
                0x10000064                _edata = .

.igot.plt       0x10000064        0x0 load address 0x00006f3c
 .igot.plt      0x10000064        0x0 ./Fuentes/Comunicaciones.o

.bss            0x10000064      0xaf4 load address 0x00006f3c
                0x10000064                _bss = .
 *(.bss*)
 .bss.no_recibo
                0x10000064        0x1 ./Fuentes/Comunicaciones.o
                0x10000064                no_recibo
 .bss.queenv    0x10000065        0x1 ./Fuentes/Comunicaciones.o
                0x10000065                queenv
 .bss.org       0x10000066        0x1 ./Fuentes/Comunicaciones.o
                0x10000066                org
 .bss.indf      0x10000067        0x1 ./Fuentes/Comunicaciones.o
                0x10000067                indf
 .bss.actualiza_fw
                0x10000068        0x1 ./Fuentes/Funciones.o
                0x10000068                actualiza_fw
 *fill*         0x10000069        0x3 
 .bss.PPM       0x1000006c        0x4 ./Fuentes/Funciones.o
                0x1000006c                PPM
 .bss.PROMEDIAR
                0x10000070        0x1 ./Fuentes/Funciones.o
                0x10000070                PROMEDIAR
 .bss.mod       0x10000071        0x1 ./Fuentes/Funciones.o
                0x10000071                mod
 *fill*         0x10000072        0x2 
 .bss.inc_ind   0x10000074        0x4 ./Fuentes/Funciones.o
                0x10000074                inc_ind
 .bss.cont_pico_NEG
                0x10000078        0x4 ./Fuentes/Funciones.o
                0x10000078                cont_pico_NEG
 .bss.NO_ENTR   0x1000007c        0x1 ./Fuentes/Funciones.o
                0x1000007c                NO_ENTR
 .bss.salir     0x1000007d        0x1 ./Fuentes/Funciones.o
                0x1000007d                salir
 *fill*         0x1000007e        0x2 
 .bss.varmod    0x10000080        0x4 ./Fuentes/Funciones.o
                0x10000080                varmod
 .bss.norecarga
                0x10000084        0x4 ./Fuentes/Funciones.o
                0x10000084                norecarga
 .bss.flagesp   0x10000088        0x1 ./Fuentes/Funciones.o
                0x10000088                flagesp
 .bss.buffer_pulso
                0x10000089       0x2c ./Fuentes/Funciones.o
 *fill*         0x100000b5        0x3 
 .bss.cont_pico_POS
                0x100000b8        0x4 ./Fuentes/Funciones.o
                0x100000b8                cont_pico_POS
 .bss.ACT_DISP  0x100000bc        0x1 ./Fuentes/Funciones.o
                0x100000bc                ACT_DISP
 *fill*         0x100000bd        0x3 
 .bss.s         0x100000c0        0x4 ./Fuentes/Funciones.o
                0x100000c0                s
 .bss.muefunc   0x100000c4        0x4 ./Fuentes/Funciones.o
                0x100000c4                muefunc
 .bss.tit       0x100000c8        0x4 ./Fuentes/Funciones.o
                0x100000c8                tit
 .bss.lec       0x100000cc        0x1 ./Fuentes/Main.o
                0x100000cc                lec
 .bss.cont      0x100000cd        0x1 ./Fuentes/Main.o
                0x100000cd                cont
 .bss.flagbll   0x100000ce        0x1 ./Fuentes/Main.o
                0x100000ce                flagbll
 .bss.flagmm    0x100000cf        0x1 ./Fuentes/Main.o
                0x100000cf                flagmm
 .bss.sumaerr   0x100000d0        0x1 ./Fuentes/Main.o
                0x100000d0                sumaerr
 *fill*         0x100000d1        0x3 
 .bss.sleepmenu
                0x100000d4        0x4 ./Fuentes/Menu.o
                0x100000d4                sleepmenu
 .bss.indice    0x100000d8        0x4 ./Fuentes/Menu.o
                0x100000d8                indice
 .bss.menu      0x100000dc        0x4 ./Fuentes/Menu.o
                0x100000dc                menu
 .bss.buffer.4820
                0x100000e0       0x2c ./Fuentes/Subfunciones.o
 .bss.buffer.4648
                0x1000010c       0x2c ./Fuentes/Subfunciones.o
 .bss.buffer.4815
                0x10000138       0x2c ./Fuentes/Subfunciones.o
 .bss.buffer.4657
                0x10000164       0x2c ./Fuentes/Subfunciones.o
 .bss.a         0x10000190        0x4 ./Fuentes/Touch.o
                0x10000190                a
 .bss.ADCIntDone
                0x10000194        0x4 ./Drivers/adc.o
                0x10000194                ADCIntDone
 .bss.OverRunCounter
                0x10000198        0x4 ./Drivers/adc.o
                0x10000198                OverRunCounter
 .bss.gpio3_counter
                0x1000019c        0x4 ./Drivers/gpio.o
                0x1000019c                gpio3_counter
 .bss.p3_1_counter
                0x100001a0        0x4 ./Drivers/gpio.o
                0x100001a0                p3_1_counter
 .bss.interruptOverRunStat0
                0x100001a4        0x4 ./Drivers/ssp.o
                0x100001a4                interruptOverRunStat0
 .bss.interruptOverRunStat1
                0x100001a8        0x4 ./Drivers/ssp.o
                0x100001a8                interruptOverRunStat1
 .bss.interruptRxTimeoutStat0
                0x100001ac        0x4 ./Drivers/ssp.o
                0x100001ac                interruptRxTimeoutStat0
 .bss.interruptRxTimeoutStat1
                0x100001b0        0x4 ./Drivers/ssp.o
                0x100001b0                interruptRxTimeoutStat1
 .bss.interruptRxStat0
                0x100001b4        0x4 ./Drivers/ssp.o
                0x100001b4                interruptRxStat0
 .bss.interruptRxStat1
                0x100001b8        0x4 ./Drivers/ssp.o
                0x100001b8                interruptRxStat1
 .bss.timer32_1_counter
                0x100001bc        0x4 ./Drivers/timer32.o
                0x100001bc                timer32_1_counter
 .bss.timer32_1_capture
                0x100001c0        0x4 ./Drivers/timer32.o
                0x100001c0                timer32_1_capture
 .bss._extra    0x100001c4        0x4 c:/nxp/lpcxpresso_8.2.2_650/lpcxpresso/tools/bin/../lib/gcc/arm-none-eabi/5.4.1/../../../../arm-none-eabi/lib/armv6-m\libcr_c.a(initio.o)
                0x100001c4                _extra
 .bss.__Ciob    0x100001c8      0x140 c:/nxp/lpcxpresso_8.2.2_650/lpcxpresso/tools/bin/../lib/gcc/arm-none-eabi/5.4.1/../../../../arm-none-eabi/lib/armv6-m\libcr_c.a(stdio.o)
                0x100001c8                __Ciob
 .bss.__heaps   0x10000308        0x4 c:/nxp/lpcxpresso_8.2.2_650/lpcxpresso/tools/bin/../lib/gcc/arm-none-eabi/5.4.1/../../../../arm-none-eabi/lib/armv6-m\libcr_c.a(__init_alloc.o)
                0x10000308                __heaps
 .bss.__end_of_heap
                0x1000030c        0x4 c:/nxp/lpcxpresso_8.2.2_650/lpcxpresso/tools/bin/../lib/gcc/arm-none-eabi/5.4.1/../../../../arm-none-eabi/lib/armv6-m\libcr_c.a(__init_alloc.o)
                0x1000030c                __end_of_heap
 .bss.errno     0x10000310        0x4 c:/nxp/lpcxpresso_8.2.2_650/lpcxpresso/tools/bin/../lib/gcc/arm-none-eabi/5.4.1/../../../../arm-none-eabi/lib/armv6-m\libcr_c.a(errno.o)
                0x10000310                errno
 *(COMMON)
 COMMON         0x10000314       0x20 ./Fuentes/Comunicaciones.o
                0x10000314                cantcomu
                0x10000318                auxs
                0x1000031c                cantprt
                0x10000320                auxi
                0x10000324                hands
                0x10000328                auxmi
                0x1000032c                cantver
                0x1000032d                cantmp
                0x1000032e                empenv
                0x10000330                auxh
 COMMON         0x10000334      0x4e5 ./Fuentes/Funciones.o
                0x10000334                t
                0x10000338                lat_adc
                0x1000033c                hab_corazon
                0x10000340                lat_ant
                0x10000344                aux_prov
                0x10000348                valpru2
                0x10000488                cont_10seg
                0x1000048c                adc_val5
                0x10000490                cla
                0x100004a0                SALTO
                0x100004a1                desp_vert
                0x100004a2                toca1
                0x100004a3                toca
                0x100004a4                FILTRO_DIG
                0x100004a8                i_ind_buff
                0x100004ac                sd_disp
                0x100004b0                aux2
                0x100004b4                SUBIR
                0x100004b8                tcl
                0x100004bc                PUNTO
                0x100004bd                modo_func
                0x100004be                prs
                0x100004c0                adc_valY
                0x100004c4                PARLANTE
                0x100004c8                mu_pro
                0x10000658                v
                0x10000659                pos_y
                0x1000065a                pressok
                0x1000065c                ind_Muestras
                0x10000660                pos_x
                0x10000661                BAJAR
                0x10000662                dir_comu
                0x10000663                velc
                0x10000664                LAT_PROM
                0x10000668                menuactual
                0x1000066c                adc_valX
                0x10000670                tcla
                0x10000680                valpru
                0x10000810                aux1
                0x10000814                inc_ind2
                0x10000818                PULSO_OK
 *fill*         0x10000819        0x3 
 COMMON         0x1000081c      0x28b ./Fuentes/Main.o
                0x1000081c                b_tog
                0x1000082c                version
                0x1000086c                btens
                0x100008ac                flag_1seg
                0x100008ad                causaerr
                0x100008b8                movmp
                0x100008f8                Rx
                0x10000918                Rx2
                0x10000990                causaerror
                0x1000099c                toffset
                0x100009dc                Rx1
                0x10000a54                flag_25ms
                0x10000a55                icomu
                0x10000a5c                version_prt
                0x10000a9c                moduloerr
 *fill*         0x10000aa7        0x1 
 COMMON         0x10000aa8        0x4 ./Fuentes/Menu.o
                0x10000aa8                var_aux
 COMMON         0x10000aac       0x80 ./Fuentes/Subfunciones.o
                0x10000aac                eee
                0x10000ab0                estf
                0x10000ab4                dets
                0x10000ab8                ee
                0x10000abc                proxh
                0x10000acc                ds
                0x10000ad0                esta
                0x10000ad4                seg
                0x10000ad8                ledcoo
                0x10000adc                eeee
                0x10000ae0                aaa
                0x10000ae4                anio
                0x10000ae8                aa
                0x10000aec                ef
                0x10000af0                mi
                0x10000af4                pl
                0x10000af8                d
                0x10000afc                aaaa
                0x10000b00                h
                0x10000b04                proxf
                0x10000b24                e
                0x10000b28                m
 COMMON         0x10000b2c        0x8 ./Fuentes/Touch.o
                0x10000b2c                sleep
                0x10000b30                flagsleep
 COMMON         0x10000b34        0x4 ./Fuentes/WG12864A.o
                0x10000b34                salida
 COMMON         0x10000b38       0x20 ./Drivers/adc.o
                0x10000b38                ADCValue
                0x10000b58                . = ALIGN (0x4)
                0x10000b58                _ebss = .
                [!provide]                PROVIDE (end, .)

.noinit         0x10000b58        0x0 load address 0x00006f3c
                0x10000b58                _noinit = .
 *(.noinit*)
                0x10000b58                . = ALIGN (0x4)
                0x10000b58                _end_noinit = .
                0x10000b58                PROVIDE (_pvHeapStart, DEFINED (__user_heap_base)?__user_heap_base:.)
                0x10002000                PROVIDE (_vStackTop, DEFINED (__user_stack_top)?__user_stack_top:(__top_RamLoc8 - 0x0))
                [!provide]                PROVIDE (__valid_user_code_checksum, (0x0 - (((_vStackTop + (ResetISR + 0x1)) + (DEFINED (NMI_Handler)?NMI_Handler:M0_NMI_Handler + 0x1)) + (DEFINED (HardFault_Handler)?HardFault_Handler:M0_HardFault_Handler + 0x1))))
OUTPUT(MF_v1.0.axf elf32-littlearm)

.debug_info     0x00000000     0xd192
 .debug_info    0x00000000      0x797 ./Fuentes/Comunicaciones.o
 .debug_info    0x00000797     0x3bad ./Fuentes/Funciones.o
 .debug_info    0x00004344      0x556 ./Fuentes/Main.o
 .debug_info    0x0000489a     0x246d ./Fuentes/Menu.o
 .debug_info    0x00006d07      0xed8 ./Fuentes/Subfunciones.o
 .debug_info    0x00007bdf     0x11cf ./Fuentes/Teclado.o
 .debug_info    0x00008dae      0x994 ./Fuentes/Touch.o
 .debug_info    0x00009742      0x9bb ./Fuentes/WG12864A.o
 .debug_info    0x0000a0fd      0x280 ./Fuentes/cr_startup_lpc11.o
 .debug_info    0x0000a37d      0x7c8 ./Drivers/adc.o
 .debug_info    0x0000ab45      0xa17 ./Drivers/gpio.o
 .debug_info    0x0000b55c      0xc67 ./Drivers/ssp.o
 .debug_info    0x0000c1c3      0xb6a ./Drivers/timer32.o
 .debug_info    0x0000cd2d      0x465 F:\Proyectos LPC1115\Monitor_Fetal\CMSISv1p30_LPC11xx\Debug\libCMSISv1p30_LPC11xx.a(system_LPC11xx.o)

.debug_abbrev   0x00000000     0x1998
 .debug_abbrev  0x00000000      0x20b ./Fuentes/Comunicaciones.o
 .debug_abbrev  0x0000020b      0x298 ./Fuentes/Funciones.o
 .debug_abbrev  0x000004a3      0x173 ./Fuentes/Main.o
 .debug_abbrev  0x00000616      0x1c3 ./Fuentes/Menu.o
 .debug_abbrev  0x000007d9      0x2a9 ./Fuentes/Subfunciones.o
 .debug_abbrev  0x00000a82       0xdf ./Fuentes/Teclado.o
 .debug_abbrev  0x00000b61      0x1cd ./Fuentes/Touch.o
 .debug_abbrev  0x00000d2e      0x16a ./Fuentes/WG12864A.o
 .debug_abbrev  0x00000e98      0x11f ./Fuentes/cr_startup_lpc11.o
 .debug_abbrev  0x00000fb7      0x18e ./Drivers/adc.o
 .debug_abbrev  0x00001145      0x2ae ./Drivers/gpio.o
 .debug_abbrev  0x000013f3      0x2ae ./Drivers/ssp.o
 .debug_abbrev  0x000016a1      0x215 ./Drivers/timer32.o
 .debug_abbrev  0x000018b6       0xe2 F:\Proyectos LPC1115\Monitor_Fetal\CMSISv1p30_LPC11xx\Debug\libCMSISv1p30_LPC11xx.a(system_LPC11xx.o)

.debug_loc      0x00000000     0x2327
 .debug_loc     0x00000000      0x3ee ./Fuentes/Comunicaciones.o
 .debug_loc     0x000003ee      0x335 ./Fuentes/Funciones.o
 .debug_loc     0x00000723      0xcfa ./Fuentes/Subfunciones.o
 .debug_loc     0x0000141d      0x120 ./Fuentes/Touch.o
 .debug_loc     0x0000153d      0x36c ./Fuentes/WG12864A.o
 .debug_loc     0x000018a9      0x1d4 ./Fuentes/cr_startup_lpc11.o
 .debug_loc     0x00001a7d       0xc4 ./Drivers/adc.o
 .debug_loc     0x00001b41      0x413 ./Drivers/gpio.o
 .debug_loc     0x00001f54      0x209 ./Drivers/ssp.o
 .debug_loc     0x0000215d      0x1ca ./Drivers/timer32.o

.debug_aranges  0x00000000      0x418
 .debug_aranges
                0x00000000       0x30 ./Fuentes/Comunicaciones.o
 .debug_aranges
                0x00000030       0x90 ./Fuentes/Funciones.o
 .debug_aranges
                0x000000c0       0x20 ./Fuentes/Main.o
 .debug_aranges
                0x000000e0       0x28 ./Fuentes/Menu.o
 .debug_aranges
                0x00000108       0x80 ./Fuentes/Subfunciones.o
 .debug_aranges
                0x00000188       0x20 ./Fuentes/Teclado.o
 .debug_aranges
                0x000001a8       0x48 ./Fuentes/Touch.o
 .debug_aranges
                0x000001f0       0x68 ./Fuentes/WG12864A.o
 .debug_aranges
                0x00000258       0x60 ./Fuentes/cr_startup_lpc11.o
 .debug_aranges
                0x000002b8       0x38 ./Drivers/adc.o
 .debug_aranges
                0x000002f0       0x60 ./Drivers/gpio.o
 .debug_aranges
                0x00000350       0x48 ./Drivers/ssp.o
 .debug_aranges
                0x00000398       0x50 ./Drivers/timer32.o
 .debug_aranges
                0x000003e8       0x30 F:\Proyectos LPC1115\Monitor_Fetal\CMSISv1p30_LPC11xx\Debug\libCMSISv1p30_LPC11xx.a(system_LPC11xx.o)

.debug_ranges   0x00000000      0x410
 .debug_ranges  0x00000000       0x70 ./Fuentes/Comunicaciones.o
 .debug_ranges  0x00000070       0x80 ./Fuentes/Funciones.o
 .debug_ranges  0x000000f0       0x10 ./Fuentes/Main.o
 .debug_ranges  0x00000100       0x68 ./Fuentes/Menu.o
 .debug_ranges  0x00000168       0x70 ./Fuentes/Subfunciones.o
 .debug_ranges  0x000001d8       0x10 ./Fuentes/Teclado.o
 .debug_ranges  0x000001e8       0x38 ./Fuentes/Touch.o
 .debug_ranges  0x00000220       0x58 ./Fuentes/WG12864A.o
 .debug_ranges  0x00000278       0x50 ./Fuentes/cr_startup_lpc11.o
 .debug_ranges  0x000002c8       0x28 ./Drivers/adc.o
 .debug_ranges  0x000002f0       0x88 ./Drivers/gpio.o
 .debug_ranges  0x00000378       0x38 ./Drivers/ssp.o
 .debug_ranges  0x000003b0       0x40 ./Drivers/timer32.o
 .debug_ranges  0x000003f0       0x20 F:\Proyectos LPC1115\Monitor_Fetal\CMSISv1p30_LPC11xx\Debug\libCMSISv1p30_LPC11xx.a(system_LPC11xx.o)

.debug_macro    0x00000000     0x37b8
 .debug_macro   0x00000000       0x93 ./Fuentes/Comunicaciones.o
 .debug_macro   0x00000093      0x83e ./Fuentes/Comunicaciones.o
 .debug_macro   0x000008d1       0x1c ./Fuentes/Comunicaciones.o
 .debug_macro   0x000008ed       0x22 ./Fuentes/Comunicaciones.o
 .debug_macro   0x0000090f       0x10 ./Fuentes/Comunicaciones.o
 .debug_macro   0x0000091f      0x12d ./Fuentes/Comunicaciones.o
 .debug_macro   0x00000a4c      0x5b2 ./Fuentes/Comunicaciones.o
 .debug_macro   0x00000ffe      0x37a ./Fuentes/Comunicaciones.o
 .debug_macro   0x00001378      0x123 ./Fuentes/Comunicaciones.o
 .debug_macro   0x0000149b       0xac ./Fuentes/Comunicaciones.o
 .debug_macro   0x00001547      0x186 ./Fuentes/Comunicaciones.o
 .debug_macro   0x000016cd      0x142 ./Fuentes/Comunicaciones.o
 .debug_macro   0x0000180f       0xdb ./Fuentes/Funciones.o
 .debug_macro   0x000018ea       0x1c ./Fuentes/Funciones.o
 .debug_macro   0x00001906       0xb2 ./Fuentes/Funciones.o
 .debug_macro   0x000019b8       0x34 ./Fuentes/Funciones.o
 .debug_macro   0x000019ec       0x46 ./Fuentes/Funciones.o
 .debug_macro   0x00001a32       0x6a ./Fuentes/Funciones.o
 .debug_macro   0x00001a9c       0xeb ./Fuentes/Main.o
 .debug_macro   0x00001b87       0x82 ./Fuentes/Main.o
 .debug_macro   0x00001c09       0x34 ./Fuentes/Main.o
 .debug_macro   0x00001c3d       0xe9 ./Fuentes/Menu.o
 .debug_macro   0x00001d26       0xb9 ./Fuentes/Subfunciones.o
 .debug_macro   0x00001ddf       0xa0 ./Fuentes/Subfunciones.o
 .debug_macro   0x00001e7f       0x2d ./Fuentes/Teclado.o
 .debug_macro   0x00001eac       0xc7 ./Fuentes/Touch.o
 .debug_macro   0x00001f73       0x92 ./Fuentes/WG12864A.o
 .debug_macro   0x00002005       0x52 ./Fuentes/cr_startup_lpc11.o
 .debug_macro   0x00002057      0x83e ./Fuentes/cr_startup_lpc11.o
 .debug_macro   0x00002895       0x89 ./Drivers/adc.o
 .debug_macro   0x0000291e       0x89 ./Drivers/gpio.o
 .debug_macro   0x000029a7       0xab ./Drivers/ssp.o
 .debug_macro   0x00002a52       0x7a ./Drivers/timer32.o
 .debug_macro   0x00002acc      0x122 F:\Proyectos LPC1115\Monitor_Fetal\CMSISv1p30_LPC11xx\Debug\libCMSISv1p30_LPC11xx.a(system_LPC11xx.o)
 .debug_macro   0x00002bee      0x832 F:\Proyectos LPC1115\Monitor_Fetal\CMSISv1p30_LPC11xx\Debug\libCMSISv1p30_LPC11xx.a(system_LPC11xx.o)
 .debug_macro   0x00003420      0x398 F:\Proyectos LPC1115\Monitor_Fetal\CMSISv1p30_LPC11xx\Debug\libCMSISv1p30_LPC11xx.a(system_LPC11xx.o)

.debug_line     0x00000000     0x3466
 .debug_line    0x00000000      0x3a9 ./Fuentes/Comunicaciones.o
 .debug_line    0x000003a9      0xa84 ./Fuentes/Funciones.o
 .debug_line    0x00000e2d      0x2f5 ./Fuentes/Main.o
 .debug_line    0x00001122      0x671 ./Fuentes/Menu.o
 .debug_line    0x00001793      0x53d ./Fuentes/Subfunciones.o
 .debug_line    0x00001cd0      0x337 ./Fuentes/Teclado.o
 .debug_line    0x00002007      0x313 ./Fuentes/Touch.o
 .debug_line    0x0000231a      0x377 ./Fuentes/WG12864A.o
 .debug_line    0x00002691      0x188 ./Fuentes/cr_startup_lpc11.o
 .debug_line    0x00002819      0x22a ./Drivers/adc.o
 .debug_line    0x00002a43      0x275 ./Drivers/gpio.o
 .debug_line    0x00002cb8      0x2fe ./Drivers/ssp.o
 .debug_line    0x00002fb6      0x2a4 ./Drivers/timer32.o
 .debug_line    0x0000325a      0x20c F:\Proyectos LPC1115\Monitor_Fetal\CMSISv1p30_LPC11xx\Debug\libCMSISv1p30_LPC11xx.a(system_LPC11xx.o)

.debug_str      0x00000000     0x875a
 .debug_str     0x00000000     0x663a ./Fuentes/Comunicaciones.o
                               0x66d8 (size before relaxing)
 .debug_str     0x0000663a      0x7e2 ./Fuentes/Funciones.o
                               0x66aa (size before relaxing)
 .debug_str     0x00006e1c      0x5b2 ./Fuentes/Main.o
                               0x6be0 (size before relaxing)
 .debug_str     0x000073ce       0x93 ./Fuentes/Menu.o
                               0x67dc (size before relaxing)
 .debug_str     0x00007461      0x31f ./Fuentes/Subfunciones.o
                               0x6395 (size before relaxing)
 .debug_str     0x00007780       0x15 ./Fuentes/Teclado.o
                               0x27af (size before relaxing)
 .debug_str     0x00007795      0x1e0 ./Fuentes/Touch.o
                               0x638e (size before relaxing)
 .debug_str     0x00007975       0x8d ./Fuentes/WG12864A.o
                               0x65b8 (size before relaxing)
 .debug_str     0x00007a02      0x2c2 ./Fuentes/cr_startup_lpc11.o
                               0x3c73 (size before relaxing)
 .debug_str     0x00007cc4      0x31f ./Drivers/adc.o
                               0x6092 (size before relaxing)
 .debug_str     0x00007fe3      0x158 ./Drivers/gpio.o
                               0x60e4 (size before relaxing)
 .debug_str     0x0000813b       0xda ./Drivers/ssp.o
                               0x67ae (size before relaxing)
 .debug_str     0x00008215       0xe1 ./Drivers/timer32.o
                               0x6333 (size before relaxing)
 .debug_str     0x000082f6      0x464 F:\Proyectos LPC1115\Monitor_Fetal\CMSISv1p30_LPC11xx\Debug\libCMSISv1p30_LPC11xx.a(system_LPC11xx.o)
                               0x5d82 (size before relaxing)

.comment        0x00000000       0xdc
 .comment       0x00000000       0x6e ./Fuentes/Comunicaciones.o
                                 0x6f (size before relaxing)
 .comment       0x0000006e       0x6f ./Fuentes/Funciones.o
 .comment       0x0000006e       0x6f ./Fuentes/Main.o
 .comment       0x0000006e       0x6f ./Fuentes/Menu.o
 .comment       0x0000006e       0x6f ./Fuentes/Subfunciones.o
 .comment       0x0000006e       0x6f ./Fuentes/Teclado.o
 .comment       0x0000006e       0x6f ./Fuentes/Touch.o
 .comment       0x0000006e       0x6f ./Fuentes/WG12864A.o
 .comment       0x0000006e       0x6e ./Fuentes/cr_startup_lpc11.o
                                 0x6f (size before relaxing)
 .comment       0x000000dc       0x6f ./Drivers/adc.o
 .comment       0x000000dc       0x6f ./Drivers/gpio.o
 .comment       0x000000dc       0x6f ./Drivers/ssp.o
 .comment       0x000000dc       0x6f ./Drivers/timer32.o
 .comment       0x000000dc       0x6f F:\Proyectos LPC1115\Monitor_Fetal\CMSISv1p30_LPC11xx\Debug\libCMSISv1p30_LPC11xx.a(system_LPC11xx.o)
 .comment       0x000000dc       0x6f c:/nxp/lpcxpresso_8.2.2_650/lpcxpresso/tools/bin/../lib/gcc/arm-none-eabi/5.4.1/../../../../arm-none-eabi/lib/armv6-m\libcr_semihost.a(_cr__main.o)
 .comment       0x000000dc       0x6f c:/nxp/lpcxpresso_8.2.2_650/lpcxpresso/tools/bin/../lib/gcc/arm-none-eabi/5.4.1/../../../../arm-none-eabi/lib/armv6-m\libcr_c.a(initio.o)
 .comment       0x000000dc       0x6f c:/nxp/lpcxpresso_8.2.2_650/lpcxpresso/tools/bin/../lib/gcc/arm-none-eabi/5.4.1/../../../../arm-none-eabi/lib/armv6-m\libcr_c.a(setvbuf.o)
 .comment       0x000000dc       0x6f c:/nxp/lpcxpresso_8.2.2_650/lpcxpresso/tools/bin/../lib/gcc/arm-none-eabi/5.4.1/../../../../arm-none-eabi/lib/armv6-m\libcr_c.a(stdio.o)
 .comment       0x000000dc       0x6f c:/nxp/lpcxpresso_8.2.2_650/lpcxpresso/tools/bin/../lib/gcc/arm-none-eabi/5.4.1/../../../../arm-none-eabi/lib/armv6-m\libcr_c.a(memset.o)
 .comment       0x000000dc       0x6f c:/nxp/lpcxpresso_8.2.2_650/lpcxpresso/tools/bin/../lib/gcc/arm-none-eabi/5.4.1/../../../../arm-none-eabi/lib/armv6-m\libcr_c.a(_deferredlazyseek.o)
 .comment       0x000000dc       0x6f c:/nxp/lpcxpresso_8.2.2_650/lpcxpresso/tools/bin/../lib/gcc/arm-none-eabi/5.4.1/../../../../arm-none-eabi/lib/armv6-m\libcr_c.a(_fdopen.o)
 .comment       0x000000dc       0x6f c:/nxp/lpcxpresso_8.2.2_650/lpcxpresso/tools/bin/../lib/gcc/arm-none-eabi/5.4.1/../../../../arm-none-eabi/lib/armv6-m\libcr_c.a(_fflush.o)
 .comment       0x000000dc       0x6f c:/nxp/lpcxpresso_8.2.2_650/lpcxpresso/tools/bin/../lib/gcc/arm-none-eabi/5.4.1/../../../../arm-none-eabi/lib/armv6-m\libcr_c.a(_writebuf.o)
 .comment       0x000000dc       0x6f c:/nxp/lpcxpresso_8.2.2_650/lpcxpresso/tools/bin/../lib/gcc/arm-none-eabi/5.4.1/../../../../arm-none-eabi/lib/armv6-m\libcr_c.a(alloc.o)
 .comment       0x000000dc       0x6f c:/nxp/lpcxpresso_8.2.2_650/lpcxpresso/tools/bin/../lib/gcc/arm-none-eabi/5.4.1/../../../../arm-none-eabi/lib/armv6-m\libcr_c.a(fclose.o)
 .comment       0x000000dc       0x6f c:/nxp/lpcxpresso_8.2.2_650/lpcxpresso/tools/bin/../lib/gcc/arm-none-eabi/5.4.1/../../../../arm-none-eabi/lib/armv6-m\libcr_c.a(fflush.o)
 .comment       0x000000dc       0x6f c:/nxp/lpcxpresso_8.2.2_650/lpcxpresso/tools/bin/../lib/gcc/arm-none-eabi/5.4.1/../../../../arm-none-eabi/lib/armv6-m\libcr_c.a(fseek.o)
 .comment       0x000000dc       0x6f c:/nxp/lpcxpresso_8.2.2_650/lpcxpresso/tools/bin/../lib/gcc/arm-none-eabi/5.4.1/../../../../arm-none-eabi/lib/armv6-m\libcr_c.a(ftell.o)
 .comment       0x000000dc       0x6f c:/nxp/lpcxpresso_8.2.2_650/lpcxpresso/tools/bin/../lib/gcc/arm-none-eabi/5.4.1/../../../../arm-none-eabi/lib/armv6-m\libcr_c.a(remove.o)
 .comment       0x000000dc       0x6f c:/nxp/lpcxpresso_8.2.2_650/lpcxpresso/tools/bin/../lib/gcc/arm-none-eabi/5.4.1/../../../../arm-none-eabi/lib/armv6-m\libcr_c.a(strlen.o)
 .comment       0x000000dc       0x6f c:/nxp/lpcxpresso_8.2.2_650/lpcxpresso/tools/bin/../lib/gcc/arm-none-eabi/5.4.1/../../../../arm-none-eabi/lib/armv6-m\libcr_c.a(__init_alloc.o)
 .comment       0x000000dc       0x6f c:/nxp/lpcxpresso_8.2.2_650/lpcxpresso/tools/bin/../lib/gcc/arm-none-eabi/5.4.1/../../../../arm-none-eabi/lib/armv6-m\libcr_c.a(_cr_sbrk.o)
 .comment       0x000000dc       0x6f c:/nxp/lpcxpresso_8.2.2_650/lpcxpresso/tools/bin/../lib/gcc/arm-none-eabi/5.4.1/../../../../arm-none-eabi/lib/armv6-m\libcr_c.a(_do_fflush.o)
 .comment       0x000000dc       0x6f c:/nxp/lpcxpresso_8.2.2_650/lpcxpresso/tools/bin/../lib/gcc/arm-none-eabi/5.4.1/../../../../arm-none-eabi/lib/armv6-m\libcr_c.a(errno.o)
 .comment       0x000000dc       0x6f c:/nxp/lpcxpresso_8.2.2_650/lpcxpresso/tools/bin/../lib/gcc/arm-none-eabi/5.4.1/../../../../arm-none-eabi/lib/armv6-m\libcr_c.a(_cr_check_heap.o)

.ARM.attributes
                0x00000000       0x2f
 .ARM.attributes
                0x00000000       0x31 ./Fuentes/Comunicaciones.o
 .ARM.attributes
                0x00000031       0x31 ./Fuentes/Funciones.o
 .ARM.attributes
                0x00000062       0x31 ./Fuentes/Main.o
 .ARM.attributes
                0x00000093       0x31 ./Fuentes/Menu.o
 .ARM.attributes
                0x000000c4       0x31 ./Fuentes/Subfunciones.o
 .ARM.attributes
                0x000000f5       0x31 ./Fuentes/Teclado.o
 .ARM.attributes
                0x00000126       0x31 ./Fuentes/Touch.o
 .ARM.attributes
                0x00000157       0x31 ./Fuentes/WG12864A.o
 .ARM.attributes
                0x00000188       0x31 ./Fuentes/cr_startup_lpc11.o
 .ARM.attributes
                0x000001b9       0x31 ./Drivers/adc.o
 .ARM.attributes
                0x000001ea       0x31 ./Drivers/gpio.o
 .ARM.attributes
                0x0000021b       0x31 ./Drivers/ssp.o
 .ARM.attributes
                0x0000024c       0x31 ./Drivers/timer32.o
 .ARM.attributes
                0x0000027d       0x31 F:\Proyectos LPC1115\Monitor_Fetal\CMSISv1p30_LPC11xx\Debug\libCMSISv1p30_LPC11xx.a(system_LPC11xx.o)
 .ARM.attributes
                0x000002ae       0x31 c:/nxp/lpcxpresso_8.2.2_650/lpcxpresso/tools/bin/../lib/gcc/arm-none-eabi/5.4.1/../../../../arm-none-eabi/lib/armv6-m\libcr_semihost.a(_cr__main.o)
 .ARM.attributes
                0x000002df       0x31 c:/nxp/lpcxpresso_8.2.2_650/lpcxpresso/tools/bin/../lib/gcc/arm-none-eabi/5.4.1/../../../../arm-none-eabi/lib/armv6-m\libcr_c.a(initio.o)
 .ARM.attributes
                0x00000310       0x31 c:/nxp/lpcxpresso_8.2.2_650/lpcxpresso/tools/bin/../lib/gcc/arm-none-eabi/5.4.1/../../../../arm-none-eabi/lib/armv6-m\libcr_c.a(setvbuf.o)
 .ARM.attributes
                0x00000341       0x31 c:/nxp/lpcxpresso_8.2.2_650/lpcxpresso/tools/bin/../lib/gcc/arm-none-eabi/5.4.1/../../../../arm-none-eabi/lib/armv6-m\libcr_c.a(stdio.o)
 .ARM.attributes
                0x00000372       0x31 c:/nxp/lpcxpresso_8.2.2_650/lpcxpresso/tools/bin/../lib/gcc/arm-none-eabi/5.4.1/../../../../arm-none-eabi/lib/armv6-m\libcr_c.a(memset.o)
 .ARM.attributes
                0x000003a3       0x31 c:/nxp/lpcxpresso_8.2.2_650/lpcxpresso/tools/bin/../lib/gcc/arm-none-eabi/5.4.1/../../../../arm-none-eabi/lib/armv6-m\libcr_c.a(_deferredlazyseek.o)
 .ARM.attributes
                0x000003d4       0x31 c:/nxp/lpcxpresso_8.2.2_650/lpcxpresso/tools/bin/../lib/gcc/arm-none-eabi/5.4.1/../../../../arm-none-eabi/lib/armv6-m\libcr_c.a(_fdopen.o)
 .ARM.attributes
                0x00000405       0x31 c:/nxp/lpcxpresso_8.2.2_650/lpcxpresso/tools/bin/../lib/gcc/arm-none-eabi/5.4.1/../../../../arm-none-eabi/lib/armv6-m\libcr_c.a(_fflush.o)
 .ARM.attributes
                0x00000436       0x31 c:/nxp/lpcxpresso_8.2.2_650/lpcxpresso/tools/bin/../lib/gcc/arm-none-eabi/5.4.1/../../../../arm-none-eabi/lib/armv6-m\libcr_c.a(_writebuf.o)
 .ARM.attributes
                0x00000467       0x31 c:/nxp/lpcxpresso_8.2.2_650/lpcxpresso/tools/bin/../lib/gcc/arm-none-eabi/5.4.1/../../../../arm-none-eabi/lib/armv6-m\libcr_c.a(alloc.o)
 .ARM.attributes
                0x00000498       0x31 c:/nxp/lpcxpresso_8.2.2_650/lpcxpresso/tools/bin/../lib/gcc/arm-none-eabi/5.4.1/../../../../arm-none-eabi/lib/armv6-m\libcr_c.a(fclose.o)
 .ARM.attributes
                0x000004c9       0x31 c:/nxp/lpcxpresso_8.2.2_650/lpcxpresso/tools/bin/../lib/gcc/arm-none-eabi/5.4.1/../../../../arm-none-eabi/lib/armv6-m\libcr_c.a(fflush.o)
 .ARM.attributes
                0x000004fa       0x31 c:/nxp/lpcxpresso_8.2.2_650/lpcxpresso/tools/bin/../lib/gcc/arm-none-eabi/5.4.1/../../../../arm-none-eabi/lib/armv6-m\libcr_c.a(fseek.o)
 .ARM.attributes
                0x0000052b       0x31 c:/nxp/lpcxpresso_8.2.2_650/lpcxpresso/tools/bin/../lib/gcc/arm-none-eabi/5.4.1/../../../../arm-none-eabi/lib/armv6-m\libcr_c.a(ftell.o)
 .ARM.attributes
                0x0000055c       0x31 c:/nxp/lpcxpresso_8.2.2_650/lpcxpresso/tools/bin/../lib/gcc/arm-none-eabi/5.4.1/../../../../arm-none-eabi/lib/armv6-m\libcr_c.a(remove.o)
 .ARM.attributes
                0x0000058d       0x31 c:/nxp/lpcxpresso_8.2.2_650/lpcxpresso/tools/bin/../lib/gcc/arm-none-eabi/5.4.1/../../../../arm-none-eabi/lib/armv6-m\libcr_c.a(strlen.o)
 .ARM.attributes
                0x000005be       0x31 c:/nxp/lpcxpresso_8.2.2_650/lpcxpresso/tools/bin/../lib/gcc/arm-none-eabi/5.4.1/../../../../arm-none-eabi/lib/armv6-m\libcr_c.a(__init_alloc.o)
 .ARM.attributes
                0x000005ef       0x31 c:/nxp/lpcxpresso_8.2.2_650/lpcxpresso/tools/bin/../lib/gcc/arm-none-eabi/5.4.1/../../../../arm-none-eabi/lib/armv6-m\libcr_c.a(_cr_sbrk.o)
 .ARM.attributes
                0x00000620       0x31 c:/nxp/lpcxpresso_8.2.2_650/lpcxpresso/tools/bin/../lib/gcc/arm-none-eabi/5.4.1/../../../../arm-none-eabi/lib/armv6-m\libcr_c.a(_do_fflush.o)
 .ARM.attributes
                0x00000651       0x31 c:/nxp/lpcxpresso_8.2.2_650/lpcxpresso/tools/bin/../lib/gcc/arm-none-eabi/5.4.1/../../../../arm-none-eabi/lib/armv6-m\libcr_c.a(errno.o)
 .ARM.attributes
                0x00000682       0x31 c:/nxp/lpcxpresso_8.2.2_650/lpcxpresso/tools/bin/../lib/gcc/arm-none-eabi/5.4.1/../../../../arm-none-eabi/lib/armv6-m\libcr_c.a(_cr_check_heap.o)
 .ARM.attributes
                0x000006b3       0x21 c:/nxp/lpcxpresso_8.2.2_650/lpcxpresso/tools/bin/../lib/gcc/arm-none-eabi/5.4.1/armv6-m\libcr_eabihelpers.a(division_32.o)
 .ARM.attributes
                0x000006d4       0x21 c:/nxp/lpcxpresso_8.2.2_650/lpcxpresso/tools/bin/../lib/gcc/arm-none-eabi/5.4.1/armv6-m\libcr_eabihelpers.a(division_idiv0.o)
 .ARM.attributes
                0x000006f5       0x21 c:/nxp/lpcxpresso_8.2.2_650/lpcxpresso/tools/bin/../lib/gcc/arm-none-eabi/5.4.1/armv6-m\libcr_eabihelpers.a(memcpy.o)
 .ARM.attributes
                0x00000716       0x21 c:/nxp/lpcxpresso_8.2.2_650/lpcxpresso/tools/bin/../lib/gcc/arm-none-eabi/5.4.1/armv6-m\libcr_eabihelpers.a(thumb1_switch_helpers.o)
 .ARM.attributes
                0x00000737       0x21 c:/nxp/lpcxpresso_8.2.2_650/lpcxpresso/tools/bin/../lib/gcc/arm-none-eabi/5.4.1/../../../../arm-none-eabi/lib/armv6-m\libcr_semihost.a(__sys_appexit.o)
 .ARM.attributes
                0x00000758       0x21 c:/nxp/lpcxpresso_8.2.2_650/lpcxpresso/tools/bin/../lib/gcc/arm-none-eabi/5.4.1/../../../../arm-none-eabi/lib/armv6-m\libcr_semihost.a(__sys_close.o)
 .ARM.attributes
                0x00000779       0x21 c:/nxp/lpcxpresso_8.2.2_650/lpcxpresso/tools/bin/../lib/gcc/arm-none-eabi/5.4.1/../../../../arm-none-eabi/lib/armv6-m\libcr_semihost.a(__sys_flen.o)
 .ARM.attributes
                0x0000079a       0x21 c:/nxp/lpcxpresso_8.2.2_650/lpcxpresso/tools/bin/../lib/gcc/arm-none-eabi/5.4.1/../../../../arm-none-eabi/lib/armv6-m\libcr_semihost.a(__sys_istty.o)
 .ARM.attributes
                0x000007bb       0x21 c:/nxp/lpcxpresso_8.2.2_650/lpcxpresso/tools/bin/../lib/gcc/arm-none-eabi/5.4.1/../../../../arm-none-eabi/lib/armv6-m\libcr_semihost.a(__sys_remove.o)
 .ARM.attributes
                0x000007dc       0x21 c:/nxp/lpcxpresso_8.2.2_650/lpcxpresso/tools/bin/../lib/gcc/arm-none-eabi/5.4.1/../../../../arm-none-eabi/lib/armv6-m\libcr_semihost.a(__sys_seek.o)
 .ARM.attributes
                0x000007fd       0x21 c:/nxp/lpcxpresso_8.2.2_650/lpcxpresso/tools/bin/../lib/gcc/arm-none-eabi/5.4.1/../../../../arm-none-eabi/lib/armv6-m\libcr_semihost.a(__sys_tmpnam.o)
 .ARM.attributes
                0x0000081e       0x21 c:/nxp/lpcxpresso_8.2.2_650/lpcxpresso/tools/bin/../lib/gcc/arm-none-eabi/5.4.1/../../../../arm-none-eabi/lib/armv6-m\libcr_semihost.a(__sys_write.o)

.debug_frame    0x00000000      0xa30
 .debug_frame   0x00000000       0x68 ./Fuentes/Comunicaciones.o
 .debug_frame   0x00000068      0x1f0 ./Fuentes/Funciones.o
 .debug_frame   0x00000258       0x28 ./Fuentes/Main.o
 .debug_frame   0x00000280       0x4c ./Fuentes/Menu.o
 .debug_frame   0x000002cc      0x198 ./Fuentes/Subfunciones.o
 .debug_frame   0x00000464       0x30 ./Fuentes/Teclado.o
 .debug_frame   0x00000494       0xb8 ./Fuentes/Touch.o
 .debug_frame   0x0000054c      0x124 ./Fuentes/WG12864A.o
 .debug_frame   0x00000670       0xb0 ./Fuentes/cr_startup_lpc11.o
 .debug_frame   0x00000720       0x70 ./Drivers/adc.o
 .debug_frame   0x00000790       0xdc ./Drivers/gpio.o
 .debug_frame   0x0000086c       0xac ./Drivers/ssp.o
 .debug_frame   0x00000918       0xac ./Drivers/timer32.o
 .debug_frame   0x000009c4       0x6c F:\Proyectos LPC1115\Monitor_Fetal\CMSISv1p30_LPC11xx\Debug\libCMSISv1p30_LPC11xx.a(system_LPC11xx.o)
