Archive member included to satisfy reference by file (symbol)

F:\Proyectos LPC1115\Monitor_Fetal\CMSISv1p30_LPC11xx\Debug\libCMSISv1p30_LPC11xx.a(system_LPC11xx.o)
                              ./Drivers/adc.o (SystemCoreClock)
c:/nxp/lpcxpresso_8.2.2_650/lpcxpresso/tools/bin/../lib/gcc/arm-none-eabi/5.4.1/../../../../arm-none-eabi/lib/armv6-m\libcr_semihost.a(_cr__main.o)
                              ./Fuentes/cr_startup_lpc11.o (__main)
c:/nxp/lpcxpresso_8.2.2_650/lpcxpresso/tools/bin/../lib/gcc/arm-none-eabi/5.4.1/../../../../arm-none-eabi/lib/armv6-m\libcr_c.a(initio.o)
                              c:/nxp/lpcxpresso_8.2.2_650/lpcxpresso/tools/bin/../lib/gcc/arm-none-eabi/5.4.1/../../../../arm-none-eabi/lib/armv6-m\libcr_semihost.a(_cr__main.o) (_initio)
c:/nxp/lpcxpresso_8.2.2_650/lpcxpresso/tools/bin/../lib/gcc/arm-none-eabi/5.4.1/../../../../arm-none-eabi/lib/armv6-m\libcr_c.a(setvbuf.o)
                              c:/nxp/lpcxpresso_8.2.2_650/lpcxpresso/tools/bin/../lib/gcc/arm-none-eabi/5.4.1/../../../../arm-none-eabi/lib/armv6-m\libcr_c.a(initio.o) (setvbuf)
c:/nxp/lpcxpresso_8.2.2_650/lpcxpresso/tools/bin/../lib/gcc/arm-none-eabi/5.4.1/../../../../arm-none-eabi/lib/armv6-m\libcr_c.a(stdio.o)
                              c:/nxp/lpcxpresso_8.2.2_650/lpcxpresso/tools/bin/../lib/gcc/arm-none-eabi/5.4.1/../../../../arm-none-eabi/lib/armv6-m\libcr_c.a(initio.o) (__Ciob)
c:/nxp/lpcxpresso_8.2.2_650/lpcxpresso/tools/bin/../lib/gcc/arm-none-eabi/5.4.1/../../../../arm-none-eabi/lib/armv6-m\libcr_c.a(memset.o)
                              c:/nxp/lpcxpresso_8.2.2_650/lpcxpresso/tools/bin/../lib/gcc/arm-none-eabi/5.4.1/../../../../arm-none-eabi/lib/armv6-m\libcr_c.a(initio.o) (memset)
c:/nxp/lpcxpresso_8.2.2_650/lpcxpresso/tools/bin/../lib/gcc/arm-none-eabi/5.4.1/../../../../arm-none-eabi/lib/armv6-m\libcr_c.a(__fillbuf.o)
                              c:/nxp/lpcxpresso_8.2.2_650/lpcxpresso/tools/bin/../lib/gcc/arm-none-eabi/5.4.1/../../../../arm-none-eabi/lib/armv6-m\libcr_c.a(stdio.o) (__filbuf)
c:/nxp/lpcxpresso_8.2.2_650/lpcxpresso/tools/bin/../lib/gcc/arm-none-eabi/5.4.1/../../../../arm-none-eabi/lib/armv6-m\libcr_c.a(_deferredlazyseek.o)
                              c:/nxp/lpcxpresso_8.2.2_650/lpcxpresso/tools/bin/../lib/gcc/arm-none-eabi/5.4.1/../../../../arm-none-eabi/lib/armv6-m\libcr_c.a(__fillbuf.o) (_deferredlazyseek)
c:/nxp/lpcxpresso_8.2.2_650/lpcxpresso/tools/bin/../lib/gcc/arm-none-eabi/5.4.1/../../../../arm-none-eabi/lib/armv6-m\libcr_c.a(_fdopen.o)
                              c:/nxp/lpcxpresso_8.2.2_650/lpcxpresso/tools/bin/../lib/gcc/arm-none-eabi/5.4.1/../../../../arm-none-eabi/lib/armv6-m\libcr_c.a(initio.o) (_fdopen)
c:/nxp/lpcxpresso_8.2.2_650/lpcxpresso/tools/bin/../lib/gcc/arm-none-eabi/5.4.1/../../../../arm-none-eabi/lib/armv6-m\libcr_c.a(_fflush.o)
                              c:/nxp/lpcxpresso_8.2.2_650/lpcxpresso/tools/bin/../lib/gcc/arm-none-eabi/5.4.1/../../../../arm-none-eabi/lib/armv6-m\libcr_c.a(__fillbuf.o) (_fflush)
c:/nxp/lpcxpresso_8.2.2_650/lpcxpresso/tools/bin/../lib/gcc/arm-none-eabi/5.4.1/../../../../arm-none-eabi/lib/armv6-m\libcr_c.a(_writebuf.o)
                              c:/nxp/lpcxpresso_8.2.2_650/lpcxpresso/tools/bin/../lib/gcc/arm-none-eabi/5.4.1/../../../../arm-none-eabi/lib/armv6-m\libcr_c.a(_deferredlazyseek.o) (_Cwritebuf)
c:/nxp/lpcxpresso_8.2.2_650/lpcxpresso/tools/bin/../lib/gcc/arm-none-eabi/5.4.1/../../../../arm-none-eabi/lib/armv6-m\libcr_c.a(alloc.o)
                              c:/nxp/lpcxpresso_8.2.2_650/lpcxpresso/tools/bin/../lib/gcc/arm-none-eabi/5.4.1/../../../../arm-none-eabi/lib/armv6-m\libcr_c.a(initio.o) (_Csys_alloc)
c:/nxp/lpcxpresso_8.2.2_650/lpcxpresso/tools/bin/../lib/gcc/arm-none-eabi/5.4.1/../../../../arm-none-eabi/lib/armv6-m\libcr_c.a(fclose.o)
                              c:/nxp/lpcxpresso_8.2.2_650/lpcxpresso/tools/bin/../lib/gcc/arm-none-eabi/5.4.1/../../../../arm-none-eabi/lib/armv6-m\libcr_c.a(initio.o) (fclose)
c:/nxp/lpcxpresso_8.2.2_650/lpcxpresso/tools/bin/../lib/gcc/arm-none-eabi/5.4.1/../../../../arm-none-eabi/lib/armv6-m\libcr_c.a(fflush.o)
                              c:/nxp/lpcxpresso_8.2.2_650/lpcxpresso/tools/bin/../lib/gcc/arm-none-eabi/5.4.1/../../../../arm-none-eabi/lib/armv6-m\libcr_c.a(fclose.o) (fflush)
c:/nxp/lpcxpresso_8.2.2_650/lpcxpresso/tools/bin/../lib/gcc/arm-none-eabi/5.4.1/../../../../arm-none-eabi/lib/armv6-m\libcr_c.a(fseek.o)
                              c:/nxp/lpcxpresso_8.2.2_650/lpcxpresso/tools/bin/../lib/gcc/arm-none-eabi/5.4.1/../../../../arm-none-eabi/lib/armv6-m\libcr_c.a(_deferredlazyseek.o) (fseek)
c:/nxp/lpcxpresso_8.2.2_650/lpcxpresso/tools/bin/../lib/gcc/arm-none-eabi/5.4.1/../../../../arm-none-eabi/lib/armv6-m\libcr_c.a(ftell.o)
                              c:/nxp/lpcxpresso_8.2.2_650/lpcxpresso/tools/bin/../lib/gcc/arm-none-eabi/5.4.1/../../../../arm-none-eabi/lib/armv6-m\libcr_c.a(fseek.o) (ftell)
[...]
Memory Configuration

Name             Origin             Length             Attributes
MFlash32         0x00000000         0x00008000         xr
RamLoc8          0x10000000         0x00002000         xrw
*default*        0x00000000         0xffffffff

Linker script and memory map

LOAD ./Fuentes/Comunicaciones.o
LOAD ./Fuentes/Funciones.o
LOAD ./Fuentes/Main.o
LOAD ./Fuentes/Menu.o
LOAD ./Fuentes/Subfunciones.o
LOAD ./Fuentes/Touch.o
LOAD ./Fuentes/WG12864A.o
LOAD ./Fuentes/cr_startup_lpc11.o
LOAD ./Drivers/adc.o
LOAD ./Drivers/gpio.o
LOAD ./Drivers/ssp.o
LOAD ./Drivers/timer32.o
LOAD ./Drivers/wdt.o
LOAD F:\Proyectos LPC1115\Monitor_Fetal\CMSISv1p30_LPC11xx\Debug\libCMSISv1p30_LPC11xx.a
START GROUP
LOAD c:/nxp/lpcxpresso_8.2.2_650/lpcxpresso/tools/bin/../lib/gcc/arm-none-eabi/5.4.1/../../../../arm-none-eabi/lib/armv6-m\libcr_semihost.a
LOAD c:/nxp/lpcxpresso_8.2.2_650/lpcxpresso/tools/bin/../lib/gcc/arm-none-eabi/5.4.1/../../../../arm-none-eabi/lib/armv6-m\libcr_c.a
LOAD c:/nxp/lpcxpresso_8.2.2_650/lpcxpresso/tools/bin/../lib/gcc/arm-none-eabi/5.4.1/armv6-m\libcr_eabihelpers.a
END GROUP
                0x00000000                __base_MFlash32 = 0x0
                0x00000000                __base_Flash = 0x0
                0x00008000                __top_MFlash32 = 0x8000
                0x00008000                __top_Flash = 0x8000
                0x10000000                __base_RamLoc8 = 0x10000000
                0x10000000                __base_RAM = 0x10000000
                0x10002000                __top_RamLoc8 = 0x10002000
                0x10002000                __top_RAM = 0x10002000

.text           0x00000000     0x6fbc
 FILL mask 0xff
                0x00000000                __vectors_start__ = ABSOLUTE (.)
 *(.isr_vector)
 .isr_vector    0x00000000       0xc0 ./Fuentes/cr_startup_lpc11.o
                0x00000000                g_pfnVectors
                0x000000c0                . = ALIGN (0x4)
                0x000000c0                __section_table_start = .
                0x000000c0                __data_section_table = .
                0x000000c0        0x4 LONG 0x6fbc LOADADDR (.data)
                0x000000c4        0x4 LONG 0x10000000 ADDR (.data)
                0x000000c8        0x4 LONG 0x58 SIZEOF (.data)
                0x000000cc                __data_section_table_end = .
                0x000000cc                __bss_section_table = .
                0x000000cc        0x4 LONG 0x10000058 ADDR (.bss)
                0x000000d0        0x4 LONG 0x6a4 SIZEOF (.bss)
                0x000000d4                __bss_section_table_end = .
                0x000000d4                __section_table_end = .
 *(.after_vectors*)
 .after_vectors
                0x000000d4       0x70 ./Fuentes/cr_startup_lpc11.o
                0x000000d4                NMI_Handler
                0x000000d6                HardFault_Handler
                0x000000d8                SVCall_Handler
                0x000000da                PendSV_Handler
                0x000000dc                SysTick_Handler
                0x000000de                TIMER16_0_IRQHandler
                0x000000de                UART_IRQHandler
                0x000000de                TIMER32_0_IRQHandler
                0x000000de                WDT_IRQHandler
                0x000000de                IntDefaultHandler
                0x000000de                CAN_IRQHandler
                0x000000de                I2C_IRQHandler
                0x000000de                TIMER16_1_IRQHandler
                0x000000de                PIOINT2_IRQHandler
                0x000000de                BOD_IRQHandler
                0x000000de                WAKEUP_IRQHandler
                0x000000de                PIOINT0_IRQHandler
                0x000000e0                data_init
                0x000000f2                bss_init
                0x00000102                ResetISR
 *(.text*)
 .text.recibe_datos
                0x00000144       0x78 ./Fuentes/Comunicaciones.o
                0x00000144                recibe_datos
 .text.envia_datos
                0x000001bc      0x150 ./Fuentes/Comunicaciones.o
                0x000001bc                envia_datos
 .text.leobuffer
                0x0000030c      0x378 ./Fuentes/Comunicaciones.o
                0x0000030c                leobuffer
 .text.TIMER32_1_IRQHandler
                0x00000684       0x74 ./Fuentes/Funciones.o
                0x00000684                TIMER32_1_IRQHandler
 .text.Func_Sleep
                0x000006f8      0x100 ./Fuentes/Funciones.o
                0x000006f8                Func_Sleep
 .text.Func_MuestraTeclado
                0x000007f8      0x778 ./Fuentes/Funciones.o
                0x000007f8                Func_MuestraTeclado
 .text.func_consultaestados
                0x00000f70      0x27c ./Fuentes/Funciones.o
                0x00000f70                func_consultaestados
 .text.func_consultaptros
                0x000011ec      0x280 ./Fuentes/Funciones.o
                0x000011ec                func_consultaptros
 .text.func_conserr
                0x0000146c      0x2b8 ./Fuentes/Funciones.o
                0x0000146c                func_conserr
 .text.func_borrarerr
                0x00001724      0x140 ./Fuentes/Funciones.o
                0x00001724                func_borrarerr
 .text.Func_Atributos
                0x00001864      0x2cc ./Fuentes/Funciones.o
                0x00001864                Func_Atributos
 .text.Func_Semaforos
                0x00001b30      0x188 ./Fuentes/Funciones.o
                0x00001b30                Func_Semaforos
 .text.Func_Direccion
                0x00001cb8      0x1ec ./Fuentes/Funciones.o
                0x00001cb8                Func_Direccion
 .text.func_muestrafyh
                0x00001ea4       0xdc ./Fuentes/Funciones.o
                0x00001ea4                func_muestrafyh
 .text.func_modfyh
                0x00001f80      0xb1c ./Fuentes/Funciones.o
                0x00001f80                func_modfyh
 .text.func_actualiza_fw
                0x00002a9c       0xb4 ./Fuentes/Funciones.o
                0x00002a9c                func_actualiza_fw
 .text.startup.main
                0x00002b50       0x70 ./Fuentes/Main.o
                0x00002b50                main
 .text.Menu_Logo
                0x00002bc0      0x104 ./Fuentes/Menu.o
                0x00002bc0                Menu_Logo
 .text.Menu_Inicial
                0x00002cc4     0x12ec ./Fuentes/Menu.o
                0x00002cc4                Menu_Inicial
 .text.muestra_fecha_y_hora
                0x00003fb0      0x11c ./Fuentes/Subfunciones.o
                0x00003fb0                muestra_fecha_y_hora
 .text.muestra_dsemana
                0x000040cc       0xb4 ./Fuentes/Subfunciones.o
                0x000040cc                muestra_dsemana
 .text.muestra_comunic
                0x00004180       0x40 ./Fuentes/Subfunciones.o
                0x00004180                muestra_comunic
 .text.muestra_det
                0x000041c0      0x174 ./Fuentes/Subfunciones.o
                0x000041c0                muestra_det
 .text.muestra_dem
                0x00004334       0x20 ./Fuentes/Subfunciones.o
                0x00004334                muestra_dem
 .text.muestra_tin_offset
                0x00004354       0x30 ./Fuentes/Subfunciones.o
                0x00004354                muestra_tin_offset
 .text.muestra_tens
                0x00004384       0x30 ./Fuentes/Subfunciones.o
                0x00004384                muestra_tens
 .text.muestra_estados
                0x000043b4      0x18c ./Fuentes/Subfunciones.o
                0x000043b4                muestra_estados
 .text.muestra_modpot
                0x00004540      0x144 ./Fuentes/Subfunciones.o
                0x00004540                muestra_modpot
 .text.Muestra_causa
                0x00004684      0x26c ./Fuentes/Subfunciones.o
                0x00004684                Muestra_causa
 .text.muestra_fyh_err
                0x000048f0      0x158 ./Fuentes/Subfunciones.o
                0x000048f0                muestra_fyh_err
 .text.prox_fecha
                0x00004a48       0xc4 ./Fuentes/Subfunciones.o
                0x00004a48                prox_fecha
 .text.prox_hora
                0x00004b0c       0xa0 ./Fuentes/Subfunciones.o
                0x00004b0c                prox_hora
 .text.TOUCH_Init
                0x00004bac       0x16 ./Fuentes/Touch.o
                0x00004bac                TOUCH_Init
 *fill*         0x00004bc2        0x2 ff
 .text.TOUCH_Standby
                0x00004bc4       0x54 ./Fuentes/Touch.o
                0x00004bc4                TOUCH_Standby
 .text.TOUCH_GetX
                0x00004c18       0x88 ./Fuentes/Touch.o
                0x00004c18                TOUCH_GetX
 .text.TOUCH_GetY
                0x00004ca0       0x88 ./Fuentes/Touch.o
                0x00004ca0                TOUCH_GetY
 .text.PIOINT1_IRQHandler
                0x00004d28       0x6c ./Fuentes/Touch.o
                0x00004d28                PIOINT1_IRQHandler
 .text.Leo_ADC5
                0x00004d94       0x3c ./Fuentes/Touch.o
                0x00004d94                Leo_ADC5
 .text.GLCD_Data_Out
                0x00004dd0       0x1c ./Fuentes/WG12864A.o
                0x00004dd0                GLCD_Data_Out
 .text.GLCD_Output_Low
                0x00004dec       0x18 ./Fuentes/WG12864A.o
                0x00004dec                GLCD_Output_Low
 .text.GLCD_Output_High
                0x00004e04       0x18 ./Fuentes/WG12864A.o
                0x00004e04                GLCD_Output_High
 .text.GLCD_enviaBYTE
                0x00004e1c       0x32 ./Fuentes/WG12864A.o
                0x00004e1c                GLCD_enviaBYTE
 .text.WG12864A_Limpiar
                0x00004e4e       0x56 ./Fuentes/WG12864A.o
                0x00004e4e                WG12864A_Limpiar
 .text.WG12864A_Init
                0x00004ea4       0x6c ./Fuentes/WG12864A.o
                0x00004ea4                WG12864A_Init
 .text.WG12864A_posXY
                0x00004f10       0x6c ./Fuentes/WG12864A.o
                0x00004f10                WG12864A_posXY
 .text.WG12864A_putchar
                0x00004f7c       0x88 ./Fuentes/WG12864A.o
                0x00004f7c                WG12864A_putchar
 .text.WG12864A_printf
                0x00005004       0x1c ./Fuentes/WG12864A.o
                0x00005004                WG12864A_printf
 .text.WG12864A_print_symbol
                0x00005020       0xac ./Fuentes/WG12864A.o
                0x00005020                WG12864A_print_symbol
 .text.ADC_IRQHandler
                0x000050cc       0x80 ./Drivers/adc.o
                0x000050cc                ADC_IRQHandler
 .text.ADCInit  0x0000514c       0xb0 ./Drivers/adc.o
                0x0000514c                ADCInit
 .text.ADCRead  0x000051fc       0x50 ./Drivers/adc.o
                0x000051fc                ADCRead
 .text.PIOINT3_IRQHandler
                0x0000524c       0x3c ./Drivers/gpio.o
                0x0000524c                PIOINT3_IRQHandler
 .text.GPIOInit
                0x00005288       0x24 ./Drivers/gpio.o
                0x00005288                GPIOInit
 .text.GPIOSetInterrupt
                0x000052ac       0xd8 ./Drivers/gpio.o
                0x000052ac                GPIOSetInterrupt
 .text.GPIOIntEnable
                0x00005384       0x3c ./Drivers/gpio.o
                0x00005384                GPIOIntEnable
 .text.GPIOIntDisable
                0x000053c0       0x3c ./Drivers/gpio.o
                0x000053c0                GPIOIntDisable
 .text.GPIOIntClear
                0x000053fc       0x3c ./Drivers/gpio.o
                0x000053fc                GPIOIntClear
 .text.GPIOSetValue
                0x00005438       0x14 ./Drivers/gpio.o
                0x00005438                GPIOSetValue
 .text.GPIOSetDir
                0x0000544c       0x2c ./Drivers/gpio.o
                0x0000544c                GPIOSetDir
 .text.SSP0_IRQHandler
                0x00005478       0x5c ./Drivers/ssp.o
                0x00005478                SSP0_IRQHandler
 .text.SSP1_IRQHandler
                0x000054d4       0x44 ./Drivers/ssp.o
                0x000054d4                SSP1_IRQHandler
 .text.SSP_IOConfig
                0x00005518       0xbc ./Drivers/ssp.o
                0x00005518                SSP_IOConfig
 .text.SSP_Init
                0x000055d4       0x80 ./Drivers/ssp.o
                0x000055d4                SSP_Init
 .text.SSP_Send
                0x00005654       0x68 ./Drivers/ssp.o
                0x00005654                SSP_Send
 .text.delay32Ms
                0x000056bc       0x84 ./Drivers/timer32.o
                0x000056bc                delay32Ms
 .text.enable_timer32
                0x00005740       0x18 ./Drivers/timer32.o
                0x00005740                enable_timer32
 .text.disable_timer32
                0x00005758       0x1c ./Drivers/timer32.o
                0x00005758                disable_timer32
 .text.reset_timer32
                0x00005774       0x24 ./Drivers/timer32.o
                0x00005774                reset_timer32
 .text.init_timer32
                0x00005798       0xcc ./Drivers/timer32.o
                0x00005798                init_timer32
 .text.__NOP    0x00005864        0xc F:\Proyectos LPC1115\Monitor_Fetal\CMSISv1p30_LPC11xx\Debug\libCMSISv1p30_LPC11xx.a(system_LPC11xx.o)
 .text.SystemInit
                0x00005870       0xe0 F:\Proyectos LPC1115\Monitor_Fetal\CMSISv1p30_LPC11xx\Debug\libCMSISv1p30_LPC11xx.a(system_LPC11xx.o)
                0x00005870                SystemInit
 .text.__main   0x00005950       0x12 c:/nxp/lpcxpresso_8.2.2_650/lpcxpresso/tools/bin/../lib/gcc/arm-none-eabi/5.4.1/../../../../arm-none-eabi/lib/armv6-m\libcr_semihost.a(_cr__main.o)
                0x00005950                __CR_SEMIHOST
                0x00005950                __main
 *fill*         0x00005962        0x2 ff
 .text._initio  0x00005964       0xa8 c:/nxp/lpcxpresso_8.2.2_650/lpcxpresso/tools/bin/../lib/gcc/arm-none-eabi/5.4.1/../../../../arm-none-eabi/lib/armv6-m\libcr_c.a(initio.o)
                0x00005964                _initio
 .text.setvbuf  0x00005a0c       0x48 c:/nxp/lpcxpresso_8.2.2_650/lpcxpresso/tools/bin/../lib/gcc/arm-none-eabi/5.4.1/../../../../arm-none-eabi/lib/armv6-m\libcr_c.a(setvbuf.o)
                0x00005a0c                setvbuf
 .text.memset   0x00005a54        0x8 c:/nxp/lpcxpresso_8.2.2_650/lpcxpresso/tools/bin/../lib/gcc/arm-none-eabi/5.4.1/../../../../arm-none-eabi/lib/armv6-m\libcr_c.a(memset.o)
                0x00005a54                memset
 .text._deferredlazyseek
                0x00005a5c       0x44 c:/nxp/lpcxpresso_8.2.2_650/lpcxpresso/tools/bin/../lib/gcc/arm-none-eabi/5.4.1/../../../../arm-none-eabi/lib/armv6-m\libcr_c.a(_deferredlazyseek.o)
                0x00005a5c                _deferredlazyseek
 .text._fdopen  0x00005aa0       0x74 c:/nxp/lpcxpresso_8.2.2_650/lpcxpresso/tools/bin/../lib/gcc/arm-none-eabi/5.4.1/../../../../arm-none-eabi/lib/armv6-m\libcr_c.a(_fdopen.o)
                0x00005aa0                _fdopen
 .text._fflush  0x00005b14       0x64 c:/nxp/lpcxpresso_8.2.2_650/lpcxpresso/tools/bin/../lib/gcc/arm-none-eabi/5.4.1/../../../../arm-none-eabi/lib/armv6-m\libcr_c.a(_fflush.o)
                0x00005b14                _fflush
 .text._Cwritebuf
                0x00005b78       0x6c c:/nxp/lpcxpresso_8.2.2_650/lpcxpresso/tools/bin/../lib/gcc/arm-none-eabi/5.4.1/../../../../arm-none-eabi/lib/armv6-m\libcr_c.a(_writebuf.o)
                0x00005b78                _Cwritebuf
 .text.malloc   0x00005be4       0xcc c:/nxp/lpcxpresso_8.2.2_650/lpcxpresso/tools/bin/../lib/gcc/arm-none-eabi/5.4.1/../../../../arm-none-eabi/lib/armv6-m\libcr_c.a(alloc.o)
                0x00005be4                malloc
 .text.free     0x00005cb0       0x2e c:/nxp/lpcxpresso_8.2.2_650/lpcxpresso/tools/bin/../lib/gcc/arm-none-eabi/5.4.1/../../../../arm-none-eabi/lib/armv6-m\libcr_c.a(alloc.o)
                0x00005cb0                free
 *fill*         0x00005cde        0x2 ff
 .text._Csys_alloc
                0x00005ce0       0x20 c:/nxp/lpcxpresso_8.2.2_650/lpcxpresso/tools/bin/../lib/gcc/arm-none-eabi/5.4.1/../../../../arm-none-eabi/lib/armv6-m\libcr_c.a(alloc.o)
                0x00005ce0                _Csys_alloc
 .text.fclose   0x00005d00       0x70 c:/nxp/lpcxpresso_8.2.2_650/lpcxpresso/tools/bin/../lib/gcc/arm-none-eabi/5.4.1/../../../../arm-none-eabi/lib/armv6-m\libcr_c.a(fclose.o)
                0x00005d00                fclose
 .text.fflush   0x00005d70       0x34 c:/nxp/lpcxpresso_8.2.2_650/lpcxpresso/tools/bin/../lib/gcc/arm-none-eabi/5.4.1/../../../../arm-none-eabi/lib/armv6-m\libcr_c.a(fflush.o)
                0x00005d70                fflush
 .text.fseek    0x00005da4      0x100 c:/nxp/lpcxpresso_8.2.2_650/lpcxpresso/tools/bin/../lib/gcc/arm-none-eabi/5.4.1/../../../../arm-none-eabi/lib/armv6-m\libcr_c.a(fseek.o)
                0x00005da4                fseek
 .text.ftell    0x00005ea4       0x4c c:/nxp/lpcxpresso_8.2.2_650/lpcxpresso/tools/bin/../lib/gcc/arm-none-eabi/5.4.1/../../../../arm-none-eabi/lib/armv6-m\libcr_c.a(ftell.o)
                0x00005ea4                ftell
 .text.remove   0x00005ef0       0x12 c:/nxp/lpcxpresso_8.2.2_650/lpcxpresso/tools/bin/../lib/gcc/arm-none-eabi/5.4.1/../../../../arm-none-eabi/lib/armv6-m\libcr_c.a(remove.o)
                0x00005ef0                remove
 *fill*         0x00005f02        0x2 ff
 .text.strlen   0x00005f04       0x54 c:/nxp/lpcxpresso_8.2.2_650/lpcxpresso/tools/bin/../lib/gcc/arm-none-eabi/5.4.1/../../../../arm-none-eabi/lib/armv6-m\libcr_c.a(strlen.o)
                0x00005f04                strlen
 .text._sbrk    0x00005f58       0x40 c:/nxp/lpcxpresso_8.2.2_650/lpcxpresso/tools/bin/../lib/gcc/arm-none-eabi/5.4.1/../../../../arm-none-eabi/lib/armv6-m\libcr_c.a(_cr_sbrk.o)
                0x00005f58                _sbrk
 .text._do_fflush
                0x00005f98       0x48 c:/nxp/lpcxpresso_8.2.2_650/lpcxpresso/tools/bin/../lib/gcc/arm-none-eabi/5.4.1/../../../../arm-none-eabi/lib/armv6-m\libcr_c.a(_do_fflush.o)
                0x00005f98                _do_fflush
 .text.__check_heap_overflow
                0x00005fe0       0x14 c:/nxp/lpcxpresso_8.2.2_650/lpcxpresso/tools/bin/../lib/gcc/arm-none-eabi/5.4.1/../../../../arm-none-eabi/lib/armv6-m\libcr_c.a(_cr_check_heap.o)
                0x00005fe0                __check_heap_overflow
 .text.__aeabi_division_idivmod
                0x00005ff4       0x78 c:/nxp/lpcxpresso_8.2.2_650/lpcxpresso/tools/bin/../lib/gcc/arm-none-eabi/5.4.1/armv6-m\libcr_eabihelpers.a(division_32.o)
                0x00005ff4                __aeabi_idivmod
                0x00005ff4                __aeabi_idiv
                0x00005ffa                __aeabi_uidivmod
                0x00005ffa                __aeabi_uidiv
 .text.__aeabi_division_idiv0
                0x0000606c        0x2 c:/nxp/lpcxpresso_8.2.2_650/lpcxpresso/tools/bin/../lib/gcc/arm-none-eabi/5.4.1/armv6-m\libcr_eabihelpers.a(division_idiv0.o)
                0x0000606c                __aeabi_idiv0
 .text.__aeabi_memset_lowlevel
                0x0000606e       0x2a c:/nxp/lpcxpresso_8.2.2_650/lpcxpresso/tools/bin/../lib/gcc/arm-none-eabi/5.4.1/armv6-m\libcr_eabihelpers.a(memcpy.o)
                0x0000606e                __aeabi_lowlevel_memset
 .text.__gnu_thumb1_case_uqi
                0x00006098       0x10 c:/nxp/lpcxpresso_8.2.2_650/lpcxpresso/tools/bin/../lib/gcc/arm-none-eabi/5.4.1/armv6-m\libcr_eabihelpers.a(thumb1_switch_helpers.o)
                0x00006098                __gnu_thumb1_case_uqi
 .text.__gnu_thumb1_case_uhi
                0x000060a8       0x10 c:/nxp/lpcxpresso_8.2.2_650/lpcxpresso/tools/bin/../lib/gcc/arm-none-eabi/5.4.1/armv6-m\libcr_eabihelpers.a(thumb1_switch_helpers.o)
                0x000060a8                __gnu_thumb1_case_uhi
 .text.__sys_appexit
                0x000060b8        0xc c:/nxp/lpcxpresso_8.2.2_650/lpcxpresso/tools/bin/../lib/gcc/arm-none-eabi/5.4.1/../../../../arm-none-eabi/lib/armv6-m\libcr_semihost.a(__sys_appexit.o)
                0x000060b8                __sys_appexit
                0x000060b8                __exit
 .text.__sys_close
                0x000060c4        0xc c:/nxp/lpcxpresso_8.2.2_650/lpcxpresso/tools/bin/../lib/gcc/arm-none-eabi/5.4.1/../../../../arm-none-eabi/lib/armv6-m\libcr_semihost.a(__sys_close.o)
                0x000060c4                __sys_close
 .text.__sys_flen
                0x000060d0        0xc c:/nxp/lpcxpresso_8.2.2_650/lpcxpresso/tools/bin/../lib/gcc/arm-none-eabi/5.4.1/../../../../arm-none-eabi/lib/armv6-m\libcr_semihost.a(__sys_flen.o)
                0x000060d0                __sys_flen
 .text.__sys_istty
                0x000060dc        0xc c:/nxp/lpcxpresso_8.2.2_650/lpcxpresso/tools/bin/../lib/gcc/arm-none-eabi/5.4.1/../../../../arm-none-eabi/lib/armv6-m\libcr_semihost.a(__sys_istty.o)
                0x000060dc                __sys_istty
 .text.__sys_remove
                0x000060e8        0xc c:/nxp/lpcxpresso_8.2.2_650/lpcxpresso/tools/bin/../lib/gcc/arm-none-eabi/5.4.1/../../../../arm-none-eabi/lib/armv6-m\libcr_semihost.a(__sys_remove.o)
                0x000060e8                __sys_remove
 .text.__sys_seek
                0x000060f4        0xc c:/nxp/lpcxpresso_8.2.2_650/lpcxpresso/tools/bin/../lib/gcc/arm-none-eabi/5.4.1/../../../../arm-none-eabi/lib/armv6-m\libcr_semihost.a(__sys_seek.o)
                0x000060f4                __sys_seek
 .text.__sys_tmpnam
                0x00006100        0xc c:/nxp/lpcxpresso_8.2.2_650/lpcxpresso/tools/bin/../lib/gcc/arm-none-eabi/5.4.1/../../../../arm-none-eabi/lib/armv6-m\libcr_semihost.a(__sys_tmpnam.o)
                0x00006100                __sys_tmpnam
 .text.__sys_write
                0x0000610c        0xc c:/nxp/lpcxpresso_8.2.2_650/lpcxpresso/tools/bin/../lib/gcc/arm-none-eabi/5.4.1/../../../../arm-none-eabi/lib/armv6-m\libcr_semihost.a(__sys_write.o)
                0x0000610c                __sys_write
                0x0000610c                __write
 *(.rodata .rodata.* .constdata .constdata.*)
 .rodata.str1.1
                0x00006118      0x43e ./Fuentes/Funciones.o
                                0x490 (size before relaxing)
 .rodata.str1.1
                0x00006556      0x388 ./Fuentes/Menu.o
                                0x3b2 (size before relaxing)
 .rodata.str1.1
                0x000068de      0x200 ./Fuentes/Subfunciones.o
                                0x21d (size before relaxing)
 .rodata.BACK16x16
                0x00006ade       0x20 ./Fuentes/WG12864A.o
                0x00006ade                BACK16x16
 .rodata.i16x16
                0x00006afe       0x20 ./Fuentes/WG12864A.o
                0x00006afe                i16x16
 .rodata.b16x16
                0x00006b1e       0x20 ./Fuentes/WG12864A.o
                0x00006b1e                b16x16
 .rodata.Cross16x16
                0x00006b3e       0x20 ./Fuentes/WG12864A.o
                0x00006b3e                Cross16x16
 .rodata.d16x16
                0x00006b5e       0x20 ./Fuentes/WG12864A.o
                0x00006b5e                d16x16
 .rodata.h16x16
                0x00006b7e       0x20 ./Fuentes/WG12864A.o
                0x00006b7e                h16x16
 .rodata.RightArrow16x16
                0x00006b9e       0x20 ./Fuentes/WG12864A.o
                0x00006b9e                RightArrow16x16
 .rodata.l16x16
                0x00006bbe       0x20 ./Fuentes/WG12864A.o
                0x00006bbe                l16x16
 .rodata.g16x16
                0x00006bde       0x20 ./Fuentes/WG12864A.o
                0x00006bde                g16x16
 .rodata.c16x16
                0x00006bfe       0x20 ./Fuentes/WG12864A.o
                0x00006bfe                c16x16
 .rodata.LeftArrow16x16
                0x00006c1e       0x20 ./Fuentes/WG12864A.o
                0x00006c1e                LeftArrow16x16
 .rodata.k16x16
                0x00006c3e       0x20 ./Fuentes/WG12864A.o
                0x00006c3e                k16x16
 .rodata.OK16x16
                0x00006c5e       0x20 ./Fuentes/WG12864A.o
                0x00006c5e                OK16x16
 .rodata.j16x16
                0x00006c7e       0x20 ./Fuentes/WG12864A.o
                0x00006c7e                j16x16
 .rodata.f16x16
                0x00006c9e       0x20 ./Fuentes/WG12864A.o
                0x00006c9e                f16x16
 .rodata.Arial8x6
                0x00006cbe      0x234 ./Fuentes/WG12864A.o
                0x00006cbe                Arial8x6
 .rodata.a16x16
                0x00006ef2       0x20 ./Fuentes/WG12864A.o
                0x00006ef2                a16x16
 .rodata.Hexa8x6
                0x00006f12       0x60 ./Fuentes/WG12864A.o
                0x00006f12                Hexa8x6
 .rodata.e16x16
                0x00006f72       0x20 ./Fuentes/WG12864A.o
                0x00006f72                e16x16
 *fill*         0x00006f92        0x2 ff
 .rodata.LPC_GPIO
                0x00006f94       0x10 ./Drivers/gpio.o
 .rodata.str1.1
                0x00006fa4      0x200 c:/nxp/lpcxpresso_8.2.2_650/lpcxpresso/tools/bin/../lib/gcc/arm-none-eabi/5.4.1/../../../../arm-none-eabi/lib/armv6-m\libcr_c.a(initio.o)
                                  0x4 (size before relaxing)
 .rodata.str1.1
                0x00006fa4       0x18 c:/nxp/lpcxpresso_8.2.2_650/lpcxpresso/tools/bin/../lib/gcc/arm-none-eabi/5.4.1/../../../../arm-none-eabi/lib/armv6-m\libcr_c.a(alloc.o)
                0x000071a4                . = ALIGN (0x4)

.glue_7         0x00006fbc        0x0
 .glue_7        0x00006fbc        0x0 linker stubs

.glue_7t        0x00006fbc        0x0
 .glue_7t       0x00006fbc        0x0 linker stubs

.vfp11_veneer   0x00006fbc        0x0
 .vfp11_veneer  0x00006fbc        0x0 linker stubs

.v4_bx          0x00006fbc        0x0
 .v4_bx         0x00006fbc        0x0 linker stubs

.iplt           0x00006fbc        0x0
 .iplt          0x00006fbc        0x0 ./Fuentes/Comunicaciones.o

.rel.dyn        0x00006fbc        0x0
 .rel.iplt      0x00006fbc        0x0 ./Fuentes/Comunicaciones.o

.ARM.extab
 *(.ARM.extab* .gnu.linkonce.armextab.*)
                0x00006fbc                __exidx_start = .

.ARM.exidx
 *(.ARM.exidx* .gnu.linkonce.armexidx.*)
                0x00006fbc                __exidx_end = .
                0x00006fbc                _etext = .

.uninit_RESERVED
                0x10000000        0x0
 *(.bss.$RESERVED*)
                0x10000000                . = ALIGN (0x4)
                0x10000000                _end_uninit_RESERVED = .

.data           0x10000000       0x58 load address 0x00006fbc
 FILL mask 0xff
                0x10000000                _data = .
 *(vtable)
 *(.ramfunc*)
 *(.data*)
 .data.flag_sleepsubmenu
                0x10000000        0x4 ./Fuentes/Funciones.o
                0x10000000                flag_sleepsubmenu
 .data.num      0x10000004        0x4 ./Fuentes/Funciones.o
                0x10000004                num
 .data.menu41_4
                0x10000008        0x4 ./Fuentes/Menu.o
                0x10000008                menu41_4
 .data.menu4    0x1000000c        0x4 ./Fuentes/Menu.o
                0x1000000c                menu4
 .data.menu41_2
                0x10000010        0x4 ./Fuentes/Menu.o
                0x10000010                menu41_2
 .data.menu41_3
                0x10000014        0x4 ./Fuentes/Menu.o
                0x10000014                menu41_3
 .data.clave    0x10000018       0x10 ./Fuentes/Menu.o
                0x10000018                clave
 .data.menu41   0x10000028        0x4 ./Fuentes/Menu.o
                0x10000028                menu41
 .data.cur      0x1000002c        0x4 ./Fuentes/Menu.o
                0x1000002c                cur
 .data.flagirq  0x10000030        0x4 ./Fuentes/Menu.o
                0x10000030                flagirq
 .data.menu1    0x10000034        0x4 ./Fuentes/Menu.o
                0x10000034                menu1
 .data.menu2    0x10000038        0x4 ./Fuentes/Menu.o
                0x10000038                menu2
 .data.menu3    0x1000003c        0x4 ./Fuentes/Menu.o
                0x1000003c                menu3
 .data.menu41_1
                0x10000040        0x4 ./Fuentes/Menu.o
                0x10000040                menu41_1
 .data.menu32   0x10000044        0x4 ./Fuentes/Menu.o
                0x10000044                menu32
 .data.colu     0x10000048        0x1 ./Fuentes/Subfunciones.o
                0x10000048                colu
 *fill*         0x10000049        0x3 ff
 .data.posX     0x1000004c        0x4 ./Fuentes/WG12864A.o
                0x1000004c                posX
 .data.posY     0x10000050        0x4 ./Fuentes/WG12864A.o
                0x10000050                posY
 .data          0x10000054        0x4 F:\Proyectos LPC1115\Monitor_Fetal\CMSISv1p30_LPC11xx\Debug\libCMSISv1p30_LPC11xx.a(system_LPC11xx.o)
                0x10000054                SystemCoreClock
                0x10000058                . = ALIGN (0x4)
                0x10000058                _edata = .

.igot.plt       0x10000058        0x0 load address 0x00007014
 .igot.plt      0x10000058        0x0 ./Fuentes/Comunicaciones.o

.bss            0x10000058      0x6a4 load address 0x00007014
                0x10000058                _bss = .
 *(.bss*)
 .bss.no_recibo
                0x10000058        0x1 ./Fuentes/Comunicaciones.o
                0x10000058                no_recibo
 .bss.queenv    0x10000059        0x1 ./Fuentes/Comunicaciones.o
                0x10000059                queenv
 .bss.org       0x1000005a        0x1 ./Fuentes/Comunicaciones.o
                0x1000005a                org
 .bss.indf      0x1000005b        0x1 ./Fuentes/Comunicaciones.o
                0x1000005b                indf
 .bss.salir     0x1000005c        0x1 ./Fuentes/Funciones.o
                0x1000005c                salir
 .bss.flagesp   0x1000005d        0x1 ./Fuentes/Funciones.o
                0x1000005d                flagesp
 *fill*         0x1000005e        0x2 
 .bss.s         0x10000060        0x4 ./Fuentes/Funciones.o
                0x10000060                s
 .bss.norecarga
                0x10000064        0x4 ./Fuentes/Funciones.o
                0x10000064                norecarga
 .bss.varmod    0x10000068        0x4 ./Fuentes/Funciones.o
                0x10000068                varmod
 .bss.mod       0x1000006c        0x1 ./Fuentes/Funciones.o
                0x1000006c                mod
 *fill*         0x1000006d        0x3 
 .bss.muefunc   0x10000070        0x4 ./Fuentes/Funciones.o
                0x10000070                muefunc
 .bss.tit       0x10000074        0x4 ./Fuentes/Funciones.o
                0x10000074                tit
 .bss.actualiza_fw
                0x10000078        0x1 ./Fuentes/Funciones.o
                0x10000078                actualiza_fw
 .bss.lec       0x10000079        0x1 ./Fuentes/Main.o
                0x10000079                lec
 .bss.cont      0x1000007a        0x1 ./Fuentes/Main.o
                0x1000007a                cont
 .bss.flagbll   0x1000007b        0x1 ./Fuentes/Main.o
                0x1000007b                flagbll
 .bss.flagmm    0x1000007c        0x1 ./Fuentes/Main.o
                0x1000007c                flagmm
 .bss.sumaerr   0x1000007d        0x1 ./Fuentes/Main.o
                0x1000007d                sumaerr
 *fill*         0x1000007e        0x2 
 .bss.sleepmenu
                0x10000080        0x4 ./Fuentes/Menu.o
                0x10000080                sleepmenu
 .bss.indice    0x10000084        0x4 ./Fuentes/Menu.o
                0x10000084                indice
 .bss.menu      0x10000088        0x4 ./Fuentes/Menu.o
                0x10000088                menu
 .bss.buffer.4631
                0x1000008c       0x2c ./Fuentes/Subfunciones.o
 .bss.buffer.4640
                0x100000b8       0x2c ./Fuentes/Subfunciones.o
 .bss.buffer.4803
                0x100000e4       0x2c ./Fuentes/Subfunciones.o
 .bss.buffer.4798
                0x10000110       0x2c ./Fuentes/Subfunciones.o
 .bss.buffer.4760
                0x1000013c        0xa ./Fuentes/Subfunciones.o
 .bss.buff.4761
                0x10000146        0xa ./Fuentes/Subfunciones.o
 .bss.buffer.4713
                0x10000150       0x64 ./Fuentes/Subfunciones.o
 .bss.buffer.4792
                0x100001b4       0x2c ./Fuentes/Subfunciones.o
 .bss.a         0x100001e0        0x4 ./Fuentes/Touch.o
                0x100001e0                a
 .bss.ADCIntDone
                0x100001e4        0x4 ./Drivers/adc.o
                0x100001e4                ADCIntDone
 .bss.OverRunCounter
                0x100001e8        0x4 ./Drivers/adc.o
                0x100001e8                OverRunCounter
 .bss.gpio3_counter
                0x100001ec        0x4 ./Drivers/gpio.o
                0x100001ec                gpio3_counter
 .bss.p3_1_counter
                0x100001f0        0x4 ./Drivers/gpio.o
                0x100001f0                p3_1_counter
 .bss.interruptOverRunStat0
                0x100001f4        0x4 ./Drivers/ssp.o
                0x100001f4                interruptOverRunStat0
 .bss.interruptOverRunStat1
                0x100001f8        0x4 ./Drivers/ssp.o
                0x100001f8                interruptOverRunStat1
 .bss.interruptRxTimeoutStat0
                0x100001fc        0x4 ./Drivers/ssp.o
                0x100001fc                interruptRxTimeoutStat0
 .bss.interruptRxTimeoutStat1
                0x10000200        0x4 ./Drivers/ssp.o
                0x10000200                interruptRxTimeoutStat1
 .bss.interruptRxStat0
                0x10000204        0x4 ./Drivers/ssp.o
                0x10000204                interruptRxStat0
 .bss.interruptRxStat1
                0x10000208        0x4 ./Drivers/ssp.o
                0x10000208                interruptRxStat1
 .bss.timer32_1_counter
                0x1000020c        0x4 ./Drivers/timer32.o
                0x1000020c                timer32_1_counter
 .bss.timer32_1_capture
                0x10000210        0x4 ./Drivers/timer32.o
                0x10000210                timer32_1_capture
 .bss._extra    0x10000214        0x4 c:/nxp/lpcxpresso_8.2.2_650/lpcxpresso/tools/bin/../lib/gcc/arm-none-eabi/5.4.1/../../../../arm-none-eabi/lib/armv6-m\libcr_c.a(initio.o)
                0x10000214                _extra
 .bss.__Ciob    0x10000218      0x140 c:/nxp/lpcxpresso_8.2.2_650/lpcxpresso/tools/bin/../lib/gcc/arm-none-eabi/5.4.1/../../../../arm-none-eabi/lib/armv6-m\libcr_c.a(stdio.o)
                0x10000218                __Ciob
 .bss.__heaps   0x10000358        0x4 c:/nxp/lpcxpresso_8.2.2_650/lpcxpresso/tools/bin/../lib/gcc/arm-none-eabi/5.4.1/../../../../arm-none-eabi/lib/armv6-m\libcr_c.a(__init_alloc.o)
                0x10000358                __heaps
 .bss.__end_of_heap
                0x1000035c        0x4 c:/nxp/lpcxpresso_8.2.2_650/lpcxpresso/tools/bin/../lib/gcc/arm-none-eabi/5.4.1/../../../../arm-none-eabi/lib/armv6-m\libcr_c.a(__init_alloc.o)
                0x1000035c                __end_of_heap
 .bss.errno     0x10000360        0x4 c:/nxp/lpcxpresso_8.2.2_650/lpcxpresso/tools/bin/../lib/gcc/arm-none-eabi/5.4.1/../../../../arm-none-eabi/lib/armv6-m\libcr_c.a(errno.o)
                0x10000360                errno
 *(COMMON)
 COMMON         0x10000364       0x20 ./Fuentes/Comunicaciones.o
                0x10000364                cantcomu
                0x10000368                auxs
                0x1000036c                cantprt
                0x10000370                auxi
                0x10000374                hands
                0x10000378                auxmi
                0x1000037c                cantver
                0x1000037d                cantmp
                0x1000037e                empenv
                0x10000380                auxh
 COMMON         0x10000384       0x3c ./Fuentes/Funciones.o
                0x10000384                t
                0x10000388                adc_val5
                0x1000038c                cla
                0x1000039c                toca1
                0x1000039d                toca
                0x1000039e                sd_disp
                0x1000039f                modo_func
                0x100003a0                prs
                0x100003a4                adc_valY
                0x100003a8                pressok
                0x100003a9                dir_comu
                0x100003aa                velc
                0x100003ab                menuactual
                0x100003ac                adc_valX
                0x100003b0                tcla
 COMMON         0x100003c0      0x28b ./Fuentes/Main.o
                0x100003c0                b_tog
                0x100003d0                version
                0x10000410                btens
                0x10000450                causaerr
                0x1000045c                movmp
                0x1000049c                Rx
                0x100004bc                Rx2
                0x10000534                causaerror
                0x10000540                toffset
                0x10000580                Rx1
                0x100005f8                icomu
                0x10000600                version_prt
                0x10000640                moduloerr
 *fill*         0x1000064b        0x1 
 COMMON         0x1000064c        0x4 ./Fuentes/Menu.o
                0x1000064c                var_aux
 COMMON         0x10000650       0x80 ./Fuentes/Subfunciones.o
                0x10000650                eee
                0x10000654                estf
                0x10000658                dets
                0x1000065c                ee
                0x10000660                proxh
                0x10000670                ds
                0x10000674                esta
                0x10000678                seg
                0x1000067c                ledcoo
                0x10000680                eeee
                0x10000684                aaa
                0x10000688                anio
                0x1000068c                aa
                0x10000690                ef
                0x10000694                mi
                0x10000698                pl
                0x1000069c                d
                0x100006a0                aaaa
                0x100006a4                h
                0x100006a8                proxf
                0x100006c8                e
                0x100006cc                m
 COMMON         0x100006d0        0x8 ./Fuentes/Touch.o
                0x100006d0                sleep
                0x100006d4                flagsleep
 COMMON         0x100006d8        0x4 ./Fuentes/WG12864A.o
                0x100006d8                salida
 COMMON         0x100006dc       0x20 ./Drivers/adc.o
                0x100006dc                ADCValue
                0x100006fc                . = ALIGN (0x4)
                0x100006fc                _ebss = .
                [!provide]                PROVIDE (end, .)

.noinit         0x100006fc        0x0 load address 0x00007014
                0x100006fc                _noinit = .
 *(.noinit*)
                0x100006fc                . = ALIGN (0x4)
                0x100006fc                _end_noinit = .
                0x100006fc                PROVIDE (_pvHeapStart, DEFINED (__user_heap_base)?__user_heap_base:.)
                0x10002000                PROVIDE (_vStackTop, DEFINED (__user_stack_top)?__user_stack_top:(__top_RamLoc8 - 0x0))
                [!provide]                PROVIDE (__valid_user_code_checksum, (0x0 - (((_vStackTop + (ResetISR + 0x1)) + (DEFINED (NMI_Handler)?NMI_Handler:M0_NMI_Handler + 0x1)) + (DEFINED (HardFault_Handler)?HardFault_Handler:M0_HardFault_Handler + 0x1))))
OUTPUT(Touch_2.5.axf elf32-littlearm)

.debug_info     0x00000000     0xbc0f
 .debug_info    0x00000000      0x797 ./Fuentes/Comunicaciones.o
 .debug_info    0x00000797     0x398b ./Fuentes/Funciones.o
 .debug_info    0x00004122      0x534 ./Fuentes/Main.o
 .debug_info    0x00004656     0x23a9 ./Fuentes/Menu.o
 .debug_info    0x000069ff      0xed7 ./Fuentes/Subfunciones.o
 .debug_info    0x000078d6      0x994 ./Fuentes/Touch.o
 .debug_info    0x0000826a      0x942 ./Fuentes/WG12864A.o
 .debug_info    0x00008bac      0x280 ./Fuentes/cr_startup_lpc11.o
 .debug_info    0x00008e2c      0x7c8 ./Drivers/adc.o
 .debug_info    0x000095f4      0xa17 ./Drivers/gpio.o
 .debug_info    0x0000a00b      0xc67 ./Drivers/ssp.o
 .debug_info    0x0000ac72      0xb38 ./Drivers/timer32.o
 .debug_info    0x0000b7aa      0x465 F:\Proyectos LPC1115\Monitor_Fetal\CMSISv1p30_LPC11xx\Debug\libCMSISv1p30_LPC11xx.a(system_LPC11xx.o)

.debug_abbrev   0x00000000     0x1849
 .debug_abbrev  0x00000000      0x20b ./Fuentes/Comunicaciones.o
 .debug_abbrev  0x0000020b      0x23b ./Fuentes/Funciones.o
 .debug_abbrev  0x00000446      0x173 ./Fuentes/Main.o
 .debug_abbrev  0x000005b9      0x1b0 ./Fuentes/Menu.o
 .debug_abbrev  0x00000769      0x2a9 ./Fuentes/Subfunciones.o
 .debug_abbrev  0x00000a12      0x1cd ./Fuentes/Touch.o
 .debug_abbrev  0x00000bdf      0x16a ./Fuentes/WG12864A.o
 .debug_abbrev  0x00000d49      0x11f ./Fuentes/cr_startup_lpc11.o
 .debug_abbrev  0x00000e68      0x18e ./Drivers/adc.o
 .debug_abbrev  0x00000ff6      0x2ae ./Drivers/gpio.o
 .debug_abbrev  0x000012a4      0x2ae ./Drivers/ssp.o
 .debug_abbrev  0x00001552      0x215 ./Drivers/timer32.o
 .debug_abbrev  0x00001767       0xe2 F:\Proyectos LPC1115\Monitor_Fetal\CMSISv1p30_LPC11xx\Debug\libCMSISv1p30_LPC11xx.a(system_LPC11xx.o)

.debug_loc      0x00000000     0x2389
 .debug_loc     0x00000000      0x3ee ./Fuentes/Comunicaciones.o
 .debug_loc     0x000003ee      0x397 ./Fuentes/Funciones.o
 .debug_loc     0x00000785      0xcfa ./Fuentes/Subfunciones.o
 .debug_loc     0x0000147f      0x120 ./Fuentes/Touch.o
 .debug_loc     0x0000159f      0x36c ./Fuentes/WG12864A.o
 .debug_loc     0x0000190b      0x1d4 ./Fuentes/cr_startup_lpc11.o
 .debug_loc     0x00001adf       0xc4 ./Drivers/adc.o
 .debug_loc     0x00001ba3      0x413 ./Drivers/gpio.o
 .debug_loc     0x00001fb6      0x209 ./Drivers/ssp.o
 .debug_loc     0x000021bf      0x1ca ./Drivers/timer32.o

.debug_aranges  0x00000000      0x3e8
 .debug_aranges
                0x00000000       0x30 ./Fuentes/Comunicaciones.o
 .debug_aranges
                0x00000030       0x80 ./Fuentes/Funciones.o
 .debug_aranges
                0x000000b0       0x20 ./Fuentes/Main.o
 .debug_aranges
                0x000000d0       0x28 ./Fuentes/Menu.o
 .debug_aranges
                0x000000f8       0x80 ./Fuentes/Subfunciones.o
 .debug_aranges
                0x00000178       0x48 ./Fuentes/Touch.o
 .debug_aranges
                0x000001c0       0x68 ./Fuentes/WG12864A.o
 .debug_aranges
                0x00000228       0x60 ./Fuentes/cr_startup_lpc11.o
 .debug_aranges
                0x00000288       0x38 ./Drivers/adc.o
 .debug_aranges
                0x000002c0       0x60 ./Drivers/gpio.o
 .debug_aranges
                0x00000320       0x48 ./Drivers/ssp.o
 .debug_aranges
                0x00000368       0x50 ./Drivers/timer32.o
 .debug_aranges
                0x000003b8       0x30 F:\Proyectos LPC1115\Monitor_Fetal\CMSISv1p30_LPC11xx\Debug\libCMSISv1p30_LPC11xx.a(system_LPC11xx.o)

.debug_ranges   0x00000000      0x3b8
 .debug_ranges  0x00000000       0x70 ./Fuentes/Comunicaciones.o
 .debug_ranges  0x00000070       0x70 ./Fuentes/Funciones.o
 .debug_ranges  0x000000e0       0x10 ./Fuentes/Main.o
 .debug_ranges  0x000000f0       0x30 ./Fuentes/Menu.o
 .debug_ranges  0x00000120       0x70 ./Fuentes/Subfunciones.o
 .debug_ranges  0x00000190       0x38 ./Fuentes/Touch.o
 .debug_ranges  0x000001c8       0x58 ./Fuentes/WG12864A.o
 .debug_ranges  0x00000220       0x50 ./Fuentes/cr_startup_lpc11.o
 .debug_ranges  0x00000270       0x28 ./Drivers/adc.o
 .debug_ranges  0x00000298       0x88 ./Drivers/gpio.o
 .debug_ranges  0x00000320       0x38 ./Drivers/ssp.o
 .debug_ranges  0x00000358       0x40 ./Drivers/timer32.o
 .debug_ranges  0x00000398       0x20 F:\Proyectos LPC1115\Monitor_Fetal\CMSISv1p30_LPC11xx\Debug\libCMSISv1p30_LPC11xx.a(system_LPC11xx.o)

.debug_macro    0x00000000     0x378b
 .debug_macro   0x00000000       0x93 ./Fuentes/Comunicaciones.o
 .debug_macro   0x00000093      0x83e ./Fuentes/Comunicaciones.o
 .debug_macro   0x000008d1       0x1c ./Fuentes/Comunicaciones.o
 .debug_macro   0x000008ed       0x22 ./Fuentes/Comunicaciones.o
 .debug_macro   0x0000090f       0x10 ./Fuentes/Comunicaciones.o
 .debug_macro   0x0000091f      0x12d ./Fuentes/Comunicaciones.o
 .debug_macro   0x00000a4c      0x5b2 ./Fuentes/Comunicaciones.o
 .debug_macro   0x00000ffe      0x37a ./Fuentes/Comunicaciones.o
 .debug_macro   0x00001378      0x123 ./Fuentes/Comunicaciones.o
 .debug_macro   0x0000149b       0xac ./Fuentes/Comunicaciones.o
 .debug_macro   0x00001547      0x186 ./Fuentes/Comunicaciones.o
 .debug_macro   0x000016cd      0x142 ./Fuentes/Comunicaciones.o
 .debug_macro   0x0000180f       0xdb ./Fuentes/Funciones.o
 .debug_macro   0x000018ea       0x1c ./Fuentes/Funciones.o
 .debug_macro   0x00001906       0xb2 ./Fuentes/Funciones.o
 .debug_macro   0x000019b8       0x34 ./Fuentes/Funciones.o
 .debug_macro   0x000019ec       0x46 ./Fuentes/Funciones.o
 .debug_macro   0x00001a32       0x6a ./Fuentes/Funciones.o
 .debug_macro   0x00001a9c       0xeb ./Fuentes/Main.o
 .debug_macro   0x00001b87       0x82 ./Fuentes/Main.o
 .debug_macro   0x00001c09       0x34 ./Fuentes/Main.o
 .debug_macro   0x00001c3d       0xe9 ./Fuentes/Menu.o
 .debug_macro   0x00001d26       0xb9 ./Fuentes/Subfunciones.o
 .debug_macro   0x00001ddf       0xa0 ./Fuentes/Subfunciones.o
 .debug_macro   0x00001e7f       0xc7 ./Fuentes/Touch.o
 .debug_macro   0x00001f46       0x92 ./Fuentes/WG12864A.o
 .debug_macro   0x00001fd8       0x52 ./Fuentes/cr_startup_lpc11.o
 .debug_macro   0x0000202a      0x83e ./Fuentes/cr_startup_lpc11.o
 .debug_macro   0x00002868       0x89 ./Drivers/adc.o
 .debug_macro   0x000028f1       0x89 ./Drivers/gpio.o
 .debug_macro   0x0000297a       0xab ./Drivers/ssp.o
 .debug_macro   0x00002a25       0x7a ./Drivers/timer32.o
 .debug_macro   0x00002a9f      0x122 F:\Proyectos LPC1115\Monitor_Fetal\CMSISv1p30_LPC11xx\Debug\libCMSISv1p30_LPC11xx.a(system_LPC11xx.o)
 .debug_macro   0x00002bc1      0x832 F:\Proyectos LPC1115\Monitor_Fetal\CMSISv1p30_LPC11xx\Debug\libCMSISv1p30_LPC11xx.a(system_LPC11xx.o)
 .debug_macro   0x000033f3      0x398 F:\Proyectos LPC1115\Monitor_Fetal\CMSISv1p30_LPC11xx\Debug\libCMSISv1p30_LPC11xx.a(system_LPC11xx.o)

.debug_line     0x00000000     0x3176
 .debug_line    0x00000000      0x3ad ./Fuentes/Comunicaciones.o
 .debug_line    0x000003ad      0xaa4 ./Fuentes/Funciones.o
 .debug_line    0x00000e51      0x2f9 ./Fuentes/Main.o
 .debug_line    0x0000114a      0x675 ./Fuentes/Menu.o
 .debug_line    0x000017bf      0x541 ./Fuentes/Subfunciones.o
 .debug_line    0x00001d00      0x325 ./Fuentes/Touch.o
 .debug_line    0x00002025      0x37d ./Fuentes/WG12864A.o
 .debug_line    0x000023a2      0x188 ./Fuentes/cr_startup_lpc11.o
 .debug_line    0x0000252a      0x22a ./Drivers/adc.o
 .debug_line    0x00002754      0x275 ./Drivers/gpio.o
 .debug_line    0x000029c9      0x300 ./Drivers/ssp.o
 .debug_line    0x00002cc9      0x2a1 ./Drivers/timer32.o
 .debug_line    0x00002f6a      0x20c F:\Proyectos LPC1115\Monitor_Fetal\CMSISv1p30_LPC11xx\Debug\libCMSISv1p30_LPC11xx.a(system_LPC11xx.o)

.debug_str      0x00000000     0x8565
 .debug_str     0x00000000     0x663c ./Fuentes/Comunicaciones.o
                               0x66da (size before relaxing)
 .debug_str     0x0000663c      0x696 ./Fuentes/Funciones.o
                               0x658c (size before relaxing)
 .debug_str     0x00006cd2      0x59d ./Fuentes/Main.o
                               0x6bce (size before relaxing)
 .debug_str     0x0000726f       0x7d ./Fuentes/Menu.o
                               0x67d1 (size before relaxing)
 .debug_str     0x000072ec      0x2a7 ./Fuentes/Subfunciones.o
                               0x6397 (size before relaxing)
 .debug_str     0x00007593      0x1ed ./Fuentes/Touch.o
                               0x6390 (size before relaxing)
 .debug_str     0x00007780       0x8d ./Fuentes/WG12864A.o
                               0x6582 (size before relaxing)
 .debug_str     0x0000780d      0x2c2 ./Fuentes/cr_startup_lpc11.o
                               0x3c73 (size before relaxing)
 .debug_str     0x00007acf      0x2ec ./Drivers/adc.o
                               0x6092 (size before relaxing)
 .debug_str     0x00007dbb      0x158 ./Drivers/gpio.o
                               0x60e4 (size before relaxing)
 .debug_str     0x00007f13      0x10d ./Drivers/ssp.o
                               0x67b0 (size before relaxing)
 .debug_str     0x00008020       0xe1 ./Drivers/timer32.o
                               0x6326 (size before relaxing)
 .debug_str     0x00008101      0x464 F:\Proyectos LPC1115\Monitor_Fetal\CMSISv1p30_LPC11xx\Debug\libCMSISv1p30_LPC11xx.a(system_LPC11xx.o)
                               0x5d82 (size before relaxing)

.comment        0x00000000       0xdc
 .comment       0x00000000       0x6e ./Fuentes/Comunicaciones.o
                                 0x6f (size before relaxing)
 .comment       0x0000006e       0x6f ./Fuentes/Funciones.o
 .comment       0x0000006e       0x6f ./Fuentes/Main.o
 .comment       0x0000006e       0x6f ./Fuentes/Menu.o
 .comment       0x0000006e       0x6f ./Fuentes/Subfunciones.o
 .comment       0x0000006e       0x6f ./Fuentes/Touch.o
 .comment       0x0000006e       0x6f ./Fuentes/WG12864A.o
 .comment       0x0000006e       0x6e ./Fuentes/cr_startup_lpc11.o
                                 0x6f (size before relaxing)
 .comment       0x000000dc       0x6f ./Drivers/adc.o
 .comment       0x000000dc       0x6f ./Drivers/gpio.o
 .comment       0x000000dc       0x6f ./Drivers/ssp.o
 .comment       0x000000dc       0x6f ./Drivers/timer32.o
 .comment       0x000000dc       0x6f F:\Proyectos LPC1115\Monitor_Fetal\CMSISv1p30_LPC11xx\Debug\libCMSISv1p30_LPC11xx.a(system_LPC11xx.o)
 .comment       0x000000dc       0x6f c:/nxp/lpcxpresso_8.2.2_650/lpcxpresso/tools/bin/../lib/gcc/arm-none-eabi/5.4.1/../../../../arm-none-eabi/lib/armv6-m\libcr_semihost.a(_cr__main.o)
 .comment       0x000000dc       0x6f c:/nxp/lpcxpresso_8.2.2_650/lpcxpresso/tools/bin/../lib/gcc/arm-none-eabi/5.4.1/../../../../arm-none-eabi/lib/armv6-m\libcr_c.a(initio.o)
 .comment       0x000000dc       0x6f c:/nxp/lpcxpresso_8.2.2_650/lpcxpresso/tools/bin/../lib/gcc/arm-none-eabi/5.4.1/../../../../arm-none-eabi/lib/armv6-m\libcr_c.a(setvbuf.o)
 .comment       0x000000dc       0x6f c:/nxp/lpcxpresso_8.2.2_650/lpcxpresso/tools/bin/../lib/gcc/arm-none-eabi/5.4.1/../../../../arm-none-eabi/lib/armv6-m\libcr_c.a(stdio.o)
 .comment       0x000000dc       0x6f c:/nxp/lpcxpresso_8.2.2_650/lpcxpresso/tools/bin/../lib/gcc/arm-none-eabi/5.4.1/../../../../arm-none-eabi/lib/armv6-m\libcr_c.a(memset.o)
 .comment       0x000000dc       0x6f c:/nxp/lpcxpresso_8.2.2_650/lpcxpresso/tools/bin/../lib/gcc/arm-none-eabi/5.4.1/../../../../arm-none-eabi/lib/armv6-m\libcr_c.a(_deferredlazyseek.o)
 .comment       0x000000dc       0x6f c:/nxp/lpcxpresso_8.2.2_650/lpcxpresso/tools/bin/../lib/gcc/arm-none-eabi/5.4.1/../../../../arm-none-eabi/lib/armv6-m\libcr_c.a(_fdopen.o)
 .comment       0x000000dc       0x6f c:/nxp/lpcxpresso_8.2.2_650/lpcxpresso/tools/bin/../lib/gcc/arm-none-eabi/5.4.1/../../../../arm-none-eabi/lib/armv6-m\libcr_c.a(_fflush.o)
 .comment       0x000000dc       0x6f c:/nxp/lpcxpresso_8.2.2_650/lpcxpresso/tools/bin/../lib/gcc/arm-none-eabi/5.4.1/../../../../arm-none-eabi/lib/armv6-m\libcr_c.a(_writebuf.o)
 .comment       0x000000dc       0x6f c:/nxp/lpcxpresso_8.2.2_650/lpcxpresso/tools/bin/../lib/gcc/arm-none-eabi/5.4.1/../../../../arm-none-eabi/lib/armv6-m\libcr_c.a(alloc.o)
 .comment       0x000000dc       0x6f c:/nxp/lpcxpresso_8.2.2_650/lpcxpresso/tools/bin/../lib/gcc/arm-none-eabi/5.4.1/../../../../arm-none-eabi/lib/armv6-m\libcr_c.a(fclose.o)
 .comment       0x000000dc       0x6f c:/nxp/lpcxpresso_8.2.2_650/lpcxpresso/tools/bin/../lib/gcc/arm-none-eabi/5.4.1/../../../../arm-none-eabi/lib/armv6-m\libcr_c.a(fflush.o)
 .comment       0x000000dc       0x6f c:/nxp/lpcxpresso_8.2.2_650/lpcxpresso/tools/bin/../lib/gcc/arm-none-eabi/5.4.1/../../../../arm-none-eabi/lib/armv6-m\libcr_c.a(fseek.o)
 .comment       0x000000dc       0x6f c:/nxp/lpcxpresso_8.2.2_650/lpcxpresso/tools/bin/../lib/gcc/arm-none-eabi/5.4.1/../../../../arm-none-eabi/lib/armv6-m\libcr_c.a(ftell.o)
 .comment       0x000000dc       0x6f c:/nxp/lpcxpresso_8.2.2_650/lpcxpresso/tools/bin/../lib/gcc/arm-none-eabi/5.4.1/../../../../arm-none-eabi/lib/armv6-m\libcr_c.a(remove.o)
 .comment       0x000000dc       0x6f c:/nxp/lpcxpresso_8.2.2_650/lpcxpresso/tools/bin/../lib/gcc/arm-none-eabi/5.4.1/../../../../arm-none-eabi/lib/armv6-m\libcr_c.a(strlen.o)
 .comment       0x000000dc       0x6f c:/nxp/lpcxpresso_8.2.2_650/lpcxpresso/tools/bin/../lib/gcc/arm-none-eabi/5.4.1/../../../../arm-none-eabi/lib/armv6-m\libcr_c.a(__init_alloc.o)
 .comment       0x000000dc       0x6f c:/nxp/lpcxpresso_8.2.2_650/lpcxpresso/tools/bin/../lib/gcc/arm-none-eabi/5.4.1/../../../../arm-none-eabi/lib/armv6-m\libcr_c.a(_cr_sbrk.o)
 .comment       0x000000dc       0x6f c:/nxp/lpcxpresso_8.2.2_650/lpcxpresso/tools/bin/../lib/gcc/arm-none-eabi/5.4.1/../../../../arm-none-eabi/lib/armv6-m\libcr_c.a(_do_fflush.o)
 .comment       0x000000dc       0x6f c:/nxp/lpcxpresso_8.2.2_650/lpcxpresso/tools/bin/../lib/gcc/arm-none-eabi/5.4.1/../../../../arm-none-eabi/lib/armv6-m\libcr_c.a(errno.o)
 .comment       0x000000dc       0x6f c:/nxp/lpcxpresso_8.2.2_650/lpcxpresso/tools/bin/../lib/gcc/arm-none-eabi/5.4.1/../../../../arm-none-eabi/lib/armv6-m\libcr_c.a(_cr_check_heap.o)

.ARM.attributes
                0x00000000       0x2f
 .ARM.attributes
                0x00000000       0x31 ./Fuentes/Comunicaciones.o
 .ARM.attributes
                0x00000031       0x31 ./Fuentes/Funciones.o
 .ARM.attributes
                0x00000062       0x31 ./Fuentes/Main.o
 .ARM.attributes
                0x00000093       0x31 ./Fuentes/Menu.o
 .ARM.attributes
                0x000000c4       0x31 ./Fuentes/Subfunciones.o
 .ARM.attributes
                0x000000f5       0x31 ./Fuentes/Touch.o
 .ARM.attributes
                0x00000126       0x31 ./Fuentes/WG12864A.o
 .ARM.attributes
                0x00000157       0x31 ./Fuentes/cr_startup_lpc11.o
 .ARM.attributes
                0x00000188       0x31 ./Drivers/adc.o
 .ARM.attributes
                0x000001b9       0x31 ./Drivers/gpio.o
 .ARM.attributes
                0x000001ea       0x31 ./Drivers/ssp.o
 .ARM.attributes
                0x0000021b       0x31 ./Drivers/timer32.o
 .ARM.attributes
                0x0000024c       0x31 F:\Proyectos LPC1115\Monitor_Fetal\CMSISv1p30_LPC11xx\Debug\libCMSISv1p30_LPC11xx.a(system_LPC11xx.o)
 .ARM.attributes
                0x0000027d       0x31 c:/nxp/lpcxpresso_8.2.2_650/lpcxpresso/tools/bin/../lib/gcc/arm-none-eabi/5.4.1/../../../../arm-none-eabi/lib/armv6-m\libcr_semihost.a(_cr__main.o)
 .ARM.attributes
                0x000002ae       0x31 c:/nxp/lpcxpresso_8.2.2_650/lpcxpresso/tools/bin/../lib/gcc/arm-none-eabi/5.4.1/../../../../arm-none-eabi/lib/armv6-m\libcr_c.a(initio.o)
 .ARM.attributes
                0x000002df       0x31 c:/nxp/lpcxpresso_8.2.2_650/lpcxpresso/tools/bin/../lib/gcc/arm-none-eabi/5.4.1/../../../../arm-none-eabi/lib/armv6-m\libcr_c.a(setvbuf.o)
 .ARM.attributes
                0x00000310       0x31 c:/nxp/lpcxpresso_8.2.2_650/lpcxpresso/tools/bin/../lib/gcc/arm-none-eabi/5.4.1/../../../../arm-none-eabi/lib/armv6-m\libcr_c.a(stdio.o)
 .ARM.attributes
                0x00000341       0x31 c:/nxp/lpcxpresso_8.2.2_650/lpcxpresso/tools/bin/../lib/gcc/arm-none-eabi/5.4.1/../../../../arm-none-eabi/lib/armv6-m\libcr_c.a(memset.o)
 .ARM.attributes
                0x00000372       0x31 c:/nxp/lpcxpresso_8.2.2_650/lpcxpresso/tools/bin/../lib/gcc/arm-none-eabi/5.4.1/../../../../arm-none-eabi/lib/armv6-m\libcr_c.a(_deferredlazyseek.o)
 .ARM.attributes
                0x000003a3       0x31 c:/nxp/lpcxpresso_8.2.2_650/lpcxpresso/tools/bin/../lib/gcc/arm-none-eabi/5.4.1/../../../../arm-none-eabi/lib/armv6-m\libcr_c.a(_fdopen.o)
 .ARM.attributes
                0x000003d4       0x31 c:/nxp/lpcxpresso_8.2.2_650/lpcxpresso/tools/bin/../lib/gcc/arm-none-eabi/5.4.1/../../../../arm-none-eabi/lib/armv6-m\libcr_c.a(_fflush.o)
 .ARM.attributes
                0x00000405       0x31 c:/nxp/lpcxpresso_8.2.2_650/lpcxpresso/tools/bin/../lib/gcc/arm-none-eabi/5.4.1/../../../../arm-none-eabi/lib/armv6-m\libcr_c.a(_writebuf.o)
 .ARM.attributes
                0x00000436       0x31 c:/nxp/lpcxpresso_8.2.2_650/lpcxpresso/tools/bin/../lib/gcc/arm-none-eabi/5.4.1/../../../../arm-none-eabi/lib/armv6-m\libcr_c.a(alloc.o)
 .ARM.attributes
                0x00000467       0x31 c:/nxp/lpcxpresso_8.2.2_650/lpcxpresso/tools/bin/../lib/gcc/arm-none-eabi/5.4.1/../../../../arm-none-eabi/lib/armv6-m\libcr_c.a(fclose.o)
 .ARM.attributes
                0x00000498       0x31 c:/nxp/lpcxpresso_8.2.2_650/lpcxpresso/tools/bin/../lib/gcc/arm-none-eabi/5.4.1/../../../../arm-none-eabi/lib/armv6-m\libcr_c.a(fflush.o)
 .ARM.attributes
                0x000004c9       0x31 c:/nxp/lpcxpresso_8.2.2_650/lpcxpresso/tools/bin/../lib/gcc/arm-none-eabi/5.4.1/../../../../arm-none-eabi/lib/armv6-m\libcr_c.a(fseek.o)
 .ARM.attributes
                0x000004fa       0x31 c:/nxp/lpcxpresso_8.2.2_650/lpcxpresso/tools/bin/../lib/gcc/arm-none-eabi/5.4.1/../../../../arm-none-eabi/lib/armv6-m\libcr_c.a(ftell.o)
 .ARM.attributes
                0x0000052b       0x31 c:/nxp/lpcxpresso_8.2.2_650/lpcxpresso/tools/bin/../lib/gcc/arm-none-eabi/5.4.1/../../../../arm-none-eabi/lib/armv6-m\libcr_c.a(remove.o)
 .ARM.attributes
                0x0000055c       0x31 c:/nxp/lpcxpresso_8.2.2_650/lpcxpresso/tools/bin/../lib/gcc/arm-none-eabi/5.4.1/../../../../arm-none-eabi/lib/armv6-m\libcr_c.a(strlen.o)
 .ARM.attributes
                0x0000058d       0x31 c:/nxp/lpcxpresso_8.2.2_650/lpcxpresso/tools/bin/../lib/gcc/arm-none-eabi/5.4.1/../../../../arm-none-eabi/lib/armv6-m\libcr_c.a(__init_alloc.o)
 .ARM.attributes
                0x000005be       0x31 c:/nxp/lpcxpresso_8.2.2_650/lpcxpresso/tools/bin/../lib/gcc/arm-none-eabi/5.4.1/../../../../arm-none-eabi/lib/armv6-m\libcr_c.a(_cr_sbrk.o)
 .ARM.attributes
                0x000005ef       0x31 c:/nxp/lpcxpresso_8.2.2_650/lpcxpresso/tools/bin/../lib/gcc/arm-none-eabi/5.4.1/../../../../arm-none-eabi/lib/armv6-m\libcr_c.a(_do_fflush.o)
 .ARM.attributes
                0x00000620       0x31 c:/nxp/lpcxpresso_8.2.2_650/lpcxpresso/tools/bin/../lib/gcc/arm-none-eabi/5.4.1/../../../../arm-none-eabi/lib/armv6-m\libcr_c.a(errno.o)
 .ARM.attributes
                0x00000651       0x31 c:/nxp/lpcxpresso_8.2.2_650/lpcxpresso/tools/bin/../lib/gcc/arm-none-eabi/5.4.1/../../../../arm-none-eabi/lib/armv6-m\libcr_c.a(_cr_check_heap.o)
 .ARM.attributes
                0x00000682       0x21 c:/nxp/lpcxpresso_8.2.2_650/lpcxpresso/tools/bin/../lib/gcc/arm-none-eabi/5.4.1/armv6-m\libcr_eabihelpers.a(division_32.o)
 .ARM.attributes
                0x000006a3       0x21 c:/nxp/lpcxpresso_8.2.2_650/lpcxpresso/tools/bin/../lib/gcc/arm-none-eabi/5.4.1/armv6-m\libcr_eabihelpers.a(division_idiv0.o)
 .ARM.attributes
                0x000006c4       0x21 c:/nxp/lpcxpresso_8.2.2_650/lpcxpresso/tools/bin/../lib/gcc/arm-none-eabi/5.4.1/armv6-m\libcr_eabihelpers.a(memcpy.o)
 .ARM.attributes
                0x000006e5       0x21 c:/nxp/lpcxpresso_8.2.2_650/lpcxpresso/tools/bin/../lib/gcc/arm-none-eabi/5.4.1/armv6-m\libcr_eabihelpers.a(thumb1_switch_helpers.o)
 .ARM.attributes
                0x00000706       0x21 c:/nxp/lpcxpresso_8.2.2_650/lpcxpresso/tools/bin/../lib/gcc/arm-none-eabi/5.4.1/../../../../arm-none-eabi/lib/armv6-m\libcr_semihost.a(__sys_appexit.o)
 .ARM.attributes
                0x00000727       0x21 c:/nxp/lpcxpresso_8.2.2_650/lpcxpresso/tools/bin/../lib/gcc/arm-none-eabi/5.4.1/../../../../arm-none-eabi/lib/armv6-m\libcr_semihost.a(__sys_close.o)
 .ARM.attributes
                0x00000748       0x21 c:/nxp/lpcxpresso_8.2.2_650/lpcxpresso/tools/bin/../lib/gcc/arm-none-eabi/5.4.1/../../../../arm-none-eabi/lib/armv6-m\libcr_semihost.a(__sys_flen.o)
 .ARM.attributes
                0x00000769       0x21 c:/nxp/lpcxpresso_8.2.2_650/lpcxpresso/tools/bin/../lib/gcc/arm-none-eabi/5.4.1/../../../../arm-none-eabi/lib/armv6-m\libcr_semihost.a(__sys_istty.o)
 .ARM.attributes
                0x0000078a       0x21 c:/nxp/lpcxpresso_8.2.2_650/lpcxpresso/tools/bin/../lib/gcc/arm-none-eabi/5.4.1/../../../../arm-none-eabi/lib/armv6-m\libcr_semihost.a(__sys_remove.o)
 .ARM.attributes
                0x000007ab       0x21 c:/nxp/lpcxpresso_8.2.2_650/lpcxpresso/tools/bin/../lib/gcc/arm-none-eabi/5.4.1/../../../../arm-none-eabi/lib/armv6-m\libcr_semihost.a(__sys_seek.o)
 .ARM.attributes
                0x000007cc       0x21 c:/nxp/lpcxpresso_8.2.2_650/lpcxpresso/tools/bin/../lib/gcc/arm-none-eabi/5.4.1/../../../../arm-none-eabi/lib/armv6-m\libcr_semihost.a(__sys_tmpnam.o)
 .ARM.attributes
                0x000007ed       0x21 c:/nxp/lpcxpresso_8.2.2_650/lpcxpresso/tools/bin/../lib/gcc/arm-none-eabi/5.4.1/../../../../arm-none-eabi/lib/armv6-m\libcr_semihost.a(__sys_write.o)

.debug_frame    0x00000000      0x9c0
 .debug_frame   0x00000000       0x68 ./Fuentes/Comunicaciones.o
 .debug_frame   0x00000068      0x1b0 ./Fuentes/Funciones.o
 .debug_frame   0x00000218       0x28 ./Fuentes/Main.o
 .debug_frame   0x00000240       0x4c ./Fuentes/Menu.o
 .debug_frame   0x0000028c      0x198 ./Fuentes/Subfunciones.o
 .debug_frame   0x00000424       0xb8 ./Fuentes/Touch.o
 .debug_frame   0x000004dc      0x124 ./Fuentes/WG12864A.o
 .debug_frame   0x00000600       0xb0 ./Fuentes/cr_startup_lpc11.o
 .debug_frame   0x000006b0       0x70 ./Drivers/adc.o
 .debug_frame   0x00000720       0xdc ./Drivers/gpio.o
 .debug_frame   0x000007fc       0xac ./Drivers/ssp.o
 .debug_frame   0x000008a8       0xac ./Drivers/timer32.o
 .debug_frame   0x00000954       0x6c F:\Proyectos LPC1115\Monitor_Fetal\CMSISv1p30_LPC11xx\Debug\libCMSISv1p30_LPC11xx.a(system_LPC11xx.o)
